Archive member included because of file (symbol)

c:/altera/13.1/nios2eds/bin/gnu/h-i686-mingw32/bin/../lib/gcc/nios2-elf/4.7.3/mno-hw-mul\libgcc.a(lib2-mul.o)
                              obj/default/main.o (__mulsi3)
c:/altera/13.1/nios2eds/bin/gnu/h-i686-mingw32/bin/../lib/gcc/nios2-elf/4.7.3/../../../../../H-i686-mingw32/nios2-elf/lib/mno-hw-mul\libsmallc.a(lib_a-memcpy.o)
                              obj/default/main.o (memcpy)
c:/altera/13.1/nios2eds/bin/gnu/h-i686-mingw32/bin/../lib/gcc/nios2-elf/4.7.3/../../../../../H-i686-mingw32/nios2-elf/lib/mno-hw-mul\libsmallc.a(lib_a-printf.o)
                              obj/default/main.o (printf)
c:/altera/13.1/nios2eds/bin/gnu/h-i686-mingw32/bin/../lib/gcc/nios2-elf/4.7.3/../../../../../H-i686-mingw32/nios2-elf/lib/mno-hw-mul\libsmallc.a(lib_a-puts.o)
                              obj/default/main.o (puts)
c:/altera/13.1/nios2eds/bin/gnu/h-i686-mingw32/bin/../lib/gcc/nios2-elf/4.7.3/../../../../../H-i686-mingw32/nios2-elf/lib/mno-hw-mul\libsmallc.a(lib_a-strlen.o)
                              obj/default/main.o (strlen)
c:/altera/13.1/nios2eds/bin/gnu/h-i686-mingw32/bin/../lib/gcc/nios2-elf/4.7.3/../../../../../H-i686-mingw32/nios2-elf/lib/mno-hw-mul\libsmallc.a(lib_a-vfprintf.o)
                              c:/altera/13.1/nios2eds/bin/gnu/h-i686-mingw32/bin/../lib/gcc/nios2-elf/4.7.3/../../../../../H-i686-mingw32/nios2-elf/lib/mno-hw-mul\libsmallc.a(lib_a-printf.o) (___vfprintf_internal_r)
c:/altera/13.1/nios2eds/bin/gnu/h-i686-mingw32/bin/../lib/gcc/nios2-elf/4.7.3/../../../../../H-i686-mingw32/nios2-elf/lib/mno-hw-mul\libsmallc.a(lib_a-fvwrite_small_dev.o)
                              c:/altera/13.1/nios2eds/bin/gnu/h-i686-mingw32/bin/../lib/gcc/nios2-elf/4.7.3/../../../../../H-i686-mingw32/nios2-elf/lib/mno-hw-mul\libsmallc.a(lib_a-printf.o) (__sfvwrite_small_dev)
c:/altera/13.1/nios2eds/bin/gnu/h-i686-mingw32/bin/../lib/gcc/nios2-elf/4.7.3/../../../../../H-i686-mingw32/nios2-elf/lib/mno-hw-mul\libsmallc.a(lib_a-impure.o)
                              c:/altera/13.1/nios2eds/bin/gnu/h-i686-mingw32/bin/../lib/gcc/nios2-elf/4.7.3/../../../../../H-i686-mingw32/nios2-elf/lib/mno-hw-mul\libsmallc.a(lib_a-printf.o) (_impure_ptr)
c:/altera/13.1/nios2eds/bin/gnu/h-i686-mingw32/bin/../lib/gcc/nios2-elf/4.7.3/../../../../../H-i686-mingw32/nios2-elf/lib/mno-hw-mul\libsmallc.a(lib_a-writer.o)
                              c:/altera/13.1/nios2eds/bin/gnu/h-i686-mingw32/bin/../lib/gcc/nios2-elf/4.7.3/../../../../../H-i686-mingw32/nios2-elf/lib/mno-hw-mul\libsmallc.a(lib_a-fvwrite_small_dev.o) (_write_r)
c:/altera/13.1/nios2eds/bin/gnu/h-i686-mingw32/bin/../lib/gcc/nios2-elf/4.7.3/../../../../../H-i686-mingw32/nios2-elf/lib/mno-hw-mul\libsmallc.a(lib_a-int_errno.o)
                              c:/altera/13.1/nios2eds/bin/gnu/h-i686-mingw32/bin/../lib/gcc/nios2-elf/4.7.3/../../../../../H-i686-mingw32/nios2-elf/lib/mno-hw-mul\libsmallc.a(lib_a-writer.o) (errno)
c:/altera/13.1/nios2eds/bin/gnu/h-i686-mingw32/bin/../lib/gcc/nios2-elf/4.7.3/mno-hw-mul\libgcc.a(lib2-divmod.o)
                              c:/altera/13.1/nios2eds/bin/gnu/h-i686-mingw32/bin/../lib/gcc/nios2-elf/4.7.3/../../../../../H-i686-mingw32/nios2-elf/lib/mno-hw-mul\libsmallc.a(lib_a-vfprintf.o) (__udivsi3)
../PBL-SD_bsp/\libhal_bsp.a(alt_load.o)
                              ../PBL-SD_bsp//obj/HAL/src/crt0.o (alt_load)
../PBL-SD_bsp/\libhal_bsp.a(alt_main.o)
                              ../PBL-SD_bsp//obj/HAL/src/crt0.o (alt_main)
../PBL-SD_bsp/\libhal_bsp.a(alt_putstr.o)
                              obj/default/main.o (alt_putstr)
../PBL-SD_bsp/\libhal_bsp.a(alt_usleep.o)
                              obj/default/main.o (usleep)
../PBL-SD_bsp/\libhal_bsp.a(alt_write.o)
                              c:/altera/13.1/nios2eds/bin/gnu/h-i686-mingw32/bin/../lib/gcc/nios2-elf/4.7.3/../../../../../H-i686-mingw32/nios2-elf/lib/mno-hw-mul\libsmallc.a(lib_a-writer.o) (write)
../PBL-SD_bsp/\libhal_bsp.a(alt_sys_init.o)
                              ../PBL-SD_bsp/\libhal_bsp.a(alt_main.o) (alt_irq_init)
../PBL-SD_bsp/\libhal_bsp.a(altera_avalon_jtag_uart_fd.o)
                              ../PBL-SD_bsp/\libhal_bsp.a(alt_sys_init.o) (altera_avalon_jtag_uart_read_fd)
../PBL-SD_bsp/\libhal_bsp.a(altera_avalon_jtag_uart_read.o)
                              ../PBL-SD_bsp/\libhal_bsp.a(altera_avalon_jtag_uart_fd.o) (altera_avalon_jtag_uart_read)
../PBL-SD_bsp/\libhal_bsp.a(altera_avalon_jtag_uart_write.o)
                              ../PBL-SD_bsp/\libhal_bsp.a(altera_avalon_jtag_uart_fd.o) (altera_avalon_jtag_uart_write)
../PBL-SD_bsp/\libhal_bsp.a(alt_busy_sleep.o)
                              ../PBL-SD_bsp/\libhal_bsp.a(alt_usleep.o) (alt_busy_sleep)
../PBL-SD_bsp/\libhal_bsp.a(alt_close.o)
                              ../PBL-SD_bsp/\libhal_bsp.a(alt_main.o) (close)
../PBL-SD_bsp/\libhal_bsp.a(alt_dcache_flush_all.o)
                              ../PBL-SD_bsp/\libhal_bsp.a(alt_load.o) (alt_dcache_flush_all)
../PBL-SD_bsp/\libhal_bsp.a(alt_dev.o)
                              ../PBL-SD_bsp/\libhal_bsp.a(alt_sys_init.o) (alt_dev_list)
../PBL-SD_bsp/\libhal_bsp.a(alt_dev_llist_insert.o)
                              ../PBL-SD_bsp/\libhal_bsp.a(alt_sys_init.o) (alt_dev_llist_insert)
../PBL-SD_bsp/\libhal_bsp.a(alt_do_ctors.o)
                              ../PBL-SD_bsp/\libhal_bsp.a(alt_main.o) (_do_ctors)
../PBL-SD_bsp/\libhal_bsp.a(alt_do_dtors.o)
                              ../PBL-SD_bsp/\libhal_bsp.a(alt_main.o) (_do_dtors)
../PBL-SD_bsp/\libhal_bsp.a(alt_errno.o)
                              ../PBL-SD_bsp/\libhal_bsp.a(alt_write.o) (alt_errno)
../PBL-SD_bsp/\libhal_bsp.a(alt_icache_flush_all.o)
                              ../PBL-SD_bsp/\libhal_bsp.a(alt_load.o) (alt_icache_flush_all)
../PBL-SD_bsp/\libhal_bsp.a(alt_io_redirect.o)
                              ../PBL-SD_bsp/\libhal_bsp.a(alt_main.o) (alt_io_redirect)
../PBL-SD_bsp/\libhal_bsp.a(alt_open.o)
                              ../PBL-SD_bsp/\libhal_bsp.a(alt_io_redirect.o) (open)
../PBL-SD_bsp/\libhal_bsp.a(alt_release_fd.o)
                              ../PBL-SD_bsp/\libhal_bsp.a(alt_close.o) (alt_release_fd)
../PBL-SD_bsp/\libhal_bsp.a(altera_nios2_qsys_irq.o)
                              ../PBL-SD_bsp/\libhal_bsp.a(alt_sys_init.o) (altera_nios2_qsys_irq_init)
../PBL-SD_bsp/\libhal_bsp.a(alt_find_dev.o)
                              ../PBL-SD_bsp/\libhal_bsp.a(alt_open.o) (alt_find_dev)
../PBL-SD_bsp/\libhal_bsp.a(alt_find_file.o)
                              ../PBL-SD_bsp/\libhal_bsp.a(alt_open.o) (alt_find_file)
../PBL-SD_bsp/\libhal_bsp.a(alt_get_fd.o)
                              ../PBL-SD_bsp/\libhal_bsp.a(alt_open.o) (alt_get_fd)
c:/altera/13.1/nios2eds/bin/gnu/h-i686-mingw32/bin/../lib/gcc/nios2-elf/4.7.3/../../../../../H-i686-mingw32/nios2-elf/lib/mno-hw-mul\libsmallc.a(lib_a-atexit.o)
                              ../PBL-SD_bsp/\libhal_bsp.a(alt_main.o) (atexit)
c:/altera/13.1/nios2eds/bin/gnu/h-i686-mingw32/bin/../lib/gcc/nios2-elf/4.7.3/../../../../../H-i686-mingw32/nios2-elf/lib/mno-hw-mul\libsmallc.a(lib_a-exit.o)
                              ../PBL-SD_bsp/\libhal_bsp.a(alt_main.o) (exit)
c:/altera/13.1/nios2eds/bin/gnu/h-i686-mingw32/bin/../lib/gcc/nios2-elf/4.7.3/../../../../../H-i686-mingw32/nios2-elf/lib/mno-hw-mul\libsmallc.a(lib_a-fputs.o)
                              ../PBL-SD_bsp/\libhal_bsp.a(alt_putstr.o) (fputs)
c:/altera/13.1/nios2eds/bin/gnu/h-i686-mingw32/bin/../lib/gcc/nios2-elf/4.7.3/../../../../../H-i686-mingw32/nios2-elf/lib/mno-hw-mul\libsmallc.a(lib_a-memcmp.o)
                              ../PBL-SD_bsp/\libhal_bsp.a(alt_find_dev.o) (memcmp)
c:/altera/13.1/nios2eds/bin/gnu/h-i686-mingw32/bin/../lib/gcc/nios2-elf/4.7.3/../../../../../H-i686-mingw32/nios2-elf/lib/mno-hw-mul\libsmallc.a(lib_a-__atexit.o)
                              c:/altera/13.1/nios2eds/bin/gnu/h-i686-mingw32/bin/../lib/gcc/nios2-elf/4.7.3/../../../../../H-i686-mingw32/nios2-elf/lib/mno-hw-mul\libsmallc.a(lib_a-atexit.o) (__register_exitproc)
c:/altera/13.1/nios2eds/bin/gnu/h-i686-mingw32/bin/../lib/gcc/nios2-elf/4.7.3/../../../../../H-i686-mingw32/nios2-elf/lib/mno-hw-mul\libsmallc.a(lib_a-__call_atexit.o)
                              c:/altera/13.1/nios2eds/bin/gnu/h-i686-mingw32/bin/../lib/gcc/nios2-elf/4.7.3/../../../../../H-i686-mingw32/nios2-elf/lib/mno-hw-mul\libsmallc.a(lib_a-exit.o) (__call_exitprocs)
../PBL-SD_bsp/\libhal_bsp.a(alt_exit.o)
                              c:/altera/13.1/nios2eds/bin/gnu/h-i686-mingw32/bin/../lib/gcc/nios2-elf/4.7.3/../../../../../H-i686-mingw32/nios2-elf/lib/mno-hw-mul\libsmallc.a(lib_a-exit.o) (_exit)

Allocating common symbols
Common symbol       size              file

errno               0x4               c:/altera/13.1/nios2eds/bin/gnu/h-i686-mingw32/bin/../lib/gcc/nios2-elf/4.7.3/../../../../../H-i686-mingw32/nios2-elf/lib/mno-hw-mul\libsmallc.a(lib_a-int_errno.o)
_atexit0            0x8c              c:/altera/13.1/nios2eds/bin/gnu/h-i686-mingw32/bin/../lib/gcc/nios2-elf/4.7.3/../../../../../H-i686-mingw32/nios2-elf/lib/mno-hw-mul\libsmallc.a(lib_a-atexit.o)

Memory Configuration

Name             Origin             Length             Attributes
reset            0x00004000         0x00000020
memory           0x00004020         0x00003fe0
*default*        0x00000000         0xffffffff

Linker script and memory map

LOAD ../PBL-SD_bsp//obj/HAL/src/crt0.o
LOAD obj/default/main.o
LOAD c:/altera/13.1/nios2eds/bin/gnu/h-i686-mingw32/bin/../lib/gcc/nios2-elf/4.7.3/../../../../../H-i686-mingw32/nios2-elf/lib/mno-hw-mul\libstdc++.a
LOAD c:/altera/13.1/nios2eds/bin/gnu/h-i686-mingw32/bin/../lib/gcc/nios2-elf/4.7.3/../../../../../H-i686-mingw32/nios2-elf/lib/mno-hw-mul\libm.a
LOAD c:/altera/13.1/nios2eds/bin/gnu/h-i686-mingw32/bin/../lib/gcc/nios2-elf/4.7.3/mno-hw-mul\libgcc.a
START GROUP
LOAD c:/altera/13.1/nios2eds/bin/gnu/h-i686-mingw32/bin/../lib/gcc/nios2-elf/4.7.3/../../../../../H-i686-mingw32/nios2-elf/lib/mno-hw-mul\libsmallc.a
LOAD c:/altera/13.1/nios2eds/bin/gnu/h-i686-mingw32/bin/../lib/gcc/nios2-elf/4.7.3/mno-hw-mul\libgcc.a
LOAD ../PBL-SD_bsp/\libhal_bsp.a
END GROUP
LOAD c:/altera/13.1/nios2eds/bin/gnu/h-i686-mingw32/bin/../lib/gcc/nios2-elf/4.7.3/mno-hw-mul\libgcc.a
                0x00004000                __alt_mem_memory = 0x4000

.entry          0x00004000       0x20
 *(.entry)
 .entry         0x00004000       0x20 ../PBL-SD_bsp//obj/HAL/src/crt0.o
                0x00004000                __reset

.exceptions     0x00004020        0x0
                0x00004020                PROVIDE (__ram_exceptions_start, ABSOLUTE (.))
                0x00004020                . = ALIGN (0x20)
 *(.irq)
 *(.exceptions.entry.label)
 *(.exceptions.entry.user)
 *(.exceptions.entry.ecc_fatal)
 *(.exceptions.entry)
 *(.exceptions.irqtest.user)
 *(.exceptions.irqtest)
 *(.exceptions.irqhandler.user)
 *(.exceptions.irqhandler)
 *(.exceptions.irqreturn.user)
 *(.exceptions.irqreturn)
 *(.exceptions.notirq.label)
 *(.exceptions.notirq.user)
 *(.exceptions.notirq)
 *(.exceptions.soft.user)
 *(.exceptions.soft)
 *(.exceptions.unknown.user)
 *(.exceptions.unknown)
 *(.exceptions.exit.label)
 *(.exceptions.exit.user)
 *(.exceptions.exit)
 *(.exceptions)
                0x00004020                PROVIDE (__ram_exceptions_end, ABSOLUTE (.))
                0x00004020                PROVIDE (__flash_exceptions_start, LOADADDR (.exceptions))

.text           0x00004020     0x260c
                0x00004020                PROVIDE (stext, ABSOLUTE (.))
 *(.interp)
 *(.hash)
 *(.dynsym)
 *(.dynstr)
 *(.gnu.version)
 *(.gnu.version_d)
 *(.gnu.version_r)
 *(.rel.init)
 *(.rela.init)
 *(.rel.text .rel.text.* .rel.gnu.linkonce.t.*)
 *(.rela.text .rela.text.* .rela.gnu.linkonce.t.*)
 *(.rel.fini)
 *(.rela.fini)
 *(.rel.rodata .rel.rodata.* .rel.gnu.linkonce.r.*)
 *(.rela.rodata .rela.rodata.* .rela.gnu.linkonce.r.*)
 *(.rel.data .rel.data.* .rel.gnu.linkonce.d.*)
 *(.rela.data .rela.data.* .rela.gnu.linkonce.d.*)
 *(.rel.tdata .rel.tdata.* .rel.gnu.linkonce.td.*)
 *(.rela.tdata .rela.tdata.* .rela.gnu.linkonce.td.*)
 *(.rel.tbss .rel.tbss.* .rel.gnu.linkonce.tb.*)
 *(.rela.tbss .rela.tbss.* .rela.gnu.linkonce.tb.*)
 *(.rel.ctors)
 *(.rela.ctors)
 *(.rel.dtors)
 *(.rela.dtors)
 *(.rel.got)
 *(.rela.got)
 *(.rel.sdata .rel.sdata.* .rel.gnu.linkonce.s.*)
 *(.rela.sdata .rela.sdata.* .rela.gnu.linkonce.s.*)
 *(.rel.sbss .rel.sbss.* .rel.gnu.linkonce.sb.*)
 *(.rela.sbss .rela.sbss.* .rela.gnu.linkonce.sb.*)
 *(.rel.sdata2 .rel.sdata2.* .rel.gnu.linkonce.s2.*)
 *(.rela.sdata2 .rela.sdata2.* .rela.gnu.linkonce.s2.*)
 *(.rel.sbss2 .rel.sbss2.* .rel.gnu.linkonce.sb2.*)
 *(.rela.sbss2 .rela.sbss2.* .rela.gnu.linkonce.sb2.*)
 *(.rel.bss .rel.bss.* .rel.gnu.linkonce.b.*)
 *(.rela.bss .rela.bss.* .rela.gnu.linkonce.b.*)
 *(.rel.plt)
 *(.rela.plt)
 *(.rel.dyn)
 *(.init)
 *(.plt)
 *(.text .stub .text.* .gnu.linkonce.t.*)
 .text          0x00004020       0x3c ../PBL-SD_bsp//obj/HAL/src/crt0.o
                0x00004020                _start
 .text          0x0000405c      0x470 obj/default/main.o
                0x0000405c                main
                0x00004234                acenderLeds
                0x000042dc                printalcd
                0x0000439c                espera
                0x000043ec                lcd_init
 .text          0x000044cc       0x28 c:/altera/13.1/nios2eds/bin/gnu/h-i686-mingw32/bin/../lib/gcc/nios2-elf/4.7.3/mno-hw-mul\libgcc.a(lib2-mul.o)
                0x000044cc                __mulsi3
 .text          0x000044f4       0x28 c:/altera/13.1/nios2eds/bin/gnu/h-i686-mingw32/bin/../lib/gcc/nios2-elf/4.7.3/../../../../../H-i686-mingw32/nios2-elf/lib/mno-hw-mul\libsmallc.a(lib_a-memcpy.o)
                0x000044f4                memcpy
 .text          0x0000451c       0x88 c:/altera/13.1/nios2eds/bin/gnu/h-i686-mingw32/bin/../lib/gcc/nios2-elf/4.7.3/../../../../../H-i686-mingw32/nios2-elf/lib/mno-hw-mul\libsmallc.a(lib_a-printf.o)
                0x0000451c                _printf_r
                0x00004558                printf
 .text          0x000045a4       0x94 c:/altera/13.1/nios2eds/bin/gnu/h-i686-mingw32/bin/../lib/gcc/nios2-elf/4.7.3/../../../../../H-i686-mingw32/nios2-elf/lib/mno-hw-mul\libsmallc.a(lib_a-puts.o)
                0x000045a4                _puts_r
                0x00004624                puts
 .text          0x00004638       0x28 c:/altera/13.1/nios2eds/bin/gnu/h-i686-mingw32/bin/../lib/gcc/nios2-elf/4.7.3/../../../../../H-i686-mingw32/nios2-elf/lib/mno-hw-mul\libsmallc.a(lib_a-strlen.o)
                0x00004638                strlen
 .text          0x00004660      0x758 c:/altera/13.1/nios2eds/bin/gnu/h-i686-mingw32/bin/../lib/gcc/nios2-elf/4.7.3/../../../../../H-i686-mingw32/nios2-elf/lib/mno-hw-mul\libsmallc.a(lib_a-vfprintf.o)
                0x00004660                ___vfprintf_internal_r
                0x00004d94                __vfprintf_internal
 .text          0x00004db8       0xe0 c:/altera/13.1/nios2eds/bin/gnu/h-i686-mingw32/bin/../lib/gcc/nios2-elf/4.7.3/../../../../../H-i686-mingw32/nios2-elf/lib/mno-hw-mul\libsmallc.a(lib_a-fvwrite_small_dev.o)
                0x00004db8                __sfvwrite_small_dev
 .text          0x00004e98        0x0 c:/altera/13.1/nios2eds/bin/gnu/h-i686-mingw32/bin/../lib/gcc/nios2-elf/4.7.3/../../../../../H-i686-mingw32/nios2-elf/lib/mno-hw-mul\libsmallc.a(lib_a-impure.o)
 .text          0x00004e98       0x6c c:/altera/13.1/nios2eds/bin/gnu/h-i686-mingw32/bin/../lib/gcc/nios2-elf/4.7.3/../../../../../H-i686-mingw32/nios2-elf/lib/mno-hw-mul\libsmallc.a(lib_a-writer.o)
                0x00004e98                _write_r
 .text          0x00004f04        0x0 c:/altera/13.1/nios2eds/bin/gnu/h-i686-mingw32/bin/../lib/gcc/nios2-elf/4.7.3/../../../../../H-i686-mingw32/nios2-elf/lib/mno-hw-mul\libsmallc.a(lib_a-int_errno.o)
 .text          0x00004f04      0x130 c:/altera/13.1/nios2eds/bin/gnu/h-i686-mingw32/bin/../lib/gcc/nios2-elf/4.7.3/mno-hw-mul\libgcc.a(lib2-divmod.o)
                0x00004f78                __divsi3
                0x00004fc8                __modsi3
                0x00005024                __udivsi3
                0x0000502c                __umodsi3
 .text          0x00005034       0xec ../PBL-SD_bsp/\libhal_bsp.a(alt_load.o)
                0x000050a0                alt_load
 .text          0x00005120       0x78 ../PBL-SD_bsp/\libhal_bsp.a(alt_main.o)
                0x00005120                alt_main
 .text          0x00005198       0x44 ../PBL-SD_bsp/\libhal_bsp.a(alt_putstr.o)
                0x00005198                alt_putstr
 .text          0x000051dc       0x30 ../PBL-SD_bsp/\libhal_bsp.a(alt_usleep.o)
                0x000051dc                usleep
 .text          0x0000520c      0x140 ../PBL-SD_bsp/\libhal_bsp.a(alt_write.o)
                0x0000525c                write
 .text          0x0000534c       0x9c ../PBL-SD_bsp/\libhal_bsp.a(alt_sys_init.o)
                0x00005384                alt_irq_init
                0x000053b8                alt_sys_init
 .text          0x000053e8       0xc0 ../PBL-SD_bsp/\libhal_bsp.a(altera_avalon_jtag_uart_fd.o)
                0x000053e8                altera_avalon_jtag_uart_read_fd
                0x00005448                altera_avalon_jtag_uart_write_fd
 .text          0x000054a8       0xf4 ../PBL-SD_bsp/\libhal_bsp.a(altera_avalon_jtag_uart_read.o)
                0x000054a8                altera_avalon_jtag_uart_read
 .text          0x0000559c       0x98 ../PBL-SD_bsp/\libhal_bsp.a(altera_avalon_jtag_uart_write.o)
                0x0000559c                altera_avalon_jtag_uart_write
 .text          0x00005634      0x154 ../PBL-SD_bsp/\libhal_bsp.a(alt_busy_sleep.o)
                0x00005634                alt_busy_sleep
 .text          0x00005788      0x11c ../PBL-SD_bsp/\libhal_bsp.a(alt_close.o)
                0x000057d8                close
 .text          0x000058a4       0x1c ../PBL-SD_bsp/\libhal_bsp.a(alt_dcache_flush_all.o)
                0x000058a4                alt_dcache_flush_all
 .text          0x000058c0       0x2c ../PBL-SD_bsp/\libhal_bsp.a(alt_dev.o)
 .text          0x000058ec       0xf0 ../PBL-SD_bsp/\libhal_bsp.a(alt_dev_llist_insert.o)
                0x0000593c                alt_dev_llist_insert
 .text          0x000059dc       0x5c ../PBL-SD_bsp/\libhal_bsp.a(alt_do_ctors.o)
                0x000059dc                _do_ctors
 .text          0x00005a38       0x5c ../PBL-SD_bsp/\libhal_bsp.a(alt_do_dtors.o)
                0x00005a38                _do_dtors
 .text          0x00005a94        0x0 ../PBL-SD_bsp/\libhal_bsp.a(alt_errno.o)
 .text          0x00005a94       0x1c ../PBL-SD_bsp/\libhal_bsp.a(alt_icache_flush_all.o)
                0x00005a94                alt_icache_flush_all
 .text          0x00005ab0      0x158 ../PBL-SD_bsp/\libhal_bsp.a(alt_io_redirect.o)
                0x00005b90                alt_io_redirect
 .text          0x00005c08      0x298 ../PBL-SD_bsp/\libhal_bsp.a(alt_open.o)
                0x00005d48                open
 .text          0x00005ea0       0x80 ../PBL-SD_bsp/\libhal_bsp.a(alt_release_fd.o)
                0x00005ea0                alt_release_fd
 .text          0x00005f20       0x20 ../PBL-SD_bsp/\libhal_bsp.a(altera_nios2_qsys_irq.o)
                0x00005f20                altera_nios2_qsys_irq_init
 .text          0x00005f40       0x90 ../PBL-SD_bsp/\libhal_bsp.a(alt_find_dev.o)
                0x00005f40                alt_find_dev
 .text          0x00005fd0      0x114 ../PBL-SD_bsp/\libhal_bsp.a(alt_find_file.o)
                0x00005fd0                alt_find_file
 .text          0x000060e4       0xd4 ../PBL-SD_bsp/\libhal_bsp.a(alt_get_fd.o)
                0x000060e4                alt_get_fd
 .text          0x000061b8       0x14 c:/altera/13.1/nios2eds/bin/gnu/h-i686-mingw32/bin/../lib/gcc/nios2-elf/4.7.3/../../../../../H-i686-mingw32/nios2-elf/lib/mno-hw-mul\libsmallc.a(lib_a-atexit.o)
                0x000061b8                atexit
 .text          0x000061cc       0x20 c:/altera/13.1/nios2eds/bin/gnu/h-i686-mingw32/bin/../lib/gcc/nios2-elf/4.7.3/../../../../../H-i686-mingw32/nios2-elf/lib/mno-hw-mul\libsmallc.a(lib_a-exit.o)
                0x000061cc                exit
 .text          0x000061ec       0x5c c:/altera/13.1/nios2eds/bin/gnu/h-i686-mingw32/bin/../lib/gcc/nios2-elf/4.7.3/../../../../../H-i686-mingw32/nios2-elf/lib/mno-hw-mul\libsmallc.a(lib_a-fputs.o)
                0x000061ec                fputs
 .text          0x00006248       0x48 c:/altera/13.1/nios2eds/bin/gnu/h-i686-mingw32/bin/../lib/gcc/nios2-elf/4.7.3/../../../../../H-i686-mingw32/nios2-elf/lib/mno-hw-mul\libsmallc.a(lib_a-memcmp.o)
                0x00006248                memcmp
 .text          0x00006290      0x188 c:/altera/13.1/nios2eds/bin/gnu/h-i686-mingw32/bin/../lib/gcc/nios2-elf/4.7.3/../../../../../H-i686-mingw32/nios2-elf/lib/mno-hw-mul\libsmallc.a(lib_a-__atexit.o)
                0x00006290                __register_exitproc
 .text          0x00006418      0x1d8 c:/altera/13.1/nios2eds/bin/gnu/h-i686-mingw32/bin/../lib/gcc/nios2-elf/4.7.3/../../../../../H-i686-mingw32/nios2-elf/lib/mno-hw-mul\libsmallc.a(lib_a-__call_atexit.o)
                0x00006418                __call_exitprocs
 .text          0x000065f0       0x3c ../PBL-SD_bsp/\libhal_bsp.a(alt_exit.o)
                0x000065f0                _exit
 *(.gnu.warning.*)
 *(.fini)
                0x0000662c                PROVIDE (__etext, ABSOLUTE (.))
                0x0000662c                PROVIDE (_etext, ABSOLUTE (.))
                0x0000662c                PROVIDE (etext, ABSOLUTE (.))
 *(.eh_frame_hdr)
                0x0000662c                . = ALIGN (0x4)
                0x0000662c                PROVIDE (__preinit_array_start, ABSOLUTE (.))
 *(.preinit_array)
                0x0000662c                PROVIDE (__preinit_array_end, ABSOLUTE (.))
                0x0000662c                PROVIDE (__init_array_start, ABSOLUTE (.))
 *(.init_array)
                0x0000662c                PROVIDE (__init_array_end, ABSOLUTE (.))
                0x0000662c                PROVIDE (__fini_array_start, ABSOLUTE (.))
 *(.fini_array)
                0x0000662c                PROVIDE (__fini_array_end, ABSOLUTE (.))
 *(.eh_frame)
 *(.gcc_except_table .gcc_except_table.*)
 *(.dynamic)
                0x0000662c                PROVIDE (__CTOR_LIST__, ABSOLUTE (.))
 *(.ctors)
 *(SORT(.ctors.*))
                0x0000662c                PROVIDE (__CTOR_END__, ABSOLUTE (.))
                0x0000662c                PROVIDE (__DTOR_LIST__, ABSOLUTE (.))
 *(.dtors)
 *(SORT(.dtors.*))
                0x0000662c                PROVIDE (__DTOR_END__, ABSOLUTE (.))
 *(.jcr)
                0x0000662c                . = ALIGN (0x4)

.rodata         0x0000662c       0xbc
                0x0000662c                PROVIDE (__ram_rodata_start, ABSOLUTE (.))
                0x0000662c                . = ALIGN (0x4)
 *(.rodata .rodata.* .gnu.linkonce.r.*)
 .rodata        0x0000662c       0x94 obj/default/main.o
 .rodata.str1.4
                0x000066c0        0x4 c:/altera/13.1/nios2eds/bin/gnu/h-i686-mingw32/bin/../lib/gcc/nios2-elf/4.7.3/../../../../../H-i686-mingw32/nios2-elf/lib/mno-hw-mul\libsmallc.a(lib_a-puts.o)
 .rodata        0x000066c4        0xc ../PBL-SD_bsp/\libhal_bsp.a(alt_main.o)
 .rodata        0x000066d0        0xc ../PBL-SD_bsp/\libhal_bsp.a(alt_sys_init.o)
 .rodata        0x000066dc        0xc ../PBL-SD_bsp/\libhal_bsp.a(alt_dev.o)
 *(.rodata1)
                0x000066e8                . = ALIGN (0x4)
                0x000066e8                PROVIDE (__ram_rodata_end, ABSOLUTE (.))
                0x0000662c                PROVIDE (__flash_rodata_start, LOADADDR (.rodata))

.rwdata         0x000066e8      0x2d8 load address 0x000069c0
                0x000066e8                PROVIDE (__ram_rwdata_start, ABSOLUTE (.))
                0x000066e8                . = ALIGN (0x4)
 *(.got.plt)
 *(.got)
 *(.data1)
 *(.data .data.* .gnu.linkonce.d.*)
 .data          0x000066e8        0x0 ../PBL-SD_bsp//obj/HAL/src/crt0.o
 .data          0x000066e8        0x0 obj/default/main.o
 .data          0x000066e8        0x0 c:/altera/13.1/nios2eds/bin/gnu/h-i686-mingw32/bin/../lib/gcc/nios2-elf/4.7.3/mno-hw-mul\libgcc.a(lib2-mul.o)
 .data          0x000066e8        0x0 c:/altera/13.1/nios2eds/bin/gnu/h-i686-mingw32/bin/../lib/gcc/nios2-elf/4.7.3/../../../../../H-i686-mingw32/nios2-elf/lib/mno-hw-mul\libsmallc.a(lib_a-memcpy.o)
 .data          0x000066e8        0x0 c:/altera/13.1/nios2eds/bin/gnu/h-i686-mingw32/bin/../lib/gcc/nios2-elf/4.7.3/../../../../../H-i686-mingw32/nios2-elf/lib/mno-hw-mul\libsmallc.a(lib_a-printf.o)
 .data          0x000066e8        0x0 c:/altera/13.1/nios2eds/bin/gnu/h-i686-mingw32/bin/../lib/gcc/nios2-elf/4.7.3/../../../../../H-i686-mingw32/nios2-elf/lib/mno-hw-mul\libsmallc.a(lib_a-puts.o)
 .data          0x000066e8        0x0 c:/altera/13.1/nios2eds/bin/gnu/h-i686-mingw32/bin/../lib/gcc/nios2-elf/4.7.3/../../../../../H-i686-mingw32/nios2-elf/lib/mno-hw-mul\libsmallc.a(lib_a-strlen.o)
 .data          0x000066e8        0x0 c:/altera/13.1/nios2eds/bin/gnu/h-i686-mingw32/bin/../lib/gcc/nios2-elf/4.7.3/../../../../../H-i686-mingw32/nios2-elf/lib/mno-hw-mul\libsmallc.a(lib_a-vfprintf.o)
 .data          0x000066e8        0x0 c:/altera/13.1/nios2eds/bin/gnu/h-i686-mingw32/bin/../lib/gcc/nios2-elf/4.7.3/../../../../../H-i686-mingw32/nios2-elf/lib/mno-hw-mul\libsmallc.a(lib_a-fvwrite_small_dev.o)
 .data          0x000066e8       0xe0 c:/altera/13.1/nios2eds/bin/gnu/h-i686-mingw32/bin/../lib/gcc/nios2-elf/4.7.3/../../../../../H-i686-mingw32/nios2-elf/lib/mno-hw-mul\libsmallc.a(lib_a-impure.o)
 .data          0x000067c8        0x0 c:/altera/13.1/nios2eds/bin/gnu/h-i686-mingw32/bin/../lib/gcc/nios2-elf/4.7.3/../../../../../H-i686-mingw32/nios2-elf/lib/mno-hw-mul\libsmallc.a(lib_a-writer.o)
 .data          0x000067c8        0x0 c:/altera/13.1/nios2eds/bin/gnu/h-i686-mingw32/bin/../lib/gcc/nios2-elf/4.7.3/../../../../../H-i686-mingw32/nios2-elf/lib/mno-hw-mul\libsmallc.a(lib_a-int_errno.o)
 .data          0x000067c8        0x0 c:/altera/13.1/nios2eds/bin/gnu/h-i686-mingw32/bin/../lib/gcc/nios2-elf/4.7.3/mno-hw-mul\libgcc.a(lib2-divmod.o)
 .data          0x000067c8        0x0 ../PBL-SD_bsp/\libhal_bsp.a(alt_load.o)
 .data          0x000067c8        0x0 ../PBL-SD_bsp/\libhal_bsp.a(alt_main.o)
 .data          0x000067c8        0x0 ../PBL-SD_bsp/\libhal_bsp.a(alt_putstr.o)
 .data          0x000067c8        0x0 ../PBL-SD_bsp/\libhal_bsp.a(alt_usleep.o)
 .data          0x000067c8        0x0 ../PBL-SD_bsp/\libhal_bsp.a(alt_write.o)
 .data          0x000067c8       0x2c ../PBL-SD_bsp/\libhal_bsp.a(alt_sys_init.o)
 .data          0x000067f4        0x0 ../PBL-SD_bsp/\libhal_bsp.a(altera_avalon_jtag_uart_fd.o)
 .data          0x000067f4        0x0 ../PBL-SD_bsp/\libhal_bsp.a(altera_avalon_jtag_uart_read.o)
 .data          0x000067f4        0x0 ../PBL-SD_bsp/\libhal_bsp.a(altera_avalon_jtag_uart_write.o)
 .data          0x000067f4        0x0 ../PBL-SD_bsp/\libhal_bsp.a(alt_busy_sleep.o)
 .data          0x000067f4        0x0 ../PBL-SD_bsp/\libhal_bsp.a(alt_close.o)
 .data          0x000067f4        0x0 ../PBL-SD_bsp/\libhal_bsp.a(alt_dcache_flush_all.o)
 .data          0x000067f4      0x1a8 ../PBL-SD_bsp/\libhal_bsp.a(alt_dev.o)
                0x000067f4                alt_dev_null
                0x0000681c                alt_fd_list
 .data          0x0000699c        0x0 ../PBL-SD_bsp/\libhal_bsp.a(alt_dev_llist_insert.o)
 .data          0x0000699c        0x0 ../PBL-SD_bsp/\libhal_bsp.a(alt_do_ctors.o)
 .data          0x0000699c        0x0 ../PBL-SD_bsp/\libhal_bsp.a(alt_do_dtors.o)
 .data          0x0000699c        0x0 ../PBL-SD_bsp/\libhal_bsp.a(alt_errno.o)
 .data          0x0000699c        0x0 ../PBL-SD_bsp/\libhal_bsp.a(alt_icache_flush_all.o)
 .data          0x0000699c        0x0 ../PBL-SD_bsp/\libhal_bsp.a(alt_io_redirect.o)
 .data          0x0000699c        0x0 ../PBL-SD_bsp/\libhal_bsp.a(alt_open.o)
 .data          0x0000699c        0x0 ../PBL-SD_bsp/\libhal_bsp.a(alt_release_fd.o)
 .data          0x0000699c        0x0 ../PBL-SD_bsp/\libhal_bsp.a(altera_nios2_qsys_irq.o)
 .data          0x0000699c        0x0 ../PBL-SD_bsp/\libhal_bsp.a(alt_find_dev.o)
 .data          0x0000699c        0x0 ../PBL-SD_bsp/\libhal_bsp.a(alt_find_file.o)
 .data          0x0000699c        0x0 ../PBL-SD_bsp/\libhal_bsp.a(alt_get_fd.o)
 .data          0x0000699c        0x0 c:/altera/13.1/nios2eds/bin/gnu/h-i686-mingw32/bin/../lib/gcc/nios2-elf/4.7.3/../../../../../H-i686-mingw32/nios2-elf/lib/mno-hw-mul\libsmallc.a(lib_a-atexit.o)
 .data          0x0000699c        0x0 c:/altera/13.1/nios2eds/bin/gnu/h-i686-mingw32/bin/../lib/gcc/nios2-elf/4.7.3/../../../../../H-i686-mingw32/nios2-elf/lib/mno-hw-mul\libsmallc.a(lib_a-exit.o)
 .data          0x0000699c        0x0 c:/altera/13.1/nios2eds/bin/gnu/h-i686-mingw32/bin/../lib/gcc/nios2-elf/4.7.3/../../../../../H-i686-mingw32/nios2-elf/lib/mno-hw-mul\libsmallc.a(lib_a-fputs.o)
 .data          0x0000699c        0x0 c:/altera/13.1/nios2eds/bin/gnu/h-i686-mingw32/bin/../lib/gcc/nios2-elf/4.7.3/../../../../../H-i686-mingw32/nios2-elf/lib/mno-hw-mul\libsmallc.a(lib_a-memcmp.o)
 .data          0x0000699c        0x0 c:/altera/13.1/nios2eds/bin/gnu/h-i686-mingw32/bin/../lib/gcc/nios2-elf/4.7.3/../../../../../H-i686-mingw32/nios2-elf/lib/mno-hw-mul\libsmallc.a(lib_a-__atexit.o)
 .data          0x0000699c        0x0 c:/altera/13.1/nios2eds/bin/gnu/h-i686-mingw32/bin/../lib/gcc/nios2-elf/4.7.3/../../../../../H-i686-mingw32/nios2-elf/lib/mno-hw-mul\libsmallc.a(lib_a-__call_atexit.o)
 .data          0x0000699c        0x0 ../PBL-SD_bsp/\libhal_bsp.a(alt_exit.o)
                0x0000e99c                _gp = ABSOLUTE ((. + 0x8000))
                0x0000e99c                PROVIDE (gp, _gp)
 *(.rwdata .rwdata.*)
 *(.sdata .sdata.* .gnu.linkonce.s.*)
 .sdata         0x0000699c        0x1 obj/default/main.o
                0x0000699c                button_value
 *fill*         0x0000699d        0x3 
 .sdata         0x000069a0        0x8 c:/altera/13.1/nios2eds/bin/gnu/h-i686-mingw32/bin/../lib/gcc/nios2-elf/4.7.3/../../../../../H-i686-mingw32/nios2-elf/lib/mno-hw-mul\libsmallc.a(lib_a-impure.o)
                0x000069a0                _global_impure_ptr
                0x000069a4                _impure_ptr
 .sdata         0x000069a8       0x14 ../PBL-SD_bsp/\libhal_bsp.a(alt_dev.o)
                0x000069a8                alt_fs_list
                0x000069b0                alt_dev_list
                0x000069b8                alt_max_fd
 .sdata         0x000069bc        0x4 ../PBL-SD_bsp/\libhal_bsp.a(alt_errno.o)
                0x000069bc                alt_errno
 *(.sdata2 .sdata2.* .gnu.linkonce.s2.*)
                0x000069c0                . = ALIGN (0x4)
                0x000069c0                _edata = ABSOLUTE (.)
                0x000069c0                PROVIDE (edata, ABSOLUTE (.))
                0x000069c0                PROVIDE (__ram_rwdata_end, ABSOLUTE (.))
                0x000069c0                PROVIDE (__flash_rwdata_start, LOADADDR (.rwdata))

.bss            0x00006c98       0x9c
                0x00006c98                __bss_start = ABSOLUTE (.)
                0x00006c98                PROVIDE (__sbss_start, ABSOLUTE (.))
                0x00006c98                PROVIDE (___sbss_start, ABSOLUTE (.))
 *(.dynsbss)
 *(.sbss .sbss.* .gnu.linkonce.sb.*)
 .sbss          0x00006c98        0x4 c:/altera/13.1/nios2eds/bin/gnu/h-i686-mingw32/bin/../lib/gcc/nios2-elf/4.7.3/../../../../../H-i686-mingw32/nios2-elf/lib/mno-hw-mul\libsmallc.a(lib_a-int_errno.o)
                0x00006c98                errno
 .sbss          0x00006c9c        0xc ../PBL-SD_bsp/\libhal_bsp.a(alt_main.o)
                0x00006c9c                alt_argc
                0x00006ca0                alt_argv
                0x00006ca4                alt_envp
 *(.sbss2 .sbss2.* .gnu.linkonce.sb2.*)
 *(.scommon)
                0x00006ca8                PROVIDE (__sbss_end, ABSOLUTE (.))
                0x00006ca8                PROVIDE (___sbss_end, ABSOLUTE (.))
 *(.dynbss)
 *(.bss .bss.* .gnu.linkonce.b.*)
 .bss           0x00006ca8        0x0 ../PBL-SD_bsp//obj/HAL/src/crt0.o
 .bss           0x00006ca8        0x0 obj/default/main.o
 .bss           0x00006ca8        0x0 c:/altera/13.1/nios2eds/bin/gnu/h-i686-mingw32/bin/../lib/gcc/nios2-elf/4.7.3/mno-hw-mul\libgcc.a(lib2-mul.o)
 .bss           0x00006ca8        0x0 c:/altera/13.1/nios2eds/bin/gnu/h-i686-mingw32/bin/../lib/gcc/nios2-elf/4.7.3/../../../../../H-i686-mingw32/nios2-elf/lib/mno-hw-mul\libsmallc.a(lib_a-memcpy.o)
 .bss           0x00006ca8        0x0 c:/altera/13.1/nios2eds/bin/gnu/h-i686-mingw32/bin/../lib/gcc/nios2-elf/4.7.3/../../../../../H-i686-mingw32/nios2-elf/lib/mno-hw-mul\libsmallc.a(lib_a-printf.o)
 .bss           0x00006ca8        0x0 c:/altera/13.1/nios2eds/bin/gnu/h-i686-mingw32/bin/../lib/gcc/nios2-elf/4.7.3/../../../../../H-i686-mingw32/nios2-elf/lib/mno-hw-mul\libsmallc.a(lib_a-puts.o)
 .bss           0x00006ca8        0x0 c:/altera/13.1/nios2eds/bin/gnu/h-i686-mingw32/bin/../lib/gcc/nios2-elf/4.7.3/../../../../../H-i686-mingw32/nios2-elf/lib/mno-hw-mul\libsmallc.a(lib_a-strlen.o)
 .bss           0x00006ca8        0x0 c:/altera/13.1/nios2eds/bin/gnu/h-i686-mingw32/bin/../lib/gcc/nios2-elf/4.7.3/../../../../../H-i686-mingw32/nios2-elf/lib/mno-hw-mul\libsmallc.a(lib_a-vfprintf.o)
 .bss           0x00006ca8        0x0 c:/altera/13.1/nios2eds/bin/gnu/h-i686-mingw32/bin/../lib/gcc/nios2-elf/4.7.3/../../../../../H-i686-mingw32/nios2-elf/lib/mno-hw-mul\libsmallc.a(lib_a-fvwrite_small_dev.o)
 .bss           0x00006ca8        0x0 c:/altera/13.1/nios2eds/bin/gnu/h-i686-mingw32/bin/../lib/gcc/nios2-elf/4.7.3/../../../../../H-i686-mingw32/nios2-elf/lib/mno-hw-mul\libsmallc.a(lib_a-impure.o)
 .bss           0x00006ca8        0x0 c:/altera/13.1/nios2eds/bin/gnu/h-i686-mingw32/bin/../lib/gcc/nios2-elf/4.7.3/../../../../../H-i686-mingw32/nios2-elf/lib/mno-hw-mul\libsmallc.a(lib_a-writer.o)
 .bss           0x00006ca8        0x0 c:/altera/13.1/nios2eds/bin/gnu/h-i686-mingw32/bin/../lib/gcc/nios2-elf/4.7.3/../../../../../H-i686-mingw32/nios2-elf/lib/mno-hw-mul\libsmallc.a(lib_a-int_errno.o)
 .bss           0x00006ca8        0x0 c:/altera/13.1/nios2eds/bin/gnu/h-i686-mingw32/bin/../lib/gcc/nios2-elf/4.7.3/mno-hw-mul\libgcc.a(lib2-divmod.o)
 .bss           0x00006ca8        0x0 ../PBL-SD_bsp/\libhal_bsp.a(alt_load.o)
 .bss           0x00006ca8        0x0 ../PBL-SD_bsp/\libhal_bsp.a(alt_main.o)
 .bss           0x00006ca8        0x0 ../PBL-SD_bsp/\libhal_bsp.a(alt_putstr.o)
 .bss           0x00006ca8        0x0 ../PBL-SD_bsp/\libhal_bsp.a(alt_usleep.o)
 .bss           0x00006ca8        0x0 ../PBL-SD_bsp/\libhal_bsp.a(alt_write.o)
 .bss           0x00006ca8        0x0 ../PBL-SD_bsp/\libhal_bsp.a(alt_sys_init.o)
 .bss           0x00006ca8        0x0 ../PBL-SD_bsp/\libhal_bsp.a(altera_avalon_jtag_uart_fd.o)
 .bss           0x00006ca8        0x0 ../PBL-SD_bsp/\libhal_bsp.a(altera_avalon_jtag_uart_read.o)
 .bss           0x00006ca8        0x0 ../PBL-SD_bsp/\libhal_bsp.a(altera_avalon_jtag_uart_write.o)
 .bss           0x00006ca8        0x0 ../PBL-SD_bsp/\libhal_bsp.a(alt_busy_sleep.o)
 .bss           0x00006ca8        0x0 ../PBL-SD_bsp/\libhal_bsp.a(alt_close.o)
 .bss           0x00006ca8        0x0 ../PBL-SD_bsp/\libhal_bsp.a(alt_dcache_flush_all.o)
 .bss           0x00006ca8        0x0 ../PBL-SD_bsp/\libhal_bsp.a(alt_dev.o)
 .bss           0x00006ca8        0x0 ../PBL-SD_bsp/\libhal_bsp.a(alt_dev_llist_insert.o)
 .bss           0x00006ca8        0x0 ../PBL-SD_bsp/\libhal_bsp.a(alt_do_ctors.o)
 .bss           0x00006ca8        0x0 ../PBL-SD_bsp/\libhal_bsp.a(alt_do_dtors.o)
 .bss           0x00006ca8        0x0 ../PBL-SD_bsp/\libhal_bsp.a(alt_errno.o)
 .bss           0x00006ca8        0x0 ../PBL-SD_bsp/\libhal_bsp.a(alt_icache_flush_all.o)
 .bss           0x00006ca8        0x0 ../PBL-SD_bsp/\libhal_bsp.a(alt_io_redirect.o)
 .bss           0x00006ca8        0x0 ../PBL-SD_bsp/\libhal_bsp.a(alt_open.o)
 .bss           0x00006ca8        0x0 ../PBL-SD_bsp/\libhal_bsp.a(alt_release_fd.o)
 .bss           0x00006ca8        0x0 ../PBL-SD_bsp/\libhal_bsp.a(altera_nios2_qsys_irq.o)
 .bss           0x00006ca8        0x0 ../PBL-SD_bsp/\libhal_bsp.a(alt_find_dev.o)
 .bss           0x00006ca8        0x0 ../PBL-SD_bsp/\libhal_bsp.a(alt_find_file.o)
 .bss           0x00006ca8        0x0 ../PBL-SD_bsp/\libhal_bsp.a(alt_get_fd.o)
 .bss           0x00006ca8        0x0 c:/altera/13.1/nios2eds/bin/gnu/h-i686-mingw32/bin/../lib/gcc/nios2-elf/4.7.3/../../../../../H-i686-mingw32/nios2-elf/lib/mno-hw-mul\libsmallc.a(lib_a-atexit.o)
 .bss           0x00006ca8        0x0 c:/altera/13.1/nios2eds/bin/gnu/h-i686-mingw32/bin/../lib/gcc/nios2-elf/4.7.3/../../../../../H-i686-mingw32/nios2-elf/lib/mno-hw-mul\libsmallc.a(lib_a-exit.o)
 .bss           0x00006ca8        0x0 c:/altera/13.1/nios2eds/bin/gnu/h-i686-mingw32/bin/../lib/gcc/nios2-elf/4.7.3/../../../../../H-i686-mingw32/nios2-elf/lib/mno-hw-mul\libsmallc.a(lib_a-fputs.o)
 .bss           0x00006ca8        0x0 c:/altera/13.1/nios2eds/bin/gnu/h-i686-mingw32/bin/../lib/gcc/nios2-elf/4.7.3/../../../../../H-i686-mingw32/nios2-elf/lib/mno-hw-mul\libsmallc.a(lib_a-memcmp.o)
 .bss           0x00006ca8        0x0 c:/altera/13.1/nios2eds/bin/gnu/h-i686-mingw32/bin/../lib/gcc/nios2-elf/4.7.3/../../../../../H-i686-mingw32/nios2-elf/lib/mno-hw-mul\libsmallc.a(lib_a-__atexit.o)
 .bss           0x00006ca8        0x0 c:/altera/13.1/nios2eds/bin/gnu/h-i686-mingw32/bin/../lib/gcc/nios2-elf/4.7.3/../../../../../H-i686-mingw32/nios2-elf/lib/mno-hw-mul\libsmallc.a(lib_a-__call_atexit.o)
 .bss           0x00006ca8        0x0 ../PBL-SD_bsp/\libhal_bsp.a(alt_exit.o)
 *(COMMON)
 COMMON         0x00006ca8       0x8c c:/altera/13.1/nios2eds/bin/gnu/h-i686-mingw32/bin/../lib/gcc/nios2-elf/4.7.3/../../../../../H-i686-mingw32/nios2-elf/lib/mno-hw-mul\libsmallc.a(lib_a-atexit.o)
                0x00006ca8                _atexit0
                0x00006d34                . = ALIGN (0x4)
                0x00006d34                __bss_end = ABSOLUTE (.)

.memory         0x00006d34        0x0
                0x00006d34                PROVIDE (_alt_partition_memory_start, ABSOLUTE (.))
 *(.memory .memory. memory.*)
                0x00006d34                . = ALIGN (0x4)
                0x00006d34                PROVIDE (_alt_partition_memory_end, ABSOLUTE (.))
                0x00006d34                _end = ABSOLUTE (.)
                0x00006d34                end = ABSOLUTE (.)
                0x00006d34                __alt_stack_base = ABSOLUTE (.)
                0x00006d34                PROVIDE (_alt_partition_memory_load_addr, LOADADDR (.memory))

.stab
 *(.stab)

.stabstr
 *(.stabstr)

.stab.excl
 *(.stab.excl)

.stab.exclstr
 *(.stab.exclstr)

.stab.index
 *(.stab.index)

.stab.indexstr
 *(.stab.indexstr)

.comment        0x00000000       0x23
 *(.comment)
 .comment       0x00000000       0x23 obj/default/main.o
                                 0x24 (size before relaxing)
 .comment       0x00000000       0x24 c:/altera/13.1/nios2eds/bin/gnu/h-i686-mingw32/bin/../lib/gcc/nios2-elf/4.7.3/mno-hw-mul\libgcc.a(lib2-mul.o)
 .comment       0x00000000       0x24 c:/altera/13.1/nios2eds/bin/gnu/h-i686-mingw32/bin/../lib/gcc/nios2-elf/4.7.3/../../../../../H-i686-mingw32/nios2-elf/lib/mno-hw-mul\libsmallc.a(lib_a-memcpy.o)
 .comment       0x00000000       0x24 c:/altera/13.1/nios2eds/bin/gnu/h-i686-mingw32/bin/../lib/gcc/nios2-elf/4.7.3/../../../../../H-i686-mingw32/nios2-elf/lib/mno-hw-mul\libsmallc.a(lib_a-printf.o)
 .comment       0x00000000       0x24 c:/altera/13.1/nios2eds/bin/gnu/h-i686-mingw32/bin/../lib/gcc/nios2-elf/4.7.3/../../../../../H-i686-mingw32/nios2-elf/lib/mno-hw-mul\libsmallc.a(lib_a-puts.o)
 .comment       0x00000000       0x24 c:/altera/13.1/nios2eds/bin/gnu/h-i686-mingw32/bin/../lib/gcc/nios2-elf/4.7.3/../../../../../H-i686-mingw32/nios2-elf/lib/mno-hw-mul\libsmallc.a(lib_a-strlen.o)
 .comment       0x00000000       0x24 c:/altera/13.1/nios2eds/bin/gnu/h-i686-mingw32/bin/../lib/gcc/nios2-elf/4.7.3/../../../../../H-i686-mingw32/nios2-elf/lib/mno-hw-mul\libsmallc.a(lib_a-vfprintf.o)
 .comment       0x00000000       0x24 c:/altera/13.1/nios2eds/bin/gnu/h-i686-mingw32/bin/../lib/gcc/nios2-elf/4.7.3/../../../../../H-i686-mingw32/nios2-elf/lib/mno-hw-mul\libsmallc.a(lib_a-fvwrite_small_dev.o)
 .comment       0x00000000       0x24 c:/altera/13.1/nios2eds/bin/gnu/h-i686-mingw32/bin/../lib/gcc/nios2-elf/4.7.3/../../../../../H-i686-mingw32/nios2-elf/lib/mno-hw-mul\libsmallc.a(lib_a-impure.o)
 .comment       0x00000000       0x24 c:/altera/13.1/nios2eds/bin/gnu/h-i686-mingw32/bin/../lib/gcc/nios2-elf/4.7.3/../../../../../H-i686-mingw32/nios2-elf/lib/mno-hw-mul\libsmallc.a(lib_a-writer.o)
 .comment       0x00000000       0x24 c:/altera/13.1/nios2eds/bin/gnu/h-i686-mingw32/bin/../lib/gcc/nios2-elf/4.7.3/../../../../../H-i686-mingw32/nios2-elf/lib/mno-hw-mul\libsmallc.a(lib_a-int_errno.o)
 .comment       0x00000000       0x24 c:/altera/13.1/nios2eds/bin/gnu/h-i686-mingw32/bin/../lib/gcc/nios2-elf/4.7.3/mno-hw-mul\libgcc.a(lib2-divmod.o)
 .comment       0x00000000       0x24 ../PBL-SD_bsp/\libhal_bsp.a(alt_load.o)
 .comment       0x00000000       0x24 ../PBL-SD_bsp/\libhal_bsp.a(alt_main.o)
 .comment       0x00000000       0x24 ../PBL-SD_bsp/\libhal_bsp.a(alt_putstr.o)
 .comment       0x00000000       0x24 ../PBL-SD_bsp/\libhal_bsp.a(alt_usleep.o)
 .comment       0x00000000       0x24 ../PBL-SD_bsp/\libhal_bsp.a(alt_write.o)
 .comment       0x00000000       0x24 ../PBL-SD_bsp/\libhal_bsp.a(alt_sys_init.o)
 .comment       0x00000000       0x24 ../PBL-SD_bsp/\libhal_bsp.a(altera_avalon_jtag_uart_fd.o)
 .comment       0x00000000       0x24 ../PBL-SD_bsp/\libhal_bsp.a(altera_avalon_jtag_uart_read.o)
 .comment       0x00000000       0x24 ../PBL-SD_bsp/\libhal_bsp.a(altera_avalon_jtag_uart_write.o)
 .comment       0x00000000       0x24 ../PBL-SD_bsp/\libhal_bsp.a(alt_busy_sleep.o)
 .comment       0x00000000       0x24 ../PBL-SD_bsp/\libhal_bsp.a(alt_close.o)
 .comment       0x00000000       0x24 ../PBL-SD_bsp/\libhal_bsp.a(alt_dcache_flush_all.o)
 .comment       0x00000000       0x24 ../PBL-SD_bsp/\libhal_bsp.a(alt_dev.o)
 .comment       0x00000000       0x24 ../PBL-SD_bsp/\libhal_bsp.a(alt_dev_llist_insert.o)
 .comment       0x00000000       0x24 ../PBL-SD_bsp/\libhal_bsp.a(alt_do_ctors.o)
 .comment       0x00000000       0x24 ../PBL-SD_bsp/\libhal_bsp.a(alt_do_dtors.o)
 .comment       0x00000000       0x24 ../PBL-SD_bsp/\libhal_bsp.a(alt_errno.o)
 .comment       0x00000000       0x24 ../PBL-SD_bsp/\libhal_bsp.a(alt_icache_flush_all.o)
 .comment       0x00000000       0x24 ../PBL-SD_bsp/\libhal_bsp.a(alt_io_redirect.o)
 .comment       0x00000000       0x24 ../PBL-SD_bsp/\libhal_bsp.a(alt_open.o)
 .comment       0x00000000       0x24 ../PBL-SD_bsp/\libhal_bsp.a(alt_release_fd.o)
 .comment       0x00000000       0x24 ../PBL-SD_bsp/\libhal_bsp.a(altera_nios2_qsys_irq.o)
 .comment       0x00000000       0x24 ../PBL-SD_bsp/\libhal_bsp.a(alt_find_dev.o)
 .comment       0x00000000       0x24 ../PBL-SD_bsp/\libhal_bsp.a(alt_find_file.o)
 .comment       0x00000000       0x24 ../PBL-SD_bsp/\libhal_bsp.a(alt_get_fd.o)
 .comment       0x00000000       0x24 c:/altera/13.1/nios2eds/bin/gnu/h-i686-mingw32/bin/../lib/gcc/nios2-elf/4.7.3/../../../../../H-i686-mingw32/nios2-elf/lib/mno-hw-mul\libsmallc.a(lib_a-atexit.o)
 .comment       0x00000000       0x24 c:/altera/13.1/nios2eds/bin/gnu/h-i686-mingw32/bin/../lib/gcc/nios2-elf/4.7.3/../../../../../H-i686-mingw32/nios2-elf/lib/mno-hw-mul\libsmallc.a(lib_a-exit.o)
 .comment       0x00000000       0x24 c:/altera/13.1/nios2eds/bin/gnu/h-i686-mingw32/bin/../lib/gcc/nios2-elf/4.7.3/../../../../../H-i686-mingw32/nios2-elf/lib/mno-hw-mul\libsmallc.a(lib_a-fputs.o)
 .comment       0x00000000       0x24 c:/altera/13.1/nios2eds/bin/gnu/h-i686-mingw32/bin/../lib/gcc/nios2-elf/4.7.3/../../../../../H-i686-mingw32/nios2-elf/lib/mno-hw-mul\libsmallc.a(lib_a-memcmp.o)
 .comment       0x00000000       0x24 c:/altera/13.1/nios2eds/bin/gnu/h-i686-mingw32/bin/../lib/gcc/nios2-elf/4.7.3/../../../../../H-i686-mingw32/nios2-elf/lib/mno-hw-mul\libsmallc.a(lib_a-__atexit.o)
 .comment       0x00000000       0x24 c:/altera/13.1/nios2eds/bin/gnu/h-i686-mingw32/bin/../lib/gcc/nios2-elf/4.7.3/../../../../../H-i686-mingw32/nios2-elf/lib/mno-hw-mul\libsmallc.a(lib_a-__call_atexit.o)
 .comment       0x00000000       0x24 ../PBL-SD_bsp/\libhal_bsp.a(alt_exit.o)

.debug
 *(.debug)

.line
 *(.line)

.debug_srcinfo
 *(.debug_srcinfo)

.debug_sfnames
 *(.debug_sfnames)

.debug_aranges  0x00000000      0x590
 *(.debug_aranges)
 .debug_aranges
                0x00000000       0x28 ../PBL-SD_bsp//obj/HAL/src/crt0.o
 .debug_aranges
                0x00000028       0x20 obj/default/main.o
 .debug_aranges
                0x00000048       0x20 c:/altera/13.1/nios2eds/bin/gnu/h-i686-mingw32/bin/../lib/gcc/nios2-elf/4.7.3/mno-hw-mul\libgcc.a(lib2-mul.o)
 .debug_aranges
                0x00000068       0x20 c:/altera/13.1/nios2eds/bin/gnu/h-i686-mingw32/bin/../lib/gcc/nios2-elf/4.7.3/../../../../../H-i686-mingw32/nios2-elf/lib/mno-hw-mul\libsmallc.a(lib_a-memcpy.o)
 .debug_aranges
                0x00000088       0x20 c:/altera/13.1/nios2eds/bin/gnu/h-i686-mingw32/bin/../lib/gcc/nios2-elf/4.7.3/../../../../../H-i686-mingw32/nios2-elf/lib/mno-hw-mul\libsmallc.a(lib_a-printf.o)
 .debug_aranges
                0x000000a8       0x20 c:/altera/13.1/nios2eds/bin/gnu/h-i686-mingw32/bin/../lib/gcc/nios2-elf/4.7.3/../../../../../H-i686-mingw32/nios2-elf/lib/mno-hw-mul\libsmallc.a(lib_a-puts.o)
 .debug_aranges
                0x000000c8       0x20 c:/altera/13.1/nios2eds/bin/gnu/h-i686-mingw32/bin/../lib/gcc/nios2-elf/4.7.3/../../../../../H-i686-mingw32/nios2-elf/lib/mno-hw-mul\libsmallc.a(lib_a-strlen.o)
 .debug_aranges
                0x000000e8       0x20 c:/altera/13.1/nios2eds/bin/gnu/h-i686-mingw32/bin/../lib/gcc/nios2-elf/4.7.3/../../../../../H-i686-mingw32/nios2-elf/lib/mno-hw-mul\libsmallc.a(lib_a-vfprintf.o)
 .debug_aranges
                0x00000108       0x20 c:/altera/13.1/nios2eds/bin/gnu/h-i686-mingw32/bin/../lib/gcc/nios2-elf/4.7.3/../../../../../H-i686-mingw32/nios2-elf/lib/mno-hw-mul\libsmallc.a(lib_a-fvwrite_small_dev.o)
 .debug_aranges
                0x00000128       0x18 c:/altera/13.1/nios2eds/bin/gnu/h-i686-mingw32/bin/../lib/gcc/nios2-elf/4.7.3/../../../../../H-i686-mingw32/nios2-elf/lib/mno-hw-mul\libsmallc.a(lib_a-impure.o)
 .debug_aranges
                0x00000140       0x20 c:/altera/13.1/nios2eds/bin/gnu/h-i686-mingw32/bin/../lib/gcc/nios2-elf/4.7.3/../../../../../H-i686-mingw32/nios2-elf/lib/mno-hw-mul\libsmallc.a(lib_a-writer.o)
 .debug_aranges
                0x00000160       0x18 c:/altera/13.1/nios2eds/bin/gnu/h-i686-mingw32/bin/../lib/gcc/nios2-elf/4.7.3/../../../../../H-i686-mingw32/nios2-elf/lib/mno-hw-mul\libsmallc.a(lib_a-int_errno.o)
 .debug_aranges
                0x00000178       0x20 c:/altera/13.1/nios2eds/bin/gnu/h-i686-mingw32/bin/../lib/gcc/nios2-elf/4.7.3/mno-hw-mul\libgcc.a(lib2-divmod.o)
 .debug_aranges
                0x00000198       0x20 ../PBL-SD_bsp/\libhal_bsp.a(alt_load.o)
 .debug_aranges
                0x000001b8       0x20 ../PBL-SD_bsp/\libhal_bsp.a(alt_main.o)
 .debug_aranges
                0x000001d8       0x20 ../PBL-SD_bsp/\libhal_bsp.a(alt_putstr.o)
 .debug_aranges
                0x000001f8       0x20 ../PBL-SD_bsp/\libhal_bsp.a(alt_usleep.o)
 .debug_aranges
                0x00000218       0x20 ../PBL-SD_bsp/\libhal_bsp.a(alt_write.o)
 .debug_aranges
                0x00000238       0x20 ../PBL-SD_bsp/\libhal_bsp.a(alt_sys_init.o)
 .debug_aranges
                0x00000258       0x20 ../PBL-SD_bsp/\libhal_bsp.a(altera_avalon_jtag_uart_fd.o)
 .debug_aranges
                0x00000278       0x20 ../PBL-SD_bsp/\libhal_bsp.a(altera_avalon_jtag_uart_read.o)
 .debug_aranges
                0x00000298       0x20 ../PBL-SD_bsp/\libhal_bsp.a(altera_avalon_jtag_uart_write.o)
 .debug_aranges
                0x000002b8       0x20 ../PBL-SD_bsp/\libhal_bsp.a(alt_busy_sleep.o)
 .debug_aranges
                0x000002d8       0x20 ../PBL-SD_bsp/\libhal_bsp.a(alt_close.o)
 .debug_aranges
                0x000002f8       0x20 ../PBL-SD_bsp/\libhal_bsp.a(alt_dcache_flush_all.o)
 .debug_aranges
                0x00000318       0x20 ../PBL-SD_bsp/\libhal_bsp.a(alt_dev.o)
 .debug_aranges
                0x00000338       0x20 ../PBL-SD_bsp/\libhal_bsp.a(alt_dev_llist_insert.o)
 .debug_aranges
                0x00000358       0x20 ../PBL-SD_bsp/\libhal_bsp.a(alt_do_ctors.o)
 .debug_aranges
                0x00000378       0x20 ../PBL-SD_bsp/\libhal_bsp.a(alt_do_dtors.o)
 .debug_aranges
                0x00000398       0x18 ../PBL-SD_bsp/\libhal_bsp.a(alt_errno.o)
 .debug_aranges
                0x000003b0       0x20 ../PBL-SD_bsp/\libhal_bsp.a(alt_icache_flush_all.o)
 .debug_aranges
                0x000003d0       0x20 ../PBL-SD_bsp/\libhal_bsp.a(alt_io_redirect.o)
 .debug_aranges
                0x000003f0       0x20 ../PBL-SD_bsp/\libhal_bsp.a(alt_open.o)
 .debug_aranges
                0x00000410       0x20 ../PBL-SD_bsp/\libhal_bsp.a(alt_release_fd.o)
 .debug_aranges
                0x00000430       0x20 ../PBL-SD_bsp/\libhal_bsp.a(altera_nios2_qsys_irq.o)
 .debug_aranges
                0x00000450       0x20 ../PBL-SD_bsp/\libhal_bsp.a(alt_find_dev.o)
 .debug_aranges
                0x00000470       0x20 ../PBL-SD_bsp/\libhal_bsp.a(alt_find_file.o)
 .debug_aranges
                0x00000490       0x20 ../PBL-SD_bsp/\libhal_bsp.a(alt_get_fd.o)
 .debug_aranges
                0x000004b0       0x20 c:/altera/13.1/nios2eds/bin/gnu/h-i686-mingw32/bin/../lib/gcc/nios2-elf/4.7.3/../../../../../H-i686-mingw32/nios2-elf/lib/mno-hw-mul\libsmallc.a(lib_a-atexit.o)
 .debug_aranges
                0x000004d0       0x20 c:/altera/13.1/nios2eds/bin/gnu/h-i686-mingw32/bin/../lib/gcc/nios2-elf/4.7.3/../../../../../H-i686-mingw32/nios2-elf/lib/mno-hw-mul\libsmallc.a(lib_a-exit.o)
 .debug_aranges
                0x000004f0       0x20 c:/altera/13.1/nios2eds/bin/gnu/h-i686-mingw32/bin/../lib/gcc/nios2-elf/4.7.3/../../../../../H-i686-mingw32/nios2-elf/lib/mno-hw-mul\libsmallc.a(lib_a-fputs.o)
 .debug_aranges
                0x00000510       0x20 c:/altera/13.1/nios2eds/bin/gnu/h-i686-mingw32/bin/../lib/gcc/nios2-elf/4.7.3/../../../../../H-i686-mingw32/nios2-elf/lib/mno-hw-mul\libsmallc.a(lib_a-memcmp.o)
 .debug_aranges
                0x00000530       0x20 c:/altera/13.1/nios2eds/bin/gnu/h-i686-mingw32/bin/../lib/gcc/nios2-elf/4.7.3/../../../../../H-i686-mingw32/nios2-elf/lib/mno-hw-mul\libsmallc.a(lib_a-__atexit.o)
 .debug_aranges
                0x00000550       0x20 c:/altera/13.1/nios2eds/bin/gnu/h-i686-mingw32/bin/../lib/gcc/nios2-elf/4.7.3/../../../../../H-i686-mingw32/nios2-elf/lib/mno-hw-mul\libsmallc.a(lib_a-__call_atexit.o)
 .debug_aranges
                0x00000570       0x20 ../PBL-SD_bsp/\libhal_bsp.a(alt_exit.o)

.debug_pubnames
 *(.debug_pubnames)

.debug_info     0x00000000     0x9067
 *(.debug_info .gnu.linkonce.wi.*)
 .debug_info    0x00000000       0x82 ../PBL-SD_bsp//obj/HAL/src/crt0.o
 .debug_info    0x00000082      0x2b1 obj/default/main.o
 .debug_info    0x00000333       0xb8 c:/altera/13.1/nios2eds/bin/gnu/h-i686-mingw32/bin/../lib/gcc/nios2-elf/4.7.3/mno-hw-mul\libgcc.a(lib2-mul.o)
 .debug_info    0x000003eb       0xcd c:/altera/13.1/nios2eds/bin/gnu/h-i686-mingw32/bin/../lib/gcc/nios2-elf/4.7.3/../../../../../H-i686-mingw32/nios2-elf/lib/mno-hw-mul\libsmallc.a(lib_a-memcpy.o)
 .debug_info    0x000004b8      0x765 c:/altera/13.1/nios2eds/bin/gnu/h-i686-mingw32/bin/../lib/gcc/nios2-elf/4.7.3/../../../../../H-i686-mingw32/nios2-elf/lib/mno-hw-mul\libsmallc.a(lib_a-printf.o)
 .debug_info    0x00000c1d      0x6f4 c:/altera/13.1/nios2eds/bin/gnu/h-i686-mingw32/bin/../lib/gcc/nios2-elf/4.7.3/../../../../../H-i686-mingw32/nios2-elf/lib/mno-hw-mul\libsmallc.a(lib_a-puts.o)
 .debug_info    0x00001311       0xc6 c:/altera/13.1/nios2eds/bin/gnu/h-i686-mingw32/bin/../lib/gcc/nios2-elf/4.7.3/../../../../../H-i686-mingw32/nios2-elf/lib/mno-hw-mul\libsmallc.a(lib_a-strlen.o)
 .debug_info    0x000013d7      0xc69 c:/altera/13.1/nios2eds/bin/gnu/h-i686-mingw32/bin/../lib/gcc/nios2-elf/4.7.3/../../../../../H-i686-mingw32/nios2-elf/lib/mno-hw-mul\libsmallc.a(lib_a-vfprintf.o)
 .debug_info    0x00002040      0x6d9 c:/altera/13.1/nios2eds/bin/gnu/h-i686-mingw32/bin/../lib/gcc/nios2-elf/4.7.3/../../../../../H-i686-mingw32/nios2-elf/lib/mno-hw-mul\libsmallc.a(lib_a-fvwrite_small_dev.o)
 .debug_info    0x00002719      0x631 c:/altera/13.1/nios2eds/bin/gnu/h-i686-mingw32/bin/../lib/gcc/nios2-elf/4.7.3/../../../../../H-i686-mingw32/nios2-elf/lib/mno-hw-mul\libsmallc.a(lib_a-impure.o)
 .debug_info    0x00002d4a      0x6cb c:/altera/13.1/nios2eds/bin/gnu/h-i686-mingw32/bin/../lib/gcc/nios2-elf/4.7.3/../../../../../H-i686-mingw32/nios2-elf/lib/mno-hw-mul\libsmallc.a(lib_a-writer.o)
 .debug_info    0x00003415       0x84 c:/altera/13.1/nios2eds/bin/gnu/h-i686-mingw32/bin/../lib/gcc/nios2-elf/4.7.3/../../../../../H-i686-mingw32/nios2-elf/lib/mno-hw-mul\libsmallc.a(lib_a-int_errno.o)
 .debug_info    0x00003499      0x289 c:/altera/13.1/nios2eds/bin/gnu/h-i686-mingw32/bin/../lib/gcc/nios2-elf/4.7.3/mno-hw-mul\libgcc.a(lib2-divmod.o)
 .debug_info    0x00003722      0x135 ../PBL-SD_bsp/\libhal_bsp.a(alt_load.o)
 .debug_info    0x00003857      0x139 ../PBL-SD_bsp/\libhal_bsp.a(alt_main.o)
 .debug_info    0x00003990      0x93f ../PBL-SD_bsp/\libhal_bsp.a(alt_putstr.o)
 .debug_info    0x000042cf       0xad ../PBL-SD_bsp/\libhal_bsp.a(alt_usleep.o)
 .debug_info    0x0000437c      0x507 ../PBL-SD_bsp/\libhal_bsp.a(alt_write.o)
 .debug_info    0x00004883      0x406 ../PBL-SD_bsp/\libhal_bsp.a(alt_sys_init.o)
 .debug_info    0x00004c89      0x3da ../PBL-SD_bsp/\libhal_bsp.a(altera_avalon_jtag_uart_fd.o)
 .debug_info    0x00005063      0x1bc ../PBL-SD_bsp/\libhal_bsp.a(altera_avalon_jtag_uart_read.o)
 .debug_info    0x0000521f      0x19f ../PBL-SD_bsp/\libhal_bsp.a(altera_avalon_jtag_uart_write.o)
 .debug_info    0x000053be       0xd5 ../PBL-SD_bsp/\libhal_bsp.a(alt_busy_sleep.o)
 .debug_info    0x00005493      0x350 ../PBL-SD_bsp/\libhal_bsp.a(alt_close.o)
 .debug_info    0x000057e3       0x90 ../PBL-SD_bsp/\libhal_bsp.a(alt_dcache_flush_all.o)
 .debug_info    0x00005873      0x4e3 ../PBL-SD_bsp/\libhal_bsp.a(alt_dev.o)
 .debug_info    0x00005d56      0x1b9 ../PBL-SD_bsp/\libhal_bsp.a(alt_dev_llist_insert.o)
 .debug_info    0x00005f0f       0x8d ../PBL-SD_bsp/\libhal_bsp.a(alt_do_ctors.o)
 .debug_info    0x00005f9c       0x8d ../PBL-SD_bsp/\libhal_bsp.a(alt_do_dtors.o)
 .debug_info    0x00006029       0xa3 ../PBL-SD_bsp/\libhal_bsp.a(alt_errno.o)
 .debug_info    0x000060cc       0x90 ../PBL-SD_bsp/\libhal_bsp.a(alt_icache_flush_all.o)
 .debug_info    0x0000615c      0x4f0 ../PBL-SD_bsp/\libhal_bsp.a(alt_io_redirect.o)
 .debug_info    0x0000664c      0x3f0 ../PBL-SD_bsp/\libhal_bsp.a(alt_open.o)
 .debug_info    0x00006a3c      0x2dd ../PBL-SD_bsp/\libhal_bsp.a(alt_release_fd.o)
 .debug_info    0x00006d19       0x90 ../PBL-SD_bsp/\libhal_bsp.a(altera_nios2_qsys_irq.o)
 .debug_info    0x00006da9      0x30d ../PBL-SD_bsp/\libhal_bsp.a(alt_find_dev.o)
 .debug_info    0x000070b6      0x30c ../PBL-SD_bsp/\libhal_bsp.a(alt_find_file.o)
 .debug_info    0x000073c2      0x339 ../PBL-SD_bsp/\libhal_bsp.a(alt_get_fd.o)
 .debug_info    0x000076fb      0x1eb c:/altera/13.1/nios2eds/bin/gnu/h-i686-mingw32/bin/../lib/gcc/nios2-elf/4.7.3/../../../../../H-i686-mingw32/nios2-elf/lib/mno-hw-mul\libsmallc.a(lib_a-atexit.o)
 .debug_info    0x000078e6       0xf8 c:/altera/13.1/nios2eds/bin/gnu/h-i686-mingw32/bin/../lib/gcc/nios2-elf/4.7.3/../../../../../H-i686-mingw32/nios2-elf/lib/mno-hw-mul\libsmallc.a(lib_a-exit.o)
 .debug_info    0x000079de      0x6a2 c:/altera/13.1/nios2eds/bin/gnu/h-i686-mingw32/bin/../lib/gcc/nios2-elf/4.7.3/../../../../../H-i686-mingw32/nios2-elf/lib/mno-hw-mul\libsmallc.a(lib_a-fputs.o)
 .debug_info    0x00008080       0xf1 c:/altera/13.1/nios2eds/bin/gnu/h-i686-mingw32/bin/../lib/gcc/nios2-elf/4.7.3/../../../../../H-i686-mingw32/nios2-elf/lib/mno-hw-mul\libsmallc.a(lib_a-memcmp.o)
 .debug_info    0x00008171      0x6fc c:/altera/13.1/nios2eds/bin/gnu/h-i686-mingw32/bin/../lib/gcc/nios2-elf/4.7.3/../../../../../H-i686-mingw32/nios2-elf/lib/mno-hw-mul\libsmallc.a(lib_a-__atexit.o)
 .debug_info    0x0000886d      0x70e c:/altera/13.1/nios2eds/bin/gnu/h-i686-mingw32/bin/../lib/gcc/nios2-elf/4.7.3/../../../../../H-i686-mingw32/nios2-elf/lib/mno-hw-mul\libsmallc.a(lib_a-__call_atexit.o)
 .debug_info    0x00008f7b       0xec ../PBL-SD_bsp/\libhal_bsp.a(alt_exit.o)

.debug_abbrev   0x00000000     0x2bb7
 *(.debug_abbrev)
 .debug_abbrev  0x00000000       0x12 ../PBL-SD_bsp//obj/HAL/src/crt0.o
 .debug_abbrev  0x00000012      0x147 obj/default/main.o
 .debug_abbrev  0x00000159       0x6f c:/altera/13.1/nios2eds/bin/gnu/h-i686-mingw32/bin/../lib/gcc/nios2-elf/4.7.3/mno-hw-mul\libgcc.a(lib2-mul.o)
 .debug_abbrev  0x000001c8       0x95 c:/altera/13.1/nios2eds/bin/gnu/h-i686-mingw32/bin/../lib/gcc/nios2-elf/4.7.3/../../../../../H-i686-mingw32/nios2-elf/lib/mno-hw-mul\libsmallc.a(lib_a-memcpy.o)
 .debug_abbrev  0x0000025d      0x1e2 c:/altera/13.1/nios2eds/bin/gnu/h-i686-mingw32/bin/../lib/gcc/nios2-elf/4.7.3/../../../../../H-i686-mingw32/nios2-elf/lib/mno-hw-mul\libsmallc.a(lib_a-printf.o)
 .debug_abbrev  0x0000043f      0x1d4 c:/altera/13.1/nios2eds/bin/gnu/h-i686-mingw32/bin/../lib/gcc/nios2-elf/4.7.3/../../../../../H-i686-mingw32/nios2-elf/lib/mno-hw-mul\libsmallc.a(lib_a-puts.o)
 .debug_abbrev  0x00000613       0x7f c:/altera/13.1/nios2eds/bin/gnu/h-i686-mingw32/bin/../lib/gcc/nios2-elf/4.7.3/../../../../../H-i686-mingw32/nios2-elf/lib/mno-hw-mul\libsmallc.a(lib_a-strlen.o)
 .debug_abbrev  0x00000692      0x2db c:/altera/13.1/nios2eds/bin/gnu/h-i686-mingw32/bin/../lib/gcc/nios2-elf/4.7.3/../../../../../H-i686-mingw32/nios2-elf/lib/mno-hw-mul\libsmallc.a(lib_a-vfprintf.o)
 .debug_abbrev  0x0000096d      0x1a8 c:/altera/13.1/nios2eds/bin/gnu/h-i686-mingw32/bin/../lib/gcc/nios2-elf/4.7.3/../../../../../H-i686-mingw32/nios2-elf/lib/mno-hw-mul\libsmallc.a(lib_a-fvwrite_small_dev.o)
 .debug_abbrev  0x00000b15      0x13b c:/altera/13.1/nios2eds/bin/gnu/h-i686-mingw32/bin/../lib/gcc/nios2-elf/4.7.3/../../../../../H-i686-mingw32/nios2-elf/lib/mno-hw-mul\libsmallc.a(lib_a-impure.o)
 .debug_abbrev  0x00000c50      0x199 c:/altera/13.1/nios2eds/bin/gnu/h-i686-mingw32/bin/../lib/gcc/nios2-elf/4.7.3/../../../../../H-i686-mingw32/nios2-elf/lib/mno-hw-mul\libsmallc.a(lib_a-writer.o)
 .debug_abbrev  0x00000de9       0x37 c:/altera/13.1/nios2eds/bin/gnu/h-i686-mingw32/bin/../lib/gcc/nios2-elf/4.7.3/../../../../../H-i686-mingw32/nios2-elf/lib/mno-hw-mul\libsmallc.a(lib_a-int_errno.o)
 .debug_abbrev  0x00000e20      0x112 c:/altera/13.1/nios2eds/bin/gnu/h-i686-mingw32/bin/../lib/gcc/nios2-elf/4.7.3/mno-hw-mul\libgcc.a(lib2-divmod.o)
 .debug_abbrev  0x00000f32       0x9d ../PBL-SD_bsp/\libhal_bsp.a(alt_load.o)
 .debug_abbrev  0x00000fcf       0xba ../PBL-SD_bsp/\libhal_bsp.a(alt_main.o)
 .debug_abbrev  0x00001089      0x182 ../PBL-SD_bsp/\libhal_bsp.a(alt_putstr.o)
 .debug_abbrev  0x0000120b       0x60 ../PBL-SD_bsp/\libhal_bsp.a(alt_usleep.o)
 .debug_abbrev  0x0000126b      0x133 ../PBL-SD_bsp/\libhal_bsp.a(alt_write.o)
 .debug_abbrev  0x0000139e      0x155 ../PBL-SD_bsp/\libhal_bsp.a(alt_sys_init.o)
 .debug_abbrev  0x000014f3       0xf7 ../PBL-SD_bsp/\libhal_bsp.a(altera_avalon_jtag_uart_fd.o)
 .debug_abbrev  0x000015ea       0xd5 ../PBL-SD_bsp/\libhal_bsp.a(altera_avalon_jtag_uart_read.o)
 .debug_abbrev  0x000016bf       0xd5 ../PBL-SD_bsp/\libhal_bsp.a(altera_avalon_jtag_uart_write.o)
 .debug_abbrev  0x00001794       0x7e ../PBL-SD_bsp/\libhal_bsp.a(alt_busy_sleep.o)
 .debug_abbrev  0x00001812      0x11f ../PBL-SD_bsp/\libhal_bsp.a(alt_close.o)
 .debug_abbrev  0x00001931       0x42 ../PBL-SD_bsp/\libhal_bsp.a(alt_dcache_flush_all.o)
 .debug_abbrev  0x00001973       0xd9 ../PBL-SD_bsp/\libhal_bsp.a(alt_dev.o)
 .debug_abbrev  0x00001a4c      0x114 ../PBL-SD_bsp/\libhal_bsp.a(alt_dev_llist_insert.o)
 .debug_abbrev  0x00001b60       0x79 ../PBL-SD_bsp/\libhal_bsp.a(alt_do_ctors.o)
 .debug_abbrev  0x00001bd9       0x79 ../PBL-SD_bsp/\libhal_bsp.a(alt_do_dtors.o)
 .debug_abbrev  0x00001c52       0x5a ../PBL-SD_bsp/\libhal_bsp.a(alt_errno.o)
 .debug_abbrev  0x00001cac       0x42 ../PBL-SD_bsp/\libhal_bsp.a(alt_icache_flush_all.o)
 .debug_abbrev  0x00001cee      0x114 ../PBL-SD_bsp/\libhal_bsp.a(alt_io_redirect.o)
 .debug_abbrev  0x00001e02      0x148 ../PBL-SD_bsp/\libhal_bsp.a(alt_open.o)
 .debug_abbrev  0x00001f4a       0xde ../PBL-SD_bsp/\libhal_bsp.a(alt_release_fd.o)
 .debug_abbrev  0x00002028       0x42 ../PBL-SD_bsp/\libhal_bsp.a(altera_nios2_qsys_irq.o)
 .debug_abbrev  0x0000206a       0xf0 ../PBL-SD_bsp/\libhal_bsp.a(alt_find_dev.o)
 .debug_abbrev  0x0000215a       0xf0 ../PBL-SD_bsp/\libhal_bsp.a(alt_find_file.o)
 .debug_abbrev  0x0000224a      0x10d ../PBL-SD_bsp/\libhal_bsp.a(alt_get_fd.o)
 .debug_abbrev  0x00002357      0x115 c:/altera/13.1/nios2eds/bin/gnu/h-i686-mingw32/bin/../lib/gcc/nios2-elf/4.7.3/../../../../../H-i686-mingw32/nios2-elf/lib/mno-hw-mul\libsmallc.a(lib_a-atexit.o)
 .debug_abbrev  0x0000246c       0xa9 c:/altera/13.1/nios2eds/bin/gnu/h-i686-mingw32/bin/../lib/gcc/nios2-elf/4.7.3/../../../../../H-i686-mingw32/nios2-elf/lib/mno-hw-mul\libsmallc.a(lib_a-exit.o)
 .debug_abbrev  0x00002515      0x19f c:/altera/13.1/nios2eds/bin/gnu/h-i686-mingw32/bin/../lib/gcc/nios2-elf/4.7.3/../../../../../H-i686-mingw32/nios2-elf/lib/mno-hw-mul\libsmallc.a(lib_a-fputs.o)
 .debug_abbrev  0x000026b4       0x7f c:/altera/13.1/nios2eds/bin/gnu/h-i686-mingw32/bin/../lib/gcc/nios2-elf/4.7.3/../../../../../H-i686-mingw32/nios2-elf/lib/mno-hw-mul\libsmallc.a(lib_a-memcmp.o)
 .debug_abbrev  0x00002733      0x1f5 c:/altera/13.1/nios2eds/bin/gnu/h-i686-mingw32/bin/../lib/gcc/nios2-elf/4.7.3/../../../../../H-i686-mingw32/nios2-elf/lib/mno-hw-mul\libsmallc.a(lib_a-__atexit.o)
 .debug_abbrev  0x00002928      0x1e9 c:/altera/13.1/nios2eds/bin/gnu/h-i686-mingw32/bin/../lib/gcc/nios2-elf/4.7.3/../../../../../H-i686-mingw32/nios2-elf/lib/mno-hw-mul\libsmallc.a(lib_a-__call_atexit.o)
 .debug_abbrev  0x00002b11       0xa6 ../PBL-SD_bsp/\libhal_bsp.a(alt_exit.o)

.debug_line     0x00000000     0x33d9
 *(.debug_line)
 .debug_line    0x00000000       0x66 ../PBL-SD_bsp//obj/HAL/src/crt0.o
 .debug_line    0x00000066       0xe6 obj/default/main.o
 .debug_line    0x0000014c       0x80 c:/altera/13.1/nios2eds/bin/gnu/h-i686-mingw32/bin/../lib/gcc/nios2-elf/4.7.3/mno-hw-mul\libgcc.a(lib2-mul.o)
 .debug_line    0x000001cc      0x100 c:/altera/13.1/nios2eds/bin/gnu/h-i686-mingw32/bin/../lib/gcc/nios2-elf/4.7.3/../../../../../H-i686-mingw32/nios2-elf/lib/mno-hw-mul\libsmallc.a(lib_a-memcpy.o)
 .debug_line    0x000002cc      0x219 c:/altera/13.1/nios2eds/bin/gnu/h-i686-mingw32/bin/../lib/gcc/nios2-elf/4.7.3/../../../../../H-i686-mingw32/nios2-elf/lib/mno-hw-mul\libsmallc.a(lib_a-printf.o)
 .debug_line    0x000004e5      0x212 c:/altera/13.1/nios2eds/bin/gnu/h-i686-mingw32/bin/../lib/gcc/nios2-elf/4.7.3/../../../../../H-i686-mingw32/nios2-elf/lib/mno-hw-mul\libsmallc.a(lib_a-puts.o)
 .debug_line    0x000006f7      0x174 c:/altera/13.1/nios2eds/bin/gnu/h-i686-mingw32/bin/../lib/gcc/nios2-elf/4.7.3/../../../../../H-i686-mingw32/nios2-elf/lib/mno-hw-mul\libsmallc.a(lib_a-strlen.o)
 .debug_line    0x0000086b      0x40e c:/altera/13.1/nios2eds/bin/gnu/h-i686-mingw32/bin/../lib/gcc/nios2-elf/4.7.3/../../../../../H-i686-mingw32/nios2-elf/lib/mno-hw-mul\libsmallc.a(lib_a-vfprintf.o)
 .debug_line    0x00000c79      0x225 c:/altera/13.1/nios2eds/bin/gnu/h-i686-mingw32/bin/../lib/gcc/nios2-elf/4.7.3/../../../../../H-i686-mingw32/nios2-elf/lib/mno-hw-mul\libsmallc.a(lib_a-fvwrite_small_dev.o)
 .debug_line    0x00000e9e      0x16c c:/altera/13.1/nios2eds/bin/gnu/h-i686-mingw32/bin/../lib/gcc/nios2-elf/4.7.3/../../../../../H-i686-mingw32/nios2-elf/lib/mno-hw-mul\libsmallc.a(lib_a-impure.o)
 .debug_line    0x0000100a      0x20c c:/altera/13.1/nios2eds/bin/gnu/h-i686-mingw32/bin/../lib/gcc/nios2-elf/4.7.3/../../../../../H-i686-mingw32/nios2-elf/lib/mno-hw-mul\libsmallc.a(lib_a-writer.o)
 .debug_line    0x00001216       0x60 c:/altera/13.1/nios2eds/bin/gnu/h-i686-mingw32/bin/../lib/gcc/nios2-elf/4.7.3/../../../../../H-i686-mingw32/nios2-elf/lib/mno-hw-mul\libsmallc.a(lib_a-int_errno.o)
 .debug_line    0x00001276       0xd6 c:/altera/13.1/nios2eds/bin/gnu/h-i686-mingw32/bin/../lib/gcc/nios2-elf/4.7.3/mno-hw-mul\libgcc.a(lib2-divmod.o)
 .debug_line    0x0000134c       0x92 ../PBL-SD_bsp/\libhal_bsp.a(alt_load.o)
 .debug_line    0x000013de       0xa4 ../PBL-SD_bsp/\libhal_bsp.a(alt_main.o)
 .debug_line    0x00001482      0x13b ../PBL-SD_bsp/\libhal_bsp.a(alt_putstr.o)
 .debug_line    0x000015bd       0xce ../PBL-SD_bsp/\libhal_bsp.a(alt_usleep.o)
 .debug_line    0x0000168b      0x1f8 ../PBL-SD_bsp/\libhal_bsp.a(alt_write.o)
 .debug_line    0x00001883      0x126 ../PBL-SD_bsp/\libhal_bsp.a(alt_sys_init.o)
 .debug_line    0x000019a9      0x114 ../PBL-SD_bsp/\libhal_bsp.a(altera_avalon_jtag_uart_fd.o)
 .debug_line    0x00001abd      0x101 ../PBL-SD_bsp/\libhal_bsp.a(altera_avalon_jtag_uart_read.o)
 .debug_line    0x00001bbe       0xf8 ../PBL-SD_bsp/\libhal_bsp.a(altera_avalon_jtag_uart_write.o)
 .debug_line    0x00001cb6       0xa2 ../PBL-SD_bsp/\libhal_bsp.a(alt_busy_sleep.o)
 .debug_line    0x00001d58      0x186 ../PBL-SD_bsp/\libhal_bsp.a(alt_close.o)
 .debug_line    0x00001ede       0x51 ../PBL-SD_bsp/\libhal_bsp.a(alt_dcache_flush_all.o)
 .debug_line    0x00001f2f      0x119 ../PBL-SD_bsp/\libhal_bsp.a(alt_dev.o)
 .debug_line    0x00002048       0xd0 ../PBL-SD_bsp/\libhal_bsp.a(alt_dev_llist_insert.o)
 .debug_line    0x00002118       0x59 ../PBL-SD_bsp/\libhal_bsp.a(alt_do_ctors.o)
 .debug_line    0x00002171       0x59 ../PBL-SD_bsp/\libhal_bsp.a(alt_do_dtors.o)
 .debug_line    0x000021ca       0x51 ../PBL-SD_bsp/\libhal_bsp.a(alt_errno.o)
 .debug_line    0x0000221b       0x4f ../PBL-SD_bsp/\libhal_bsp.a(alt_icache_flush_all.o)
 .debug_line    0x0000226a      0x156 ../PBL-SD_bsp/\libhal_bsp.a(alt_io_redirect.o)
 .debug_line    0x000023c0      0x128 ../PBL-SD_bsp/\libhal_bsp.a(alt_open.o)
 .debug_line    0x000024e8       0xb0 ../PBL-SD_bsp/\libhal_bsp.a(alt_release_fd.o)
 .debug_line    0x00002598       0x51 ../PBL-SD_bsp/\libhal_bsp.a(altera_nios2_qsys_irq.o)
 .debug_line    0x000025e9       0xb9 ../PBL-SD_bsp/\libhal_bsp.a(alt_find_dev.o)
 .debug_line    0x000026a2       0xd5 ../PBL-SD_bsp/\libhal_bsp.a(alt_find_file.o)
 .debug_line    0x00002777       0xd4 ../PBL-SD_bsp/\libhal_bsp.a(alt_get_fd.o)
 .debug_line    0x0000284b      0x170 c:/altera/13.1/nios2eds/bin/gnu/h-i686-mingw32/bin/../lib/gcc/nios2-elf/4.7.3/../../../../../H-i686-mingw32/nios2-elf/lib/mno-hw-mul\libsmallc.a(lib_a-atexit.o)
 .debug_line    0x000029bb      0x170 c:/altera/13.1/nios2eds/bin/gnu/h-i686-mingw32/bin/../lib/gcc/nios2-elf/4.7.3/../../../../../H-i686-mingw32/nios2-elf/lib/mno-hw-mul\libsmallc.a(lib_a-exit.o)
 .debug_line    0x00002b2b      0x209 c:/altera/13.1/nios2eds/bin/gnu/h-i686-mingw32/bin/../lib/gcc/nios2-elf/4.7.3/../../../../../H-i686-mingw32/nios2-elf/lib/mno-hw-mul\libsmallc.a(lib_a-fputs.o)
 .debug_line    0x00002d34      0x17f c:/altera/13.1/nios2eds/bin/gnu/h-i686-mingw32/bin/../lib/gcc/nios2-elf/4.7.3/../../../../../H-i686-mingw32/nios2-elf/lib/mno-hw-mul\libsmallc.a(lib_a-memcmp.o)
 .debug_line    0x00002eb3      0x24e c:/altera/13.1/nios2eds/bin/gnu/h-i686-mingw32/bin/../lib/gcc/nios2-elf/4.7.3/../../../../../H-i686-mingw32/nios2-elf/lib/mno-hw-mul\libsmallc.a(lib_a-__atexit.o)
 .debug_line    0x00003101      0x267 c:/altera/13.1/nios2eds/bin/gnu/h-i686-mingw32/bin/../lib/gcc/nios2-elf/4.7.3/../../../../../H-i686-mingw32/nios2-elf/lib/mno-hw-mul\libsmallc.a(lib_a-__call_atexit.o)
 .debug_line    0x00003368       0x71 ../PBL-SD_bsp/\libhal_bsp.a(alt_exit.o)

.debug_frame    0x00000000      0x900
 *(.debug_frame)
 .debug_frame   0x00000000       0xa0 obj/default/main.o
 .debug_frame   0x000000a0       0x20 c:/altera/13.1/nios2eds/bin/gnu/h-i686-mingw32/bin/../lib/gcc/nios2-elf/4.7.3/mno-hw-mul\libgcc.a(lib2-mul.o)
 .debug_frame   0x000000c0       0x20 c:/altera/13.1/nios2eds/bin/gnu/h-i686-mingw32/bin/../lib/gcc/nios2-elf/4.7.3/../../../../../H-i686-mingw32/nios2-elf/lib/mno-hw-mul\libsmallc.a(lib_a-memcpy.o)
 .debug_frame   0x000000e0       0x40 c:/altera/13.1/nios2eds/bin/gnu/h-i686-mingw32/bin/../lib/gcc/nios2-elf/4.7.3/../../../../../H-i686-mingw32/nios2-elf/lib/mno-hw-mul\libsmallc.a(lib_a-printf.o)
 .debug_frame   0x00000120       0x3c c:/altera/13.1/nios2eds/bin/gnu/h-i686-mingw32/bin/../lib/gcc/nios2-elf/4.7.3/../../../../../H-i686-mingw32/nios2-elf/lib/mno-hw-mul\libsmallc.a(lib_a-puts.o)
 .debug_frame   0x0000015c       0x20 c:/altera/13.1/nios2eds/bin/gnu/h-i686-mingw32/bin/../lib/gcc/nios2-elf/4.7.3/../../../../../H-i686-mingw32/nios2-elf/lib/mno-hw-mul\libsmallc.a(lib_a-strlen.o)
 .debug_frame   0x0000017c       0x4c c:/altera/13.1/nios2eds/bin/gnu/h-i686-mingw32/bin/../lib/gcc/nios2-elf/4.7.3/../../../../../H-i686-mingw32/nios2-elf/lib/mno-hw-mul\libsmallc.a(lib_a-vfprintf.o)
 .debug_frame   0x000001c8       0x30 c:/altera/13.1/nios2eds/bin/gnu/h-i686-mingw32/bin/../lib/gcc/nios2-elf/4.7.3/../../../../../H-i686-mingw32/nios2-elf/lib/mno-hw-mul\libsmallc.a(lib_a-fvwrite_small_dev.o)
 .debug_frame   0x000001f8       0x2c c:/altera/13.1/nios2eds/bin/gnu/h-i686-mingw32/bin/../lib/gcc/nios2-elf/4.7.3/../../../../../H-i686-mingw32/nios2-elf/lib/mno-hw-mul\libsmallc.a(lib_a-writer.o)
 .debug_frame   0x00000224       0x70 c:/altera/13.1/nios2eds/bin/gnu/h-i686-mingw32/bin/../lib/gcc/nios2-elf/4.7.3/mno-hw-mul\libgcc.a(lib2-divmod.o)
 .debug_frame   0x00000294       0x48 ../PBL-SD_bsp/\libhal_bsp.a(alt_load.o)
 .debug_frame   0x000002dc       0x2c ../PBL-SD_bsp/\libhal_bsp.a(alt_main.o)
 .debug_frame   0x00000308       0x2c ../PBL-SD_bsp/\libhal_bsp.a(alt_putstr.o)
 .debug_frame   0x00000334       0x2c ../PBL-SD_bsp/\libhal_bsp.a(alt_usleep.o)
 .debug_frame   0x00000360       0x48 ../PBL-SD_bsp/\libhal_bsp.a(alt_write.o)
 .debug_frame   0x000003a8       0x64 ../PBL-SD_bsp/\libhal_bsp.a(alt_sys_init.o)
 .debug_frame   0x0000040c       0x48 ../PBL-SD_bsp/\libhal_bsp.a(altera_avalon_jtag_uart_fd.o)
 .debug_frame   0x00000454       0x2c ../PBL-SD_bsp/\libhal_bsp.a(altera_avalon_jtag_uart_read.o)
 .debug_frame   0x00000480       0x2c ../PBL-SD_bsp/\libhal_bsp.a(altera_avalon_jtag_uart_write.o)
 .debug_frame   0x000004ac       0x2c ../PBL-SD_bsp/\libhal_bsp.a(alt_busy_sleep.o)
 .debug_frame   0x000004d8       0x48 ../PBL-SD_bsp/\libhal_bsp.a(alt_close.o)
 .debug_frame   0x00000520       0x2c ../PBL-SD_bsp/\libhal_bsp.a(alt_dcache_flush_all.o)
 .debug_frame   0x0000054c       0x2c ../PBL-SD_bsp/\libhal_bsp.a(alt_dev.o)
 .debug_frame   0x00000578       0x48 ../PBL-SD_bsp/\libhal_bsp.a(alt_dev_llist_insert.o)
 .debug_frame   0x000005c0       0x2c ../PBL-SD_bsp/\libhal_bsp.a(alt_do_ctors.o)
 .debug_frame   0x000005ec       0x2c ../PBL-SD_bsp/\libhal_bsp.a(alt_do_dtors.o)
 .debug_frame   0x00000618       0x2c ../PBL-SD_bsp/\libhal_bsp.a(alt_icache_flush_all.o)
 .debug_frame   0x00000644       0x4c ../PBL-SD_bsp/\libhal_bsp.a(alt_io_redirect.o)
 .debug_frame   0x00000690       0x68 ../PBL-SD_bsp/\libhal_bsp.a(alt_open.o)
 .debug_frame   0x000006f8       0x30 ../PBL-SD_bsp/\libhal_bsp.a(alt_release_fd.o)
 .debug_frame   0x00000728       0x2c ../PBL-SD_bsp/\libhal_bsp.a(altera_nios2_qsys_irq.o)
 .debug_frame   0x00000754       0x2c ../PBL-SD_bsp/\libhal_bsp.a(alt_find_dev.o)
 .debug_frame   0x00000780       0x2c ../PBL-SD_bsp/\libhal_bsp.a(alt_find_file.o)
 .debug_frame   0x000007ac       0x30 ../PBL-SD_bsp/\libhal_bsp.a(alt_get_fd.o)
 .debug_frame   0x000007dc       0x20 c:/altera/13.1/nios2eds/bin/gnu/h-i686-mingw32/bin/../lib/gcc/nios2-elf/4.7.3/../../../../../H-i686-mingw32/nios2-elf/lib/mno-hw-mul\libsmallc.a(lib_a-atexit.o)
 .debug_frame   0x000007fc       0x28 c:/altera/13.1/nios2eds/bin/gnu/h-i686-mingw32/bin/../lib/gcc/nios2-elf/4.7.3/../../../../../H-i686-mingw32/nios2-elf/lib/mno-hw-mul\libsmallc.a(lib_a-exit.o)
 .debug_frame   0x00000824       0x28 c:/altera/13.1/nios2eds/bin/gnu/h-i686-mingw32/bin/../lib/gcc/nios2-elf/4.7.3/../../../../../H-i686-mingw32/nios2-elf/lib/mno-hw-mul\libsmallc.a(lib_a-fputs.o)
 .debug_frame   0x0000084c       0x20 c:/altera/13.1/nios2eds/bin/gnu/h-i686-mingw32/bin/../lib/gcc/nios2-elf/4.7.3/../../../../../H-i686-mingw32/nios2-elf/lib/mno-hw-mul\libsmallc.a(lib_a-memcmp.o)
 .debug_frame   0x0000086c       0x30 c:/altera/13.1/nios2eds/bin/gnu/h-i686-mingw32/bin/../lib/gcc/nios2-elf/4.7.3/../../../../../H-i686-mingw32/nios2-elf/lib/mno-hw-mul\libsmallc.a(lib_a-__atexit.o)
 .debug_frame   0x0000089c       0x38 c:/altera/13.1/nios2eds/bin/gnu/h-i686-mingw32/bin/../lib/gcc/nios2-elf/4.7.3/../../../../../H-i686-mingw32/nios2-elf/lib/mno-hw-mul\libsmallc.a(lib_a-__call_atexit.o)
 .debug_frame   0x000008d4       0x2c ../PBL-SD_bsp/\libhal_bsp.a(alt_exit.o)

.debug_str      0x00000000     0x17ee
 *(.debug_str)
 .debug_str     0x00000000      0x13b obj/default/main.o
                                0x180 (size before relaxing)
 .debug_str     0x0000013b       0xd3 c:/altera/13.1/nios2eds/bin/gnu/h-i686-mingw32/bin/../lib/gcc/nios2-elf/4.7.3/mno-hw-mul\libgcc.a(lib2-mul.o)
                                0x12a (size before relaxing)
 .debug_str     0x0000020e       0xf9 c:/altera/13.1/nios2eds/bin/gnu/h-i686-mingw32/bin/../lib/gcc/nios2-elf/4.7.3/../../../../../H-i686-mingw32/nios2-elf/lib/mno-hw-mul\libsmallc.a(lib_a-memcpy.o)
                                0x11e (size before relaxing)
 .debug_str     0x00000307      0x3d4 c:/altera/13.1/nios2eds/bin/gnu/h-i686-mingw32/bin/../lib/gcc/nios2-elf/4.7.3/../../../../../H-i686-mingw32/nios2-elf/lib/mno-hw-mul\libsmallc.a(lib_a-printf.o)
                                0x4b4 (size before relaxing)
 .debug_str     0x000006db       0x4a c:/altera/13.1/nios2eds/bin/gnu/h-i686-mingw32/bin/../lib/gcc/nios2-elf/4.7.3/../../../../../H-i686-mingw32/nios2-elf/lib/mno-hw-mul\libsmallc.a(lib_a-puts.o)
                                0x463 (size before relaxing)
 .debug_str     0x00000725       0x3e c:/altera/13.1/nios2eds/bin/gnu/h-i686-mingw32/bin/../lib/gcc/nios2-elf/4.7.3/../../../../../H-i686-mingw32/nios2-elf/lib/mno-hw-mul\libsmallc.a(lib_a-strlen.o)
                                0x190 (size before relaxing)
 .debug_str     0x00000763      0x196 c:/altera/13.1/nios2eds/bin/gnu/h-i686-mingw32/bin/../lib/gcc/nios2-elf/4.7.3/../../../../../H-i686-mingw32/nios2-elf/lib/mno-hw-mul\libsmallc.a(lib_a-vfprintf.o)
                                0x634 (size before relaxing)
 .debug_str     0x000008f9       0x82 c:/altera/13.1/nios2eds/bin/gnu/h-i686-mingw32/bin/../lib/gcc/nios2-elf/4.7.3/../../../../../H-i686-mingw32/nios2-elf/lib/mno-hw-mul\libsmallc.a(lib_a-fvwrite_small_dev.o)
                                0x48f (size before relaxing)
 .debug_str     0x0000097b       0xfb c:/altera/13.1/nios2eds/bin/gnu/h-i686-mingw32/bin/../lib/gcc/nios2-elf/4.7.3/../../../../../H-i686-mingw32/nios2-elf/lib/mno-hw-mul\libsmallc.a(lib_a-impure.o)
                                0x469 (size before relaxing)
 .debug_str     0x00000a76       0x3d c:/altera/13.1/nios2eds/bin/gnu/h-i686-mingw32/bin/../lib/gcc/nios2-elf/4.7.3/../../../../../H-i686-mingw32/nios2-elf/lib/mno-hw-mul\libsmallc.a(lib_a-writer.o)
                                0x463 (size before relaxing)
 .debug_str     0x00000ab3       0x40 c:/altera/13.1/nios2eds/bin/gnu/h-i686-mingw32/bin/../lib/gcc/nios2-elf/4.7.3/../../../../../H-i686-mingw32/nios2-elf/lib/mno-hw-mul\libsmallc.a(lib_a-int_errno.o)
                                0x183 (size before relaxing)
 .debug_str     0x00000af3       0x7f c:/altera/13.1/nios2eds/bin/gnu/h-i686-mingw32/bin/../lib/gcc/nios2-elf/4.7.3/mno-hw-mul\libgcc.a(lib2-divmod.o)
                                0x169 (size before relaxing)
 .debug_str     0x00000b72      0x13f ../PBL-SD_bsp/\libhal_bsp.a(alt_load.o)
                                0x1dd (size before relaxing)
 .debug_str     0x00000cb1       0x70 ../PBL-SD_bsp/\libhal_bsp.a(alt_main.o)
                                0x168 (size before relaxing)
 .debug_str     0x00000d21      0x116 ../PBL-SD_bsp/\libhal_bsp.a(alt_putstr.o)
                                0x4ad (size before relaxing)
 .debug_str     0x00000e37       0x27 ../PBL-SD_bsp/\libhal_bsp.a(alt_usleep.o)
                                0x113 (size before relaxing)
 .debug_str     0x00000e5e      0x159 ../PBL-SD_bsp/\libhal_bsp.a(alt_write.o)
                                0x2c3 (size before relaxing)
 .debug_str     0x00000fb7       0xf9 ../PBL-SD_bsp/\libhal_bsp.a(alt_sys_init.o)
                                0x298 (size before relaxing)
 .debug_str     0x000010b0       0x77 ../PBL-SD_bsp/\libhal_bsp.a(altera_avalon_jtag_uart_fd.o)
                                0x2a0 (size before relaxing)
 .debug_str     0x00001127       0x48 ../PBL-SD_bsp/\libhal_bsp.a(altera_avalon_jtag_uart_read.o)
                                0x1ea (size before relaxing)
 .debug_str     0x0000116f       0x4a ../PBL-SD_bsp/\libhal_bsp.a(altera_avalon_jtag_uart_write.o)
                                0x1e0 (size before relaxing)
 .debug_str     0x000011b9       0x42 ../PBL-SD_bsp/\libhal_bsp.a(alt_busy_sleep.o)
                                0x136 (size before relaxing)
 .debug_str     0x000011fb       0x1b ../PBL-SD_bsp/\libhal_bsp.a(alt_close.o)
                                0x1d6 (size before relaxing)
 .debug_str     0x00001216       0x34 ../PBL-SD_bsp/\libhal_bsp.a(alt_dcache_flush_all.o)
                                0x120 (size before relaxing)
 .debug_str     0x0000124a       0x50 ../PBL-SD_bsp/\libhal_bsp.a(alt_dev.o)
                                0x2d0 (size before relaxing)
 .debug_str     0x0000129a       0x4b ../PBL-SD_bsp/\libhal_bsp.a(alt_dev_llist_insert.o)
                                0x197 (size before relaxing)
 .debug_str     0x000012e5       0x48 ../PBL-SD_bsp/\libhal_bsp.a(alt_do_ctors.o)
                                 0xa7 (size before relaxing)
 .debug_str     0x0000132d       0x4c ../PBL-SD_bsp/\libhal_bsp.a(alt_do_dtors.o)
                                 0xa6 (size before relaxing)
 .debug_str     0x00001379       0x14 ../PBL-SD_bsp/\libhal_bsp.a(alt_errno.o)
                                0x110 (size before relaxing)
 .debug_str     0x0000138d       0x34 ../PBL-SD_bsp/\libhal_bsp.a(alt_icache_flush_all.o)
                                0x120 (size before relaxing)
 .debug_str     0x000013c1       0x56 ../PBL-SD_bsp/\libhal_bsp.a(alt_io_redirect.o)
                                0x2e1 (size before relaxing)
 .debug_str     0x00001417       0x36 ../PBL-SD_bsp/\libhal_bsp.a(alt_open.o)
                                0x216 (size before relaxing)
 .debug_str     0x0000144d       0x28 ../PBL-SD_bsp/\libhal_bsp.a(alt_release_fd.o)
                                0x1aa (size before relaxing)
 .debug_str     0x00001475       0x3b ../PBL-SD_bsp/\libhal_bsp.a(altera_nios2_qsys_irq.o)
                                0x127 (size before relaxing)
 .debug_str     0x000014b0       0x24 ../PBL-SD_bsp/\libhal_bsp.a(alt_find_dev.o)
                                0x1b7 (size before relaxing)
 .debug_str     0x000014d4       0x26 ../PBL-SD_bsp/\libhal_bsp.a(alt_find_file.o)
                                0x1c5 (size before relaxing)
 .debug_str     0x000014fa       0x30 ../PBL-SD_bsp/\libhal_bsp.a(alt_get_fd.o)
                                0x1e7 (size before relaxing)
 .debug_str     0x0000152a      0x122 c:/altera/13.1/nios2eds/bin/gnu/h-i686-mingw32/bin/../lib/gcc/nios2-elf/4.7.3/../../../../../H-i686-mingw32/nios2-elf/lib/mno-hw-mul\libsmallc.a(lib_a-atexit.o)
                                0x235 (size before relaxing)
 .debug_str     0x0000164c       0x4d c:/altera/13.1/nios2eds/bin/gnu/h-i686-mingw32/bin/../lib/gcc/nios2-elf/4.7.3/../../../../../H-i686-mingw32/nios2-elf/lib/mno-hw-mul\libsmallc.a(lib_a-exit.o)
                                0x19b (size before relaxing)
 .debug_str     0x00001699       0x42 c:/altera/13.1/nios2eds/bin/gnu/h-i686-mingw32/bin/../lib/gcc/nios2-elf/4.7.3/../../../../../H-i686-mingw32/nios2-elf/lib/mno-hw-mul\libsmallc.a(lib_a-fputs.o)
                                0x462 (size before relaxing)
 .debug_str     0x000016db       0x45 c:/altera/13.1/nios2eds/bin/gnu/h-i686-mingw32/bin/../lib/gcc/nios2-elf/4.7.3/../../../../../H-i686-mingw32/nios2-elf/lib/mno-hw-mul\libsmallc.a(lib_a-memcmp.o)
                                0x18a (size before relaxing)
 .debug_str     0x00001720       0x40 c:/altera/13.1/nios2eds/bin/gnu/h-i686-mingw32/bin/../lib/gcc/nios2-elf/4.7.3/../../../../../H-i686-mingw32/nios2-elf/lib/mno-hw-mul\libsmallc.a(lib_a-__atexit.o)
                                0x4b6 (size before relaxing)
 .debug_str     0x00001760       0x64 c:/altera/13.1/nios2eds/bin/gnu/h-i686-mingw32/bin/../lib/gcc/nios2-elf/4.7.3/../../../../../H-i686-mingw32/nios2-elf/lib/mno-hw-mul\libsmallc.a(lib_a-__call_atexit.o)
                                0x494 (size before relaxing)
 .debug_str     0x000017c4       0x2a ../PBL-SD_bsp/\libhal_bsp.a(alt_exit.o)
                                0x11c (size before relaxing)

.debug_loc      0x00000000     0x219d
 *(.debug_loc)
 .debug_loc     0x00000000       0xdd obj/default/main.o
 .debug_loc     0x000000dd       0x93 c:/altera/13.1/nios2eds/bin/gnu/h-i686-mingw32/bin/../lib/gcc/nios2-elf/4.7.3/mno-hw-mul\libgcc.a(lib2-mul.o)
 .debug_loc     0x00000170       0xee c:/altera/13.1/nios2eds/bin/gnu/h-i686-mingw32/bin/../lib/gcc/nios2-elf/4.7.3/../../../../../H-i686-mingw32/nios2-elf/lib/mno-hw-mul\libsmallc.a(lib_a-memcpy.o)
 .debug_loc     0x0000025e      0x125 c:/altera/13.1/nios2eds/bin/gnu/h-i686-mingw32/bin/../lib/gcc/nios2-elf/4.7.3/../../../../../H-i686-mingw32/nios2-elf/lib/mno-hw-mul\libsmallc.a(lib_a-printf.o)
 .debug_loc     0x00000383       0xb7 c:/altera/13.1/nios2eds/bin/gnu/h-i686-mingw32/bin/../lib/gcc/nios2-elf/4.7.3/../../../../../H-i686-mingw32/nios2-elf/lib/mno-hw-mul\libsmallc.a(lib_a-puts.o)
 .debug_loc     0x0000043a       0x29 c:/altera/13.1/nios2eds/bin/gnu/h-i686-mingw32/bin/../lib/gcc/nios2-elf/4.7.3/../../../../../H-i686-mingw32/nios2-elf/lib/mno-hw-mul\libsmallc.a(lib_a-strlen.o)
 .debug_loc     0x00000463      0xc9d c:/altera/13.1/nios2eds/bin/gnu/h-i686-mingw32/bin/../lib/gcc/nios2-elf/4.7.3/../../../../../H-i686-mingw32/nios2-elf/lib/mno-hw-mul\libsmallc.a(lib_a-vfprintf.o)
 .debug_loc     0x00001100      0x19e c:/altera/13.1/nios2eds/bin/gnu/h-i686-mingw32/bin/../lib/gcc/nios2-elf/4.7.3/../../../../../H-i686-mingw32/nios2-elf/lib/mno-hw-mul\libsmallc.a(lib_a-fvwrite_small_dev.o)
 .debug_loc     0x0000129e       0xde c:/altera/13.1/nios2eds/bin/gnu/h-i686-mingw32/bin/../lib/gcc/nios2-elf/4.7.3/../../../../../H-i686-mingw32/nios2-elf/lib/mno-hw-mul\libsmallc.a(lib_a-writer.o)
 .debug_loc     0x0000137c      0x338 c:/altera/13.1/nios2eds/bin/gnu/h-i686-mingw32/bin/../lib/gcc/nios2-elf/4.7.3/mno-hw-mul\libgcc.a(lib2-divmod.o)
 .debug_loc     0x000016b4       0x58 ../PBL-SD_bsp/\libhal_bsp.a(alt_load.o)
 .debug_loc     0x0000170c       0x2c ../PBL-SD_bsp/\libhal_bsp.a(alt_main.o)
 .debug_loc     0x00001738       0x2c ../PBL-SD_bsp/\libhal_bsp.a(alt_putstr.o)
 .debug_loc     0x00001764       0x2c ../PBL-SD_bsp/\libhal_bsp.a(alt_usleep.o)
 .debug_loc     0x00001790       0x58 ../PBL-SD_bsp/\libhal_bsp.a(alt_write.o)
 .debug_loc     0x000017e8       0x84 ../PBL-SD_bsp/\libhal_bsp.a(alt_sys_init.o)
 .debug_loc     0x0000186c       0x58 ../PBL-SD_bsp/\libhal_bsp.a(altera_avalon_jtag_uart_fd.o)
 .debug_loc     0x000018c4       0x2c ../PBL-SD_bsp/\libhal_bsp.a(altera_avalon_jtag_uart_read.o)
 .debug_loc     0x000018f0       0x2c ../PBL-SD_bsp/\libhal_bsp.a(altera_avalon_jtag_uart_write.o)
 .debug_loc     0x0000191c       0x2c ../PBL-SD_bsp/\libhal_bsp.a(alt_busy_sleep.o)
 .debug_loc     0x00001948       0x58 ../PBL-SD_bsp/\libhal_bsp.a(alt_close.o)
 .debug_loc     0x000019a0       0x2c ../PBL-SD_bsp/\libhal_bsp.a(alt_dcache_flush_all.o)
 .debug_loc     0x000019cc       0x2c ../PBL-SD_bsp/\libhal_bsp.a(alt_dev.o)
 .debug_loc     0x000019f8       0x58 ../PBL-SD_bsp/\libhal_bsp.a(alt_dev_llist_insert.o)
 .debug_loc     0x00001a50       0x2c ../PBL-SD_bsp/\libhal_bsp.a(alt_do_ctors.o)
 .debug_loc     0x00001a7c       0x2c ../PBL-SD_bsp/\libhal_bsp.a(alt_do_dtors.o)
 .debug_loc     0x00001aa8       0x2c ../PBL-SD_bsp/\libhal_bsp.a(alt_icache_flush_all.o)
 .debug_loc     0x00001ad4       0x58 ../PBL-SD_bsp/\libhal_bsp.a(alt_io_redirect.o)
 .debug_loc     0x00001b2c       0x84 ../PBL-SD_bsp/\libhal_bsp.a(alt_open.o)
 .debug_loc     0x00001bb0       0x2c ../PBL-SD_bsp/\libhal_bsp.a(alt_release_fd.o)
 .debug_loc     0x00001bdc       0x2c ../PBL-SD_bsp/\libhal_bsp.a(altera_nios2_qsys_irq.o)
 .debug_loc     0x00001c08       0x2c ../PBL-SD_bsp/\libhal_bsp.a(alt_find_dev.o)
 .debug_loc     0x00001c34       0x2c ../PBL-SD_bsp/\libhal_bsp.a(alt_find_file.o)
 .debug_loc     0x00001c60       0x2c ../PBL-SD_bsp/\libhal_bsp.a(alt_get_fd.o)
 .debug_loc     0x00001c8c       0x2c c:/altera/13.1/nios2eds/bin/gnu/h-i686-mingw32/bin/../lib/gcc/nios2-elf/4.7.3/../../../../../H-i686-mingw32/nios2-elf/lib/mno-hw-mul\libsmallc.a(lib_a-atexit.o)
 .debug_loc     0x00001cb8       0x3e c:/altera/13.1/nios2eds/bin/gnu/h-i686-mingw32/bin/../lib/gcc/nios2-elf/4.7.3/../../../../../H-i686-mingw32/nios2-elf/lib/mno-hw-mul\libsmallc.a(lib_a-exit.o)
 .debug_loc     0x00001cf6       0x80 c:/altera/13.1/nios2eds/bin/gnu/h-i686-mingw32/bin/../lib/gcc/nios2-elf/4.7.3/../../../../../H-i686-mingw32/nios2-elf/lib/mno-hw-mul\libsmallc.a(lib_a-fputs.o)
 .debug_loc     0x00001d76       0x6f c:/altera/13.1/nios2eds/bin/gnu/h-i686-mingw32/bin/../lib/gcc/nios2-elf/4.7.3/../../../../../H-i686-mingw32/nios2-elf/lib/mno-hw-mul\libsmallc.a(lib_a-memcmp.o)
 .debug_loc     0x00001de5      0x1f4 c:/altera/13.1/nios2eds/bin/gnu/h-i686-mingw32/bin/../lib/gcc/nios2-elf/4.7.3/../../../../../H-i686-mingw32/nios2-elf/lib/mno-hw-mul\libsmallc.a(lib_a-__atexit.o)
 .debug_loc     0x00001fd9      0x198 c:/altera/13.1/nios2eds/bin/gnu/h-i686-mingw32/bin/../lib/gcc/nios2-elf/4.7.3/../../../../../H-i686-mingw32/nios2-elf/lib/mno-hw-mul\libsmallc.a(lib_a-__call_atexit.o)
 .debug_loc     0x00002171       0x2c ../PBL-SD_bsp/\libhal_bsp.a(alt_exit.o)

.debug_macinfo
 *(.debug_macinfo)

.debug_weaknames
 *(.debug_weaknames)

.debug_funcnames
 *(.debug_funcnames)

.debug_typenames
 *(.debug_typenames)

.debug_varnames
 *(.debug_varnames)

.debug_alt_sim_info
                0x00000000       0x40
 *(.debug_alt_sim_info)
 .debug_alt_sim_info
                0x00000000       0x10 ../PBL-SD_bsp//obj/HAL/src/crt0.o
 .debug_alt_sim_info
                0x00000010       0x30 ../PBL-SD_bsp/\libhal_bsp.a(alt_busy_sleep.o)
                0x00008000                __alt_data_end = 0x8000
                0x00008000                PROVIDE (__alt_stack_pointer, __alt_data_end)
                0x00006d34                PROVIDE (__alt_stack_limit, __alt_stack_base)
                0x00006d34                PROVIDE (__alt_heap_start, end)
                0x00008000                PROVIDE (__alt_heap_limit, 0x8000)
OUTPUT(PBL-SD.elf elf32-littlenios2)

.debug_ranges   0x00000000      0x1f0
 .debug_ranges  0x00000000       0x20 ../PBL-SD_bsp//obj/HAL/src/crt0.o
 .debug_ranges  0x00000020      0x188 c:/altera/13.1/nios2eds/bin/gnu/h-i686-mingw32/bin/../lib/gcc/nios2-elf/4.7.3/../../../../../H-i686-mingw32/nios2-elf/lib/mno-hw-mul\libsmallc.a(lib_a-vfprintf.o)
 .debug_ranges  0x000001a8       0x18 c:/altera/13.1/nios2eds/bin/gnu/h-i686-mingw32/bin/../lib/gcc/nios2-elf/4.7.3/../../../../../H-i686-mingw32/nios2-elf/lib/mno-hw-mul\libsmallc.a(lib_a-fvwrite_small_dev.o)
 .debug_ranges  0x000001c0       0x18 ../PBL-SD_bsp/\libhal_bsp.a(altera_avalon_jtag_uart_read.o)
 .debug_ranges  0x000001d8       0x18 c:/altera/13.1/nios2eds/bin/gnu/h-i686-mingw32/bin/../lib/gcc/nios2-elf/4.7.3/../../../../../H-i686-mingw32/nios2-elf/lib/mno-hw-mul\libsmallc.a(lib_a-__call_atexit.o)
