Archive member included because of file (symbol)

c:/altera/13.1/nios2eds/bin/gnu/h-i686-mingw32/bin/../lib/gcc/nios2-elf/4.7.3/mno-hw-mul\libgcc.a(lib2-mul.o)
                              obj/default/main.o (__mulsi3)
c:/altera/13.1/nios2eds/bin/gnu/h-i686-mingw32/bin/../lib/gcc/nios2-elf/4.7.3/../../../../../H-i686-mingw32/nios2-elf/lib/mno-hw-mul\libsmallc.a(lib_a-memcpy.o)
                              obj/default/main.o (memcpy)
c:/altera/13.1/nios2eds/bin/gnu/h-i686-mingw32/bin/../lib/gcc/nios2-elf/4.7.3/../../../../../H-i686-mingw32/nios2-elf/lib/mno-hw-mul\libsmallc.a(lib_a-printf.o)
                              obj/default/main.o (printf)
c:/altera/13.1/nios2eds/bin/gnu/h-i686-mingw32/bin/../lib/gcc/nios2-elf/4.7.3/../../../../../H-i686-mingw32/nios2-elf/lib/mno-hw-mul\libsmallc.a(lib_a-strlen.o)
                              obj/default/main.o (strlen)
c:/altera/13.1/nios2eds/bin/gnu/h-i686-mingw32/bin/../lib/gcc/nios2-elf/4.7.3/../../../../../H-i686-mingw32/nios2-elf/lib/mno-hw-mul\libsmallc.a(lib_a-vfprintf.o)
                              c:/altera/13.1/nios2eds/bin/gnu/h-i686-mingw32/bin/../lib/gcc/nios2-elf/4.7.3/../../../../../H-i686-mingw32/nios2-elf/lib/mno-hw-mul\libsmallc.a(lib_a-printf.o) (___vfprintf_internal_r)
c:/altera/13.1/nios2eds/bin/gnu/h-i686-mingw32/bin/../lib/gcc/nios2-elf/4.7.3/../../../../../H-i686-mingw32/nios2-elf/lib/mno-hw-mul\libsmallc.a(lib_a-fvwrite_small_dev.o)
                              c:/altera/13.1/nios2eds/bin/gnu/h-i686-mingw32/bin/../lib/gcc/nios2-elf/4.7.3/../../../../../H-i686-mingw32/nios2-elf/lib/mno-hw-mul\libsmallc.a(lib_a-printf.o) (__sfvwrite_small_dev)
c:/altera/13.1/nios2eds/bin/gnu/h-i686-mingw32/bin/../lib/gcc/nios2-elf/4.7.3/../../../../../H-i686-mingw32/nios2-elf/lib/mno-hw-mul\libsmallc.a(lib_a-impure.o)
                              c:/altera/13.1/nios2eds/bin/gnu/h-i686-mingw32/bin/../lib/gcc/nios2-elf/4.7.3/../../../../../H-i686-mingw32/nios2-elf/lib/mno-hw-mul\libsmallc.a(lib_a-printf.o) (_impure_ptr)
c:/altera/13.1/nios2eds/bin/gnu/h-i686-mingw32/bin/../lib/gcc/nios2-elf/4.7.3/../../../../../H-i686-mingw32/nios2-elf/lib/mno-hw-mul\libsmallc.a(lib_a-writer.o)
                              c:/altera/13.1/nios2eds/bin/gnu/h-i686-mingw32/bin/../lib/gcc/nios2-elf/4.7.3/../../../../../H-i686-mingw32/nios2-elf/lib/mno-hw-mul\libsmallc.a(lib_a-fvwrite_small_dev.o) (_write_r)
c:/altera/13.1/nios2eds/bin/gnu/h-i686-mingw32/bin/../lib/gcc/nios2-elf/4.7.3/../../../../../H-i686-mingw32/nios2-elf/lib/mno-hw-mul\libsmallc.a(lib_a-int_errno.o)
                              c:/altera/13.1/nios2eds/bin/gnu/h-i686-mingw32/bin/../lib/gcc/nios2-elf/4.7.3/../../../../../H-i686-mingw32/nios2-elf/lib/mno-hw-mul\libsmallc.a(lib_a-writer.o) (errno)
c:/altera/13.1/nios2eds/bin/gnu/h-i686-mingw32/bin/../lib/gcc/nios2-elf/4.7.3/mno-hw-mul\libgcc.a(lib2-divmod.o)
                              c:/altera/13.1/nios2eds/bin/gnu/h-i686-mingw32/bin/../lib/gcc/nios2-elf/4.7.3/../../../../../H-i686-mingw32/nios2-elf/lib/mno-hw-mul\libsmallc.a(lib_a-vfprintf.o) (__udivsi3)
../LCD_pbl_bsp/\libhal_bsp.a(alt_load.o)
                              ../LCD_pbl_bsp//obj/HAL/src/crt0.o (alt_load)
../LCD_pbl_bsp/\libhal_bsp.a(alt_main.o)
                              ../LCD_pbl_bsp//obj/HAL/src/crt0.o (alt_main)
../LCD_pbl_bsp/\libhal_bsp.a(alt_putstr.o)
                              obj/default/main.o (alt_putstr)
../LCD_pbl_bsp/\libhal_bsp.a(alt_usleep.o)
                              obj/default/main.o (usleep)
../LCD_pbl_bsp/\libhal_bsp.a(alt_write.o)
                              c:/altera/13.1/nios2eds/bin/gnu/h-i686-mingw32/bin/../lib/gcc/nios2-elf/4.7.3/../../../../../H-i686-mingw32/nios2-elf/lib/mno-hw-mul\libsmallc.a(lib_a-writer.o) (write)
../LCD_pbl_bsp/\libhal_bsp.a(alt_sys_init.o)
                              ../LCD_pbl_bsp/\libhal_bsp.a(alt_main.o) (alt_irq_init)
../LCD_pbl_bsp/\libhal_bsp.a(altera_avalon_jtag_uart_fd.o)
                              ../LCD_pbl_bsp/\libhal_bsp.a(alt_sys_init.o) (altera_avalon_jtag_uart_read_fd)
../LCD_pbl_bsp/\libhal_bsp.a(altera_avalon_jtag_uart_read.o)
                              ../LCD_pbl_bsp/\libhal_bsp.a(altera_avalon_jtag_uart_fd.o) (altera_avalon_jtag_uart_read)
../LCD_pbl_bsp/\libhal_bsp.a(altera_avalon_jtag_uart_write.o)
                              ../LCD_pbl_bsp/\libhal_bsp.a(altera_avalon_jtag_uart_fd.o) (altera_avalon_jtag_uart_write)
../LCD_pbl_bsp/\libhal_bsp.a(alt_busy_sleep.o)
                              ../LCD_pbl_bsp/\libhal_bsp.a(alt_usleep.o) (alt_busy_sleep)
../LCD_pbl_bsp/\libhal_bsp.a(alt_close.o)
                              ../LCD_pbl_bsp/\libhal_bsp.a(alt_main.o) (close)
../LCD_pbl_bsp/\libhal_bsp.a(alt_dcache_flush_all.o)
                              ../LCD_pbl_bsp/\libhal_bsp.a(alt_load.o) (alt_dcache_flush_all)
../LCD_pbl_bsp/\libhal_bsp.a(alt_dev.o)
                              ../LCD_pbl_bsp/\libhal_bsp.a(alt_sys_init.o) (alt_dev_list)
../LCD_pbl_bsp/\libhal_bsp.a(alt_dev_llist_insert.o)
                              ../LCD_pbl_bsp/\libhal_bsp.a(alt_sys_init.o) (alt_dev_llist_insert)
../LCD_pbl_bsp/\libhal_bsp.a(alt_do_ctors.o)
                              ../LCD_pbl_bsp/\libhal_bsp.a(alt_main.o) (_do_ctors)
../LCD_pbl_bsp/\libhal_bsp.a(alt_do_dtors.o)
                              ../LCD_pbl_bsp/\libhal_bsp.a(alt_main.o) (_do_dtors)
../LCD_pbl_bsp/\libhal_bsp.a(alt_errno.o)
                              ../LCD_pbl_bsp/\libhal_bsp.a(alt_write.o) (alt_errno)
../LCD_pbl_bsp/\libhal_bsp.a(alt_icache_flush_all.o)
                              ../LCD_pbl_bsp/\libhal_bsp.a(alt_load.o) (alt_icache_flush_all)
../LCD_pbl_bsp/\libhal_bsp.a(alt_io_redirect.o)
                              ../LCD_pbl_bsp/\libhal_bsp.a(alt_main.o) (alt_io_redirect)
../LCD_pbl_bsp/\libhal_bsp.a(alt_open.o)
                              ../LCD_pbl_bsp/\libhal_bsp.a(alt_io_redirect.o) (open)
../LCD_pbl_bsp/\libhal_bsp.a(alt_release_fd.o)
                              ../LCD_pbl_bsp/\libhal_bsp.a(alt_close.o) (alt_release_fd)
../LCD_pbl_bsp/\libhal_bsp.a(altera_nios2_qsys_irq.o)
                              ../LCD_pbl_bsp/\libhal_bsp.a(alt_sys_init.o) (altera_nios2_qsys_irq_init)
../LCD_pbl_bsp/\libhal_bsp.a(alt_find_dev.o)
                              ../LCD_pbl_bsp/\libhal_bsp.a(alt_open.o) (alt_find_dev)
../LCD_pbl_bsp/\libhal_bsp.a(alt_find_file.o)
                              ../LCD_pbl_bsp/\libhal_bsp.a(alt_open.o) (alt_find_file)
../LCD_pbl_bsp/\libhal_bsp.a(alt_get_fd.o)
                              ../LCD_pbl_bsp/\libhal_bsp.a(alt_open.o) (alt_get_fd)
c:/altera/13.1/nios2eds/bin/gnu/h-i686-mingw32/bin/../lib/gcc/nios2-elf/4.7.3/../../../../../H-i686-mingw32/nios2-elf/lib/mno-hw-mul\libsmallc.a(lib_a-atexit.o)
                              ../LCD_pbl_bsp/\libhal_bsp.a(alt_main.o) (atexit)
c:/altera/13.1/nios2eds/bin/gnu/h-i686-mingw32/bin/../lib/gcc/nios2-elf/4.7.3/../../../../../H-i686-mingw32/nios2-elf/lib/mno-hw-mul\libsmallc.a(lib_a-exit.o)
                              ../LCD_pbl_bsp/\libhal_bsp.a(alt_main.o) (exit)
c:/altera/13.1/nios2eds/bin/gnu/h-i686-mingw32/bin/../lib/gcc/nios2-elf/4.7.3/../../../../../H-i686-mingw32/nios2-elf/lib/mno-hw-mul\libsmallc.a(lib_a-fputs.o)
                              ../LCD_pbl_bsp/\libhal_bsp.a(alt_putstr.o) (fputs)
c:/altera/13.1/nios2eds/bin/gnu/h-i686-mingw32/bin/../lib/gcc/nios2-elf/4.7.3/../../../../../H-i686-mingw32/nios2-elf/lib/mno-hw-mul\libsmallc.a(lib_a-memcmp.o)
                              ../LCD_pbl_bsp/\libhal_bsp.a(alt_find_dev.o) (memcmp)
c:/altera/13.1/nios2eds/bin/gnu/h-i686-mingw32/bin/../lib/gcc/nios2-elf/4.7.3/../../../../../H-i686-mingw32/nios2-elf/lib/mno-hw-mul\libsmallc.a(lib_a-__atexit.o)
                              c:/altera/13.1/nios2eds/bin/gnu/h-i686-mingw32/bin/../lib/gcc/nios2-elf/4.7.3/../../../../../H-i686-mingw32/nios2-elf/lib/mno-hw-mul\libsmallc.a(lib_a-atexit.o) (__register_exitproc)
c:/altera/13.1/nios2eds/bin/gnu/h-i686-mingw32/bin/../lib/gcc/nios2-elf/4.7.3/../../../../../H-i686-mingw32/nios2-elf/lib/mno-hw-mul\libsmallc.a(lib_a-__call_atexit.o)
                              c:/altera/13.1/nios2eds/bin/gnu/h-i686-mingw32/bin/../lib/gcc/nios2-elf/4.7.3/../../../../../H-i686-mingw32/nios2-elf/lib/mno-hw-mul\libsmallc.a(lib_a-exit.o) (__call_exitprocs)
../LCD_pbl_bsp/\libhal_bsp.a(alt_exit.o)
                              c:/altera/13.1/nios2eds/bin/gnu/h-i686-mingw32/bin/../lib/gcc/nios2-elf/4.7.3/../../../../../H-i686-mingw32/nios2-elf/lib/mno-hw-mul\libsmallc.a(lib_a-exit.o) (_exit)

Allocating common symbols
Common symbol       size              file

errno               0x4               c:/altera/13.1/nios2eds/bin/gnu/h-i686-mingw32/bin/../lib/gcc/nios2-elf/4.7.3/../../../../../H-i686-mingw32/nios2-elf/lib/mno-hw-mul\libsmallc.a(lib_a-int_errno.o)
_atexit0            0x8c              c:/altera/13.1/nios2eds/bin/gnu/h-i686-mingw32/bin/../lib/gcc/nios2-elf/4.7.3/../../../../../H-i686-mingw32/nios2-elf/lib/mno-hw-mul\libsmallc.a(lib_a-atexit.o)

Memory Configuration

Name             Origin             Length             Attributes
reset            0x00008000         0x00000020
memory           0x00008020         0x00005368
*default*        0x00000000         0xffffffff

Linker script and memory map

LOAD ../LCD_pbl_bsp//obj/HAL/src/crt0.o
LOAD obj/default/main.o
LOAD c:/altera/13.1/nios2eds/bin/gnu/h-i686-mingw32/bin/../lib/gcc/nios2-elf/4.7.3/../../../../../H-i686-mingw32/nios2-elf/lib/mno-hw-mul\libstdc++.a
LOAD c:/altera/13.1/nios2eds/bin/gnu/h-i686-mingw32/bin/../lib/gcc/nios2-elf/4.7.3/../../../../../H-i686-mingw32/nios2-elf/lib/mno-hw-mul\libm.a
LOAD c:/altera/13.1/nios2eds/bin/gnu/h-i686-mingw32/bin/../lib/gcc/nios2-elf/4.7.3/mno-hw-mul\libgcc.a
START GROUP
LOAD c:/altera/13.1/nios2eds/bin/gnu/h-i686-mingw32/bin/../lib/gcc/nios2-elf/4.7.3/../../../../../H-i686-mingw32/nios2-elf/lib/mno-hw-mul\libsmallc.a
LOAD c:/altera/13.1/nios2eds/bin/gnu/h-i686-mingw32/bin/../lib/gcc/nios2-elf/4.7.3/mno-hw-mul\libgcc.a
LOAD ../LCD_pbl_bsp/\libhal_bsp.a
END GROUP
LOAD c:/altera/13.1/nios2eds/bin/gnu/h-i686-mingw32/bin/../lib/gcc/nios2-elf/4.7.3/mno-hw-mul\libgcc.a
                0x00008000                __alt_mem_memory = 0x8000

.entry          0x00008000       0x20
 *(.entry)
 .entry         0x00008000       0x20 ../LCD_pbl_bsp//obj/HAL/src/crt0.o
                0x00008000                __reset

.exceptions     0x00008020        0x0
                0x00008020                PROVIDE (__ram_exceptions_start, ABSOLUTE (.))
                0x00008020                . = ALIGN (0x20)
 *(.irq)
 *(.exceptions.entry.label)
 *(.exceptions.entry.user)
 *(.exceptions.entry.ecc_fatal)
 *(.exceptions.entry)
 *(.exceptions.irqtest.user)
 *(.exceptions.irqtest)
 *(.exceptions.irqhandler.user)
 *(.exceptions.irqhandler)
 *(.exceptions.irqreturn.user)
 *(.exceptions.irqreturn)
 *(.exceptions.notirq.label)
 *(.exceptions.notirq.user)
 *(.exceptions.notirq)
 *(.exceptions.soft.user)
 *(.exceptions.soft)
 *(.exceptions.unknown.user)
 *(.exceptions.unknown)
 *(.exceptions.exit.label)
 *(.exceptions.exit.user)
 *(.exceptions.exit)
 *(.exceptions)
                0x00008020                PROVIDE (__ram_exceptions_end, ABSOLUTE (.))
                0x00008020                PROVIDE (__flash_exceptions_start, LOADADDR (.exceptions))

.text           0x00008020     0x2498
                0x00008020                PROVIDE (stext, ABSOLUTE (.))
 *(.interp)
 *(.hash)
 *(.dynsym)
 *(.dynstr)
 *(.gnu.version)
 *(.gnu.version_d)
 *(.gnu.version_r)
 *(.rel.init)
 *(.rela.init)
 *(.rel.text .rel.text.* .rel.gnu.linkonce.t.*)
 *(.rela.text .rela.text.* .rela.gnu.linkonce.t.*)
 *(.rel.fini)
 *(.rela.fini)
 *(.rel.rodata .rel.rodata.* .rel.gnu.linkonce.r.*)
 *(.rela.rodata .rela.rodata.* .rela.gnu.linkonce.r.*)
 *(.rel.data .rel.data.* .rel.gnu.linkonce.d.*)
 *(.rela.data .rela.data.* .rela.gnu.linkonce.d.*)
 *(.rel.tdata .rel.tdata.* .rel.gnu.linkonce.td.*)
 *(.rela.tdata .rela.tdata.* .rela.gnu.linkonce.td.*)
 *(.rel.tbss .rel.tbss.* .rel.gnu.linkonce.tb.*)
 *(.rela.tbss .rela.tbss.* .rela.gnu.linkonce.tb.*)
 *(.rel.ctors)
 *(.rela.ctors)
 *(.rel.dtors)
 *(.rela.dtors)
 *(.rel.got)
 *(.rela.got)
 *(.rel.sdata .rel.sdata.* .rel.gnu.linkonce.s.*)
 *(.rela.sdata .rela.sdata.* .rela.gnu.linkonce.s.*)
 *(.rel.sbss .rel.sbss.* .rel.gnu.linkonce.sb.*)
 *(.rela.sbss .rela.sbss.* .rela.gnu.linkonce.sb.*)
 *(.rel.sdata2 .rel.sdata2.* .rel.gnu.linkonce.s2.*)
 *(.rela.sdata2 .rela.sdata2.* .rela.gnu.linkonce.s2.*)
 *(.rel.sbss2 .rel.sbss2.* .rel.gnu.linkonce.sb2.*)
 *(.rela.sbss2 .rela.sbss2.* .rela.gnu.linkonce.sb2.*)
 *(.rel.bss .rel.bss.* .rel.gnu.linkonce.b.*)
 *(.rela.bss .rela.bss.* .rela.gnu.linkonce.b.*)
 *(.rel.plt)
 *(.rela.plt)
 *(.rel.dyn)
 *(.init)
 *(.plt)
 *(.text .stub .text.* .gnu.linkonce.t.*)
 .text          0x00008020       0x3c ../LCD_pbl_bsp//obj/HAL/src/crt0.o
                0x00008020                _start
 .text          0x0000805c      0x38c obj/default/main.o
                0x0000805c                main
                0x000081c8                printalcd
                0x00008294                espera
                0x000082e4                lcd_init
 .text          0x000083e8       0x28 c:/altera/13.1/nios2eds/bin/gnu/h-i686-mingw32/bin/../lib/gcc/nios2-elf/4.7.3/mno-hw-mul\libgcc.a(lib2-mul.o)
                0x000083e8                __mulsi3
 .text          0x00008410       0x28 c:/altera/13.1/nios2eds/bin/gnu/h-i686-mingw32/bin/../lib/gcc/nios2-elf/4.7.3/../../../../../H-i686-mingw32/nios2-elf/lib/mno-hw-mul\libsmallc.a(lib_a-memcpy.o)
                0x00008410                memcpy
 .text          0x00008438       0x88 c:/altera/13.1/nios2eds/bin/gnu/h-i686-mingw32/bin/../lib/gcc/nios2-elf/4.7.3/../../../../../H-i686-mingw32/nios2-elf/lib/mno-hw-mul\libsmallc.a(lib_a-printf.o)
                0x00008438                _printf_r
                0x00008474                printf
 .text          0x000084c0       0x28 c:/altera/13.1/nios2eds/bin/gnu/h-i686-mingw32/bin/../lib/gcc/nios2-elf/4.7.3/../../../../../H-i686-mingw32/nios2-elf/lib/mno-hw-mul\libsmallc.a(lib_a-strlen.o)
                0x000084c0                strlen
 .text          0x000084e8      0x758 c:/altera/13.1/nios2eds/bin/gnu/h-i686-mingw32/bin/../lib/gcc/nios2-elf/4.7.3/../../../../../H-i686-mingw32/nios2-elf/lib/mno-hw-mul\libsmallc.a(lib_a-vfprintf.o)
                0x000084e8                ___vfprintf_internal_r
                0x00008c1c                __vfprintf_internal
 .text          0x00008c40       0xe0 c:/altera/13.1/nios2eds/bin/gnu/h-i686-mingw32/bin/../lib/gcc/nios2-elf/4.7.3/../../../../../H-i686-mingw32/nios2-elf/lib/mno-hw-mul\libsmallc.a(lib_a-fvwrite_small_dev.o)
                0x00008c40                __sfvwrite_small_dev
 .text          0x00008d20        0x0 c:/altera/13.1/nios2eds/bin/gnu/h-i686-mingw32/bin/../lib/gcc/nios2-elf/4.7.3/../../../../../H-i686-mingw32/nios2-elf/lib/mno-hw-mul\libsmallc.a(lib_a-impure.o)
 .text          0x00008d20       0x6c c:/altera/13.1/nios2eds/bin/gnu/h-i686-mingw32/bin/../lib/gcc/nios2-elf/4.7.3/../../../../../H-i686-mingw32/nios2-elf/lib/mno-hw-mul\libsmallc.a(lib_a-writer.o)
                0x00008d20                _write_r
 .text          0x00008d8c        0x0 c:/altera/13.1/nios2eds/bin/gnu/h-i686-mingw32/bin/../lib/gcc/nios2-elf/4.7.3/../../../../../H-i686-mingw32/nios2-elf/lib/mno-hw-mul\libsmallc.a(lib_a-int_errno.o)
 .text          0x00008d8c      0x130 c:/altera/13.1/nios2eds/bin/gnu/h-i686-mingw32/bin/../lib/gcc/nios2-elf/4.7.3/mno-hw-mul\libgcc.a(lib2-divmod.o)
                0x00008e00                __divsi3
                0x00008e50                __modsi3
                0x00008eac                __udivsi3
                0x00008eb4                __umodsi3
 .text          0x00008ebc       0xec ../LCD_pbl_bsp/\libhal_bsp.a(alt_load.o)
                0x00008f28                alt_load
 .text          0x00008fa8       0x78 ../LCD_pbl_bsp/\libhal_bsp.a(alt_main.o)
                0x00008fa8                alt_main
 .text          0x00009020       0x44 ../LCD_pbl_bsp/\libhal_bsp.a(alt_putstr.o)
                0x00009020                alt_putstr
 .text          0x00009064       0x30 ../LCD_pbl_bsp/\libhal_bsp.a(alt_usleep.o)
                0x00009064                usleep
 .text          0x00009094      0x140 ../LCD_pbl_bsp/\libhal_bsp.a(alt_write.o)
                0x000090e4                write
 .text          0x000091d4       0xa0 ../LCD_pbl_bsp/\libhal_bsp.a(alt_sys_init.o)
                0x0000920c                alt_irq_init
                0x00009240                alt_sys_init
 .text          0x00009274       0xc0 ../LCD_pbl_bsp/\libhal_bsp.a(altera_avalon_jtag_uart_fd.o)
                0x00009274                altera_avalon_jtag_uart_read_fd
                0x000092d4                altera_avalon_jtag_uart_write_fd
 .text          0x00009334       0xf4 ../LCD_pbl_bsp/\libhal_bsp.a(altera_avalon_jtag_uart_read.o)
                0x00009334                altera_avalon_jtag_uart_read
 .text          0x00009428       0x98 ../LCD_pbl_bsp/\libhal_bsp.a(altera_avalon_jtag_uart_write.o)
                0x00009428                altera_avalon_jtag_uart_write
 .text          0x000094c0      0x154 ../LCD_pbl_bsp/\libhal_bsp.a(alt_busy_sleep.o)
                0x000094c0                alt_busy_sleep
 .text          0x00009614      0x11c ../LCD_pbl_bsp/\libhal_bsp.a(alt_close.o)
                0x00009664                close
 .text          0x00009730       0x1c ../LCD_pbl_bsp/\libhal_bsp.a(alt_dcache_flush_all.o)
                0x00009730                alt_dcache_flush_all
 .text          0x0000974c       0x2c ../LCD_pbl_bsp/\libhal_bsp.a(alt_dev.o)
 .text          0x00009778       0xf0 ../LCD_pbl_bsp/\libhal_bsp.a(alt_dev_llist_insert.o)
                0x000097c8                alt_dev_llist_insert
 .text          0x00009868       0x5c ../LCD_pbl_bsp/\libhal_bsp.a(alt_do_ctors.o)
                0x00009868                _do_ctors
 .text          0x000098c4       0x5c ../LCD_pbl_bsp/\libhal_bsp.a(alt_do_dtors.o)
                0x000098c4                _do_dtors
 .text          0x00009920        0x0 ../LCD_pbl_bsp/\libhal_bsp.a(alt_errno.o)
 .text          0x00009920       0x1c ../LCD_pbl_bsp/\libhal_bsp.a(alt_icache_flush_all.o)
                0x00009920                alt_icache_flush_all
 .text          0x0000993c      0x158 ../LCD_pbl_bsp/\libhal_bsp.a(alt_io_redirect.o)
                0x00009a1c                alt_io_redirect
 .text          0x00009a94      0x298 ../LCD_pbl_bsp/\libhal_bsp.a(alt_open.o)
                0x00009bd4                open
 .text          0x00009d2c       0x80 ../LCD_pbl_bsp/\libhal_bsp.a(alt_release_fd.o)
                0x00009d2c                alt_release_fd
 .text          0x00009dac       0x20 ../LCD_pbl_bsp/\libhal_bsp.a(altera_nios2_qsys_irq.o)
                0x00009dac                altera_nios2_qsys_irq_init
 .text          0x00009dcc       0x90 ../LCD_pbl_bsp/\libhal_bsp.a(alt_find_dev.o)
                0x00009dcc                alt_find_dev
 .text          0x00009e5c      0x114 ../LCD_pbl_bsp/\libhal_bsp.a(alt_find_file.o)
                0x00009e5c                alt_find_file
 .text          0x00009f70       0xd4 ../LCD_pbl_bsp/\libhal_bsp.a(alt_get_fd.o)
                0x00009f70                alt_get_fd
 .text          0x0000a044       0x14 c:/altera/13.1/nios2eds/bin/gnu/h-i686-mingw32/bin/../lib/gcc/nios2-elf/4.7.3/../../../../../H-i686-mingw32/nios2-elf/lib/mno-hw-mul\libsmallc.a(lib_a-atexit.o)
                0x0000a044                atexit
 .text          0x0000a058       0x20 c:/altera/13.1/nios2eds/bin/gnu/h-i686-mingw32/bin/../lib/gcc/nios2-elf/4.7.3/../../../../../H-i686-mingw32/nios2-elf/lib/mno-hw-mul\libsmallc.a(lib_a-exit.o)
                0x0000a058                exit
 .text          0x0000a078       0x5c c:/altera/13.1/nios2eds/bin/gnu/h-i686-mingw32/bin/../lib/gcc/nios2-elf/4.7.3/../../../../../H-i686-mingw32/nios2-elf/lib/mno-hw-mul\libsmallc.a(lib_a-fputs.o)
                0x0000a078                fputs
 .text          0x0000a0d4       0x48 c:/altera/13.1/nios2eds/bin/gnu/h-i686-mingw32/bin/../lib/gcc/nios2-elf/4.7.3/../../../../../H-i686-mingw32/nios2-elf/lib/mno-hw-mul\libsmallc.a(lib_a-memcmp.o)
                0x0000a0d4                memcmp
 .text          0x0000a11c      0x188 c:/altera/13.1/nios2eds/bin/gnu/h-i686-mingw32/bin/../lib/gcc/nios2-elf/4.7.3/../../../../../H-i686-mingw32/nios2-elf/lib/mno-hw-mul\libsmallc.a(lib_a-__atexit.o)
                0x0000a11c                __register_exitproc
 .text          0x0000a2a4      0x1d8 c:/altera/13.1/nios2eds/bin/gnu/h-i686-mingw32/bin/../lib/gcc/nios2-elf/4.7.3/../../../../../H-i686-mingw32/nios2-elf/lib/mno-hw-mul\libsmallc.a(lib_a-__call_atexit.o)
                0x0000a2a4                __call_exitprocs
 .text          0x0000a47c       0x3c ../LCD_pbl_bsp/\libhal_bsp.a(alt_exit.o)
                0x0000a47c                _exit
 *(.gnu.warning.*)
 *(.fini)
                0x0000a4b8                PROVIDE (__etext, ABSOLUTE (.))
                0x0000a4b8                PROVIDE (_etext, ABSOLUTE (.))
                0x0000a4b8                PROVIDE (etext, ABSOLUTE (.))
 *(.eh_frame_hdr)
                0x0000a4b8                . = ALIGN (0x4)
                0x0000a4b8                PROVIDE (__preinit_array_start, ABSOLUTE (.))
 *(.preinit_array)
                0x0000a4b8                PROVIDE (__preinit_array_end, ABSOLUTE (.))
                0x0000a4b8                PROVIDE (__init_array_start, ABSOLUTE (.))
 *(.init_array)
                0x0000a4b8                PROVIDE (__init_array_end, ABSOLUTE (.))
                0x0000a4b8                PROVIDE (__fini_array_start, ABSOLUTE (.))
 *(.fini_array)
                0x0000a4b8                PROVIDE (__fini_array_end, ABSOLUTE (.))
 *(.eh_frame)
 *(.gcc_except_table .gcc_except_table.*)
 *(.dynamic)
                0x0000a4b8                PROVIDE (__CTOR_LIST__, ABSOLUTE (.))
 *(.ctors)
 *(SORT(.ctors.*))
                0x0000a4b8                PROVIDE (__CTOR_END__, ABSOLUTE (.))
                0x0000a4b8                PROVIDE (__DTOR_LIST__, ABSOLUTE (.))
 *(.dtors)
 *(SORT(.dtors.*))
                0x0000a4b8                PROVIDE (__DTOR_END__, ABSOLUTE (.))
 *(.jcr)
                0x0000a4b8                . = ALIGN (0x4)

.rodata         0x0000a4b8       0xa4
                0x0000a4b8                PROVIDE (__ram_rodata_start, ABSOLUTE (.))
                0x0000a4b8                . = ALIGN (0x4)
 *(.rodata .rodata.* .gnu.linkonce.r.*)
 .rodata        0x0000a4b8       0x80 obj/default/main.o
 .rodata        0x0000a538        0xc ../LCD_pbl_bsp/\libhal_bsp.a(alt_main.o)
 .rodata        0x0000a544        0xc ../LCD_pbl_bsp/\libhal_bsp.a(alt_sys_init.o)
 .rodata        0x0000a550        0xc ../LCD_pbl_bsp/\libhal_bsp.a(alt_dev.o)
 *(.rodata1)
                0x0000a55c                . = ALIGN (0x4)
                0x0000a55c                PROVIDE (__ram_rodata_end, ABSOLUTE (.))
                0x0000a4b8                PROVIDE (__flash_rodata_start, LOADADDR (.rodata))

.rwdata         0x0000a55c      0x2d4 load address 0x0000a830
                0x0000a55c                PROVIDE (__ram_rwdata_start, ABSOLUTE (.))
                0x0000a55c                . = ALIGN (0x4)
 *(.got.plt)
 *(.got)
 *(.data1)
 *(.data .data.* .gnu.linkonce.d.*)
 .data          0x0000a55c        0x0 ../LCD_pbl_bsp//obj/HAL/src/crt0.o
 .data          0x0000a55c        0x0 obj/default/main.o
 .data          0x0000a55c        0x0 c:/altera/13.1/nios2eds/bin/gnu/h-i686-mingw32/bin/../lib/gcc/nios2-elf/4.7.3/mno-hw-mul\libgcc.a(lib2-mul.o)
 .data          0x0000a55c        0x0 c:/altera/13.1/nios2eds/bin/gnu/h-i686-mingw32/bin/../lib/gcc/nios2-elf/4.7.3/../../../../../H-i686-mingw32/nios2-elf/lib/mno-hw-mul\libsmallc.a(lib_a-memcpy.o)
 .data          0x0000a55c        0x0 c:/altera/13.1/nios2eds/bin/gnu/h-i686-mingw32/bin/../lib/gcc/nios2-elf/4.7.3/../../../../../H-i686-mingw32/nios2-elf/lib/mno-hw-mul\libsmallc.a(lib_a-printf.o)
 .data          0x0000a55c        0x0 c:/altera/13.1/nios2eds/bin/gnu/h-i686-mingw32/bin/../lib/gcc/nios2-elf/4.7.3/../../../../../H-i686-mingw32/nios2-elf/lib/mno-hw-mul\libsmallc.a(lib_a-strlen.o)
 .data          0x0000a55c        0x0 c:/altera/13.1/nios2eds/bin/gnu/h-i686-mingw32/bin/../lib/gcc/nios2-elf/4.7.3/../../../../../H-i686-mingw32/nios2-elf/lib/mno-hw-mul\libsmallc.a(lib_a-vfprintf.o)
 .data          0x0000a55c        0x0 c:/altera/13.1/nios2eds/bin/gnu/h-i686-mingw32/bin/../lib/gcc/nios2-elf/4.7.3/../../../../../H-i686-mingw32/nios2-elf/lib/mno-hw-mul\libsmallc.a(lib_a-fvwrite_small_dev.o)
 .data          0x0000a55c       0xe0 c:/altera/13.1/nios2eds/bin/gnu/h-i686-mingw32/bin/../lib/gcc/nios2-elf/4.7.3/../../../../../H-i686-mingw32/nios2-elf/lib/mno-hw-mul\libsmallc.a(lib_a-impure.o)
 .data          0x0000a63c        0x0 c:/altera/13.1/nios2eds/bin/gnu/h-i686-mingw32/bin/../lib/gcc/nios2-elf/4.7.3/../../../../../H-i686-mingw32/nios2-elf/lib/mno-hw-mul\libsmallc.a(lib_a-writer.o)
 .data          0x0000a63c        0x0 c:/altera/13.1/nios2eds/bin/gnu/h-i686-mingw32/bin/../lib/gcc/nios2-elf/4.7.3/../../../../../H-i686-mingw32/nios2-elf/lib/mno-hw-mul\libsmallc.a(lib_a-int_errno.o)
 .data          0x0000a63c        0x0 c:/altera/13.1/nios2eds/bin/gnu/h-i686-mingw32/bin/../lib/gcc/nios2-elf/4.7.3/mno-hw-mul\libgcc.a(lib2-divmod.o)
 .data          0x0000a63c        0x0 ../LCD_pbl_bsp/\libhal_bsp.a(alt_load.o)
 .data          0x0000a63c        0x0 ../LCD_pbl_bsp/\libhal_bsp.a(alt_main.o)
 .data          0x0000a63c        0x0 ../LCD_pbl_bsp/\libhal_bsp.a(alt_putstr.o)
 .data          0x0000a63c        0x0 ../LCD_pbl_bsp/\libhal_bsp.a(alt_usleep.o)
 .data          0x0000a63c        0x0 ../LCD_pbl_bsp/\libhal_bsp.a(alt_write.o)
 .data          0x0000a63c       0x2c ../LCD_pbl_bsp/\libhal_bsp.a(alt_sys_init.o)
 .data          0x0000a668        0x0 ../LCD_pbl_bsp/\libhal_bsp.a(altera_avalon_jtag_uart_fd.o)
 .data          0x0000a668        0x0 ../LCD_pbl_bsp/\libhal_bsp.a(altera_avalon_jtag_uart_read.o)
 .data          0x0000a668        0x0 ../LCD_pbl_bsp/\libhal_bsp.a(altera_avalon_jtag_uart_write.o)
 .data          0x0000a668        0x0 ../LCD_pbl_bsp/\libhal_bsp.a(alt_busy_sleep.o)
 .data          0x0000a668        0x0 ../LCD_pbl_bsp/\libhal_bsp.a(alt_close.o)
 .data          0x0000a668        0x0 ../LCD_pbl_bsp/\libhal_bsp.a(alt_dcache_flush_all.o)
 .data          0x0000a668      0x1a8 ../LCD_pbl_bsp/\libhal_bsp.a(alt_dev.o)
                0x0000a668                alt_dev_null
                0x0000a690                alt_fd_list
 .data          0x0000a810        0x0 ../LCD_pbl_bsp/\libhal_bsp.a(alt_dev_llist_insert.o)
 .data          0x0000a810        0x0 ../LCD_pbl_bsp/\libhal_bsp.a(alt_do_ctors.o)
 .data          0x0000a810        0x0 ../LCD_pbl_bsp/\libhal_bsp.a(alt_do_dtors.o)
 .data          0x0000a810        0x0 ../LCD_pbl_bsp/\libhal_bsp.a(alt_errno.o)
 .data          0x0000a810        0x0 ../LCD_pbl_bsp/\libhal_bsp.a(alt_icache_flush_all.o)
 .data          0x0000a810        0x0 ../LCD_pbl_bsp/\libhal_bsp.a(alt_io_redirect.o)
 .data          0x0000a810        0x0 ../LCD_pbl_bsp/\libhal_bsp.a(alt_open.o)
 .data          0x0000a810        0x0 ../LCD_pbl_bsp/\libhal_bsp.a(alt_release_fd.o)
 .data          0x0000a810        0x0 ../LCD_pbl_bsp/\libhal_bsp.a(altera_nios2_qsys_irq.o)
 .data          0x0000a810        0x0 ../LCD_pbl_bsp/\libhal_bsp.a(alt_find_dev.o)
 .data          0x0000a810        0x0 ../LCD_pbl_bsp/\libhal_bsp.a(alt_find_file.o)
 .data          0x0000a810        0x0 ../LCD_pbl_bsp/\libhal_bsp.a(alt_get_fd.o)
 .data          0x0000a810        0x0 c:/altera/13.1/nios2eds/bin/gnu/h-i686-mingw32/bin/../lib/gcc/nios2-elf/4.7.3/../../../../../H-i686-mingw32/nios2-elf/lib/mno-hw-mul\libsmallc.a(lib_a-atexit.o)
 .data          0x0000a810        0x0 c:/altera/13.1/nios2eds/bin/gnu/h-i686-mingw32/bin/../lib/gcc/nios2-elf/4.7.3/../../../../../H-i686-mingw32/nios2-elf/lib/mno-hw-mul\libsmallc.a(lib_a-exit.o)
 .data          0x0000a810        0x0 c:/altera/13.1/nios2eds/bin/gnu/h-i686-mingw32/bin/../lib/gcc/nios2-elf/4.7.3/../../../../../H-i686-mingw32/nios2-elf/lib/mno-hw-mul\libsmallc.a(lib_a-fputs.o)
 .data          0x0000a810        0x0 c:/altera/13.1/nios2eds/bin/gnu/h-i686-mingw32/bin/../lib/gcc/nios2-elf/4.7.3/../../../../../H-i686-mingw32/nios2-elf/lib/mno-hw-mul\libsmallc.a(lib_a-memcmp.o)
 .data          0x0000a810        0x0 c:/altera/13.1/nios2eds/bin/gnu/h-i686-mingw32/bin/../lib/gcc/nios2-elf/4.7.3/../../../../../H-i686-mingw32/nios2-elf/lib/mno-hw-mul\libsmallc.a(lib_a-__atexit.o)
 .data          0x0000a810        0x0 c:/altera/13.1/nios2eds/bin/gnu/h-i686-mingw32/bin/../lib/gcc/nios2-elf/4.7.3/../../../../../H-i686-mingw32/nios2-elf/lib/mno-hw-mul\libsmallc.a(lib_a-__call_atexit.o)
 .data          0x0000a810        0x0 ../LCD_pbl_bsp/\libhal_bsp.a(alt_exit.o)
                0x00012810                _gp = ABSOLUTE ((. + 0x8000))
                0x00012810                PROVIDE (gp, _gp)
 *(.rwdata .rwdata.*)
 *(.sdata .sdata.* .gnu.linkonce.s.*)
 .sdata         0x0000a810        0x8 c:/altera/13.1/nios2eds/bin/gnu/h-i686-mingw32/bin/../lib/gcc/nios2-elf/4.7.3/../../../../../H-i686-mingw32/nios2-elf/lib/mno-hw-mul\libsmallc.a(lib_a-impure.o)
                0x0000a810                _global_impure_ptr
                0x0000a814                _impure_ptr
 .sdata         0x0000a818       0x14 ../LCD_pbl_bsp/\libhal_bsp.a(alt_dev.o)
                0x0000a818                alt_fs_list
                0x0000a820                alt_dev_list
                0x0000a828                alt_max_fd
 .sdata         0x0000a82c        0x4 ../LCD_pbl_bsp/\libhal_bsp.a(alt_errno.o)
                0x0000a82c                alt_errno
 *(.sdata2 .sdata2.* .gnu.linkonce.s2.*)
                0x0000a830                . = ALIGN (0x4)
                0x0000a830                _edata = ABSOLUTE (.)
                0x0000a830                PROVIDE (edata, ABSOLUTE (.))
                0x0000a830                PROVIDE (__ram_rwdata_end, ABSOLUTE (.))
                0x0000a830                PROVIDE (__flash_rwdata_start, LOADADDR (.rwdata))

.bss            0x0000ab04       0x9c
                0x0000ab04                __bss_start = ABSOLUTE (.)
                0x0000ab04                PROVIDE (__sbss_start, ABSOLUTE (.))
                0x0000ab04                PROVIDE (___sbss_start, ABSOLUTE (.))
 *(.dynsbss)
 *(.sbss .sbss.* .gnu.linkonce.sb.*)
 .sbss          0x0000ab04        0x4 c:/altera/13.1/nios2eds/bin/gnu/h-i686-mingw32/bin/../lib/gcc/nios2-elf/4.7.3/../../../../../H-i686-mingw32/nios2-elf/lib/mno-hw-mul\libsmallc.a(lib_a-int_errno.o)
                0x0000ab04                errno
 .sbss          0x0000ab08        0xc ../LCD_pbl_bsp/\libhal_bsp.a(alt_main.o)
                0x0000ab08                alt_argc
                0x0000ab0c                alt_argv
                0x0000ab10                alt_envp
 *(.sbss2 .sbss2.* .gnu.linkonce.sb2.*)
 *(.scommon)
                0x0000ab14                PROVIDE (__sbss_end, ABSOLUTE (.))
                0x0000ab14                PROVIDE (___sbss_end, ABSOLUTE (.))
 *(.dynbss)
 *(.bss .bss.* .gnu.linkonce.b.*)
 .bss           0x0000ab14        0x0 ../LCD_pbl_bsp//obj/HAL/src/crt0.o
 .bss           0x0000ab14        0x0 obj/default/main.o
 .bss           0x0000ab14        0x0 c:/altera/13.1/nios2eds/bin/gnu/h-i686-mingw32/bin/../lib/gcc/nios2-elf/4.7.3/mno-hw-mul\libgcc.a(lib2-mul.o)
 .bss           0x0000ab14        0x0 c:/altera/13.1/nios2eds/bin/gnu/h-i686-mingw32/bin/../lib/gcc/nios2-elf/4.7.3/../../../../../H-i686-mingw32/nios2-elf/lib/mno-hw-mul\libsmallc.a(lib_a-memcpy.o)
 .bss           0x0000ab14        0x0 c:/altera/13.1/nios2eds/bin/gnu/h-i686-mingw32/bin/../lib/gcc/nios2-elf/4.7.3/../../../../../H-i686-mingw32/nios2-elf/lib/mno-hw-mul\libsmallc.a(lib_a-printf.o)
 .bss           0x0000ab14        0x0 c:/altera/13.1/nios2eds/bin/gnu/h-i686-mingw32/bin/../lib/gcc/nios2-elf/4.7.3/../../../../../H-i686-mingw32/nios2-elf/lib/mno-hw-mul\libsmallc.a(lib_a-strlen.o)
 .bss           0x0000ab14        0x0 c:/altera/13.1/nios2eds/bin/gnu/h-i686-mingw32/bin/../lib/gcc/nios2-elf/4.7.3/../../../../../H-i686-mingw32/nios2-elf/lib/mno-hw-mul\libsmallc.a(lib_a-vfprintf.o)
 .bss           0x0000ab14        0x0 c:/altera/13.1/nios2eds/bin/gnu/h-i686-mingw32/bin/../lib/gcc/nios2-elf/4.7.3/../../../../../H-i686-mingw32/nios2-elf/lib/mno-hw-mul\libsmallc.a(lib_a-fvwrite_small_dev.o)
 .bss           0x0000ab14        0x0 c:/altera/13.1/nios2eds/bin/gnu/h-i686-mingw32/bin/../lib/gcc/nios2-elf/4.7.3/../../../../../H-i686-mingw32/nios2-elf/lib/mno-hw-mul\libsmallc.a(lib_a-impure.o)
 .bss           0x0000ab14        0x0 c:/altera/13.1/nios2eds/bin/gnu/h-i686-mingw32/bin/../lib/gcc/nios2-elf/4.7.3/../../../../../H-i686-mingw32/nios2-elf/lib/mno-hw-mul\libsmallc.a(lib_a-writer.o)
 .bss           0x0000ab14        0x0 c:/altera/13.1/nios2eds/bin/gnu/h-i686-mingw32/bin/../lib/gcc/nios2-elf/4.7.3/../../../../../H-i686-mingw32/nios2-elf/lib/mno-hw-mul\libsmallc.a(lib_a-int_errno.o)
 .bss           0x0000ab14        0x0 c:/altera/13.1/nios2eds/bin/gnu/h-i686-mingw32/bin/../lib/gcc/nios2-elf/4.7.3/mno-hw-mul\libgcc.a(lib2-divmod.o)
 .bss           0x0000ab14        0x0 ../LCD_pbl_bsp/\libhal_bsp.a(alt_load.o)
 .bss           0x0000ab14        0x0 ../LCD_pbl_bsp/\libhal_bsp.a(alt_main.o)
 .bss           0x0000ab14        0x0 ../LCD_pbl_bsp/\libhal_bsp.a(alt_putstr.o)
 .bss           0x0000ab14        0x0 ../LCD_pbl_bsp/\libhal_bsp.a(alt_usleep.o)
 .bss           0x0000ab14        0x0 ../LCD_pbl_bsp/\libhal_bsp.a(alt_write.o)
 .bss           0x0000ab14        0x0 ../LCD_pbl_bsp/\libhal_bsp.a(alt_sys_init.o)
 .bss           0x0000ab14        0x0 ../LCD_pbl_bsp/\libhal_bsp.a(altera_avalon_jtag_uart_fd.o)
 .bss           0x0000ab14        0x0 ../LCD_pbl_bsp/\libhal_bsp.a(altera_avalon_jtag_uart_read.o)
 .bss           0x0000ab14        0x0 ../LCD_pbl_bsp/\libhal_bsp.a(altera_avalon_jtag_uart_write.o)
 .bss           0x0000ab14        0x0 ../LCD_pbl_bsp/\libhal_bsp.a(alt_busy_sleep.o)
 .bss           0x0000ab14        0x0 ../LCD_pbl_bsp/\libhal_bsp.a(alt_close.o)
 .bss           0x0000ab14        0x0 ../LCD_pbl_bsp/\libhal_bsp.a(alt_dcache_flush_all.o)
 .bss           0x0000ab14        0x0 ../LCD_pbl_bsp/\libhal_bsp.a(alt_dev.o)
 .bss           0x0000ab14        0x0 ../LCD_pbl_bsp/\libhal_bsp.a(alt_dev_llist_insert.o)
 .bss           0x0000ab14        0x0 ../LCD_pbl_bsp/\libhal_bsp.a(alt_do_ctors.o)
 .bss           0x0000ab14        0x0 ../LCD_pbl_bsp/\libhal_bsp.a(alt_do_dtors.o)
 .bss           0x0000ab14        0x0 ../LCD_pbl_bsp/\libhal_bsp.a(alt_errno.o)
 .bss           0x0000ab14        0x0 ../LCD_pbl_bsp/\libhal_bsp.a(alt_icache_flush_all.o)
 .bss           0x0000ab14        0x0 ../LCD_pbl_bsp/\libhal_bsp.a(alt_io_redirect.o)
 .bss           0x0000ab14        0x0 ../LCD_pbl_bsp/\libhal_bsp.a(alt_open.o)
 .bss           0x0000ab14        0x0 ../LCD_pbl_bsp/\libhal_bsp.a(alt_release_fd.o)
 .bss           0x0000ab14        0x0 ../LCD_pbl_bsp/\libhal_bsp.a(altera_nios2_qsys_irq.o)
 .bss           0x0000ab14        0x0 ../LCD_pbl_bsp/\libhal_bsp.a(alt_find_dev.o)
 .bss           0x0000ab14        0x0 ../LCD_pbl_bsp/\libhal_bsp.a(alt_find_file.o)
 .bss           0x0000ab14        0x0 ../LCD_pbl_bsp/\libhal_bsp.a(alt_get_fd.o)
 .bss           0x0000ab14        0x0 c:/altera/13.1/nios2eds/bin/gnu/h-i686-mingw32/bin/../lib/gcc/nios2-elf/4.7.3/../../../../../H-i686-mingw32/nios2-elf/lib/mno-hw-mul\libsmallc.a(lib_a-atexit.o)
 .bss           0x0000ab14        0x0 c:/altera/13.1/nios2eds/bin/gnu/h-i686-mingw32/bin/../lib/gcc/nios2-elf/4.7.3/../../../../../H-i686-mingw32/nios2-elf/lib/mno-hw-mul\libsmallc.a(lib_a-exit.o)
 .bss           0x0000ab14        0x0 c:/altera/13.1/nios2eds/bin/gnu/h-i686-mingw32/bin/../lib/gcc/nios2-elf/4.7.3/../../../../../H-i686-mingw32/nios2-elf/lib/mno-hw-mul\libsmallc.a(lib_a-fputs.o)
 .bss           0x0000ab14        0x0 c:/altera/13.1/nios2eds/bin/gnu/h-i686-mingw32/bin/../lib/gcc/nios2-elf/4.7.3/../../../../../H-i686-mingw32/nios2-elf/lib/mno-hw-mul\libsmallc.a(lib_a-memcmp.o)
 .bss           0x0000ab14        0x0 c:/altera/13.1/nios2eds/bin/gnu/h-i686-mingw32/bin/../lib/gcc/nios2-elf/4.7.3/../../../../../H-i686-mingw32/nios2-elf/lib/mno-hw-mul\libsmallc.a(lib_a-__atexit.o)
 .bss           0x0000ab14        0x0 c:/altera/13.1/nios2eds/bin/gnu/h-i686-mingw32/bin/../lib/gcc/nios2-elf/4.7.3/../../../../../H-i686-mingw32/nios2-elf/lib/mno-hw-mul\libsmallc.a(lib_a-__call_atexit.o)
 .bss           0x0000ab14        0x0 ../LCD_pbl_bsp/\libhal_bsp.a(alt_exit.o)
 *(COMMON)
 COMMON         0x0000ab14       0x8c c:/altera/13.1/nios2eds/bin/gnu/h-i686-mingw32/bin/../lib/gcc/nios2-elf/4.7.3/../../../../../H-i686-mingw32/nios2-elf/lib/mno-hw-mul\libsmallc.a(lib_a-atexit.o)
                0x0000ab14                _atexit0
                0x0000aba0                . = ALIGN (0x4)
                0x0000aba0                __bss_end = ABSOLUTE (.)

.memory         0x0000aba0        0x0
                0x0000aba0                PROVIDE (_alt_partition_memory_start, ABSOLUTE (.))
 *(.memory .memory. memory.*)
                0x0000aba0                . = ALIGN (0x4)
                0x0000aba0                PROVIDE (_alt_partition_memory_end, ABSOLUTE (.))
                0x0000aba0                _end = ABSOLUTE (.)
                0x0000aba0                end = ABSOLUTE (.)
                0x0000aba0                __alt_stack_base = ABSOLUTE (.)
                0x0000aba0                PROVIDE (_alt_partition_memory_load_addr, LOADADDR (.memory))

.stab
 *(.stab)

.stabstr
 *(.stabstr)

.stab.excl
 *(.stab.excl)

.stab.exclstr
 *(.stab.exclstr)

.stab.index
 *(.stab.index)

.stab.indexstr
 *(.stab.indexstr)

.comment        0x00000000       0x23
 *(.comment)
 .comment       0x00000000       0x23 obj/default/main.o
                                 0x24 (size before relaxing)
 .comment       0x00000000       0x24 c:/altera/13.1/nios2eds/bin/gnu/h-i686-mingw32/bin/../lib/gcc/nios2-elf/4.7.3/mno-hw-mul\libgcc.a(lib2-mul.o)
 .comment       0x00000000       0x24 c:/altera/13.1/nios2eds/bin/gnu/h-i686-mingw32/bin/../lib/gcc/nios2-elf/4.7.3/../../../../../H-i686-mingw32/nios2-elf/lib/mno-hw-mul\libsmallc.a(lib_a-memcpy.o)
 .comment       0x00000000       0x24 c:/altera/13.1/nios2eds/bin/gnu/h-i686-mingw32/bin/../lib/gcc/nios2-elf/4.7.3/../../../../../H-i686-mingw32/nios2-elf/lib/mno-hw-mul\libsmallc.a(lib_a-printf.o)
 .comment       0x00000000       0x24 c:/altera/13.1/nios2eds/bin/gnu/h-i686-mingw32/bin/../lib/gcc/nios2-elf/4.7.3/../../../../../H-i686-mingw32/nios2-elf/lib/mno-hw-mul\libsmallc.a(lib_a-strlen.o)
 .comment       0x00000000       0x24 c:/altera/13.1/nios2eds/bin/gnu/h-i686-mingw32/bin/../lib/gcc/nios2-elf/4.7.3/../../../../../H-i686-mingw32/nios2-elf/lib/mno-hw-mul\libsmallc.a(lib_a-vfprintf.o)
 .comment       0x00000000       0x24 c:/altera/13.1/nios2eds/bin/gnu/h-i686-mingw32/bin/../lib/gcc/nios2-elf/4.7.3/../../../../../H-i686-mingw32/nios2-elf/lib/mno-hw-mul\libsmallc.a(lib_a-fvwrite_small_dev.o)
 .comment       0x00000000       0x24 c:/altera/13.1/nios2eds/bin/gnu/h-i686-mingw32/bin/../lib/gcc/nios2-elf/4.7.3/../../../../../H-i686-mingw32/nios2-elf/lib/mno-hw-mul\libsmallc.a(lib_a-impure.o)
 .comment       0x00000000       0x24 c:/altera/13.1/nios2eds/bin/gnu/h-i686-mingw32/bin/../lib/gcc/nios2-elf/4.7.3/../../../../../H-i686-mingw32/nios2-elf/lib/mno-hw-mul\libsmallc.a(lib_a-writer.o)
 .comment       0x00000000       0x24 c:/altera/13.1/nios2eds/bin/gnu/h-i686-mingw32/bin/../lib/gcc/nios2-elf/4.7.3/../../../../../H-i686-mingw32/nios2-elf/lib/mno-hw-mul\libsmallc.a(lib_a-int_errno.o)
 .comment       0x00000000       0x24 c:/altera/13.1/nios2eds/bin/gnu/h-i686-mingw32/bin/../lib/gcc/nios2-elf/4.7.3/mno-hw-mul\libgcc.a(lib2-divmod.o)
 .comment       0x00000000       0x24 ../LCD_pbl_bsp/\libhal_bsp.a(alt_load.o)
 .comment       0x00000000       0x24 ../LCD_pbl_bsp/\libhal_bsp.a(alt_main.o)
 .comment       0x00000000       0x24 ../LCD_pbl_bsp/\libhal_bsp.a(alt_putstr.o)
 .comment       0x00000000       0x24 ../LCD_pbl_bsp/\libhal_bsp.a(alt_usleep.o)
 .comment       0x00000000       0x24 ../LCD_pbl_bsp/\libhal_bsp.a(alt_write.o)
 .comment       0x00000000       0x24 ../LCD_pbl_bsp/\libhal_bsp.a(alt_sys_init.o)
 .comment       0x00000000       0x24 ../LCD_pbl_bsp/\libhal_bsp.a(altera_avalon_jtag_uart_fd.o)
 .comment       0x00000000       0x24 ../LCD_pbl_bsp/\libhal_bsp.a(altera_avalon_jtag_uart_read.o)
 .comment       0x00000000       0x24 ../LCD_pbl_bsp/\libhal_bsp.a(altera_avalon_jtag_uart_write.o)
 .comment       0x00000000       0x24 ../LCD_pbl_bsp/\libhal_bsp.a(alt_busy_sleep.o)
 .comment       0x00000000       0x24 ../LCD_pbl_bsp/\libhal_bsp.a(alt_close.o)
 .comment       0x00000000       0x24 ../LCD_pbl_bsp/\libhal_bsp.a(alt_dcache_flush_all.o)
 .comment       0x00000000       0x24 ../LCD_pbl_bsp/\libhal_bsp.a(alt_dev.o)
 .comment       0x00000000       0x24 ../LCD_pbl_bsp/\libhal_bsp.a(alt_dev_llist_insert.o)
 .comment       0x00000000       0x24 ../LCD_pbl_bsp/\libhal_bsp.a(alt_do_ctors.o)
 .comment       0x00000000       0x24 ../LCD_pbl_bsp/\libhal_bsp.a(alt_do_dtors.o)
 .comment       0x00000000       0x24 ../LCD_pbl_bsp/\libhal_bsp.a(alt_errno.o)
 .comment       0x00000000       0x24 ../LCD_pbl_bsp/\libhal_bsp.a(alt_icache_flush_all.o)
 .comment       0x00000000       0x24 ../LCD_pbl_bsp/\libhal_bsp.a(alt_io_redirect.o)
 .comment       0x00000000       0x24 ../LCD_pbl_bsp/\libhal_bsp.a(alt_open.o)
 .comment       0x00000000       0x24 ../LCD_pbl_bsp/\libhal_bsp.a(alt_release_fd.o)
 .comment       0x00000000       0x24 ../LCD_pbl_bsp/\libhal_bsp.a(altera_nios2_qsys_irq.o)
 .comment       0x00000000       0x24 ../LCD_pbl_bsp/\libhal_bsp.a(alt_find_dev.o)
 .comment       0x00000000       0x24 ../LCD_pbl_bsp/\libhal_bsp.a(alt_find_file.o)
 .comment       0x00000000       0x24 ../LCD_pbl_bsp/\libhal_bsp.a(alt_get_fd.o)
 .comment       0x00000000       0x24 c:/altera/13.1/nios2eds/bin/gnu/h-i686-mingw32/bin/../lib/gcc/nios2-elf/4.7.3/../../../../../H-i686-mingw32/nios2-elf/lib/mno-hw-mul\libsmallc.a(lib_a-atexit.o)
 .comment       0x00000000       0x24 c:/altera/13.1/nios2eds/bin/gnu/h-i686-mingw32/bin/../lib/gcc/nios2-elf/4.7.3/../../../../../H-i686-mingw32/nios2-elf/lib/mno-hw-mul\libsmallc.a(lib_a-exit.o)
 .comment       0x00000000       0x24 c:/altera/13.1/nios2eds/bin/gnu/h-i686-mingw32/bin/../lib/gcc/nios2-elf/4.7.3/../../../../../H-i686-mingw32/nios2-elf/lib/mno-hw-mul\libsmallc.a(lib_a-fputs.o)
 .comment       0x00000000       0x24 c:/altera/13.1/nios2eds/bin/gnu/h-i686-mingw32/bin/../lib/gcc/nios2-elf/4.7.3/../../../../../H-i686-mingw32/nios2-elf/lib/mno-hw-mul\libsmallc.a(lib_a-memcmp.o)
 .comment       0x00000000       0x24 c:/altera/13.1/nios2eds/bin/gnu/h-i686-mingw32/bin/../lib/gcc/nios2-elf/4.7.3/../../../../../H-i686-mingw32/nios2-elf/lib/mno-hw-mul\libsmallc.a(lib_a-__atexit.o)
 .comment       0x00000000       0x24 c:/altera/13.1/nios2eds/bin/gnu/h-i686-mingw32/bin/../lib/gcc/nios2-elf/4.7.3/../../../../../H-i686-mingw32/nios2-elf/lib/mno-hw-mul\libsmallc.a(lib_a-__call_atexit.o)
 .comment       0x00000000       0x24 ../LCD_pbl_bsp/\libhal_bsp.a(alt_exit.o)

.debug
 *(.debug)

.line
 *(.line)

.debug_srcinfo
 *(.debug_srcinfo)

.debug_sfnames
 *(.debug_sfnames)

.debug_aranges  0x00000000      0x570
 *(.debug_aranges)
 .debug_aranges
                0x00000000       0x28 ../LCD_pbl_bsp//obj/HAL/src/crt0.o
 .debug_aranges
                0x00000028       0x20 obj/default/main.o
 .debug_aranges
                0x00000048       0x20 c:/altera/13.1/nios2eds/bin/gnu/h-i686-mingw32/bin/../lib/gcc/nios2-elf/4.7.3/mno-hw-mul\libgcc.a(lib2-mul.o)
 .debug_aranges
                0x00000068       0x20 c:/altera/13.1/nios2eds/bin/gnu/h-i686-mingw32/bin/../lib/gcc/nios2-elf/4.7.3/../../../../../H-i686-mingw32/nios2-elf/lib/mno-hw-mul\libsmallc.a(lib_a-memcpy.o)
 .debug_aranges
                0x00000088       0x20 c:/altera/13.1/nios2eds/bin/gnu/h-i686-mingw32/bin/../lib/gcc/nios2-elf/4.7.3/../../../../../H-i686-mingw32/nios2-elf/lib/mno-hw-mul\libsmallc.a(lib_a-printf.o)
 .debug_aranges
                0x000000a8       0x20 c:/altera/13.1/nios2eds/bin/gnu/h-i686-mingw32/bin/../lib/gcc/nios2-elf/4.7.3/../../../../../H-i686-mingw32/nios2-elf/lib/mno-hw-mul\libsmallc.a(lib_a-strlen.o)
 .debug_aranges
                0x000000c8       0x20 c:/altera/13.1/nios2eds/bin/gnu/h-i686-mingw32/bin/../lib/gcc/nios2-elf/4.7.3/../../../../../H-i686-mingw32/nios2-elf/lib/mno-hw-mul\libsmallc.a(lib_a-vfprintf.o)
 .debug_aranges
                0x000000e8       0x20 c:/altera/13.1/nios2eds/bin/gnu/h-i686-mingw32/bin/../lib/gcc/nios2-elf/4.7.3/../../../../../H-i686-mingw32/nios2-elf/lib/mno-hw-mul\libsmallc.a(lib_a-fvwrite_small_dev.o)
 .debug_aranges
                0x00000108       0x18 c:/altera/13.1/nios2eds/bin/gnu/h-i686-mingw32/bin/../lib/gcc/nios2-elf/4.7.3/../../../../../H-i686-mingw32/nios2-elf/lib/mno-hw-mul\libsmallc.a(lib_a-impure.o)
 .debug_aranges
                0x00000120       0x20 c:/altera/13.1/nios2eds/bin/gnu/h-i686-mingw32/bin/../lib/gcc/nios2-elf/4.7.3/../../../../../H-i686-mingw32/nios2-elf/lib/mno-hw-mul\libsmallc.a(lib_a-writer.o)
 .debug_aranges
                0x00000140       0x18 c:/altera/13.1/nios2eds/bin/gnu/h-i686-mingw32/bin/../lib/gcc/nios2-elf/4.7.3/../../../../../H-i686-mingw32/nios2-elf/lib/mno-hw-mul\libsmallc.a(lib_a-int_errno.o)
 .debug_aranges
                0x00000158       0x20 c:/altera/13.1/nios2eds/bin/gnu/h-i686-mingw32/bin/../lib/gcc/nios2-elf/4.7.3/mno-hw-mul\libgcc.a(lib2-divmod.o)
 .debug_aranges
                0x00000178       0x20 ../LCD_pbl_bsp/\libhal_bsp.a(alt_load.o)
 .debug_aranges
                0x00000198       0x20 ../LCD_pbl_bsp/\libhal_bsp.a(alt_main.o)
 .debug_aranges
                0x000001b8       0x20 ../LCD_pbl_bsp/\libhal_bsp.a(alt_putstr.o)
 .debug_aranges
                0x000001d8       0x20 ../LCD_pbl_bsp/\libhal_bsp.a(alt_usleep.o)
 .debug_aranges
                0x000001f8       0x20 ../LCD_pbl_bsp/\libhal_bsp.a(alt_write.o)
 .debug_aranges
                0x00000218       0x20 ../LCD_pbl_bsp/\libhal_bsp.a(alt_sys_init.o)
 .debug_aranges
                0x00000238       0x20 ../LCD_pbl_bsp/\libhal_bsp.a(altera_avalon_jtag_uart_fd.o)
 .debug_aranges
                0x00000258       0x20 ../LCD_pbl_bsp/\libhal_bsp.a(altera_avalon_jtag_uart_read.o)
 .debug_aranges
                0x00000278       0x20 ../LCD_pbl_bsp/\libhal_bsp.a(altera_avalon_jtag_uart_write.o)
 .debug_aranges
                0x00000298       0x20 ../LCD_pbl_bsp/\libhal_bsp.a(alt_busy_sleep.o)
 .debug_aranges
                0x000002b8       0x20 ../LCD_pbl_bsp/\libhal_bsp.a(alt_close.o)
 .debug_aranges
                0x000002d8       0x20 ../LCD_pbl_bsp/\libhal_bsp.a(alt_dcache_flush_all.o)
 .debug_aranges
                0x000002f8       0x20 ../LCD_pbl_bsp/\libhal_bsp.a(alt_dev.o)
 .debug_aranges
                0x00000318       0x20 ../LCD_pbl_bsp/\libhal_bsp.a(alt_dev_llist_insert.o)
 .debug_aranges
                0x00000338       0x20 ../LCD_pbl_bsp/\libhal_bsp.a(alt_do_ctors.o)
 .debug_aranges
                0x00000358       0x20 ../LCD_pbl_bsp/\libhal_bsp.a(alt_do_dtors.o)
 .debug_aranges
                0x00000378       0x18 ../LCD_pbl_bsp/\libhal_bsp.a(alt_errno.o)
 .debug_aranges
                0x00000390       0x20 ../LCD_pbl_bsp/\libhal_bsp.a(alt_icache_flush_all.o)
 .debug_aranges
                0x000003b0       0x20 ../LCD_pbl_bsp/\libhal_bsp.a(alt_io_redirect.o)
 .debug_aranges
                0x000003d0       0x20 ../LCD_pbl_bsp/\libhal_bsp.a(alt_open.o)
 .debug_aranges
                0x000003f0       0x20 ../LCD_pbl_bsp/\libhal_bsp.a(alt_release_fd.o)
 .debug_aranges
                0x00000410       0x20 ../LCD_pbl_bsp/\libhal_bsp.a(altera_nios2_qsys_irq.o)
 .debug_aranges
                0x00000430       0x20 ../LCD_pbl_bsp/\libhal_bsp.a(alt_find_dev.o)
 .debug_aranges
                0x00000450       0x20 ../LCD_pbl_bsp/\libhal_bsp.a(alt_find_file.o)
 .debug_aranges
                0x00000470       0x20 ../LCD_pbl_bsp/\libhal_bsp.a(alt_get_fd.o)
 .debug_aranges
                0x00000490       0x20 c:/altera/13.1/nios2eds/bin/gnu/h-i686-mingw32/bin/../lib/gcc/nios2-elf/4.7.3/../../../../../H-i686-mingw32/nios2-elf/lib/mno-hw-mul\libsmallc.a(lib_a-atexit.o)
 .debug_aranges
                0x000004b0       0x20 c:/altera/13.1/nios2eds/bin/gnu/h-i686-mingw32/bin/../lib/gcc/nios2-elf/4.7.3/../../../../../H-i686-mingw32/nios2-elf/lib/mno-hw-mul\libsmallc.a(lib_a-exit.o)
 .debug_aranges
                0x000004d0       0x20 c:/altera/13.1/nios2eds/bin/gnu/h-i686-mingw32/bin/../lib/gcc/nios2-elf/4.7.3/../../../../../H-i686-mingw32/nios2-elf/lib/mno-hw-mul\libsmallc.a(lib_a-fputs.o)
 .debug_aranges
                0x000004f0       0x20 c:/altera/13.1/nios2eds/bin/gnu/h-i686-mingw32/bin/../lib/gcc/nios2-elf/4.7.3/../../../../../H-i686-mingw32/nios2-elf/lib/mno-hw-mul\libsmallc.a(lib_a-memcmp.o)
 .debug_aranges
                0x00000510       0x20 c:/altera/13.1/nios2eds/bin/gnu/h-i686-mingw32/bin/../lib/gcc/nios2-elf/4.7.3/../../../../../H-i686-mingw32/nios2-elf/lib/mno-hw-mul\libsmallc.a(lib_a-__atexit.o)
 .debug_aranges
                0x00000530       0x20 c:/altera/13.1/nios2eds/bin/gnu/h-i686-mingw32/bin/../lib/gcc/nios2-elf/4.7.3/../../../../../H-i686-mingw32/nios2-elf/lib/mno-hw-mul\libsmallc.a(lib_a-__call_atexit.o)
 .debug_aranges
                0x00000550       0x20 ../LCD_pbl_bsp/\libhal_bsp.a(alt_exit.o)

.debug_pubnames
 *(.debug_pubnames)

.debug_info     0x00000000     0x88f0
 *(.debug_info .gnu.linkonce.wi.*)
 .debug_info    0x00000000       0x83 ../LCD_pbl_bsp//obj/HAL/src/crt0.o
 .debug_info    0x00000083      0x22d obj/default/main.o
 .debug_info    0x000002b0       0xb8 c:/altera/13.1/nios2eds/bin/gnu/h-i686-mingw32/bin/../lib/gcc/nios2-elf/4.7.3/mno-hw-mul\libgcc.a(lib2-mul.o)
 .debug_info    0x00000368       0xcd c:/altera/13.1/nios2eds/bin/gnu/h-i686-mingw32/bin/../lib/gcc/nios2-elf/4.7.3/../../../../../H-i686-mingw32/nios2-elf/lib/mno-hw-mul\libsmallc.a(lib_a-memcpy.o)
 .debug_info    0x00000435      0x765 c:/altera/13.1/nios2eds/bin/gnu/h-i686-mingw32/bin/../lib/gcc/nios2-elf/4.7.3/../../../../../H-i686-mingw32/nios2-elf/lib/mno-hw-mul\libsmallc.a(lib_a-printf.o)
 .debug_info    0x00000b9a       0xc6 c:/altera/13.1/nios2eds/bin/gnu/h-i686-mingw32/bin/../lib/gcc/nios2-elf/4.7.3/../../../../../H-i686-mingw32/nios2-elf/lib/mno-hw-mul\libsmallc.a(lib_a-strlen.o)
 .debug_info    0x00000c60      0xc69 c:/altera/13.1/nios2eds/bin/gnu/h-i686-mingw32/bin/../lib/gcc/nios2-elf/4.7.3/../../../../../H-i686-mingw32/nios2-elf/lib/mno-hw-mul\libsmallc.a(lib_a-vfprintf.o)
 .debug_info    0x000018c9      0x6d9 c:/altera/13.1/nios2eds/bin/gnu/h-i686-mingw32/bin/../lib/gcc/nios2-elf/4.7.3/../../../../../H-i686-mingw32/nios2-elf/lib/mno-hw-mul\libsmallc.a(lib_a-fvwrite_small_dev.o)
 .debug_info    0x00001fa2      0x631 c:/altera/13.1/nios2eds/bin/gnu/h-i686-mingw32/bin/../lib/gcc/nios2-elf/4.7.3/../../../../../H-i686-mingw32/nios2-elf/lib/mno-hw-mul\libsmallc.a(lib_a-impure.o)
 .debug_info    0x000025d3      0x6cb c:/altera/13.1/nios2eds/bin/gnu/h-i686-mingw32/bin/../lib/gcc/nios2-elf/4.7.3/../../../../../H-i686-mingw32/nios2-elf/lib/mno-hw-mul\libsmallc.a(lib_a-writer.o)
 .debug_info    0x00002c9e       0x84 c:/altera/13.1/nios2eds/bin/gnu/h-i686-mingw32/bin/../lib/gcc/nios2-elf/4.7.3/../../../../../H-i686-mingw32/nios2-elf/lib/mno-hw-mul\libsmallc.a(lib_a-int_errno.o)
 .debug_info    0x00002d22      0x289 c:/altera/13.1/nios2eds/bin/gnu/h-i686-mingw32/bin/../lib/gcc/nios2-elf/4.7.3/mno-hw-mul\libgcc.a(lib2-divmod.o)
 .debug_info    0x00002fab      0x135 ../LCD_pbl_bsp/\libhal_bsp.a(alt_load.o)
 .debug_info    0x000030e0      0x139 ../LCD_pbl_bsp/\libhal_bsp.a(alt_main.o)
 .debug_info    0x00003219      0x93f ../LCD_pbl_bsp/\libhal_bsp.a(alt_putstr.o)
 .debug_info    0x00003b58       0xad ../LCD_pbl_bsp/\libhal_bsp.a(alt_usleep.o)
 .debug_info    0x00003c05      0x507 ../LCD_pbl_bsp/\libhal_bsp.a(alt_write.o)
 .debug_info    0x0000410c      0x406 ../LCD_pbl_bsp/\libhal_bsp.a(alt_sys_init.o)
 .debug_info    0x00004512      0x3da ../LCD_pbl_bsp/\libhal_bsp.a(altera_avalon_jtag_uart_fd.o)
 .debug_info    0x000048ec      0x1bc ../LCD_pbl_bsp/\libhal_bsp.a(altera_avalon_jtag_uart_read.o)
 .debug_info    0x00004aa8      0x19f ../LCD_pbl_bsp/\libhal_bsp.a(altera_avalon_jtag_uart_write.o)
 .debug_info    0x00004c47       0xd5 ../LCD_pbl_bsp/\libhal_bsp.a(alt_busy_sleep.o)
 .debug_info    0x00004d1c      0x350 ../LCD_pbl_bsp/\libhal_bsp.a(alt_close.o)
 .debug_info    0x0000506c       0x90 ../LCD_pbl_bsp/\libhal_bsp.a(alt_dcache_flush_all.o)
 .debug_info    0x000050fc      0x4e3 ../LCD_pbl_bsp/\libhal_bsp.a(alt_dev.o)
 .debug_info    0x000055df      0x1b9 ../LCD_pbl_bsp/\libhal_bsp.a(alt_dev_llist_insert.o)
 .debug_info    0x00005798       0x8d ../LCD_pbl_bsp/\libhal_bsp.a(alt_do_ctors.o)
 .debug_info    0x00005825       0x8d ../LCD_pbl_bsp/\libhal_bsp.a(alt_do_dtors.o)
 .debug_info    0x000058b2       0xa3 ../LCD_pbl_bsp/\libhal_bsp.a(alt_errno.o)
 .debug_info    0x00005955       0x90 ../LCD_pbl_bsp/\libhal_bsp.a(alt_icache_flush_all.o)
 .debug_info    0x000059e5      0x4f0 ../LCD_pbl_bsp/\libhal_bsp.a(alt_io_redirect.o)
 .debug_info    0x00005ed5      0x3f0 ../LCD_pbl_bsp/\libhal_bsp.a(alt_open.o)
 .debug_info    0x000062c5      0x2dd ../LCD_pbl_bsp/\libhal_bsp.a(alt_release_fd.o)
 .debug_info    0x000065a2       0x90 ../LCD_pbl_bsp/\libhal_bsp.a(altera_nios2_qsys_irq.o)
 .debug_info    0x00006632      0x30d ../LCD_pbl_bsp/\libhal_bsp.a(alt_find_dev.o)
 .debug_info    0x0000693f      0x30c ../LCD_pbl_bsp/\libhal_bsp.a(alt_find_file.o)
 .debug_info    0x00006c4b      0x339 ../LCD_pbl_bsp/\libhal_bsp.a(alt_get_fd.o)
 .debug_info    0x00006f84      0x1eb c:/altera/13.1/nios2eds/bin/gnu/h-i686-mingw32/bin/../lib/gcc/nios2-elf/4.7.3/../../../../../H-i686-mingw32/nios2-elf/lib/mno-hw-mul\libsmallc.a(lib_a-atexit.o)
 .debug_info    0x0000716f       0xf8 c:/altera/13.1/nios2eds/bin/gnu/h-i686-mingw32/bin/../lib/gcc/nios2-elf/4.7.3/../../../../../H-i686-mingw32/nios2-elf/lib/mno-hw-mul\libsmallc.a(lib_a-exit.o)
 .debug_info    0x00007267      0x6a2 c:/altera/13.1/nios2eds/bin/gnu/h-i686-mingw32/bin/../lib/gcc/nios2-elf/4.7.3/../../../../../H-i686-mingw32/nios2-elf/lib/mno-hw-mul\libsmallc.a(lib_a-fputs.o)
 .debug_info    0x00007909       0xf1 c:/altera/13.1/nios2eds/bin/gnu/h-i686-mingw32/bin/../lib/gcc/nios2-elf/4.7.3/../../../../../H-i686-mingw32/nios2-elf/lib/mno-hw-mul\libsmallc.a(lib_a-memcmp.o)
 .debug_info    0x000079fa      0x6fc c:/altera/13.1/nios2eds/bin/gnu/h-i686-mingw32/bin/../lib/gcc/nios2-elf/4.7.3/../../../../../H-i686-mingw32/nios2-elf/lib/mno-hw-mul\libsmallc.a(lib_a-__atexit.o)
 .debug_info    0x000080f6      0x70e c:/altera/13.1/nios2eds/bin/gnu/h-i686-mingw32/bin/../lib/gcc/nios2-elf/4.7.3/../../../../../H-i686-mingw32/nios2-elf/lib/mno-hw-mul\libsmallc.a(lib_a-__call_atexit.o)
 .debug_info    0x00008804       0xec ../LCD_pbl_bsp/\libhal_bsp.a(alt_exit.o)

.debug_abbrev   0x00000000     0x29bc
 *(.debug_abbrev)
 .debug_abbrev  0x00000000       0x12 ../LCD_pbl_bsp//obj/HAL/src/crt0.o
 .debug_abbrev  0x00000012      0x120 obj/default/main.o
 .debug_abbrev  0x00000132       0x6f c:/altera/13.1/nios2eds/bin/gnu/h-i686-mingw32/bin/../lib/gcc/nios2-elf/4.7.3/mno-hw-mul\libgcc.a(lib2-mul.o)
 .debug_abbrev  0x000001a1       0x95 c:/altera/13.1/nios2eds/bin/gnu/h-i686-mingw32/bin/../lib/gcc/nios2-elf/4.7.3/../../../../../H-i686-mingw32/nios2-elf/lib/mno-hw-mul\libsmallc.a(lib_a-memcpy.o)
 .debug_abbrev  0x00000236      0x1e2 c:/altera/13.1/nios2eds/bin/gnu/h-i686-mingw32/bin/../lib/gcc/nios2-elf/4.7.3/../../../../../H-i686-mingw32/nios2-elf/lib/mno-hw-mul\libsmallc.a(lib_a-printf.o)
 .debug_abbrev  0x00000418       0x7f c:/altera/13.1/nios2eds/bin/gnu/h-i686-mingw32/bin/../lib/gcc/nios2-elf/4.7.3/../../../../../H-i686-mingw32/nios2-elf/lib/mno-hw-mul\libsmallc.a(lib_a-strlen.o)
 .debug_abbrev  0x00000497      0x2db c:/altera/13.1/nios2eds/bin/gnu/h-i686-mingw32/bin/../lib/gcc/nios2-elf/4.7.3/../../../../../H-i686-mingw32/nios2-elf/lib/mno-hw-mul\libsmallc.a(lib_a-vfprintf.o)
 .debug_abbrev  0x00000772      0x1a8 c:/altera/13.1/nios2eds/bin/gnu/h-i686-mingw32/bin/../lib/gcc/nios2-elf/4.7.3/../../../../../H-i686-mingw32/nios2-elf/lib/mno-hw-mul\libsmallc.a(lib_a-fvwrite_small_dev.o)
 .debug_abbrev  0x0000091a      0x13b c:/altera/13.1/nios2eds/bin/gnu/h-i686-mingw32/bin/../lib/gcc/nios2-elf/4.7.3/../../../../../H-i686-mingw32/nios2-elf/lib/mno-hw-mul\libsmallc.a(lib_a-impure.o)
 .debug_abbrev  0x00000a55      0x199 c:/altera/13.1/nios2eds/bin/gnu/h-i686-mingw32/bin/../lib/gcc/nios2-elf/4.7.3/../../../../../H-i686-mingw32/nios2-elf/lib/mno-hw-mul\libsmallc.a(lib_a-writer.o)
 .debug_abbrev  0x00000bee       0x37 c:/altera/13.1/nios2eds/bin/gnu/h-i686-mingw32/bin/../lib/gcc/nios2-elf/4.7.3/../../../../../H-i686-mingw32/nios2-elf/lib/mno-hw-mul\libsmallc.a(lib_a-int_errno.o)
 .debug_abbrev  0x00000c25      0x112 c:/altera/13.1/nios2eds/bin/gnu/h-i686-mingw32/bin/../lib/gcc/nios2-elf/4.7.3/mno-hw-mul\libgcc.a(lib2-divmod.o)
 .debug_abbrev  0x00000d37       0x9d ../LCD_pbl_bsp/\libhal_bsp.a(alt_load.o)
 .debug_abbrev  0x00000dd4       0xba ../LCD_pbl_bsp/\libhal_bsp.a(alt_main.o)
 .debug_abbrev  0x00000e8e      0x182 ../LCD_pbl_bsp/\libhal_bsp.a(alt_putstr.o)
 .debug_abbrev  0x00001010       0x60 ../LCD_pbl_bsp/\libhal_bsp.a(alt_usleep.o)
 .debug_abbrev  0x00001070      0x133 ../LCD_pbl_bsp/\libhal_bsp.a(alt_write.o)
 .debug_abbrev  0x000011a3      0x155 ../LCD_pbl_bsp/\libhal_bsp.a(alt_sys_init.o)
 .debug_abbrev  0x000012f8       0xf7 ../LCD_pbl_bsp/\libhal_bsp.a(altera_avalon_jtag_uart_fd.o)
 .debug_abbrev  0x000013ef       0xd5 ../LCD_pbl_bsp/\libhal_bsp.a(altera_avalon_jtag_uart_read.o)
 .debug_abbrev  0x000014c4       0xd5 ../LCD_pbl_bsp/\libhal_bsp.a(altera_avalon_jtag_uart_write.o)
 .debug_abbrev  0x00001599       0x7e ../LCD_pbl_bsp/\libhal_bsp.a(alt_busy_sleep.o)
 .debug_abbrev  0x00001617      0x11f ../LCD_pbl_bsp/\libhal_bsp.a(alt_close.o)
 .debug_abbrev  0x00001736       0x42 ../LCD_pbl_bsp/\libhal_bsp.a(alt_dcache_flush_all.o)
 .debug_abbrev  0x00001778       0xd9 ../LCD_pbl_bsp/\libhal_bsp.a(alt_dev.o)
 .debug_abbrev  0x00001851      0x114 ../LCD_pbl_bsp/\libhal_bsp.a(alt_dev_llist_insert.o)
 .debug_abbrev  0x00001965       0x79 ../LCD_pbl_bsp/\libhal_bsp.a(alt_do_ctors.o)
 .debug_abbrev  0x000019de       0x79 ../LCD_pbl_bsp/\libhal_bsp.a(alt_do_dtors.o)
 .debug_abbrev  0x00001a57       0x5a ../LCD_pbl_bsp/\libhal_bsp.a(alt_errno.o)
 .debug_abbrev  0x00001ab1       0x42 ../LCD_pbl_bsp/\libhal_bsp.a(alt_icache_flush_all.o)
 .debug_abbrev  0x00001af3      0x114 ../LCD_pbl_bsp/\libhal_bsp.a(alt_io_redirect.o)
 .debug_abbrev  0x00001c07      0x148 ../LCD_pbl_bsp/\libhal_bsp.a(alt_open.o)
 .debug_abbrev  0x00001d4f       0xde ../LCD_pbl_bsp/\libhal_bsp.a(alt_release_fd.o)
 .debug_abbrev  0x00001e2d       0x42 ../LCD_pbl_bsp/\libhal_bsp.a(altera_nios2_qsys_irq.o)
 .debug_abbrev  0x00001e6f       0xf0 ../LCD_pbl_bsp/\libhal_bsp.a(alt_find_dev.o)
 .debug_abbrev  0x00001f5f       0xf0 ../LCD_pbl_bsp/\libhal_bsp.a(alt_find_file.o)
 .debug_abbrev  0x0000204f      0x10d ../LCD_pbl_bsp/\libhal_bsp.a(alt_get_fd.o)
 .debug_abbrev  0x0000215c      0x115 c:/altera/13.1/nios2eds/bin/gnu/h-i686-mingw32/bin/../lib/gcc/nios2-elf/4.7.3/../../../../../H-i686-mingw32/nios2-elf/lib/mno-hw-mul\libsmallc.a(lib_a-atexit.o)
 .debug_abbrev  0x00002271       0xa9 c:/altera/13.1/nios2eds/bin/gnu/h-i686-mingw32/bin/../lib/gcc/nios2-elf/4.7.3/../../../../../H-i686-mingw32/nios2-elf/lib/mno-hw-mul\libsmallc.a(lib_a-exit.o)
 .debug_abbrev  0x0000231a      0x19f c:/altera/13.1/nios2eds/bin/gnu/h-i686-mingw32/bin/../lib/gcc/nios2-elf/4.7.3/../../../../../H-i686-mingw32/nios2-elf/lib/mno-hw-mul\libsmallc.a(lib_a-fputs.o)
 .debug_abbrev  0x000024b9       0x7f c:/altera/13.1/nios2eds/bin/gnu/h-i686-mingw32/bin/../lib/gcc/nios2-elf/4.7.3/../../../../../H-i686-mingw32/nios2-elf/lib/mno-hw-mul\libsmallc.a(lib_a-memcmp.o)
 .debug_abbrev  0x00002538      0x1f5 c:/altera/13.1/nios2eds/bin/gnu/h-i686-mingw32/bin/../lib/gcc/nios2-elf/4.7.3/../../../../../H-i686-mingw32/nios2-elf/lib/mno-hw-mul\libsmallc.a(lib_a-__atexit.o)
 .debug_abbrev  0x0000272d      0x1e9 c:/altera/13.1/nios2eds/bin/gnu/h-i686-mingw32/bin/../lib/gcc/nios2-elf/4.7.3/../../../../../H-i686-mingw32/nios2-elf/lib/mno-hw-mul\libsmallc.a(lib_a-__call_atexit.o)
 .debug_abbrev  0x00002916       0xa6 ../LCD_pbl_bsp/\libhal_bsp.a(alt_exit.o)

.debug_line     0x00000000     0x31a2
 *(.debug_line)
 .debug_line    0x00000000       0x66 ../LCD_pbl_bsp//obj/HAL/src/crt0.o
 .debug_line    0x00000066       0xc0 obj/default/main.o
 .debug_line    0x00000126       0x80 c:/altera/13.1/nios2eds/bin/gnu/h-i686-mingw32/bin/../lib/gcc/nios2-elf/4.7.3/mno-hw-mul\libgcc.a(lib2-mul.o)
 .debug_line    0x000001a6      0x100 c:/altera/13.1/nios2eds/bin/gnu/h-i686-mingw32/bin/../lib/gcc/nios2-elf/4.7.3/../../../../../H-i686-mingw32/nios2-elf/lib/mno-hw-mul\libsmallc.a(lib_a-memcpy.o)
 .debug_line    0x000002a6      0x219 c:/altera/13.1/nios2eds/bin/gnu/h-i686-mingw32/bin/../lib/gcc/nios2-elf/4.7.3/../../../../../H-i686-mingw32/nios2-elf/lib/mno-hw-mul\libsmallc.a(lib_a-printf.o)
 .debug_line    0x000004bf      0x174 c:/altera/13.1/nios2eds/bin/gnu/h-i686-mingw32/bin/../lib/gcc/nios2-elf/4.7.3/../../../../../H-i686-mingw32/nios2-elf/lib/mno-hw-mul\libsmallc.a(lib_a-strlen.o)
 .debug_line    0x00000633      0x40e c:/altera/13.1/nios2eds/bin/gnu/h-i686-mingw32/bin/../lib/gcc/nios2-elf/4.7.3/../../../../../H-i686-mingw32/nios2-elf/lib/mno-hw-mul\libsmallc.a(lib_a-vfprintf.o)
 .debug_line    0x00000a41      0x225 c:/altera/13.1/nios2eds/bin/gnu/h-i686-mingw32/bin/../lib/gcc/nios2-elf/4.7.3/../../../../../H-i686-mingw32/nios2-elf/lib/mno-hw-mul\libsmallc.a(lib_a-fvwrite_small_dev.o)
 .debug_line    0x00000c66      0x16c c:/altera/13.1/nios2eds/bin/gnu/h-i686-mingw32/bin/../lib/gcc/nios2-elf/4.7.3/../../../../../H-i686-mingw32/nios2-elf/lib/mno-hw-mul\libsmallc.a(lib_a-impure.o)
 .debug_line    0x00000dd2      0x20c c:/altera/13.1/nios2eds/bin/gnu/h-i686-mingw32/bin/../lib/gcc/nios2-elf/4.7.3/../../../../../H-i686-mingw32/nios2-elf/lib/mno-hw-mul\libsmallc.a(lib_a-writer.o)
 .debug_line    0x00000fde       0x60 c:/altera/13.1/nios2eds/bin/gnu/h-i686-mingw32/bin/../lib/gcc/nios2-elf/4.7.3/../../../../../H-i686-mingw32/nios2-elf/lib/mno-hw-mul\libsmallc.a(lib_a-int_errno.o)
 .debug_line    0x0000103e       0xd6 c:/altera/13.1/nios2eds/bin/gnu/h-i686-mingw32/bin/../lib/gcc/nios2-elf/4.7.3/mno-hw-mul\libgcc.a(lib2-divmod.o)
 .debug_line    0x00001114       0x92 ../LCD_pbl_bsp/\libhal_bsp.a(alt_load.o)
 .debug_line    0x000011a6       0xa4 ../LCD_pbl_bsp/\libhal_bsp.a(alt_main.o)
 .debug_line    0x0000124a      0x13b ../LCD_pbl_bsp/\libhal_bsp.a(alt_putstr.o)
 .debug_line    0x00001385       0xce ../LCD_pbl_bsp/\libhal_bsp.a(alt_usleep.o)
 .debug_line    0x00001453      0x1f8 ../LCD_pbl_bsp/\libhal_bsp.a(alt_write.o)
 .debug_line    0x0000164b      0x127 ../LCD_pbl_bsp/\libhal_bsp.a(alt_sys_init.o)
 .debug_line    0x00001772      0x114 ../LCD_pbl_bsp/\libhal_bsp.a(altera_avalon_jtag_uart_fd.o)
 .debug_line    0x00001886      0x101 ../LCD_pbl_bsp/\libhal_bsp.a(altera_avalon_jtag_uart_read.o)
 .debug_line    0x00001987       0xf8 ../LCD_pbl_bsp/\libhal_bsp.a(altera_avalon_jtag_uart_write.o)
 .debug_line    0x00001a7f       0xa2 ../LCD_pbl_bsp/\libhal_bsp.a(alt_busy_sleep.o)
 .debug_line    0x00001b21      0x186 ../LCD_pbl_bsp/\libhal_bsp.a(alt_close.o)
 .debug_line    0x00001ca7       0x51 ../LCD_pbl_bsp/\libhal_bsp.a(alt_dcache_flush_all.o)
 .debug_line    0x00001cf8      0x119 ../LCD_pbl_bsp/\libhal_bsp.a(alt_dev.o)
 .debug_line    0x00001e11       0xd0 ../LCD_pbl_bsp/\libhal_bsp.a(alt_dev_llist_insert.o)
 .debug_line    0x00001ee1       0x59 ../LCD_pbl_bsp/\libhal_bsp.a(alt_do_ctors.o)
 .debug_line    0x00001f3a       0x59 ../LCD_pbl_bsp/\libhal_bsp.a(alt_do_dtors.o)
 .debug_line    0x00001f93       0x51 ../LCD_pbl_bsp/\libhal_bsp.a(alt_errno.o)
 .debug_line    0x00001fe4       0x4f ../LCD_pbl_bsp/\libhal_bsp.a(alt_icache_flush_all.o)
 .debug_line    0x00002033      0x156 ../LCD_pbl_bsp/\libhal_bsp.a(alt_io_redirect.o)
 .debug_line    0x00002189      0x128 ../LCD_pbl_bsp/\libhal_bsp.a(alt_open.o)
 .debug_line    0x000022b1       0xb0 ../LCD_pbl_bsp/\libhal_bsp.a(alt_release_fd.o)
 .debug_line    0x00002361       0x51 ../LCD_pbl_bsp/\libhal_bsp.a(altera_nios2_qsys_irq.o)
 .debug_line    0x000023b2       0xb9 ../LCD_pbl_bsp/\libhal_bsp.a(alt_find_dev.o)
 .debug_line    0x0000246b       0xd5 ../LCD_pbl_bsp/\libhal_bsp.a(alt_find_file.o)
 .debug_line    0x00002540       0xd4 ../LCD_pbl_bsp/\libhal_bsp.a(alt_get_fd.o)
 .debug_line    0x00002614      0x170 c:/altera/13.1/nios2eds/bin/gnu/h-i686-mingw32/bin/../lib/gcc/nios2-elf/4.7.3/../../../../../H-i686-mingw32/nios2-elf/lib/mno-hw-mul\libsmallc.a(lib_a-atexit.o)
 .debug_line    0x00002784      0x170 c:/altera/13.1/nios2eds/bin/gnu/h-i686-mingw32/bin/../lib/gcc/nios2-elf/4.7.3/../../../../../H-i686-mingw32/nios2-elf/lib/mno-hw-mul\libsmallc.a(lib_a-exit.o)
 .debug_line    0x000028f4      0x209 c:/altera/13.1/nios2eds/bin/gnu/h-i686-mingw32/bin/../lib/gcc/nios2-elf/4.7.3/../../../../../H-i686-mingw32/nios2-elf/lib/mno-hw-mul\libsmallc.a(lib_a-fputs.o)
 .debug_line    0x00002afd      0x17f c:/altera/13.1/nios2eds/bin/gnu/h-i686-mingw32/bin/../lib/gcc/nios2-elf/4.7.3/../../../../../H-i686-mingw32/nios2-elf/lib/mno-hw-mul\libsmallc.a(lib_a-memcmp.o)
 .debug_line    0x00002c7c      0x24e c:/altera/13.1/nios2eds/bin/gnu/h-i686-mingw32/bin/../lib/gcc/nios2-elf/4.7.3/../../../../../H-i686-mingw32/nios2-elf/lib/mno-hw-mul\libsmallc.a(lib_a-__atexit.o)
 .debug_line    0x00002eca      0x267 c:/altera/13.1/nios2eds/bin/gnu/h-i686-mingw32/bin/../lib/gcc/nios2-elf/4.7.3/../../../../../H-i686-mingw32/nios2-elf/lib/mno-hw-mul\libsmallc.a(lib_a-__call_atexit.o)
 .debug_line    0x00003131       0x71 ../LCD_pbl_bsp/\libhal_bsp.a(alt_exit.o)

.debug_frame    0x00000000      0x8a8
 *(.debug_frame)
 .debug_frame   0x00000000       0x84 obj/default/main.o
 .debug_frame   0x00000084       0x20 c:/altera/13.1/nios2eds/bin/gnu/h-i686-mingw32/bin/../lib/gcc/nios2-elf/4.7.3/mno-hw-mul\libgcc.a(lib2-mul.o)
 .debug_frame   0x000000a4       0x20 c:/altera/13.1/nios2eds/bin/gnu/h-i686-mingw32/bin/../lib/gcc/nios2-elf/4.7.3/../../../../../H-i686-mingw32/nios2-elf/lib/mno-hw-mul\libsmallc.a(lib_a-memcpy.o)
 .debug_frame   0x000000c4       0x40 c:/altera/13.1/nios2eds/bin/gnu/h-i686-mingw32/bin/../lib/gcc/nios2-elf/4.7.3/../../../../../H-i686-mingw32/nios2-elf/lib/mno-hw-mul\libsmallc.a(lib_a-printf.o)
 .debug_frame   0x00000104       0x20 c:/altera/13.1/nios2eds/bin/gnu/h-i686-mingw32/bin/../lib/gcc/nios2-elf/4.7.3/../../../../../H-i686-mingw32/nios2-elf/lib/mno-hw-mul\libsmallc.a(lib_a-strlen.o)
 .debug_frame   0x00000124       0x4c c:/altera/13.1/nios2eds/bin/gnu/h-i686-mingw32/bin/../lib/gcc/nios2-elf/4.7.3/../../../../../H-i686-mingw32/nios2-elf/lib/mno-hw-mul\libsmallc.a(lib_a-vfprintf.o)
 .debug_frame   0x00000170       0x30 c:/altera/13.1/nios2eds/bin/gnu/h-i686-mingw32/bin/../lib/gcc/nios2-elf/4.7.3/../../../../../H-i686-mingw32/nios2-elf/lib/mno-hw-mul\libsmallc.a(lib_a-fvwrite_small_dev.o)
 .debug_frame   0x000001a0       0x2c c:/altera/13.1/nios2eds/bin/gnu/h-i686-mingw32/bin/../lib/gcc/nios2-elf/4.7.3/../../../../../H-i686-mingw32/nios2-elf/lib/mno-hw-mul\libsmallc.a(lib_a-writer.o)
 .debug_frame   0x000001cc       0x70 c:/altera/13.1/nios2eds/bin/gnu/h-i686-mingw32/bin/../lib/gcc/nios2-elf/4.7.3/mno-hw-mul\libgcc.a(lib2-divmod.o)
 .debug_frame   0x0000023c       0x48 ../LCD_pbl_bsp/\libhal_bsp.a(alt_load.o)
 .debug_frame   0x00000284       0x2c ../LCD_pbl_bsp/\libhal_bsp.a(alt_main.o)
 .debug_frame   0x000002b0       0x2c ../LCD_pbl_bsp/\libhal_bsp.a(alt_putstr.o)
 .debug_frame   0x000002dc       0x2c ../LCD_pbl_bsp/\libhal_bsp.a(alt_usleep.o)
 .debug_frame   0x00000308       0x48 ../LCD_pbl_bsp/\libhal_bsp.a(alt_write.o)
 .debug_frame   0x00000350       0x64 ../LCD_pbl_bsp/\libhal_bsp.a(alt_sys_init.o)
 .debug_frame   0x000003b4       0x48 ../LCD_pbl_bsp/\libhal_bsp.a(altera_avalon_jtag_uart_fd.o)
 .debug_frame   0x000003fc       0x2c ../LCD_pbl_bsp/\libhal_bsp.a(altera_avalon_jtag_uart_read.o)
 .debug_frame   0x00000428       0x2c ../LCD_pbl_bsp/\libhal_bsp.a(altera_avalon_jtag_uart_write.o)
 .debug_frame   0x00000454       0x2c ../LCD_pbl_bsp/\libhal_bsp.a(alt_busy_sleep.o)
 .debug_frame   0x00000480       0x48 ../LCD_pbl_bsp/\libhal_bsp.a(alt_close.o)
 .debug_frame   0x000004c8       0x2c ../LCD_pbl_bsp/\libhal_bsp.a(alt_dcache_flush_all.o)
 .debug_frame   0x000004f4       0x2c ../LCD_pbl_bsp/\libhal_bsp.a(alt_dev.o)
 .debug_frame   0x00000520       0x48 ../LCD_pbl_bsp/\libhal_bsp.a(alt_dev_llist_insert.o)
 .debug_frame   0x00000568       0x2c ../LCD_pbl_bsp/\libhal_bsp.a(alt_do_ctors.o)
 .debug_frame   0x00000594       0x2c ../LCD_pbl_bsp/\libhal_bsp.a(alt_do_dtors.o)
 .debug_frame   0x000005c0       0x2c ../LCD_pbl_bsp/\libhal_bsp.a(alt_icache_flush_all.o)
 .debug_frame   0x000005ec       0x4c ../LCD_pbl_bsp/\libhal_bsp.a(alt_io_redirect.o)
 .debug_frame   0x00000638       0x68 ../LCD_pbl_bsp/\libhal_bsp.a(alt_open.o)
 .debug_frame   0x000006a0       0x30 ../LCD_pbl_bsp/\libhal_bsp.a(alt_release_fd.o)
 .debug_frame   0x000006d0       0x2c ../LCD_pbl_bsp/\libhal_bsp.a(altera_nios2_qsys_irq.o)
 .debug_frame   0x000006fc       0x2c ../LCD_pbl_bsp/\libhal_bsp.a(alt_find_dev.o)
 .debug_frame   0x00000728       0x2c ../LCD_pbl_bsp/\libhal_bsp.a(alt_find_file.o)
 .debug_frame   0x00000754       0x30 ../LCD_pbl_bsp/\libhal_bsp.a(alt_get_fd.o)
 .debug_frame   0x00000784       0x20 c:/altera/13.1/nios2eds/bin/gnu/h-i686-mingw32/bin/../lib/gcc/nios2-elf/4.7.3/../../../../../H-i686-mingw32/nios2-elf/lib/mno-hw-mul\libsmallc.a(lib_a-atexit.o)
 .debug_frame   0x000007a4       0x28 c:/altera/13.1/nios2eds/bin/gnu/h-i686-mingw32/bin/../lib/gcc/nios2-elf/4.7.3/../../../../../H-i686-mingw32/nios2-elf/lib/mno-hw-mul\libsmallc.a(lib_a-exit.o)
 .debug_frame   0x000007cc       0x28 c:/altera/13.1/nios2eds/bin/gnu/h-i686-mingw32/bin/../lib/gcc/nios2-elf/4.7.3/../../../../../H-i686-mingw32/nios2-elf/lib/mno-hw-mul\libsmallc.a(lib_a-fputs.o)
 .debug_frame   0x000007f4       0x20 c:/altera/13.1/nios2eds/bin/gnu/h-i686-mingw32/bin/../lib/gcc/nios2-elf/4.7.3/../../../../../H-i686-mingw32/nios2-elf/lib/mno-hw-mul\libsmallc.a(lib_a-memcmp.o)
 .debug_frame   0x00000814       0x30 c:/altera/13.1/nios2eds/bin/gnu/h-i686-mingw32/bin/../lib/gcc/nios2-elf/4.7.3/../../../../../H-i686-mingw32/nios2-elf/lib/mno-hw-mul\libsmallc.a(lib_a-__atexit.o)
 .debug_frame   0x00000844       0x38 c:/altera/13.1/nios2eds/bin/gnu/h-i686-mingw32/bin/../lib/gcc/nios2-elf/4.7.3/../../../../../H-i686-mingw32/nios2-elf/lib/mno-hw-mul\libsmallc.a(lib_a-__call_atexit.o)
 .debug_frame   0x0000087c       0x2c ../LCD_pbl_bsp/\libhal_bsp.a(alt_exit.o)

.debug_str      0x00000000     0x178c
 *(.debug_str)
 .debug_str     0x00000000      0x11b obj/default/main.o
                                0x160 (size before relaxing)
 .debug_str     0x0000011b       0xd3 c:/altera/13.1/nios2eds/bin/gnu/h-i686-mingw32/bin/../lib/gcc/nios2-elf/4.7.3/mno-hw-mul\libgcc.a(lib2-mul.o)
                                0x12a (size before relaxing)
 .debug_str     0x000001ee       0xf9 c:/altera/13.1/nios2eds/bin/gnu/h-i686-mingw32/bin/../lib/gcc/nios2-elf/4.7.3/../../../../../H-i686-mingw32/nios2-elf/lib/mno-hw-mul\libsmallc.a(lib_a-memcpy.o)
                                0x11e (size before relaxing)
 .debug_str     0x000002e7      0x3d4 c:/altera/13.1/nios2eds/bin/gnu/h-i686-mingw32/bin/../lib/gcc/nios2-elf/4.7.3/../../../../../H-i686-mingw32/nios2-elf/lib/mno-hw-mul\libsmallc.a(lib_a-printf.o)
                                0x4b4 (size before relaxing)
 .debug_str     0x000006bb       0x45 c:/altera/13.1/nios2eds/bin/gnu/h-i686-mingw32/bin/../lib/gcc/nios2-elf/4.7.3/../../../../../H-i686-mingw32/nios2-elf/lib/mno-hw-mul\libsmallc.a(lib_a-strlen.o)
                                0x190 (size before relaxing)
 .debug_str     0x00000700      0x196 c:/altera/13.1/nios2eds/bin/gnu/h-i686-mingw32/bin/../lib/gcc/nios2-elf/4.7.3/../../../../../H-i686-mingw32/nios2-elf/lib/mno-hw-mul\libsmallc.a(lib_a-vfprintf.o)
                                0x634 (size before relaxing)
 .debug_str     0x00000896       0x82 c:/altera/13.1/nios2eds/bin/gnu/h-i686-mingw32/bin/../lib/gcc/nios2-elf/4.7.3/../../../../../H-i686-mingw32/nios2-elf/lib/mno-hw-mul\libsmallc.a(lib_a-fvwrite_small_dev.o)
                                0x48f (size before relaxing)
 .debug_str     0x00000918       0xfb c:/altera/13.1/nios2eds/bin/gnu/h-i686-mingw32/bin/../lib/gcc/nios2-elf/4.7.3/../../../../../H-i686-mingw32/nios2-elf/lib/mno-hw-mul\libsmallc.a(lib_a-impure.o)
                                0x469 (size before relaxing)
 .debug_str     0x00000a13       0x3d c:/altera/13.1/nios2eds/bin/gnu/h-i686-mingw32/bin/../lib/gcc/nios2-elf/4.7.3/../../../../../H-i686-mingw32/nios2-elf/lib/mno-hw-mul\libsmallc.a(lib_a-writer.o)
                                0x463 (size before relaxing)
 .debug_str     0x00000a50       0x40 c:/altera/13.1/nios2eds/bin/gnu/h-i686-mingw32/bin/../lib/gcc/nios2-elf/4.7.3/../../../../../H-i686-mingw32/nios2-elf/lib/mno-hw-mul\libsmallc.a(lib_a-int_errno.o)
                                0x183 (size before relaxing)
 .debug_str     0x00000a90       0x7f c:/altera/13.1/nios2eds/bin/gnu/h-i686-mingw32/bin/../lib/gcc/nios2-elf/4.7.3/mno-hw-mul\libgcc.a(lib2-divmod.o)
                                0x169 (size before relaxing)
 .debug_str     0x00000b0f      0x140 ../LCD_pbl_bsp/\libhal_bsp.a(alt_load.o)
                                0x1de (size before relaxing)
 .debug_str     0x00000c4f       0x70 ../LCD_pbl_bsp/\libhal_bsp.a(alt_main.o)
                                0x169 (size before relaxing)
 .debug_str     0x00000cbf      0x116 ../LCD_pbl_bsp/\libhal_bsp.a(alt_putstr.o)
                                0x4ae (size before relaxing)
 .debug_str     0x00000dd5       0x27 ../LCD_pbl_bsp/\libhal_bsp.a(alt_usleep.o)
                                0x114 (size before relaxing)
 .debug_str     0x00000dfc      0x159 ../LCD_pbl_bsp/\libhal_bsp.a(alt_write.o)
                                0x2c4 (size before relaxing)
 .debug_str     0x00000f55       0xf9 ../LCD_pbl_bsp/\libhal_bsp.a(alt_sys_init.o)
                                0x299 (size before relaxing)
 .debug_str     0x0000104e       0x77 ../LCD_pbl_bsp/\libhal_bsp.a(altera_avalon_jtag_uart_fd.o)
                                0x2a1 (size before relaxing)
 .debug_str     0x000010c5       0x48 ../LCD_pbl_bsp/\libhal_bsp.a(altera_avalon_jtag_uart_read.o)
                                0x1eb (size before relaxing)
 .debug_str     0x0000110d       0x4a ../LCD_pbl_bsp/\libhal_bsp.a(altera_avalon_jtag_uart_write.o)
                                0x1e1 (size before relaxing)
 .debug_str     0x00001157       0x42 ../LCD_pbl_bsp/\libhal_bsp.a(alt_busy_sleep.o)
                                0x137 (size before relaxing)
 .debug_str     0x00001199       0x1b ../LCD_pbl_bsp/\libhal_bsp.a(alt_close.o)
                                0x1d7 (size before relaxing)
 .debug_str     0x000011b4       0x34 ../LCD_pbl_bsp/\libhal_bsp.a(alt_dcache_flush_all.o)
                                0x121 (size before relaxing)
 .debug_str     0x000011e8       0x50 ../LCD_pbl_bsp/\libhal_bsp.a(alt_dev.o)
                                0x2d1 (size before relaxing)
 .debug_str     0x00001238       0x4b ../LCD_pbl_bsp/\libhal_bsp.a(alt_dev_llist_insert.o)
                                0x198 (size before relaxing)
 .debug_str     0x00001283       0x48 ../LCD_pbl_bsp/\libhal_bsp.a(alt_do_ctors.o)
                                 0xa8 (size before relaxing)
 .debug_str     0x000012cb       0x4c ../LCD_pbl_bsp/\libhal_bsp.a(alt_do_dtors.o)
                                 0xa7 (size before relaxing)
 .debug_str     0x00001317       0x14 ../LCD_pbl_bsp/\libhal_bsp.a(alt_errno.o)
                                0x111 (size before relaxing)
 .debug_str     0x0000132b       0x34 ../LCD_pbl_bsp/\libhal_bsp.a(alt_icache_flush_all.o)
                                0x121 (size before relaxing)
 .debug_str     0x0000135f       0x56 ../LCD_pbl_bsp/\libhal_bsp.a(alt_io_redirect.o)
                                0x2e2 (size before relaxing)
 .debug_str     0x000013b5       0x36 ../LCD_pbl_bsp/\libhal_bsp.a(alt_open.o)
                                0x217 (size before relaxing)
 .debug_str     0x000013eb       0x28 ../LCD_pbl_bsp/\libhal_bsp.a(alt_release_fd.o)
                                0x1ab (size before relaxing)
 .debug_str     0x00001413       0x3b ../LCD_pbl_bsp/\libhal_bsp.a(altera_nios2_qsys_irq.o)
                                0x128 (size before relaxing)
 .debug_str     0x0000144e       0x24 ../LCD_pbl_bsp/\libhal_bsp.a(alt_find_dev.o)
                                0x1b8 (size before relaxing)
 .debug_str     0x00001472       0x26 ../LCD_pbl_bsp/\libhal_bsp.a(alt_find_file.o)
                                0x1c6 (size before relaxing)
 .debug_str     0x00001498       0x30 ../LCD_pbl_bsp/\libhal_bsp.a(alt_get_fd.o)
                                0x1e8 (size before relaxing)
 .debug_str     0x000014c8      0x122 c:/altera/13.1/nios2eds/bin/gnu/h-i686-mingw32/bin/../lib/gcc/nios2-elf/4.7.3/../../../../../H-i686-mingw32/nios2-elf/lib/mno-hw-mul\libsmallc.a(lib_a-atexit.o)
                                0x235 (size before relaxing)
 .debug_str     0x000015ea       0x4d c:/altera/13.1/nios2eds/bin/gnu/h-i686-mingw32/bin/../lib/gcc/nios2-elf/4.7.3/../../../../../H-i686-mingw32/nios2-elf/lib/mno-hw-mul\libsmallc.a(lib_a-exit.o)
                                0x19b (size before relaxing)
 .debug_str     0x00001637       0x42 c:/altera/13.1/nios2eds/bin/gnu/h-i686-mingw32/bin/../lib/gcc/nios2-elf/4.7.3/../../../../../H-i686-mingw32/nios2-elf/lib/mno-hw-mul\libsmallc.a(lib_a-fputs.o)
                                0x462 (size before relaxing)
 .debug_str     0x00001679       0x45 c:/altera/13.1/nios2eds/bin/gnu/h-i686-mingw32/bin/../lib/gcc/nios2-elf/4.7.3/../../../../../H-i686-mingw32/nios2-elf/lib/mno-hw-mul\libsmallc.a(lib_a-memcmp.o)
                                0x18a (size before relaxing)
 .debug_str     0x000016be       0x40 c:/altera/13.1/nios2eds/bin/gnu/h-i686-mingw32/bin/../lib/gcc/nios2-elf/4.7.3/../../../../../H-i686-mingw32/nios2-elf/lib/mno-hw-mul\libsmallc.a(lib_a-__atexit.o)
                                0x4b6 (size before relaxing)
 .debug_str     0x000016fe       0x64 c:/altera/13.1/nios2eds/bin/gnu/h-i686-mingw32/bin/../lib/gcc/nios2-elf/4.7.3/../../../../../H-i686-mingw32/nios2-elf/lib/mno-hw-mul\libsmallc.a(lib_a-__call_atexit.o)
                                0x494 (size before relaxing)
 .debug_str     0x00001762       0x2a ../LCD_pbl_bsp/\libhal_bsp.a(alt_exit.o)
                                0x11d (size before relaxing)

.debug_loc      0x00000000     0x20ba
 *(.debug_loc)
 .debug_loc     0x00000000       0xb1 obj/default/main.o
 .debug_loc     0x000000b1       0x93 c:/altera/13.1/nios2eds/bin/gnu/h-i686-mingw32/bin/../lib/gcc/nios2-elf/4.7.3/mno-hw-mul\libgcc.a(lib2-mul.o)
 .debug_loc     0x00000144       0xee c:/altera/13.1/nios2eds/bin/gnu/h-i686-mingw32/bin/../lib/gcc/nios2-elf/4.7.3/../../../../../H-i686-mingw32/nios2-elf/lib/mno-hw-mul\libsmallc.a(lib_a-memcpy.o)
 .debug_loc     0x00000232      0x125 c:/altera/13.1/nios2eds/bin/gnu/h-i686-mingw32/bin/../lib/gcc/nios2-elf/4.7.3/../../../../../H-i686-mingw32/nios2-elf/lib/mno-hw-mul\libsmallc.a(lib_a-printf.o)
 .debug_loc     0x00000357       0x29 c:/altera/13.1/nios2eds/bin/gnu/h-i686-mingw32/bin/../lib/gcc/nios2-elf/4.7.3/../../../../../H-i686-mingw32/nios2-elf/lib/mno-hw-mul\libsmallc.a(lib_a-strlen.o)
 .debug_loc     0x00000380      0xc9d c:/altera/13.1/nios2eds/bin/gnu/h-i686-mingw32/bin/../lib/gcc/nios2-elf/4.7.3/../../../../../H-i686-mingw32/nios2-elf/lib/mno-hw-mul\libsmallc.a(lib_a-vfprintf.o)
 .debug_loc     0x0000101d      0x19e c:/altera/13.1/nios2eds/bin/gnu/h-i686-mingw32/bin/../lib/gcc/nios2-elf/4.7.3/../../../../../H-i686-mingw32/nios2-elf/lib/mno-hw-mul\libsmallc.a(lib_a-fvwrite_small_dev.o)
 .debug_loc     0x000011bb       0xde c:/altera/13.1/nios2eds/bin/gnu/h-i686-mingw32/bin/../lib/gcc/nios2-elf/4.7.3/../../../../../H-i686-mingw32/nios2-elf/lib/mno-hw-mul\libsmallc.a(lib_a-writer.o)
 .debug_loc     0x00001299      0x338 c:/altera/13.1/nios2eds/bin/gnu/h-i686-mingw32/bin/../lib/gcc/nios2-elf/4.7.3/mno-hw-mul\libgcc.a(lib2-divmod.o)
 .debug_loc     0x000015d1       0x58 ../LCD_pbl_bsp/\libhal_bsp.a(alt_load.o)
 .debug_loc     0x00001629       0x2c ../LCD_pbl_bsp/\libhal_bsp.a(alt_main.o)
 .debug_loc     0x00001655       0x2c ../LCD_pbl_bsp/\libhal_bsp.a(alt_putstr.o)
 .debug_loc     0x00001681       0x2c ../LCD_pbl_bsp/\libhal_bsp.a(alt_usleep.o)
 .debug_loc     0x000016ad       0x58 ../LCD_pbl_bsp/\libhal_bsp.a(alt_write.o)
 .debug_loc     0x00001705       0x84 ../LCD_pbl_bsp/\libhal_bsp.a(alt_sys_init.o)
 .debug_loc     0x00001789       0x58 ../LCD_pbl_bsp/\libhal_bsp.a(altera_avalon_jtag_uart_fd.o)
 .debug_loc     0x000017e1       0x2c ../LCD_pbl_bsp/\libhal_bsp.a(altera_avalon_jtag_uart_read.o)
 .debug_loc     0x0000180d       0x2c ../LCD_pbl_bsp/\libhal_bsp.a(altera_avalon_jtag_uart_write.o)
 .debug_loc     0x00001839       0x2c ../LCD_pbl_bsp/\libhal_bsp.a(alt_busy_sleep.o)
 .debug_loc     0x00001865       0x58 ../LCD_pbl_bsp/\libhal_bsp.a(alt_close.o)
 .debug_loc     0x000018bd       0x2c ../LCD_pbl_bsp/\libhal_bsp.a(alt_dcache_flush_all.o)
 .debug_loc     0x000018e9       0x2c ../LCD_pbl_bsp/\libhal_bsp.a(alt_dev.o)
 .debug_loc     0x00001915       0x58 ../LCD_pbl_bsp/\libhal_bsp.a(alt_dev_llist_insert.o)
 .debug_loc     0x0000196d       0x2c ../LCD_pbl_bsp/\libhal_bsp.a(alt_do_ctors.o)
 .debug_loc     0x00001999       0x2c ../LCD_pbl_bsp/\libhal_bsp.a(alt_do_dtors.o)
 .debug_loc     0x000019c5       0x2c ../LCD_pbl_bsp/\libhal_bsp.a(alt_icache_flush_all.o)
 .debug_loc     0x000019f1       0x58 ../LCD_pbl_bsp/\libhal_bsp.a(alt_io_redirect.o)
 .debug_loc     0x00001a49       0x84 ../LCD_pbl_bsp/\libhal_bsp.a(alt_open.o)
 .debug_loc     0x00001acd       0x2c ../LCD_pbl_bsp/\libhal_bsp.a(alt_release_fd.o)
 .debug_loc     0x00001af9       0x2c ../LCD_pbl_bsp/\libhal_bsp.a(altera_nios2_qsys_irq.o)
 .debug_loc     0x00001b25       0x2c ../LCD_pbl_bsp/\libhal_bsp.a(alt_find_dev.o)
 .debug_loc     0x00001b51       0x2c ../LCD_pbl_bsp/\libhal_bsp.a(alt_find_file.o)
 .debug_loc     0x00001b7d       0x2c ../LCD_pbl_bsp/\libhal_bsp.a(alt_get_fd.o)
 .debug_loc     0x00001ba9       0x2c c:/altera/13.1/nios2eds/bin/gnu/h-i686-mingw32/bin/../lib/gcc/nios2-elf/4.7.3/../../../../../H-i686-mingw32/nios2-elf/lib/mno-hw-mul\libsmallc.a(lib_a-atexit.o)
 .debug_loc     0x00001bd5       0x3e c:/altera/13.1/nios2eds/bin/gnu/h-i686-mingw32/bin/../lib/gcc/nios2-elf/4.7.3/../../../../../H-i686-mingw32/nios2-elf/lib/mno-hw-mul\libsmallc.a(lib_a-exit.o)
 .debug_loc     0x00001c13       0x80 c:/altera/13.1/nios2eds/bin/gnu/h-i686-mingw32/bin/../lib/gcc/nios2-elf/4.7.3/../../../../../H-i686-mingw32/nios2-elf/lib/mno-hw-mul\libsmallc.a(lib_a-fputs.o)
 .debug_loc     0x00001c93       0x6f c:/altera/13.1/nios2eds/bin/gnu/h-i686-mingw32/bin/../lib/gcc/nios2-elf/4.7.3/../../../../../H-i686-mingw32/nios2-elf/lib/mno-hw-mul\libsmallc.a(lib_a-memcmp.o)
 .debug_loc     0x00001d02      0x1f4 c:/altera/13.1/nios2eds/bin/gnu/h-i686-mingw32/bin/../lib/gcc/nios2-elf/4.7.3/../../../../../H-i686-mingw32/nios2-elf/lib/mno-hw-mul\libsmallc.a(lib_a-__atexit.o)
 .debug_loc     0x00001ef6      0x198 c:/altera/13.1/nios2eds/bin/gnu/h-i686-mingw32/bin/../lib/gcc/nios2-elf/4.7.3/../../../../../H-i686-mingw32/nios2-elf/lib/mno-hw-mul\libsmallc.a(lib_a-__call_atexit.o)
 .debug_loc     0x0000208e       0x2c ../LCD_pbl_bsp/\libhal_bsp.a(alt_exit.o)

.debug_macinfo
 *(.debug_macinfo)

.debug_weaknames
 *(.debug_weaknames)

.debug_funcnames
 *(.debug_funcnames)

.debug_typenames
 *(.debug_typenames)

.debug_varnames
 *(.debug_varnames)

.debug_alt_sim_info
                0x00000000       0x40
 *(.debug_alt_sim_info)
 .debug_alt_sim_info
                0x00000000       0x10 ../LCD_pbl_bsp//obj/HAL/src/crt0.o
 .debug_alt_sim_info
                0x00000010       0x30 ../LCD_pbl_bsp/\libhal_bsp.a(alt_busy_sleep.o)
                0x0000d388                __alt_data_end = 0xd388
                0x0000d388                PROVIDE (__alt_stack_pointer, __alt_data_end)
                0x0000aba0                PROVIDE (__alt_stack_limit, __alt_stack_base)
                0x0000aba0                PROVIDE (__alt_heap_start, end)
                0x0000d388                PROVIDE (__alt_heap_limit, 0xd388)
OUTPUT(LCD_pbl.elf elf32-littlenios2)

.debug_ranges   0x00000000      0x1f0
 .debug_ranges  0x00000000       0x20 ../LCD_pbl_bsp//obj/HAL/src/crt0.o
 .debug_ranges  0x00000020      0x188 c:/altera/13.1/nios2eds/bin/gnu/h-i686-mingw32/bin/../lib/gcc/nios2-elf/4.7.3/../../../../../H-i686-mingw32/nios2-elf/lib/mno-hw-mul\libsmallc.a(lib_a-vfprintf.o)
 .debug_ranges  0x000001a8       0x18 c:/altera/13.1/nios2eds/bin/gnu/h-i686-mingw32/bin/../lib/gcc/nios2-elf/4.7.3/../../../../../H-i686-mingw32/nios2-elf/lib/mno-hw-mul\libsmallc.a(lib_a-fvwrite_small_dev.o)
 .debug_ranges  0x000001c0       0x18 ../LCD_pbl_bsp/\libhal_bsp.a(altera_avalon_jtag_uart_read.o)
 .debug_ranges  0x000001d8       0x18 c:/altera/13.1/nios2eds/bin/gnu/h-i686-mingw32/bin/../lib/gcc/nios2-elf/4.7.3/../../../../../H-i686-mingw32/nios2-elf/lib/mno-hw-mul\libsmallc.a(lib_a-__call_atexit.o)
