Archive member included because of file (symbol)

c:/altera/13.1/nios2eds/bin/gnu/h-i686-mingw32/bin/../lib/gcc/nios2-elf/4.7.3/mno-hw-mul\libgcc.a(lib2-mul.o)
                              obj/default/main.o (__mulsi3)
c:/altera/13.1/nios2eds/bin/gnu/h-i686-mingw32/bin/../lib/gcc/nios2-elf/4.7.3/../../../../../H-i686-mingw32/nios2-elf/lib/mno-hw-mul\libsmallc.a(lib_a-memcpy.o)
                              obj/default/main.o (memcpy)
c:/altera/13.1/nios2eds/bin/gnu/h-i686-mingw32/bin/../lib/gcc/nios2-elf/4.7.3/../../../../../H-i686-mingw32/nios2-elf/lib/mno-hw-mul\libsmallc.a(lib_a-printf.o)
                              obj/default/main.o (printf)
c:/altera/13.1/nios2eds/bin/gnu/h-i686-mingw32/bin/../lib/gcc/nios2-elf/4.7.3/../../../../../H-i686-mingw32/nios2-elf/lib/mno-hw-mul\libsmallc.a(lib_a-puts.o)
                              obj/default/main.o (puts)
c:/altera/13.1/nios2eds/bin/gnu/h-i686-mingw32/bin/../lib/gcc/nios2-elf/4.7.3/../../../../../H-i686-mingw32/nios2-elf/lib/mno-hw-mul\libsmallc.a(lib_a-strlen.o)
                              obj/default/main.o (strlen)
c:/altera/13.1/nios2eds/bin/gnu/h-i686-mingw32/bin/../lib/gcc/nios2-elf/4.7.3/../../../../../H-i686-mingw32/nios2-elf/lib/mno-hw-mul\libsmallc.a(lib_a-vfprintf.o)
                              c:/altera/13.1/nios2eds/bin/gnu/h-i686-mingw32/bin/../lib/gcc/nios2-elf/4.7.3/../../../../../H-i686-mingw32/nios2-elf/lib/mno-hw-mul\libsmallc.a(lib_a-printf.o) (___vfprintf_internal_r)
c:/altera/13.1/nios2eds/bin/gnu/h-i686-mingw32/bin/../lib/gcc/nios2-elf/4.7.3/../../../../../H-i686-mingw32/nios2-elf/lib/mno-hw-mul\libsmallc.a(lib_a-fvwrite_small_dev.o)
                              c:/altera/13.1/nios2eds/bin/gnu/h-i686-mingw32/bin/../lib/gcc/nios2-elf/4.7.3/../../../../../H-i686-mingw32/nios2-elf/lib/mno-hw-mul\libsmallc.a(lib_a-printf.o) (__sfvwrite_small_dev)
c:/altera/13.1/nios2eds/bin/gnu/h-i686-mingw32/bin/../lib/gcc/nios2-elf/4.7.3/../../../../../H-i686-mingw32/nios2-elf/lib/mno-hw-mul\libsmallc.a(lib_a-impure.o)
                              c:/altera/13.1/nios2eds/bin/gnu/h-i686-mingw32/bin/../lib/gcc/nios2-elf/4.7.3/../../../../../H-i686-mingw32/nios2-elf/lib/mno-hw-mul\libsmallc.a(lib_a-printf.o) (_impure_ptr)
c:/altera/13.1/nios2eds/bin/gnu/h-i686-mingw32/bin/../lib/gcc/nios2-elf/4.7.3/../../../../../H-i686-mingw32/nios2-elf/lib/mno-hw-mul\libsmallc.a(lib_a-writer.o)
                              c:/altera/13.1/nios2eds/bin/gnu/h-i686-mingw32/bin/../lib/gcc/nios2-elf/4.7.3/../../../../../H-i686-mingw32/nios2-elf/lib/mno-hw-mul\libsmallc.a(lib_a-fvwrite_small_dev.o) (_write_r)
c:/altera/13.1/nios2eds/bin/gnu/h-i686-mingw32/bin/../lib/gcc/nios2-elf/4.7.3/../../../../../H-i686-mingw32/nios2-elf/lib/mno-hw-mul\libsmallc.a(lib_a-int_errno.o)
                              c:/altera/13.1/nios2eds/bin/gnu/h-i686-mingw32/bin/../lib/gcc/nios2-elf/4.7.3/../../../../../H-i686-mingw32/nios2-elf/lib/mno-hw-mul\libsmallc.a(lib_a-writer.o) (errno)
c:/altera/13.1/nios2eds/bin/gnu/h-i686-mingw32/bin/../lib/gcc/nios2-elf/4.7.3/mno-hw-mul\libgcc.a(lib2-divmod.o)
                              c:/altera/13.1/nios2eds/bin/gnu/h-i686-mingw32/bin/../lib/gcc/nios2-elf/4.7.3/../../../../../H-i686-mingw32/nios2-elf/lib/mno-hw-mul\libsmallc.a(lib_a-vfprintf.o) (__udivsi3)
../PBL-SD-1_bsp/\libhal_bsp.a(alt_load.o)
                              ../PBL-SD-1_bsp//obj/HAL/src/crt0.o (alt_load)
../PBL-SD-1_bsp/\libhal_bsp.a(alt_main.o)
                              ../PBL-SD-1_bsp//obj/HAL/src/crt0.o (alt_main)
../PBL-SD-1_bsp/\libhal_bsp.a(alt_putstr.o)
                              obj/default/main.o (alt_putstr)
../PBL-SD-1_bsp/\libhal_bsp.a(alt_usleep.o)
                              obj/default/main.o (usleep)
../PBL-SD-1_bsp/\libhal_bsp.a(alt_write.o)
                              c:/altera/13.1/nios2eds/bin/gnu/h-i686-mingw32/bin/../lib/gcc/nios2-elf/4.7.3/../../../../../H-i686-mingw32/nios2-elf/lib/mno-hw-mul\libsmallc.a(lib_a-writer.o) (write)
../PBL-SD-1_bsp/\libhal_bsp.a(alt_sys_init.o)
                              ../PBL-SD-1_bsp/\libhal_bsp.a(alt_main.o) (alt_irq_init)
../PBL-SD-1_bsp/\libhal_bsp.a(altera_avalon_jtag_uart_fd.o)
                              ../PBL-SD-1_bsp/\libhal_bsp.a(alt_sys_init.o) (altera_avalon_jtag_uart_read_fd)
../PBL-SD-1_bsp/\libhal_bsp.a(altera_avalon_jtag_uart_read.o)
                              ../PBL-SD-1_bsp/\libhal_bsp.a(altera_avalon_jtag_uart_fd.o) (altera_avalon_jtag_uart_read)
../PBL-SD-1_bsp/\libhal_bsp.a(altera_avalon_jtag_uart_write.o)
                              ../PBL-SD-1_bsp/\libhal_bsp.a(altera_avalon_jtag_uart_fd.o) (altera_avalon_jtag_uart_write)
../PBL-SD-1_bsp/\libhal_bsp.a(alt_busy_sleep.o)
                              ../PBL-SD-1_bsp/\libhal_bsp.a(alt_usleep.o) (alt_busy_sleep)
../PBL-SD-1_bsp/\libhal_bsp.a(alt_close.o)
                              ../PBL-SD-1_bsp/\libhal_bsp.a(alt_main.o) (close)
../PBL-SD-1_bsp/\libhal_bsp.a(alt_dcache_flush_all.o)
                              ../PBL-SD-1_bsp/\libhal_bsp.a(alt_load.o) (alt_dcache_flush_all)
../PBL-SD-1_bsp/\libhal_bsp.a(alt_dev.o)
                              ../PBL-SD-1_bsp/\libhal_bsp.a(alt_sys_init.o) (alt_dev_list)
../PBL-SD-1_bsp/\libhal_bsp.a(alt_dev_llist_insert.o)
                              ../PBL-SD-1_bsp/\libhal_bsp.a(alt_sys_init.o) (alt_dev_llist_insert)
../PBL-SD-1_bsp/\libhal_bsp.a(alt_do_ctors.o)
                              ../PBL-SD-1_bsp/\libhal_bsp.a(alt_main.o) (_do_ctors)
../PBL-SD-1_bsp/\libhal_bsp.a(alt_do_dtors.o)
                              ../PBL-SD-1_bsp/\libhal_bsp.a(alt_main.o) (_do_dtors)
../PBL-SD-1_bsp/\libhal_bsp.a(alt_errno.o)
                              ../PBL-SD-1_bsp/\libhal_bsp.a(alt_write.o) (alt_errno)
../PBL-SD-1_bsp/\libhal_bsp.a(alt_icache_flush_all.o)
                              ../PBL-SD-1_bsp/\libhal_bsp.a(alt_load.o) (alt_icache_flush_all)
../PBL-SD-1_bsp/\libhal_bsp.a(alt_io_redirect.o)
                              ../PBL-SD-1_bsp/\libhal_bsp.a(alt_main.o) (alt_io_redirect)
../PBL-SD-1_bsp/\libhal_bsp.a(alt_open.o)
                              ../PBL-SD-1_bsp/\libhal_bsp.a(alt_io_redirect.o) (open)
../PBL-SD-1_bsp/\libhal_bsp.a(alt_release_fd.o)
                              ../PBL-SD-1_bsp/\libhal_bsp.a(alt_close.o) (alt_release_fd)
../PBL-SD-1_bsp/\libhal_bsp.a(altera_nios2_qsys_irq.o)
                              ../PBL-SD-1_bsp/\libhal_bsp.a(alt_sys_init.o) (altera_nios2_qsys_irq_init)
../PBL-SD-1_bsp/\libhal_bsp.a(alt_find_dev.o)
                              ../PBL-SD-1_bsp/\libhal_bsp.a(alt_open.o) (alt_find_dev)
../PBL-SD-1_bsp/\libhal_bsp.a(alt_find_file.o)
                              ../PBL-SD-1_bsp/\libhal_bsp.a(alt_open.o) (alt_find_file)
../PBL-SD-1_bsp/\libhal_bsp.a(alt_get_fd.o)
                              ../PBL-SD-1_bsp/\libhal_bsp.a(alt_open.o) (alt_get_fd)
c:/altera/13.1/nios2eds/bin/gnu/h-i686-mingw32/bin/../lib/gcc/nios2-elf/4.7.3/../../../../../H-i686-mingw32/nios2-elf/lib/mno-hw-mul\libsmallc.a(lib_a-atexit.o)
                              ../PBL-SD-1_bsp/\libhal_bsp.a(alt_main.o) (atexit)
c:/altera/13.1/nios2eds/bin/gnu/h-i686-mingw32/bin/../lib/gcc/nios2-elf/4.7.3/../../../../../H-i686-mingw32/nios2-elf/lib/mno-hw-mul\libsmallc.a(lib_a-exit.o)
                              ../PBL-SD-1_bsp/\libhal_bsp.a(alt_main.o) (exit)
c:/altera/13.1/nios2eds/bin/gnu/h-i686-mingw32/bin/../lib/gcc/nios2-elf/4.7.3/../../../../../H-i686-mingw32/nios2-elf/lib/mno-hw-mul\libsmallc.a(lib_a-fputs.o)
                              ../PBL-SD-1_bsp/\libhal_bsp.a(alt_putstr.o) (fputs)
c:/altera/13.1/nios2eds/bin/gnu/h-i686-mingw32/bin/../lib/gcc/nios2-elf/4.7.3/../../../../../H-i686-mingw32/nios2-elf/lib/mno-hw-mul\libsmallc.a(lib_a-memcmp.o)
                              ../PBL-SD-1_bsp/\libhal_bsp.a(alt_find_dev.o) (memcmp)
c:/altera/13.1/nios2eds/bin/gnu/h-i686-mingw32/bin/../lib/gcc/nios2-elf/4.7.3/../../../../../H-i686-mingw32/nios2-elf/lib/mno-hw-mul\libsmallc.a(lib_a-__atexit.o)
                              c:/altera/13.1/nios2eds/bin/gnu/h-i686-mingw32/bin/../lib/gcc/nios2-elf/4.7.3/../../../../../H-i686-mingw32/nios2-elf/lib/mno-hw-mul\libsmallc.a(lib_a-atexit.o) (__register_exitproc)
c:/altera/13.1/nios2eds/bin/gnu/h-i686-mingw32/bin/../lib/gcc/nios2-elf/4.7.3/../../../../../H-i686-mingw32/nios2-elf/lib/mno-hw-mul\libsmallc.a(lib_a-__call_atexit.o)
                              c:/altera/13.1/nios2eds/bin/gnu/h-i686-mingw32/bin/../lib/gcc/nios2-elf/4.7.3/../../../../../H-i686-mingw32/nios2-elf/lib/mno-hw-mul\libsmallc.a(lib_a-exit.o) (__call_exitprocs)
../PBL-SD-1_bsp/\libhal_bsp.a(alt_exit.o)
                              c:/altera/13.1/nios2eds/bin/gnu/h-i686-mingw32/bin/../lib/gcc/nios2-elf/4.7.3/../../../../../H-i686-mingw32/nios2-elf/lib/mno-hw-mul\libsmallc.a(lib_a-exit.o) (_exit)

Allocating common symbols
Common symbol       size              file

errno               0x4               c:/altera/13.1/nios2eds/bin/gnu/h-i686-mingw32/bin/../lib/gcc/nios2-elf/4.7.3/../../../../../H-i686-mingw32/nios2-elf/lib/mno-hw-mul\libsmallc.a(lib_a-int_errno.o)
_atexit0            0x8c              c:/altera/13.1/nios2eds/bin/gnu/h-i686-mingw32/bin/../lib/gcc/nios2-elf/4.7.3/../../../../../H-i686-mingw32/nios2-elf/lib/mno-hw-mul\libsmallc.a(lib_a-atexit.o)

Memory Configuration

Name             Origin             Length             Attributes
reset            0x00004000         0x00000020
memory           0x00004020         0x00003fe0
*default*        0x00000000         0xffffffff

Linker script and memory map

LOAD ../PBL-SD-1_bsp//obj/HAL/src/crt0.o
LOAD obj/default/main.o
LOAD c:/altera/13.1/nios2eds/bin/gnu/h-i686-mingw32/bin/../lib/gcc/nios2-elf/4.7.3/../../../../../H-i686-mingw32/nios2-elf/lib/mno-hw-mul\libstdc++.a
LOAD c:/altera/13.1/nios2eds/bin/gnu/h-i686-mingw32/bin/../lib/gcc/nios2-elf/4.7.3/../../../../../H-i686-mingw32/nios2-elf/lib/mno-hw-mul\libm.a
LOAD c:/altera/13.1/nios2eds/bin/gnu/h-i686-mingw32/bin/../lib/gcc/nios2-elf/4.7.3/mno-hw-mul\libgcc.a
START GROUP
LOAD c:/altera/13.1/nios2eds/bin/gnu/h-i686-mingw32/bin/../lib/gcc/nios2-elf/4.7.3/../../../../../H-i686-mingw32/nios2-elf/lib/mno-hw-mul\libsmallc.a
LOAD c:/altera/13.1/nios2eds/bin/gnu/h-i686-mingw32/bin/../lib/gcc/nios2-elf/4.7.3/mno-hw-mul\libgcc.a
LOAD ../PBL-SD-1_bsp/\libhal_bsp.a
END GROUP
LOAD c:/altera/13.1/nios2eds/bin/gnu/h-i686-mingw32/bin/../lib/gcc/nios2-elf/4.7.3/mno-hw-mul\libgcc.a
                0x00004000                __alt_mem_memory = 0x4000

.entry          0x00004000       0x20
 *(.entry)
 .entry         0x00004000       0x20 ../PBL-SD-1_bsp//obj/HAL/src/crt0.o
                0x00004000                __reset

.exceptions     0x00004020        0x0
                0x00004020                PROVIDE (__ram_exceptions_start, ABSOLUTE (.))
                0x00004020                . = ALIGN (0x20)
 *(.irq)
 *(.exceptions.entry.label)
 *(.exceptions.entry.user)
 *(.exceptions.entry.ecc_fatal)
 *(.exceptions.entry)
 *(.exceptions.irqtest.user)
 *(.exceptions.irqtest)
 *(.exceptions.irqhandler.user)
 *(.exceptions.irqhandler)
 *(.exceptions.irqreturn.user)
 *(.exceptions.irqreturn)
 *(.exceptions.notirq.label)
 *(.exceptions.notirq.user)
 *(.exceptions.notirq)
 *(.exceptions.soft.user)
 *(.exceptions.soft)
 *(.exceptions.unknown.user)
 *(.exceptions.unknown)
 *(.exceptions.exit.label)
 *(.exceptions.exit.user)
 *(.exceptions.exit)
 *(.exceptions)
                0x00004020                PROVIDE (__ram_exceptions_end, ABSOLUTE (.))
                0x00004020                PROVIDE (__flash_exceptions_start, LOADADDR (.exceptions))

.text           0x00004020     0x262c
                0x00004020                PROVIDE (stext, ABSOLUTE (.))
 *(.interp)
 *(.hash)
 *(.dynsym)
 *(.dynstr)
 *(.gnu.version)
 *(.gnu.version_d)
 *(.gnu.version_r)
 *(.rel.init)
 *(.rela.init)
 *(.rel.text .rel.text.* .rel.gnu.linkonce.t.*)
 *(.rela.text .rela.text.* .rela.gnu.linkonce.t.*)
 *(.rel.fini)
 *(.rela.fini)
 *(.rel.rodata .rel.rodata.* .rel.gnu.linkonce.r.*)
 *(.rela.rodata .rela.rodata.* .rela.gnu.linkonce.r.*)
 *(.rel.data .rel.data.* .rel.gnu.linkonce.d.*)
 *(.rela.data .rela.data.* .rela.gnu.linkonce.d.*)
 *(.rel.tdata .rel.tdata.* .rel.gnu.linkonce.td.*)
 *(.rela.tdata .rela.tdata.* .rela.gnu.linkonce.td.*)
 *(.rel.tbss .rel.tbss.* .rel.gnu.linkonce.tb.*)
 *(.rela.tbss .rela.tbss.* .rela.gnu.linkonce.tb.*)
 *(.rel.ctors)
 *(.rela.ctors)
 *(.rel.dtors)
 *(.rela.dtors)
 *(.rel.got)
 *(.rela.got)
 *(.rel.sdata .rel.sdata.* .rel.gnu.linkonce.s.*)
 *(.rela.sdata .rela.sdata.* .rela.gnu.linkonce.s.*)
 *(.rel.sbss .rel.sbss.* .rel.gnu.linkonce.sb.*)
 *(.rela.sbss .rela.sbss.* .rela.gnu.linkonce.sb.*)
 *(.rel.sdata2 .rel.sdata2.* .rel.gnu.linkonce.s2.*)
 *(.rela.sdata2 .rela.sdata2.* .rela.gnu.linkonce.s2.*)
 *(.rel.sbss2 .rel.sbss2.* .rel.gnu.linkonce.sb2.*)
 *(.rela.sbss2 .rela.sbss2.* .rela.gnu.linkonce.sb2.*)
 *(.rel.bss .rel.bss.* .rel.gnu.linkonce.b.*)
 *(.rela.bss .rela.bss.* .rela.gnu.linkonce.b.*)
 *(.rel.plt)
 *(.rela.plt)
 *(.rel.dyn)
 *(.init)
 *(.plt)
 *(.text .stub .text.* .gnu.linkonce.t.*)
 .text          0x00004020       0x3c ../PBL-SD-1_bsp//obj/HAL/src/crt0.o
                0x00004020                _start
 .text          0x0000405c      0x490 obj/default/main.o
                0x0000405c                main
                0x000042a0                acenderLeds
                0x0000434c                printalcd
                0x0000440c                lcd_init
 .text          0x000044ec       0x28 c:/altera/13.1/nios2eds/bin/gnu/h-i686-mingw32/bin/../lib/gcc/nios2-elf/4.7.3/mno-hw-mul\libgcc.a(lib2-mul.o)
                0x000044ec                __mulsi3
 .text          0x00004514       0x28 c:/altera/13.1/nios2eds/bin/gnu/h-i686-mingw32/bin/../lib/gcc/nios2-elf/4.7.3/../../../../../H-i686-mingw32/nios2-elf/lib/mno-hw-mul\libsmallc.a(lib_a-memcpy.o)
                0x00004514                memcpy
 .text          0x0000453c       0x88 c:/altera/13.1/nios2eds/bin/gnu/h-i686-mingw32/bin/../lib/gcc/nios2-elf/4.7.3/../../../../../H-i686-mingw32/nios2-elf/lib/mno-hw-mul\libsmallc.a(lib_a-printf.o)
                0x0000453c                _printf_r
                0x00004578                printf
 .text          0x000045c4       0x94 c:/altera/13.1/nios2eds/bin/gnu/h-i686-mingw32/bin/../lib/gcc/nios2-elf/4.7.3/../../../../../H-i686-mingw32/nios2-elf/lib/mno-hw-mul\libsmallc.a(lib_a-puts.o)
                0x000045c4                _puts_r
                0x00004644                puts
 .text          0x00004658       0x28 c:/altera/13.1/nios2eds/bin/gnu/h-i686-mingw32/bin/../lib/gcc/nios2-elf/4.7.3/../../../../../H-i686-mingw32/nios2-elf/lib/mno-hw-mul\libsmallc.a(lib_a-strlen.o)
                0x00004658                strlen
 .text          0x00004680      0x758 c:/altera/13.1/nios2eds/bin/gnu/h-i686-mingw32/bin/../lib/gcc/nios2-elf/4.7.3/../../../../../H-i686-mingw32/nios2-elf/lib/mno-hw-mul\libsmallc.a(lib_a-vfprintf.o)
                0x00004680                ___vfprintf_internal_r
                0x00004db4                __vfprintf_internal
 .text          0x00004dd8       0xe0 c:/altera/13.1/nios2eds/bin/gnu/h-i686-mingw32/bin/../lib/gcc/nios2-elf/4.7.3/../../../../../H-i686-mingw32/nios2-elf/lib/mno-hw-mul\libsmallc.a(lib_a-fvwrite_small_dev.o)
                0x00004dd8                __sfvwrite_small_dev
 .text          0x00004eb8        0x0 c:/altera/13.1/nios2eds/bin/gnu/h-i686-mingw32/bin/../lib/gcc/nios2-elf/4.7.3/../../../../../H-i686-mingw32/nios2-elf/lib/mno-hw-mul\libsmallc.a(lib_a-impure.o)
 .text          0x00004eb8       0x6c c:/altera/13.1/nios2eds/bin/gnu/h-i686-mingw32/bin/../lib/gcc/nios2-elf/4.7.3/../../../../../H-i686-mingw32/nios2-elf/lib/mno-hw-mul\libsmallc.a(lib_a-writer.o)
                0x00004eb8                _write_r
 .text          0x00004f24        0x0 c:/altera/13.1/nios2eds/bin/gnu/h-i686-mingw32/bin/../lib/gcc/nios2-elf/4.7.3/../../../../../H-i686-mingw32/nios2-elf/lib/mno-hw-mul\libsmallc.a(lib_a-int_errno.o)
 .text          0x00004f24      0x130 c:/altera/13.1/nios2eds/bin/gnu/h-i686-mingw32/bin/../lib/gcc/nios2-elf/4.7.3/mno-hw-mul\libgcc.a(lib2-divmod.o)
                0x00004f98                __divsi3
                0x00004fe8                __modsi3
                0x00005044                __udivsi3
                0x0000504c                __umodsi3
 .text          0x00005054       0xec ../PBL-SD-1_bsp/\libhal_bsp.a(alt_load.o)
                0x000050c0                alt_load
 .text          0x00005140       0x78 ../PBL-SD-1_bsp/\libhal_bsp.a(alt_main.o)
                0x00005140                alt_main
 .text          0x000051b8       0x44 ../PBL-SD-1_bsp/\libhal_bsp.a(alt_putstr.o)
                0x000051b8                alt_putstr
 .text          0x000051fc       0x30 ../PBL-SD-1_bsp/\libhal_bsp.a(alt_usleep.o)
                0x000051fc                usleep
 .text          0x0000522c      0x140 ../PBL-SD-1_bsp/\libhal_bsp.a(alt_write.o)
                0x0000527c                write
 .text          0x0000536c       0x9c ../PBL-SD-1_bsp/\libhal_bsp.a(alt_sys_init.o)
                0x000053a4                alt_irq_init
                0x000053d8                alt_sys_init
 .text          0x00005408       0xc0 ../PBL-SD-1_bsp/\libhal_bsp.a(altera_avalon_jtag_uart_fd.o)
                0x00005408                altera_avalon_jtag_uart_read_fd
                0x00005468                altera_avalon_jtag_uart_write_fd
 .text          0x000054c8       0xf4 ../PBL-SD-1_bsp/\libhal_bsp.a(altera_avalon_jtag_uart_read.o)
                0x000054c8                altera_avalon_jtag_uart_read
 .text          0x000055bc       0x98 ../PBL-SD-1_bsp/\libhal_bsp.a(altera_avalon_jtag_uart_write.o)
                0x000055bc                altera_avalon_jtag_uart_write
 .text          0x00005654      0x154 ../PBL-SD-1_bsp/\libhal_bsp.a(alt_busy_sleep.o)
                0x00005654                alt_busy_sleep
 .text          0x000057a8      0x11c ../PBL-SD-1_bsp/\libhal_bsp.a(alt_close.o)
                0x000057f8                close
 .text          0x000058c4       0x1c ../PBL-SD-1_bsp/\libhal_bsp.a(alt_dcache_flush_all.o)
                0x000058c4                alt_dcache_flush_all
 .text          0x000058e0       0x2c ../PBL-SD-1_bsp/\libhal_bsp.a(alt_dev.o)
 .text          0x0000590c       0xf0 ../PBL-SD-1_bsp/\libhal_bsp.a(alt_dev_llist_insert.o)
                0x0000595c                alt_dev_llist_insert
 .text          0x000059fc       0x5c ../PBL-SD-1_bsp/\libhal_bsp.a(alt_do_ctors.o)
                0x000059fc                _do_ctors
 .text          0x00005a58       0x5c ../PBL-SD-1_bsp/\libhal_bsp.a(alt_do_dtors.o)
                0x00005a58                _do_dtors
 .text          0x00005ab4        0x0 ../PBL-SD-1_bsp/\libhal_bsp.a(alt_errno.o)
 .text          0x00005ab4       0x1c ../PBL-SD-1_bsp/\libhal_bsp.a(alt_icache_flush_all.o)
                0x00005ab4                alt_icache_flush_all
 .text          0x00005ad0      0x158 ../PBL-SD-1_bsp/\libhal_bsp.a(alt_io_redirect.o)
                0x00005bb0                alt_io_redirect
 .text          0x00005c28      0x298 ../PBL-SD-1_bsp/\libhal_bsp.a(alt_open.o)
                0x00005d68                open
 .text          0x00005ec0       0x80 ../PBL-SD-1_bsp/\libhal_bsp.a(alt_release_fd.o)
                0x00005ec0                alt_release_fd
 .text          0x00005f40       0x20 ../PBL-SD-1_bsp/\libhal_bsp.a(altera_nios2_qsys_irq.o)
                0x00005f40                altera_nios2_qsys_irq_init
 .text          0x00005f60       0x90 ../PBL-SD-1_bsp/\libhal_bsp.a(alt_find_dev.o)
                0x00005f60                alt_find_dev
 .text          0x00005ff0      0x114 ../PBL-SD-1_bsp/\libhal_bsp.a(alt_find_file.o)
                0x00005ff0                alt_find_file
 .text          0x00006104       0xd4 ../PBL-SD-1_bsp/\libhal_bsp.a(alt_get_fd.o)
                0x00006104                alt_get_fd
 .text          0x000061d8       0x14 c:/altera/13.1/nios2eds/bin/gnu/h-i686-mingw32/bin/../lib/gcc/nios2-elf/4.7.3/../../../../../H-i686-mingw32/nios2-elf/lib/mno-hw-mul\libsmallc.a(lib_a-atexit.o)
                0x000061d8                atexit
 .text          0x000061ec       0x20 c:/altera/13.1/nios2eds/bin/gnu/h-i686-mingw32/bin/../lib/gcc/nios2-elf/4.7.3/../../../../../H-i686-mingw32/nios2-elf/lib/mno-hw-mul\libsmallc.a(lib_a-exit.o)
                0x000061ec                exit
 .text          0x0000620c       0x5c c:/altera/13.1/nios2eds/bin/gnu/h-i686-mingw32/bin/../lib/gcc/nios2-elf/4.7.3/../../../../../H-i686-mingw32/nios2-elf/lib/mno-hw-mul\libsmallc.a(lib_a-fputs.o)
                0x0000620c                fputs
 .text          0x00006268       0x48 c:/altera/13.1/nios2eds/bin/gnu/h-i686-mingw32/bin/../lib/gcc/nios2-elf/4.7.3/../../../../../H-i686-mingw32/nios2-elf/lib/mno-hw-mul\libsmallc.a(lib_a-memcmp.o)
                0x00006268                memcmp
 .text          0x000062b0      0x188 c:/altera/13.1/nios2eds/bin/gnu/h-i686-mingw32/bin/../lib/gcc/nios2-elf/4.7.3/../../../../../H-i686-mingw32/nios2-elf/lib/mno-hw-mul\libsmallc.a(lib_a-__atexit.o)
                0x000062b0                __register_exitproc
 .text          0x00006438      0x1d8 c:/altera/13.1/nios2eds/bin/gnu/h-i686-mingw32/bin/../lib/gcc/nios2-elf/4.7.3/../../../../../H-i686-mingw32/nios2-elf/lib/mno-hw-mul\libsmallc.a(lib_a-__call_atexit.o)
                0x00006438                __call_exitprocs
 .text          0x00006610       0x3c ../PBL-SD-1_bsp/\libhal_bsp.a(alt_exit.o)
                0x00006610                _exit
 *(.gnu.warning.*)
 *(.fini)
                0x0000664c                PROVIDE (__etext, ABSOLUTE (.))
                0x0000664c                PROVIDE (_etext, ABSOLUTE (.))
                0x0000664c                PROVIDE (etext, ABSOLUTE (.))
 *(.eh_frame_hdr)
                0x0000664c                . = ALIGN (0x4)
                0x0000664c                PROVIDE (__preinit_array_start, ABSOLUTE (.))
 *(.preinit_array)
                0x0000664c                PROVIDE (__preinit_array_end, ABSOLUTE (.))
                0x0000664c                PROVIDE (__init_array_start, ABSOLUTE (.))
 *(.init_array)
                0x0000664c                PROVIDE (__init_array_end, ABSOLUTE (.))
                0x0000664c                PROVIDE (__fini_array_start, ABSOLUTE (.))
 *(.fini_array)
                0x0000664c                PROVIDE (__fini_array_end, ABSOLUTE (.))
 *(.eh_frame)
 *(.gcc_except_table .gcc_except_table.*)
 *(.dynamic)
                0x0000664c                PROVIDE (__CTOR_LIST__, ABSOLUTE (.))
 *(.ctors)
 *(SORT(.ctors.*))
                0x0000664c                PROVIDE (__CTOR_END__, ABSOLUTE (.))
                0x0000664c                PROVIDE (__DTOR_LIST__, ABSOLUTE (.))
 *(.dtors)
 *(SORT(.dtors.*))
                0x0000664c                PROVIDE (__DTOR_END__, ABSOLUTE (.))
 *(.jcr)
                0x0000664c                . = ALIGN (0x4)

.rodata         0x0000664c       0xb4
                0x0000664c                PROVIDE (__ram_rodata_start, ABSOLUTE (.))
                0x0000664c                . = ALIGN (0x4)
 *(.rodata .rodata.* .gnu.linkonce.r.*)
 .rodata        0x0000664c       0x8c obj/default/main.o
 .rodata.str1.4
                0x000066d8        0x4 c:/altera/13.1/nios2eds/bin/gnu/h-i686-mingw32/bin/../lib/gcc/nios2-elf/4.7.3/../../../../../H-i686-mingw32/nios2-elf/lib/mno-hw-mul\libsmallc.a(lib_a-puts.o)
 .rodata        0x000066dc        0xc ../PBL-SD-1_bsp/\libhal_bsp.a(alt_main.o)
 .rodata        0x000066e8        0xc ../PBL-SD-1_bsp/\libhal_bsp.a(alt_sys_init.o)
 .rodata        0x000066f4        0xc ../PBL-SD-1_bsp/\libhal_bsp.a(alt_dev.o)
 *(.rodata1)
                0x00006700                . = ALIGN (0x4)
                0x00006700                PROVIDE (__ram_rodata_end, ABSOLUTE (.))
                0x0000664c                PROVIDE (__flash_rodata_start, LOADADDR (.rodata))

.rwdata         0x00006700      0x2d8 load address 0x000069d8
                0x00006700                PROVIDE (__ram_rwdata_start, ABSOLUTE (.))
                0x00006700                . = ALIGN (0x4)
 *(.got.plt)
 *(.got)
 *(.data1)
 *(.data .data.* .gnu.linkonce.d.*)
 .data          0x00006700        0x0 ../PBL-SD-1_bsp//obj/HAL/src/crt0.o
 .data          0x00006700        0x0 obj/default/main.o
 .data          0x00006700        0x0 c:/altera/13.1/nios2eds/bin/gnu/h-i686-mingw32/bin/../lib/gcc/nios2-elf/4.7.3/mno-hw-mul\libgcc.a(lib2-mul.o)
 .data          0x00006700        0x0 c:/altera/13.1/nios2eds/bin/gnu/h-i686-mingw32/bin/../lib/gcc/nios2-elf/4.7.3/../../../../../H-i686-mingw32/nios2-elf/lib/mno-hw-mul\libsmallc.a(lib_a-memcpy.o)
 .data          0x00006700        0x0 c:/altera/13.1/nios2eds/bin/gnu/h-i686-mingw32/bin/../lib/gcc/nios2-elf/4.7.3/../../../../../H-i686-mingw32/nios2-elf/lib/mno-hw-mul\libsmallc.a(lib_a-printf.o)
 .data          0x00006700        0x0 c:/altera/13.1/nios2eds/bin/gnu/h-i686-mingw32/bin/../lib/gcc/nios2-elf/4.7.3/../../../../../H-i686-mingw32/nios2-elf/lib/mno-hw-mul\libsmallc.a(lib_a-puts.o)
 .data          0x00006700        0x0 c:/altera/13.1/nios2eds/bin/gnu/h-i686-mingw32/bin/../lib/gcc/nios2-elf/4.7.3/../../../../../H-i686-mingw32/nios2-elf/lib/mno-hw-mul\libsmallc.a(lib_a-strlen.o)
 .data          0x00006700        0x0 c:/altera/13.1/nios2eds/bin/gnu/h-i686-mingw32/bin/../lib/gcc/nios2-elf/4.7.3/../../../../../H-i686-mingw32/nios2-elf/lib/mno-hw-mul\libsmallc.a(lib_a-vfprintf.o)
 .data          0x00006700        0x0 c:/altera/13.1/nios2eds/bin/gnu/h-i686-mingw32/bin/../lib/gcc/nios2-elf/4.7.3/../../../../../H-i686-mingw32/nios2-elf/lib/mno-hw-mul\libsmallc.a(lib_a-fvwrite_small_dev.o)
 .data          0x00006700       0xe0 c:/altera/13.1/nios2eds/bin/gnu/h-i686-mingw32/bin/../lib/gcc/nios2-elf/4.7.3/../../../../../H-i686-mingw32/nios2-elf/lib/mno-hw-mul\libsmallc.a(lib_a-impure.o)
 .data          0x000067e0        0x0 c:/altera/13.1/nios2eds/bin/gnu/h-i686-mingw32/bin/../lib/gcc/nios2-elf/4.7.3/../../../../../H-i686-mingw32/nios2-elf/lib/mno-hw-mul\libsmallc.a(lib_a-writer.o)
 .data          0x000067e0        0x0 c:/altera/13.1/nios2eds/bin/gnu/h-i686-mingw32/bin/../lib/gcc/nios2-elf/4.7.3/../../../../../H-i686-mingw32/nios2-elf/lib/mno-hw-mul\libsmallc.a(lib_a-int_errno.o)
 .data          0x000067e0        0x0 c:/altera/13.1/nios2eds/bin/gnu/h-i686-mingw32/bin/../lib/gcc/nios2-elf/4.7.3/mno-hw-mul\libgcc.a(lib2-divmod.o)
 .data          0x000067e0        0x0 ../PBL-SD-1_bsp/\libhal_bsp.a(alt_load.o)
 .data          0x000067e0        0x0 ../PBL-SD-1_bsp/\libhal_bsp.a(alt_main.o)
 .data          0x000067e0        0x0 ../PBL-SD-1_bsp/\libhal_bsp.a(alt_putstr.o)
 .data          0x000067e0        0x0 ../PBL-SD-1_bsp/\libhal_bsp.a(alt_usleep.o)
 .data          0x000067e0        0x0 ../PBL-SD-1_bsp/\libhal_bsp.a(alt_write.o)
 .data          0x000067e0       0x2c ../PBL-SD-1_bsp/\libhal_bsp.a(alt_sys_init.o)
 .data          0x0000680c        0x0 ../PBL-SD-1_bsp/\libhal_bsp.a(altera_avalon_jtag_uart_fd.o)
 .data          0x0000680c        0x0 ../PBL-SD-1_bsp/\libhal_bsp.a(altera_avalon_jtag_uart_read.o)
 .data          0x0000680c        0x0 ../PBL-SD-1_bsp/\libhal_bsp.a(altera_avalon_jtag_uart_write.o)
 .data          0x0000680c        0x0 ../PBL-SD-1_bsp/\libhal_bsp.a(alt_busy_sleep.o)
 .data          0x0000680c        0x0 ../PBL-SD-1_bsp/\libhal_bsp.a(alt_close.o)
 .data          0x0000680c        0x0 ../PBL-SD-1_bsp/\libhal_bsp.a(alt_dcache_flush_all.o)
 .data          0x0000680c      0x1a8 ../PBL-SD-1_bsp/\libhal_bsp.a(alt_dev.o)
                0x0000680c                alt_dev_null
                0x00006834                alt_fd_list
 .data          0x000069b4        0x0 ../PBL-SD-1_bsp/\libhal_bsp.a(alt_dev_llist_insert.o)
 .data          0x000069b4        0x0 ../PBL-SD-1_bsp/\libhal_bsp.a(alt_do_ctors.o)
 .data          0x000069b4        0x0 ../PBL-SD-1_bsp/\libhal_bsp.a(alt_do_dtors.o)
 .data          0x000069b4        0x0 ../PBL-SD-1_bsp/\libhal_bsp.a(alt_errno.o)
 .data          0x000069b4        0x0 ../PBL-SD-1_bsp/\libhal_bsp.a(alt_icache_flush_all.o)
 .data          0x000069b4        0x0 ../PBL-SD-1_bsp/\libhal_bsp.a(alt_io_redirect.o)
 .data          0x000069b4        0x0 ../PBL-SD-1_bsp/\libhal_bsp.a(alt_open.o)
 .data          0x000069b4        0x0 ../PBL-SD-1_bsp/\libhal_bsp.a(alt_release_fd.o)
 .data          0x000069b4        0x0 ../PBL-SD-1_bsp/\libhal_bsp.a(altera_nios2_qsys_irq.o)
 .data          0x000069b4        0x0 ../PBL-SD-1_bsp/\libhal_bsp.a(alt_find_dev.o)
 .data          0x000069b4        0x0 ../PBL-SD-1_bsp/\libhal_bsp.a(alt_find_file.o)
 .data          0x000069b4        0x0 ../PBL-SD-1_bsp/\libhal_bsp.a(alt_get_fd.o)
 .data          0x000069b4        0x0 c:/altera/13.1/nios2eds/bin/gnu/h-i686-mingw32/bin/../lib/gcc/nios2-elf/4.7.3/../../../../../H-i686-mingw32/nios2-elf/lib/mno-hw-mul\libsmallc.a(lib_a-atexit.o)
 .data          0x000069b4        0x0 c:/altera/13.1/nios2eds/bin/gnu/h-i686-mingw32/bin/../lib/gcc/nios2-elf/4.7.3/../../../../../H-i686-mingw32/nios2-elf/lib/mno-hw-mul\libsmallc.a(lib_a-exit.o)
 .data          0x000069b4        0x0 c:/altera/13.1/nios2eds/bin/gnu/h-i686-mingw32/bin/../lib/gcc/nios2-elf/4.7.3/../../../../../H-i686-mingw32/nios2-elf/lib/mno-hw-mul\libsmallc.a(lib_a-fputs.o)
 .data          0x000069b4        0x0 c:/altera/13.1/nios2eds/bin/gnu/h-i686-mingw32/bin/../lib/gcc/nios2-elf/4.7.3/../../../../../H-i686-mingw32/nios2-elf/lib/mno-hw-mul\libsmallc.a(lib_a-memcmp.o)
 .data          0x000069b4        0x0 c:/altera/13.1/nios2eds/bin/gnu/h-i686-mingw32/bin/../lib/gcc/nios2-elf/4.7.3/../../../../../H-i686-mingw32/nios2-elf/lib/mno-hw-mul\libsmallc.a(lib_a-__atexit.o)
 .data          0x000069b4        0x0 c:/altera/13.1/nios2eds/bin/gnu/h-i686-mingw32/bin/../lib/gcc/nios2-elf/4.7.3/../../../../../H-i686-mingw32/nios2-elf/lib/mno-hw-mul\libsmallc.a(lib_a-__call_atexit.o)
 .data          0x000069b4        0x0 ../PBL-SD-1_bsp/\libhal_bsp.a(alt_exit.o)
                0x0000e9b4                _gp = ABSOLUTE ((. + 0x8000))
                0x0000e9b4                PROVIDE (gp, _gp)
 *(.rwdata .rwdata.*)
 *(.sdata .sdata.* .gnu.linkonce.s.*)
 .sdata         0x000069b4        0x1 obj/default/main.o
                0x000069b4                button_value
 *fill*         0x000069b5        0x3 
 .sdata         0x000069b8        0x8 c:/altera/13.1/nios2eds/bin/gnu/h-i686-mingw32/bin/../lib/gcc/nios2-elf/4.7.3/../../../../../H-i686-mingw32/nios2-elf/lib/mno-hw-mul\libsmallc.a(lib_a-impure.o)
                0x000069b8                _global_impure_ptr
                0x000069bc                _impure_ptr
 .sdata         0x000069c0       0x14 ../PBL-SD-1_bsp/\libhal_bsp.a(alt_dev.o)
                0x000069c0                alt_fs_list
                0x000069c8                alt_dev_list
                0x000069d0                alt_max_fd
 .sdata         0x000069d4        0x4 ../PBL-SD-1_bsp/\libhal_bsp.a(alt_errno.o)
                0x000069d4                alt_errno
 *(.sdata2 .sdata2.* .gnu.linkonce.s2.*)
                0x000069d8                . = ALIGN (0x4)
                0x000069d8                _edata = ABSOLUTE (.)
                0x000069d8                PROVIDE (edata, ABSOLUTE (.))
                0x000069d8                PROVIDE (__ram_rwdata_end, ABSOLUTE (.))
                0x000069d8                PROVIDE (__flash_rwdata_start, LOADADDR (.rwdata))

.bss            0x00006cb0       0x9c
                0x00006cb0                __bss_start = ABSOLUTE (.)
                0x00006cb0                PROVIDE (__sbss_start, ABSOLUTE (.))
                0x00006cb0                PROVIDE (___sbss_start, ABSOLUTE (.))
 *(.dynsbss)
 *(.sbss .sbss.* .gnu.linkonce.sb.*)
 .sbss          0x00006cb0        0x4 c:/altera/13.1/nios2eds/bin/gnu/h-i686-mingw32/bin/../lib/gcc/nios2-elf/4.7.3/../../../../../H-i686-mingw32/nios2-elf/lib/mno-hw-mul\libsmallc.a(lib_a-int_errno.o)
                0x00006cb0                errno
 .sbss          0x00006cb4        0xc ../PBL-SD-1_bsp/\libhal_bsp.a(alt_main.o)
                0x00006cb4                alt_argc
                0x00006cb8                alt_argv
                0x00006cbc                alt_envp
 *(.sbss2 .sbss2.* .gnu.linkonce.sb2.*)
 *(.scommon)
                0x00006cc0                PROVIDE (__sbss_end, ABSOLUTE (.))
                0x00006cc0                PROVIDE (___sbss_end, ABSOLUTE (.))
 *(.dynbss)
 *(.bss .bss.* .gnu.linkonce.b.*)
 .bss           0x00006cc0        0x0 ../PBL-SD-1_bsp//obj/HAL/src/crt0.o
 .bss           0x00006cc0        0x0 obj/default/main.o
 .bss           0x00006cc0        0x0 c:/altera/13.1/nios2eds/bin/gnu/h-i686-mingw32/bin/../lib/gcc/nios2-elf/4.7.3/mno-hw-mul\libgcc.a(lib2-mul.o)
 .bss           0x00006cc0        0x0 c:/altera/13.1/nios2eds/bin/gnu/h-i686-mingw32/bin/../lib/gcc/nios2-elf/4.7.3/../../../../../H-i686-mingw32/nios2-elf/lib/mno-hw-mul\libsmallc.a(lib_a-memcpy.o)
 .bss           0x00006cc0        0x0 c:/altera/13.1/nios2eds/bin/gnu/h-i686-mingw32/bin/../lib/gcc/nios2-elf/4.7.3/../../../../../H-i686-mingw32/nios2-elf/lib/mno-hw-mul\libsmallc.a(lib_a-printf.o)
 .bss           0x00006cc0        0x0 c:/altera/13.1/nios2eds/bin/gnu/h-i686-mingw32/bin/../lib/gcc/nios2-elf/4.7.3/../../../../../H-i686-mingw32/nios2-elf/lib/mno-hw-mul\libsmallc.a(lib_a-puts.o)
 .bss           0x00006cc0        0x0 c:/altera/13.1/nios2eds/bin/gnu/h-i686-mingw32/bin/../lib/gcc/nios2-elf/4.7.3/../../../../../H-i686-mingw32/nios2-elf/lib/mno-hw-mul\libsmallc.a(lib_a-strlen.o)
 .bss           0x00006cc0        0x0 c:/altera/13.1/nios2eds/bin/gnu/h-i686-mingw32/bin/../lib/gcc/nios2-elf/4.7.3/../../../../../H-i686-mingw32/nios2-elf/lib/mno-hw-mul\libsmallc.a(lib_a-vfprintf.o)
 .bss           0x00006cc0        0x0 c:/altera/13.1/nios2eds/bin/gnu/h-i686-mingw32/bin/../lib/gcc/nios2-elf/4.7.3/../../../../../H-i686-mingw32/nios2-elf/lib/mno-hw-mul\libsmallc.a(lib_a-fvwrite_small_dev.o)
 .bss           0x00006cc0        0x0 c:/altera/13.1/nios2eds/bin/gnu/h-i686-mingw32/bin/../lib/gcc/nios2-elf/4.7.3/../../../../../H-i686-mingw32/nios2-elf/lib/mno-hw-mul\libsmallc.a(lib_a-impure.o)
 .bss           0x00006cc0        0x0 c:/altera/13.1/nios2eds/bin/gnu/h-i686-mingw32/bin/../lib/gcc/nios2-elf/4.7.3/../../../../../H-i686-mingw32/nios2-elf/lib/mno-hw-mul\libsmallc.a(lib_a-writer.o)
 .bss           0x00006cc0        0x0 c:/altera/13.1/nios2eds/bin/gnu/h-i686-mingw32/bin/../lib/gcc/nios2-elf/4.7.3/../../../../../H-i686-mingw32/nios2-elf/lib/mno-hw-mul\libsmallc.a(lib_a-int_errno.o)
 .bss           0x00006cc0        0x0 c:/altera/13.1/nios2eds/bin/gnu/h-i686-mingw32/bin/../lib/gcc/nios2-elf/4.7.3/mno-hw-mul\libgcc.a(lib2-divmod.o)
 .bss           0x00006cc0        0x0 ../PBL-SD-1_bsp/\libhal_bsp.a(alt_load.o)
 .bss           0x00006cc0        0x0 ../PBL-SD-1_bsp/\libhal_bsp.a(alt_main.o)
 .bss           0x00006cc0        0x0 ../PBL-SD-1_bsp/\libhal_bsp.a(alt_putstr.o)
 .bss           0x00006cc0        0x0 ../PBL-SD-1_bsp/\libhal_bsp.a(alt_usleep.o)
 .bss           0x00006cc0        0x0 ../PBL-SD-1_bsp/\libhal_bsp.a(alt_write.o)
 .bss           0x00006cc0        0x0 ../PBL-SD-1_bsp/\libhal_bsp.a(alt_sys_init.o)
 .bss           0x00006cc0        0x0 ../PBL-SD-1_bsp/\libhal_bsp.a(altera_avalon_jtag_uart_fd.o)
 .bss           0x00006cc0        0x0 ../PBL-SD-1_bsp/\libhal_bsp.a(altera_avalon_jtag_uart_read.o)
 .bss           0x00006cc0        0x0 ../PBL-SD-1_bsp/\libhal_bsp.a(altera_avalon_jtag_uart_write.o)
 .bss           0x00006cc0        0x0 ../PBL-SD-1_bsp/\libhal_bsp.a(alt_busy_sleep.o)
 .bss           0x00006cc0        0x0 ../PBL-SD-1_bsp/\libhal_bsp.a(alt_close.o)
 .bss           0x00006cc0        0x0 ../PBL-SD-1_bsp/\libhal_bsp.a(alt_dcache_flush_all.o)
 .bss           0x00006cc0        0x0 ../PBL-SD-1_bsp/\libhal_bsp.a(alt_dev.o)
 .bss           0x00006cc0        0x0 ../PBL-SD-1_bsp/\libhal_bsp.a(alt_dev_llist_insert.o)
 .bss           0x00006cc0        0x0 ../PBL-SD-1_bsp/\libhal_bsp.a(alt_do_ctors.o)
 .bss           0x00006cc0        0x0 ../PBL-SD-1_bsp/\libhal_bsp.a(alt_do_dtors.o)
 .bss           0x00006cc0        0x0 ../PBL-SD-1_bsp/\libhal_bsp.a(alt_errno.o)
 .bss           0x00006cc0        0x0 ../PBL-SD-1_bsp/\libhal_bsp.a(alt_icache_flush_all.o)
 .bss           0x00006cc0        0x0 ../PBL-SD-1_bsp/\libhal_bsp.a(alt_io_redirect.o)
 .bss           0x00006cc0        0x0 ../PBL-SD-1_bsp/\libhal_bsp.a(alt_open.o)
 .bss           0x00006cc0        0x0 ../PBL-SD-1_bsp/\libhal_bsp.a(alt_release_fd.o)
 .bss           0x00006cc0        0x0 ../PBL-SD-1_bsp/\libhal_bsp.a(altera_nios2_qsys_irq.o)
 .bss           0x00006cc0        0x0 ../PBL-SD-1_bsp/\libhal_bsp.a(alt_find_dev.o)
 .bss           0x00006cc0        0x0 ../PBL-SD-1_bsp/\libhal_bsp.a(alt_find_file.o)
 .bss           0x00006cc0        0x0 ../PBL-SD-1_bsp/\libhal_bsp.a(alt_get_fd.o)
 .bss           0x00006cc0        0x0 c:/altera/13.1/nios2eds/bin/gnu/h-i686-mingw32/bin/../lib/gcc/nios2-elf/4.7.3/../../../../../H-i686-mingw32/nios2-elf/lib/mno-hw-mul\libsmallc.a(lib_a-atexit.o)
 .bss           0x00006cc0        0x0 c:/altera/13.1/nios2eds/bin/gnu/h-i686-mingw32/bin/../lib/gcc/nios2-elf/4.7.3/../../../../../H-i686-mingw32/nios2-elf/lib/mno-hw-mul\libsmallc.a(lib_a-exit.o)
 .bss           0x00006cc0        0x0 c:/altera/13.1/nios2eds/bin/gnu/h-i686-mingw32/bin/../lib/gcc/nios2-elf/4.7.3/../../../../../H-i686-mingw32/nios2-elf/lib/mno-hw-mul\libsmallc.a(lib_a-fputs.o)
 .bss           0x00006cc0        0x0 c:/altera/13.1/nios2eds/bin/gnu/h-i686-mingw32/bin/../lib/gcc/nios2-elf/4.7.3/../../../../../H-i686-mingw32/nios2-elf/lib/mno-hw-mul\libsmallc.a(lib_a-memcmp.o)
 .bss           0x00006cc0        0x0 c:/altera/13.1/nios2eds/bin/gnu/h-i686-mingw32/bin/../lib/gcc/nios2-elf/4.7.3/../../../../../H-i686-mingw32/nios2-elf/lib/mno-hw-mul\libsmallc.a(lib_a-__atexit.o)
 .bss           0x00006cc0        0x0 c:/altera/13.1/nios2eds/bin/gnu/h-i686-mingw32/bin/../lib/gcc/nios2-elf/4.7.3/../../../../../H-i686-mingw32/nios2-elf/lib/mno-hw-mul\libsmallc.a(lib_a-__call_atexit.o)
 .bss           0x00006cc0        0x0 ../PBL-SD-1_bsp/\libhal_bsp.a(alt_exit.o)
 *(COMMON)
 COMMON         0x00006cc0       0x8c c:/altera/13.1/nios2eds/bin/gnu/h-i686-mingw32/bin/../lib/gcc/nios2-elf/4.7.3/../../../../../H-i686-mingw32/nios2-elf/lib/mno-hw-mul\libsmallc.a(lib_a-atexit.o)
                0x00006cc0                _atexit0
                0x00006d4c                . = ALIGN (0x4)
                0x00006d4c                __bss_end = ABSOLUTE (.)

.memory         0x00006d4c        0x0
                0x00006d4c                PROVIDE (_alt_partition_memory_start, ABSOLUTE (.))
 *(.memory .memory. memory.*)
                0x00006d4c                . = ALIGN (0x4)
                0x00006d4c                PROVIDE (_alt_partition_memory_end, ABSOLUTE (.))
                0x00006d4c                _end = ABSOLUTE (.)
                0x00006d4c                end = ABSOLUTE (.)
                0x00006d4c                __alt_stack_base = ABSOLUTE (.)
                0x00006d4c                PROVIDE (_alt_partition_memory_load_addr, LOADADDR (.memory))

.stab
 *(.stab)

.stabstr
 *(.stabstr)

.stab.excl
 *(.stab.excl)

.stab.exclstr
 *(.stab.exclstr)

.stab.index
 *(.stab.index)

.stab.indexstr
 *(.stab.indexstr)

.comment        0x00000000       0x23
 *(.comment)
 .comment       0x00000000       0x23 obj/default/main.o
                                 0x24 (size before relaxing)
 .comment       0x00000000       0x24 c:/altera/13.1/nios2eds/bin/gnu/h-i686-mingw32/bin/../lib/gcc/nios2-elf/4.7.3/mno-hw-mul\libgcc.a(lib2-mul.o)
 .comment       0x00000000       0x24 c:/altera/13.1/nios2eds/bin/gnu/h-i686-mingw32/bin/../lib/gcc/nios2-elf/4.7.3/../../../../../H-i686-mingw32/nios2-elf/lib/mno-hw-mul\libsmallc.a(lib_a-memcpy.o)
 .comment       0x00000000       0x24 c:/altera/13.1/nios2eds/bin/gnu/h-i686-mingw32/bin/../lib/gcc/nios2-elf/4.7.3/../../../../../H-i686-mingw32/nios2-elf/lib/mno-hw-mul\libsmallc.a(lib_a-printf.o)
 .comment       0x00000000       0x24 c:/altera/13.1/nios2eds/bin/gnu/h-i686-mingw32/bin/../lib/gcc/nios2-elf/4.7.3/../../../../../H-i686-mingw32/nios2-elf/lib/mno-hw-mul\libsmallc.a(lib_a-puts.o)
 .comment       0x00000000       0x24 c:/altera/13.1/nios2eds/bin/gnu/h-i686-mingw32/bin/../lib/gcc/nios2-elf/4.7.3/../../../../../H-i686-mingw32/nios2-elf/lib/mno-hw-mul\libsmallc.a(lib_a-strlen.o)
 .comment       0x00000000       0x24 c:/altera/13.1/nios2eds/bin/gnu/h-i686-mingw32/bin/../lib/gcc/nios2-elf/4.7.3/../../../../../H-i686-mingw32/nios2-elf/lib/mno-hw-mul\libsmallc.a(lib_a-vfprintf.o)
 .comment       0x00000000       0x24 c:/altera/13.1/nios2eds/bin/gnu/h-i686-mingw32/bin/../lib/gcc/nios2-elf/4.7.3/../../../../../H-i686-mingw32/nios2-elf/lib/mno-hw-mul\libsmallc.a(lib_a-fvwrite_small_dev.o)
 .comment       0x00000000       0x24 c:/altera/13.1/nios2eds/bin/gnu/h-i686-mingw32/bin/../lib/gcc/nios2-elf/4.7.3/../../../../../H-i686-mingw32/nios2-elf/lib/mno-hw-mul\libsmallc.a(lib_a-impure.o)
 .comment       0x00000000       0x24 c:/altera/13.1/nios2eds/bin/gnu/h-i686-mingw32/bin/../lib/gcc/nios2-elf/4.7.3/../../../../../H-i686-mingw32/nios2-elf/lib/mno-hw-mul\libsmallc.a(lib_a-writer.o)
 .comment       0x00000000       0x24 c:/altera/13.1/nios2eds/bin/gnu/h-i686-mingw32/bin/../lib/gcc/nios2-elf/4.7.3/../../../../../H-i686-mingw32/nios2-elf/lib/mno-hw-mul\libsmallc.a(lib_a-int_errno.o)
 .comment       0x00000000       0x24 c:/altera/13.1/nios2eds/bin/gnu/h-i686-mingw32/bin/../lib/gcc/nios2-elf/4.7.3/mno-hw-mul\libgcc.a(lib2-divmod.o)
 .comment       0x00000000       0x24 ../PBL-SD-1_bsp/\libhal_bsp.a(alt_load.o)
 .comment       0x00000000       0x24 ../PBL-SD-1_bsp/\libhal_bsp.a(alt_main.o)
 .comment       0x00000000       0x24 ../PBL-SD-1_bsp/\libhal_bsp.a(alt_putstr.o)
 .comment       0x00000000       0x24 ../PBL-SD-1_bsp/\libhal_bsp.a(alt_usleep.o)
 .comment       0x00000000       0x24 ../PBL-SD-1_bsp/\libhal_bsp.a(alt_write.o)
 .comment       0x00000000       0x24 ../PBL-SD-1_bsp/\libhal_bsp.a(alt_sys_init.o)
 .comment       0x00000000       0x24 ../PBL-SD-1_bsp/\libhal_bsp.a(altera_avalon_jtag_uart_fd.o)
 .comment       0x00000000       0x24 ../PBL-SD-1_bsp/\libhal_bsp.a(altera_avalon_jtag_uart_read.o)
 .comment       0x00000000       0x24 ../PBL-SD-1_bsp/\libhal_bsp.a(altera_avalon_jtag_uart_write.o)
 .comment       0x00000000       0x24 ../PBL-SD-1_bsp/\libhal_bsp.a(alt_busy_sleep.o)
 .comment       0x00000000       0x24 ../PBL-SD-1_bsp/\libhal_bsp.a(alt_close.o)
 .comment       0x00000000       0x24 ../PBL-SD-1_bsp/\libhal_bsp.a(alt_dcache_flush_all.o)
 .comment       0x00000000       0x24 ../PBL-SD-1_bsp/\libhal_bsp.a(alt_dev.o)
 .comment       0x00000000       0x24 ../PBL-SD-1_bsp/\libhal_bsp.a(alt_dev_llist_insert.o)
 .comment       0x00000000       0x24 ../PBL-SD-1_bsp/\libhal_bsp.a(alt_do_ctors.o)
 .comment       0x00000000       0x24 ../PBL-SD-1_bsp/\libhal_bsp.a(alt_do_dtors.o)
 .comment       0x00000000       0x24 ../PBL-SD-1_bsp/\libhal_bsp.a(alt_errno.o)
 .comment       0x00000000       0x24 ../PBL-SD-1_bsp/\libhal_bsp.a(alt_icache_flush_all.o)
 .comment       0x00000000       0x24 ../PBL-SD-1_bsp/\libhal_bsp.a(alt_io_redirect.o)
 .comment       0x00000000       0x24 ../PBL-SD-1_bsp/\libhal_bsp.a(alt_open.o)
 .comment       0x00000000       0x24 ../PBL-SD-1_bsp/\libhal_bsp.a(alt_release_fd.o)
 .comment       0x00000000       0x24 ../PBL-SD-1_bsp/\libhal_bsp.a(altera_nios2_qsys_irq.o)
 .comment       0x00000000       0x24 ../PBL-SD-1_bsp/\libhal_bsp.a(alt_find_dev.o)
 .comment       0x00000000       0x24 ../PBL-SD-1_bsp/\libhal_bsp.a(alt_find_file.o)
 .comment       0x00000000       0x24 ../PBL-SD-1_bsp/\libhal_bsp.a(alt_get_fd.o)
 .comment       0x00000000       0x24 c:/altera/13.1/nios2eds/bin/gnu/h-i686-mingw32/bin/../lib/gcc/nios2-elf/4.7.3/../../../../../H-i686-mingw32/nios2-elf/lib/mno-hw-mul\libsmallc.a(lib_a-atexit.o)
 .comment       0x00000000       0x24 c:/altera/13.1/nios2eds/bin/gnu/h-i686-mingw32/bin/../lib/gcc/nios2-elf/4.7.3/../../../../../H-i686-mingw32/nios2-elf/lib/mno-hw-mul\libsmallc.a(lib_a-exit.o)
 .comment       0x00000000       0x24 c:/altera/13.1/nios2eds/bin/gnu/h-i686-mingw32/bin/../lib/gcc/nios2-elf/4.7.3/../../../../../H-i686-mingw32/nios2-elf/lib/mno-hw-mul\libsmallc.a(lib_a-fputs.o)
 .comment       0x00000000       0x24 c:/altera/13.1/nios2eds/bin/gnu/h-i686-mingw32/bin/../lib/gcc/nios2-elf/4.7.3/../../../../../H-i686-mingw32/nios2-elf/lib/mno-hw-mul\libsmallc.a(lib_a-memcmp.o)
 .comment       0x00000000       0x24 c:/altera/13.1/nios2eds/bin/gnu/h-i686-mingw32/bin/../lib/gcc/nios2-elf/4.7.3/../../../../../H-i686-mingw32/nios2-elf/lib/mno-hw-mul\libsmallc.a(lib_a-__atexit.o)
 .comment       0x00000000       0x24 c:/altera/13.1/nios2eds/bin/gnu/h-i686-mingw32/bin/../lib/gcc/nios2-elf/4.7.3/../../../../../H-i686-mingw32/nios2-elf/lib/mno-hw-mul\libsmallc.a(lib_a-__call_atexit.o)
 .comment       0x00000000       0x24 ../PBL-SD-1_bsp/\libhal_bsp.a(alt_exit.o)

.debug
 *(.debug)

.line
 *(.line)

.debug_srcinfo
 *(.debug_srcinfo)

.debug_sfnames
 *(.debug_sfnames)

.debug_aranges  0x00000000      0x590
 *(.debug_aranges)
 .debug_aranges
                0x00000000       0x28 ../PBL-SD-1_bsp//obj/HAL/src/crt0.o
 .debug_aranges
                0x00000028       0x20 obj/default/main.o
 .debug_aranges
                0x00000048       0x20 c:/altera/13.1/nios2eds/bin/gnu/h-i686-mingw32/bin/../lib/gcc/nios2-elf/4.7.3/mno-hw-mul\libgcc.a(lib2-mul.o)
 .debug_aranges
                0x00000068       0x20 c:/altera/13.1/nios2eds/bin/gnu/h-i686-mingw32/bin/../lib/gcc/nios2-elf/4.7.3/../../../../../H-i686-mingw32/nios2-elf/lib/mno-hw-mul\libsmallc.a(lib_a-memcpy.o)
 .debug_aranges
                0x00000088       0x20 c:/altera/13.1/nios2eds/bin/gnu/h-i686-mingw32/bin/../lib/gcc/nios2-elf/4.7.3/../../../../../H-i686-mingw32/nios2-elf/lib/mno-hw-mul\libsmallc.a(lib_a-printf.o)
 .debug_aranges
                0x000000a8       0x20 c:/altera/13.1/nios2eds/bin/gnu/h-i686-mingw32/bin/../lib/gcc/nios2-elf/4.7.3/../../../../../H-i686-mingw32/nios2-elf/lib/mno-hw-mul\libsmallc.a(lib_a-puts.o)
 .debug_aranges
                0x000000c8       0x20 c:/altera/13.1/nios2eds/bin/gnu/h-i686-mingw32/bin/../lib/gcc/nios2-elf/4.7.3/../../../../../H-i686-mingw32/nios2-elf/lib/mno-hw-mul\libsmallc.a(lib_a-strlen.o)
 .debug_aranges
                0x000000e8       0x20 c:/altera/13.1/nios2eds/bin/gnu/h-i686-mingw32/bin/../lib/gcc/nios2-elf/4.7.3/../../../../../H-i686-mingw32/nios2-elf/lib/mno-hw-mul\libsmallc.a(lib_a-vfprintf.o)
 .debug_aranges
                0x00000108       0x20 c:/altera/13.1/nios2eds/bin/gnu/h-i686-mingw32/bin/../lib/gcc/nios2-elf/4.7.3/../../../../../H-i686-mingw32/nios2-elf/lib/mno-hw-mul\libsmallc.a(lib_a-fvwrite_small_dev.o)
 .debug_aranges
                0x00000128       0x18 c:/altera/13.1/nios2eds/bin/gnu/h-i686-mingw32/bin/../lib/gcc/nios2-elf/4.7.3/../../../../../H-i686-mingw32/nios2-elf/lib/mno-hw-mul\libsmallc.a(lib_a-impure.o)
 .debug_aranges
                0x00000140       0x20 c:/altera/13.1/nios2eds/bin/gnu/h-i686-mingw32/bin/../lib/gcc/nios2-elf/4.7.3/../../../../../H-i686-mingw32/nios2-elf/lib/mno-hw-mul\libsmallc.a(lib_a-writer.o)
 .debug_aranges
                0x00000160       0x18 c:/altera/13.1/nios2eds/bin/gnu/h-i686-mingw32/bin/../lib/gcc/nios2-elf/4.7.3/../../../../../H-i686-mingw32/nios2-elf/lib/mno-hw-mul\libsmallc.a(lib_a-int_errno.o)
 .debug_aranges
                0x00000178       0x20 c:/altera/13.1/nios2eds/bin/gnu/h-i686-mingw32/bin/../lib/gcc/nios2-elf/4.7.3/mno-hw-mul\libgcc.a(lib2-divmod.o)
 .debug_aranges
                0x00000198       0x20 ../PBL-SD-1_bsp/\libhal_bsp.a(alt_load.o)
 .debug_aranges
                0x000001b8       0x20 ../PBL-SD-1_bsp/\libhal_bsp.a(alt_main.o)
 .debug_aranges
                0x000001d8       0x20 ../PBL-SD-1_bsp/\libhal_bsp.a(alt_putstr.o)
 .debug_aranges
                0x000001f8       0x20 ../PBL-SD-1_bsp/\libhal_bsp.a(alt_usleep.o)
 .debug_aranges
                0x00000218       0x20 ../PBL-SD-1_bsp/\libhal_bsp.a(alt_write.o)
 .debug_aranges
                0x00000238       0x20 ../PBL-SD-1_bsp/\libhal_bsp.a(alt_sys_init.o)
 .debug_aranges
                0x00000258       0x20 ../PBL-SD-1_bsp/\libhal_bsp.a(altera_avalon_jtag_uart_fd.o)
 .debug_aranges
                0x00000278       0x20 ../PBL-SD-1_bsp/\libhal_bsp.a(altera_avalon_jtag_uart_read.o)
 .debug_aranges
                0x00000298       0x20 ../PBL-SD-1_bsp/\libhal_bsp.a(altera_avalon_jtag_uart_write.o)
 .debug_aranges
                0x000002b8       0x20 ../PBL-SD-1_bsp/\libhal_bsp.a(alt_busy_sleep.o)
 .debug_aranges
                0x000002d8       0x20 ../PBL-SD-1_bsp/\libhal_bsp.a(alt_close.o)
 .debug_aranges
                0x000002f8       0x20 ../PBL-SD-1_bsp/\libhal_bsp.a(alt_dcache_flush_all.o)
 .debug_aranges
                0x00000318       0x20 ../PBL-SD-1_bsp/\libhal_bsp.a(alt_dev.o)
 .debug_aranges
                0x00000338       0x20 ../PBL-SD-1_bsp/\libhal_bsp.a(alt_dev_llist_insert.o)
 .debug_aranges
                0x00000358       0x20 ../PBL-SD-1_bsp/\libhal_bsp.a(alt_do_ctors.o)
 .debug_aranges
                0x00000378       0x20 ../PBL-SD-1_bsp/\libhal_bsp.a(alt_do_dtors.o)
 .debug_aranges
                0x00000398       0x18 ../PBL-SD-1_bsp/\libhal_bsp.a(alt_errno.o)
 .debug_aranges
                0x000003b0       0x20 ../PBL-SD-1_bsp/\libhal_bsp.a(alt_icache_flush_all.o)
 .debug_aranges
                0x000003d0       0x20 ../PBL-SD-1_bsp/\libhal_bsp.a(alt_io_redirect.o)
 .debug_aranges
                0x000003f0       0x20 ../PBL-SD-1_bsp/\libhal_bsp.a(alt_open.o)
 .debug_aranges
                0x00000410       0x20 ../PBL-SD-1_bsp/\libhal_bsp.a(alt_release_fd.o)
 .debug_aranges
                0x00000430       0x20 ../PBL-SD-1_bsp/\libhal_bsp.a(altera_nios2_qsys_irq.o)
 .debug_aranges
                0x00000450       0x20 ../PBL-SD-1_bsp/\libhal_bsp.a(alt_find_dev.o)
 .debug_aranges
                0x00000470       0x20 ../PBL-SD-1_bsp/\libhal_bsp.a(alt_find_file.o)
 .debug_aranges
                0x00000490       0x20 ../PBL-SD-1_bsp/\libhal_bsp.a(alt_get_fd.o)
 .debug_aranges
                0x000004b0       0x20 c:/altera/13.1/nios2eds/bin/gnu/h-i686-mingw32/bin/../lib/gcc/nios2-elf/4.7.3/../../../../../H-i686-mingw32/nios2-elf/lib/mno-hw-mul\libsmallc.a(lib_a-atexit.o)
 .debug_aranges
                0x000004d0       0x20 c:/altera/13.1/nios2eds/bin/gnu/h-i686-mingw32/bin/../lib/gcc/nios2-elf/4.7.3/../../../../../H-i686-mingw32/nios2-elf/lib/mno-hw-mul\libsmallc.a(lib_a-exit.o)
 .debug_aranges
                0x000004f0       0x20 c:/altera/13.1/nios2eds/bin/gnu/h-i686-mingw32/bin/../lib/gcc/nios2-elf/4.7.3/../../../../../H-i686-mingw32/nios2-elf/lib/mno-hw-mul\libsmallc.a(lib_a-fputs.o)
 .debug_aranges
                0x00000510       0x20 c:/altera/13.1/nios2eds/bin/gnu/h-i686-mingw32/bin/../lib/gcc/nios2-elf/4.7.3/../../../../../H-i686-mingw32/nios2-elf/lib/mno-hw-mul\libsmallc.a(lib_a-memcmp.o)
 .debug_aranges
                0x00000530       0x20 c:/altera/13.1/nios2eds/bin/gnu/h-i686-mingw32/bin/../lib/gcc/nios2-elf/4.7.3/../../../../../H-i686-mingw32/nios2-elf/lib/mno-hw-mul\libsmallc.a(lib_a-__atexit.o)
 .debug_aranges
                0x00000550       0x20 c:/altera/13.1/nios2eds/bin/gnu/h-i686-mingw32/bin/../lib/gcc/nios2-elf/4.7.3/../../../../../H-i686-mingw32/nios2-elf/lib/mno-hw-mul\libsmallc.a(lib_a-__call_atexit.o)
 .debug_aranges
                0x00000570       0x20 ../PBL-SD-1_bsp/\libhal_bsp.a(alt_exit.o)

.debug_pubnames
 *(.debug_pubnames)

.debug_info     0x00000000     0x905f
 *(.debug_info .gnu.linkonce.wi.*)
 .debug_info    0x00000000       0x84 ../PBL-SD-1_bsp//obj/HAL/src/crt0.o
 .debug_info    0x00000084      0x2a7 obj/default/main.o
 .debug_info    0x0000032b       0xb8 c:/altera/13.1/nios2eds/bin/gnu/h-i686-mingw32/bin/../lib/gcc/nios2-elf/4.7.3/mno-hw-mul\libgcc.a(lib2-mul.o)
 .debug_info    0x000003e3       0xcd c:/altera/13.1/nios2eds/bin/gnu/h-i686-mingw32/bin/../lib/gcc/nios2-elf/4.7.3/../../../../../H-i686-mingw32/nios2-elf/lib/mno-hw-mul\libsmallc.a(lib_a-memcpy.o)
 .debug_info    0x000004b0      0x765 c:/altera/13.1/nios2eds/bin/gnu/h-i686-mingw32/bin/../lib/gcc/nios2-elf/4.7.3/../../../../../H-i686-mingw32/nios2-elf/lib/mno-hw-mul\libsmallc.a(lib_a-printf.o)
 .debug_info    0x00000c15      0x6f4 c:/altera/13.1/nios2eds/bin/gnu/h-i686-mingw32/bin/../lib/gcc/nios2-elf/4.7.3/../../../../../H-i686-mingw32/nios2-elf/lib/mno-hw-mul\libsmallc.a(lib_a-puts.o)
 .debug_info    0x00001309       0xc6 c:/altera/13.1/nios2eds/bin/gnu/h-i686-mingw32/bin/../lib/gcc/nios2-elf/4.7.3/../../../../../H-i686-mingw32/nios2-elf/lib/mno-hw-mul\libsmallc.a(lib_a-strlen.o)
 .debug_info    0x000013cf      0xc69 c:/altera/13.1/nios2eds/bin/gnu/h-i686-mingw32/bin/../lib/gcc/nios2-elf/4.7.3/../../../../../H-i686-mingw32/nios2-elf/lib/mno-hw-mul\libsmallc.a(lib_a-vfprintf.o)
 .debug_info    0x00002038      0x6d9 c:/altera/13.1/nios2eds/bin/gnu/h-i686-mingw32/bin/../lib/gcc/nios2-elf/4.7.3/../../../../../H-i686-mingw32/nios2-elf/lib/mno-hw-mul\libsmallc.a(lib_a-fvwrite_small_dev.o)
 .debug_info    0x00002711      0x631 c:/altera/13.1/nios2eds/bin/gnu/h-i686-mingw32/bin/../lib/gcc/nios2-elf/4.7.3/../../../../../H-i686-mingw32/nios2-elf/lib/mno-hw-mul\libsmallc.a(lib_a-impure.o)
 .debug_info    0x00002d42      0x6cb c:/altera/13.1/nios2eds/bin/gnu/h-i686-mingw32/bin/../lib/gcc/nios2-elf/4.7.3/../../../../../H-i686-mingw32/nios2-elf/lib/mno-hw-mul\libsmallc.a(lib_a-writer.o)
 .debug_info    0x0000340d       0x84 c:/altera/13.1/nios2eds/bin/gnu/h-i686-mingw32/bin/../lib/gcc/nios2-elf/4.7.3/../../../../../H-i686-mingw32/nios2-elf/lib/mno-hw-mul\libsmallc.a(lib_a-int_errno.o)
 .debug_info    0x00003491      0x289 c:/altera/13.1/nios2eds/bin/gnu/h-i686-mingw32/bin/../lib/gcc/nios2-elf/4.7.3/mno-hw-mul\libgcc.a(lib2-divmod.o)
 .debug_info    0x0000371a      0x135 ../PBL-SD-1_bsp/\libhal_bsp.a(alt_load.o)
 .debug_info    0x0000384f      0x139 ../PBL-SD-1_bsp/\libhal_bsp.a(alt_main.o)
 .debug_info    0x00003988      0x93f ../PBL-SD-1_bsp/\libhal_bsp.a(alt_putstr.o)
 .debug_info    0x000042c7       0xad ../PBL-SD-1_bsp/\libhal_bsp.a(alt_usleep.o)
 .debug_info    0x00004374      0x507 ../PBL-SD-1_bsp/\libhal_bsp.a(alt_write.o)
 .debug_info    0x0000487b      0x406 ../PBL-SD-1_bsp/\libhal_bsp.a(alt_sys_init.o)
 .debug_info    0x00004c81      0x3da ../PBL-SD-1_bsp/\libhal_bsp.a(altera_avalon_jtag_uart_fd.o)
 .debug_info    0x0000505b      0x1bc ../PBL-SD-1_bsp/\libhal_bsp.a(altera_avalon_jtag_uart_read.o)
 .debug_info    0x00005217      0x19f ../PBL-SD-1_bsp/\libhal_bsp.a(altera_avalon_jtag_uart_write.o)
 .debug_info    0x000053b6       0xd5 ../PBL-SD-1_bsp/\libhal_bsp.a(alt_busy_sleep.o)
 .debug_info    0x0000548b      0x350 ../PBL-SD-1_bsp/\libhal_bsp.a(alt_close.o)
 .debug_info    0x000057db       0x90 ../PBL-SD-1_bsp/\libhal_bsp.a(alt_dcache_flush_all.o)
 .debug_info    0x0000586b      0x4e3 ../PBL-SD-1_bsp/\libhal_bsp.a(alt_dev.o)
 .debug_info    0x00005d4e      0x1b9 ../PBL-SD-1_bsp/\libhal_bsp.a(alt_dev_llist_insert.o)
 .debug_info    0x00005f07       0x8d ../PBL-SD-1_bsp/\libhal_bsp.a(alt_do_ctors.o)
 .debug_info    0x00005f94       0x8d ../PBL-SD-1_bsp/\libhal_bsp.a(alt_do_dtors.o)
 .debug_info    0x00006021       0xa3 ../PBL-SD-1_bsp/\libhal_bsp.a(alt_errno.o)
 .debug_info    0x000060c4       0x90 ../PBL-SD-1_bsp/\libhal_bsp.a(alt_icache_flush_all.o)
 .debug_info    0x00006154      0x4f0 ../PBL-SD-1_bsp/\libhal_bsp.a(alt_io_redirect.o)
 .debug_info    0x00006644      0x3f0 ../PBL-SD-1_bsp/\libhal_bsp.a(alt_open.o)
 .debug_info    0x00006a34      0x2dd ../PBL-SD-1_bsp/\libhal_bsp.a(alt_release_fd.o)
 .debug_info    0x00006d11       0x90 ../PBL-SD-1_bsp/\libhal_bsp.a(altera_nios2_qsys_irq.o)
 .debug_info    0x00006da1      0x30d ../PBL-SD-1_bsp/\libhal_bsp.a(alt_find_dev.o)
 .debug_info    0x000070ae      0x30c ../PBL-SD-1_bsp/\libhal_bsp.a(alt_find_file.o)
 .debug_info    0x000073ba      0x339 ../PBL-SD-1_bsp/\libhal_bsp.a(alt_get_fd.o)
 .debug_info    0x000076f3      0x1eb c:/altera/13.1/nios2eds/bin/gnu/h-i686-mingw32/bin/../lib/gcc/nios2-elf/4.7.3/../../../../../H-i686-mingw32/nios2-elf/lib/mno-hw-mul\libsmallc.a(lib_a-atexit.o)
 .debug_info    0x000078de       0xf8 c:/altera/13.1/nios2eds/bin/gnu/h-i686-mingw32/bin/../lib/gcc/nios2-elf/4.7.3/../../../../../H-i686-mingw32/nios2-elf/lib/mno-hw-mul\libsmallc.a(lib_a-exit.o)
 .debug_info    0x000079d6      0x6a2 c:/altera/13.1/nios2eds/bin/gnu/h-i686-mingw32/bin/../lib/gcc/nios2-elf/4.7.3/../../../../../H-i686-mingw32/nios2-elf/lib/mno-hw-mul\libsmallc.a(lib_a-fputs.o)
 .debug_info    0x00008078       0xf1 c:/altera/13.1/nios2eds/bin/gnu/h-i686-mingw32/bin/../lib/gcc/nios2-elf/4.7.3/../../../../../H-i686-mingw32/nios2-elf/lib/mno-hw-mul\libsmallc.a(lib_a-memcmp.o)
 .debug_info    0x00008169      0x6fc c:/altera/13.1/nios2eds/bin/gnu/h-i686-mingw32/bin/../lib/gcc/nios2-elf/4.7.3/../../../../../H-i686-mingw32/nios2-elf/lib/mno-hw-mul\libsmallc.a(lib_a-__atexit.o)
 .debug_info    0x00008865      0x70e c:/altera/13.1/nios2eds/bin/gnu/h-i686-mingw32/bin/../lib/gcc/nios2-elf/4.7.3/../../../../../H-i686-mingw32/nios2-elf/lib/mno-hw-mul\libsmallc.a(lib_a-__call_atexit.o)
 .debug_info    0x00008f73       0xec ../PBL-SD-1_bsp/\libhal_bsp.a(alt_exit.o)

.debug_abbrev   0x00000000     0x2bbb
 *(.debug_abbrev)
 .debug_abbrev  0x00000000       0x12 ../PBL-SD-1_bsp//obj/HAL/src/crt0.o
 .debug_abbrev  0x00000012      0x14b obj/default/main.o
 .debug_abbrev  0x0000015d       0x6f c:/altera/13.1/nios2eds/bin/gnu/h-i686-mingw32/bin/../lib/gcc/nios2-elf/4.7.3/mno-hw-mul\libgcc.a(lib2-mul.o)
 .debug_abbrev  0x000001cc       0x95 c:/altera/13.1/nios2eds/bin/gnu/h-i686-mingw32/bin/../lib/gcc/nios2-elf/4.7.3/../../../../../H-i686-mingw32/nios2-elf/lib/mno-hw-mul\libsmallc.a(lib_a-memcpy.o)
 .debug_abbrev  0x00000261      0x1e2 c:/altera/13.1/nios2eds/bin/gnu/h-i686-mingw32/bin/../lib/gcc/nios2-elf/4.7.3/../../../../../H-i686-mingw32/nios2-elf/lib/mno-hw-mul\libsmallc.a(lib_a-printf.o)
 .debug_abbrev  0x00000443      0x1d4 c:/altera/13.1/nios2eds/bin/gnu/h-i686-mingw32/bin/../lib/gcc/nios2-elf/4.7.3/../../../../../H-i686-mingw32/nios2-elf/lib/mno-hw-mul\libsmallc.a(lib_a-puts.o)
 .debug_abbrev  0x00000617       0x7f c:/altera/13.1/nios2eds/bin/gnu/h-i686-mingw32/bin/../lib/gcc/nios2-elf/4.7.3/../../../../../H-i686-mingw32/nios2-elf/lib/mno-hw-mul\libsmallc.a(lib_a-strlen.o)
 .debug_abbrev  0x00000696      0x2db c:/altera/13.1/nios2eds/bin/gnu/h-i686-mingw32/bin/../lib/gcc/nios2-elf/4.7.3/../../../../../H-i686-mingw32/nios2-elf/lib/mno-hw-mul\libsmallc.a(lib_a-vfprintf.o)
 .debug_abbrev  0x00000971      0x1a8 c:/altera/13.1/nios2eds/bin/gnu/h-i686-mingw32/bin/../lib/gcc/nios2-elf/4.7.3/../../../../../H-i686-mingw32/nios2-elf/lib/mno-hw-mul\libsmallc.a(lib_a-fvwrite_small_dev.o)
 .debug_abbrev  0x00000b19      0x13b c:/altera/13.1/nios2eds/bin/gnu/h-i686-mingw32/bin/../lib/gcc/nios2-elf/4.7.3/../../../../../H-i686-mingw32/nios2-elf/lib/mno-hw-mul\libsmallc.a(lib_a-impure.o)
 .debug_abbrev  0x00000c54      0x199 c:/altera/13.1/nios2eds/bin/gnu/h-i686-mingw32/bin/../lib/gcc/nios2-elf/4.7.3/../../../../../H-i686-mingw32/nios2-elf/lib/mno-hw-mul\libsmallc.a(lib_a-writer.o)
 .debug_abbrev  0x00000ded       0x37 c:/altera/13.1/nios2eds/bin/gnu/h-i686-mingw32/bin/../lib/gcc/nios2-elf/4.7.3/../../../../../H-i686-mingw32/nios2-elf/lib/mno-hw-mul\libsmallc.a(lib_a-int_errno.o)
 .debug_abbrev  0x00000e24      0x112 c:/altera/13.1/nios2eds/bin/gnu/h-i686-mingw32/bin/../lib/gcc/nios2-elf/4.7.3/mno-hw-mul\libgcc.a(lib2-divmod.o)
 .debug_abbrev  0x00000f36       0x9d ../PBL-SD-1_bsp/\libhal_bsp.a(alt_load.o)
 .debug_abbrev  0x00000fd3       0xba ../PBL-SD-1_bsp/\libhal_bsp.a(alt_main.o)
 .debug_abbrev  0x0000108d      0x182 ../PBL-SD-1_bsp/\libhal_bsp.a(alt_putstr.o)
 .debug_abbrev  0x0000120f       0x60 ../PBL-SD-1_bsp/\libhal_bsp.a(alt_usleep.o)
 .debug_abbrev  0x0000126f      0x133 ../PBL-SD-1_bsp/\libhal_bsp.a(alt_write.o)
 .debug_abbrev  0x000013a2      0x155 ../PBL-SD-1_bsp/\libhal_bsp.a(alt_sys_init.o)
 .debug_abbrev  0x000014f7       0xf7 ../PBL-SD-1_bsp/\libhal_bsp.a(altera_avalon_jtag_uart_fd.o)
 .debug_abbrev  0x000015ee       0xd5 ../PBL-SD-1_bsp/\libhal_bsp.a(altera_avalon_jtag_uart_read.o)
 .debug_abbrev  0x000016c3       0xd5 ../PBL-SD-1_bsp/\libhal_bsp.a(altera_avalon_jtag_uart_write.o)
 .debug_abbrev  0x00001798       0x7e ../PBL-SD-1_bsp/\libhal_bsp.a(alt_busy_sleep.o)
 .debug_abbrev  0x00001816      0x11f ../PBL-SD-1_bsp/\libhal_bsp.a(alt_close.o)
 .debug_abbrev  0x00001935       0x42 ../PBL-SD-1_bsp/\libhal_bsp.a(alt_dcache_flush_all.o)
 .debug_abbrev  0x00001977       0xd9 ../PBL-SD-1_bsp/\libhal_bsp.a(alt_dev.o)
 .debug_abbrev  0x00001a50      0x114 ../PBL-SD-1_bsp/\libhal_bsp.a(alt_dev_llist_insert.o)
 .debug_abbrev  0x00001b64       0x79 ../PBL-SD-1_bsp/\libhal_bsp.a(alt_do_ctors.o)
 .debug_abbrev  0x00001bdd       0x79 ../PBL-SD-1_bsp/\libhal_bsp.a(alt_do_dtors.o)
 .debug_abbrev  0x00001c56       0x5a ../PBL-SD-1_bsp/\libhal_bsp.a(alt_errno.o)
 .debug_abbrev  0x00001cb0       0x42 ../PBL-SD-1_bsp/\libhal_bsp.a(alt_icache_flush_all.o)
 .debug_abbrev  0x00001cf2      0x114 ../PBL-SD-1_bsp/\libhal_bsp.a(alt_io_redirect.o)
 .debug_abbrev  0x00001e06      0x148 ../PBL-SD-1_bsp/\libhal_bsp.a(alt_open.o)
 .debug_abbrev  0x00001f4e       0xde ../PBL-SD-1_bsp/\libhal_bsp.a(alt_release_fd.o)
 .debug_abbrev  0x0000202c       0x42 ../PBL-SD-1_bsp/\libhal_bsp.a(altera_nios2_qsys_irq.o)
 .debug_abbrev  0x0000206e       0xf0 ../PBL-SD-1_bsp/\libhal_bsp.a(alt_find_dev.o)
 .debug_abbrev  0x0000215e       0xf0 ../PBL-SD-1_bsp/\libhal_bsp.a(alt_find_file.o)
 .debug_abbrev  0x0000224e      0x10d ../PBL-SD-1_bsp/\libhal_bsp.a(alt_get_fd.o)
 .debug_abbrev  0x0000235b      0x115 c:/altera/13.1/nios2eds/bin/gnu/h-i686-mingw32/bin/../lib/gcc/nios2-elf/4.7.3/../../../../../H-i686-mingw32/nios2-elf/lib/mno-hw-mul\libsmallc.a(lib_a-atexit.o)
 .debug_abbrev  0x00002470       0xa9 c:/altera/13.1/nios2eds/bin/gnu/h-i686-mingw32/bin/../lib/gcc/nios2-elf/4.7.3/../../../../../H-i686-mingw32/nios2-elf/lib/mno-hw-mul\libsmallc.a(lib_a-exit.o)
 .debug_abbrev  0x00002519      0x19f c:/altera/13.1/nios2eds/bin/gnu/h-i686-mingw32/bin/../lib/gcc/nios2-elf/4.7.3/../../../../../H-i686-mingw32/nios2-elf/lib/mno-hw-mul\libsmallc.a(lib_a-fputs.o)
 .debug_abbrev  0x000026b8       0x7f c:/altera/13.1/nios2eds/bin/gnu/h-i686-mingw32/bin/../lib/gcc/nios2-elf/4.7.3/../../../../../H-i686-mingw32/nios2-elf/lib/mno-hw-mul\libsmallc.a(lib_a-memcmp.o)
 .debug_abbrev  0x00002737      0x1f5 c:/altera/13.1/nios2eds/bin/gnu/h-i686-mingw32/bin/../lib/gcc/nios2-elf/4.7.3/../../../../../H-i686-mingw32/nios2-elf/lib/mno-hw-mul\libsmallc.a(lib_a-__atexit.o)
 .debug_abbrev  0x0000292c      0x1e9 c:/altera/13.1/nios2eds/bin/gnu/h-i686-mingw32/bin/../lib/gcc/nios2-elf/4.7.3/../../../../../H-i686-mingw32/nios2-elf/lib/mno-hw-mul\libsmallc.a(lib_a-__call_atexit.o)
 .debug_abbrev  0x00002b15       0xa6 ../PBL-SD-1_bsp/\libhal_bsp.a(alt_exit.o)

.debug_line     0x00000000     0x33d9
 *(.debug_line)
 .debug_line    0x00000000       0x66 ../PBL-SD-1_bsp//obj/HAL/src/crt0.o
 .debug_line    0x00000066       0xe6 obj/default/main.o
 .debug_line    0x0000014c       0x80 c:/altera/13.1/nios2eds/bin/gnu/h-i686-mingw32/bin/../lib/gcc/nios2-elf/4.7.3/mno-hw-mul\libgcc.a(lib2-mul.o)
 .debug_line    0x000001cc      0x100 c:/altera/13.1/nios2eds/bin/gnu/h-i686-mingw32/bin/../lib/gcc/nios2-elf/4.7.3/../../../../../H-i686-mingw32/nios2-elf/lib/mno-hw-mul\libsmallc.a(lib_a-memcpy.o)
 .debug_line    0x000002cc      0x219 c:/altera/13.1/nios2eds/bin/gnu/h-i686-mingw32/bin/../lib/gcc/nios2-elf/4.7.3/../../../../../H-i686-mingw32/nios2-elf/lib/mno-hw-mul\libsmallc.a(lib_a-printf.o)
 .debug_line    0x000004e5      0x212 c:/altera/13.1/nios2eds/bin/gnu/h-i686-mingw32/bin/../lib/gcc/nios2-elf/4.7.3/../../../../../H-i686-mingw32/nios2-elf/lib/mno-hw-mul\libsmallc.a(lib_a-puts.o)
 .debug_line    0x000006f7      0x174 c:/altera/13.1/nios2eds/bin/gnu/h-i686-mingw32/bin/../lib/gcc/nios2-elf/4.7.3/../../../../../H-i686-mingw32/nios2-elf/lib/mno-hw-mul\libsmallc.a(lib_a-strlen.o)
 .debug_line    0x0000086b      0x40e c:/altera/13.1/nios2eds/bin/gnu/h-i686-mingw32/bin/../lib/gcc/nios2-elf/4.7.3/../../../../../H-i686-mingw32/nios2-elf/lib/mno-hw-mul\libsmallc.a(lib_a-vfprintf.o)
 .debug_line    0x00000c79      0x225 c:/altera/13.1/nios2eds/bin/gnu/h-i686-mingw32/bin/../lib/gcc/nios2-elf/4.7.3/../../../../../H-i686-mingw32/nios2-elf/lib/mno-hw-mul\libsmallc.a(lib_a-fvwrite_small_dev.o)
 .debug_line    0x00000e9e      0x16c c:/altera/13.1/nios2eds/bin/gnu/h-i686-mingw32/bin/../lib/gcc/nios2-elf/4.7.3/../../../../../H-i686-mingw32/nios2-elf/lib/mno-hw-mul\libsmallc.a(lib_a-impure.o)
 .debug_line    0x0000100a      0x20c c:/altera/13.1/nios2eds/bin/gnu/h-i686-mingw32/bin/../lib/gcc/nios2-elf/4.7.3/../../../../../H-i686-mingw32/nios2-elf/lib/mno-hw-mul\libsmallc.a(lib_a-writer.o)
 .debug_line    0x00001216       0x60 c:/altera/13.1/nios2eds/bin/gnu/h-i686-mingw32/bin/../lib/gcc/nios2-elf/4.7.3/../../../../../H-i686-mingw32/nios2-elf/lib/mno-hw-mul\libsmallc.a(lib_a-int_errno.o)
 .debug_line    0x00001276       0xd6 c:/altera/13.1/nios2eds/bin/gnu/h-i686-mingw32/bin/../lib/gcc/nios2-elf/4.7.3/mno-hw-mul\libgcc.a(lib2-divmod.o)
 .debug_line    0x0000134c       0x92 ../PBL-SD-1_bsp/\libhal_bsp.a(alt_load.o)
 .debug_line    0x000013de       0xa4 ../PBL-SD-1_bsp/\libhal_bsp.a(alt_main.o)
 .debug_line    0x00001482      0x13b ../PBL-SD-1_bsp/\libhal_bsp.a(alt_putstr.o)
 .debug_line    0x000015bd       0xce ../PBL-SD-1_bsp/\libhal_bsp.a(alt_usleep.o)
 .debug_line    0x0000168b      0x1f8 ../PBL-SD-1_bsp/\libhal_bsp.a(alt_write.o)
 .debug_line    0x00001883      0x126 ../PBL-SD-1_bsp/\libhal_bsp.a(alt_sys_init.o)
 .debug_line    0x000019a9      0x114 ../PBL-SD-1_bsp/\libhal_bsp.a(altera_avalon_jtag_uart_fd.o)
 .debug_line    0x00001abd      0x101 ../PBL-SD-1_bsp/\libhal_bsp.a(altera_avalon_jtag_uart_read.o)
 .debug_line    0x00001bbe       0xf8 ../PBL-SD-1_bsp/\libhal_bsp.a(altera_avalon_jtag_uart_write.o)
 .debug_line    0x00001cb6       0xa2 ../PBL-SD-1_bsp/\libhal_bsp.a(alt_busy_sleep.o)
 .debug_line    0x00001d58      0x186 ../PBL-SD-1_bsp/\libhal_bsp.a(alt_close.o)
 .debug_line    0x00001ede       0x51 ../PBL-SD-1_bsp/\libhal_bsp.a(alt_dcache_flush_all.o)
 .debug_line    0x00001f2f      0x119 ../PBL-SD-1_bsp/\libhal_bsp.a(alt_dev.o)
 .debug_line    0x00002048       0xd0 ../PBL-SD-1_bsp/\libhal_bsp.a(alt_dev_llist_insert.o)
 .debug_line    0x00002118       0x59 ../PBL-SD-1_bsp/\libhal_bsp.a(alt_do_ctors.o)
 .debug_line    0x00002171       0x59 ../PBL-SD-1_bsp/\libhal_bsp.a(alt_do_dtors.o)
 .debug_line    0x000021ca       0x51 ../PBL-SD-1_bsp/\libhal_bsp.a(alt_errno.o)
 .debug_line    0x0000221b       0x4f ../PBL-SD-1_bsp/\libhal_bsp.a(alt_icache_flush_all.o)
 .debug_line    0x0000226a      0x156 ../PBL-SD-1_bsp/\libhal_bsp.a(alt_io_redirect.o)
 .debug_line    0x000023c0      0x128 ../PBL-SD-1_bsp/\libhal_bsp.a(alt_open.o)
 .debug_line    0x000024e8       0xb0 ../PBL-SD-1_bsp/\libhal_bsp.a(alt_release_fd.o)
 .debug_line    0x00002598       0x51 ../PBL-SD-1_bsp/\libhal_bsp.a(altera_nios2_qsys_irq.o)
 .debug_line    0x000025e9       0xb9 ../PBL-SD-1_bsp/\libhal_bsp.a(alt_find_dev.o)
 .debug_line    0x000026a2       0xd5 ../PBL-SD-1_bsp/\libhal_bsp.a(alt_find_file.o)
 .debug_line    0x00002777       0xd4 ../PBL-SD-1_bsp/\libhal_bsp.a(alt_get_fd.o)
 .debug_line    0x0000284b      0x170 c:/altera/13.1/nios2eds/bin/gnu/h-i686-mingw32/bin/../lib/gcc/nios2-elf/4.7.3/../../../../../H-i686-mingw32/nios2-elf/lib/mno-hw-mul\libsmallc.a(lib_a-atexit.o)
 .debug_line    0x000029bb      0x170 c:/altera/13.1/nios2eds/bin/gnu/h-i686-mingw32/bin/../lib/gcc/nios2-elf/4.7.3/../../../../../H-i686-mingw32/nios2-elf/lib/mno-hw-mul\libsmallc.a(lib_a-exit.o)
 .debug_line    0x00002b2b      0x209 c:/altera/13.1/nios2eds/bin/gnu/h-i686-mingw32/bin/../lib/gcc/nios2-elf/4.7.3/../../../../../H-i686-mingw32/nios2-elf/lib/mno-hw-mul\libsmallc.a(lib_a-fputs.o)
 .debug_line    0x00002d34      0x17f c:/altera/13.1/nios2eds/bin/gnu/h-i686-mingw32/bin/../lib/gcc/nios2-elf/4.7.3/../../../../../H-i686-mingw32/nios2-elf/lib/mno-hw-mul\libsmallc.a(lib_a-memcmp.o)
 .debug_line    0x00002eb3      0x24e c:/altera/13.1/nios2eds/bin/gnu/h-i686-mingw32/bin/../lib/gcc/nios2-elf/4.7.3/../../../../../H-i686-mingw32/nios2-elf/lib/mno-hw-mul\libsmallc.a(lib_a-__atexit.o)
 .debug_line    0x00003101      0x267 c:/altera/13.1/nios2eds/bin/gnu/h-i686-mingw32/bin/../lib/gcc/nios2-elf/4.7.3/../../../../../H-i686-mingw32/nios2-elf/lib/mno-hw-mul\libsmallc.a(lib_a-__call_atexit.o)
 .debug_line    0x00003368       0x71 ../PBL-SD-1_bsp/\libhal_bsp.a(alt_exit.o)

.debug_frame    0x00000000      0x8e8
 *(.debug_frame)
 .debug_frame   0x00000000       0x88 obj/default/main.o
 .debug_frame   0x00000088       0x20 c:/altera/13.1/nios2eds/bin/gnu/h-i686-mingw32/bin/../lib/gcc/nios2-elf/4.7.3/mno-hw-mul\libgcc.a(lib2-mul.o)
 .debug_frame   0x000000a8       0x20 c:/altera/13.1/nios2eds/bin/gnu/h-i686-mingw32/bin/../lib/gcc/nios2-elf/4.7.3/../../../../../H-i686-mingw32/nios2-elf/lib/mno-hw-mul\libsmallc.a(lib_a-memcpy.o)
 .debug_frame   0x000000c8       0x40 c:/altera/13.1/nios2eds/bin/gnu/h-i686-mingw32/bin/../lib/gcc/nios2-elf/4.7.3/../../../../../H-i686-mingw32/nios2-elf/lib/mno-hw-mul\libsmallc.a(lib_a-printf.o)
 .debug_frame   0x00000108       0x3c c:/altera/13.1/nios2eds/bin/gnu/h-i686-mingw32/bin/../lib/gcc/nios2-elf/4.7.3/../../../../../H-i686-mingw32/nios2-elf/lib/mno-hw-mul\libsmallc.a(lib_a-puts.o)
 .debug_frame   0x00000144       0x20 c:/altera/13.1/nios2eds/bin/gnu/h-i686-mingw32/bin/../lib/gcc/nios2-elf/4.7.3/../../../../../H-i686-mingw32/nios2-elf/lib/mno-hw-mul\libsmallc.a(lib_a-strlen.o)
 .debug_frame   0x00000164       0x4c c:/altera/13.1/nios2eds/bin/gnu/h-i686-mingw32/bin/../lib/gcc/nios2-elf/4.7.3/../../../../../H-i686-mingw32/nios2-elf/lib/mno-hw-mul\libsmallc.a(lib_a-vfprintf.o)
 .debug_frame   0x000001b0       0x30 c:/altera/13.1/nios2eds/bin/gnu/h-i686-mingw32/bin/../lib/gcc/nios2-elf/4.7.3/../../../../../H-i686-mingw32/nios2-elf/lib/mno-hw-mul\libsmallc.a(lib_a-fvwrite_small_dev.o)
 .debug_frame   0x000001e0       0x2c c:/altera/13.1/nios2eds/bin/gnu/h-i686-mingw32/bin/../lib/gcc/nios2-elf/4.7.3/../../../../../H-i686-mingw32/nios2-elf/lib/mno-hw-mul\libsmallc.a(lib_a-writer.o)
 .debug_frame   0x0000020c       0x70 c:/altera/13.1/nios2eds/bin/gnu/h-i686-mingw32/bin/../lib/gcc/nios2-elf/4.7.3/mno-hw-mul\libgcc.a(lib2-divmod.o)
 .debug_frame   0x0000027c       0x48 ../PBL-SD-1_bsp/\libhal_bsp.a(alt_load.o)
 .debug_frame   0x000002c4       0x2c ../PBL-SD-1_bsp/\libhal_bsp.a(alt_main.o)
 .debug_frame   0x000002f0       0x2c ../PBL-SD-1_bsp/\libhal_bsp.a(alt_putstr.o)
 .debug_frame   0x0000031c       0x2c ../PBL-SD-1_bsp/\libhal_bsp.a(alt_usleep.o)
 .debug_frame   0x00000348       0x48 ../PBL-SD-1_bsp/\libhal_bsp.a(alt_write.o)
 .debug_frame   0x00000390       0x64 ../PBL-SD-1_bsp/\libhal_bsp.a(alt_sys_init.o)
 .debug_frame   0x000003f4       0x48 ../PBL-SD-1_bsp/\libhal_bsp.a(altera_avalon_jtag_uart_fd.o)
 .debug_frame   0x0000043c       0x2c ../PBL-SD-1_bsp/\libhal_bsp.a(altera_avalon_jtag_uart_read.o)
 .debug_frame   0x00000468       0x2c ../PBL-SD-1_bsp/\libhal_bsp.a(altera_avalon_jtag_uart_write.o)
 .debug_frame   0x00000494       0x2c ../PBL-SD-1_bsp/\libhal_bsp.a(alt_busy_sleep.o)
 .debug_frame   0x000004c0       0x48 ../PBL-SD-1_bsp/\libhal_bsp.a(alt_close.o)
 .debug_frame   0x00000508       0x2c ../PBL-SD-1_bsp/\libhal_bsp.a(alt_dcache_flush_all.o)
 .debug_frame   0x00000534       0x2c ../PBL-SD-1_bsp/\libhal_bsp.a(alt_dev.o)
 .debug_frame   0x00000560       0x48 ../PBL-SD-1_bsp/\libhal_bsp.a(alt_dev_llist_insert.o)
 .debug_frame   0x000005a8       0x2c ../PBL-SD-1_bsp/\libhal_bsp.a(alt_do_ctors.o)
 .debug_frame   0x000005d4       0x2c ../PBL-SD-1_bsp/\libhal_bsp.a(alt_do_dtors.o)
 .debug_frame   0x00000600       0x2c ../PBL-SD-1_bsp/\libhal_bsp.a(alt_icache_flush_all.o)
 .debug_frame   0x0000062c       0x4c ../PBL-SD-1_bsp/\libhal_bsp.a(alt_io_redirect.o)
 .debug_frame   0x00000678       0x68 ../PBL-SD-1_bsp/\libhal_bsp.a(alt_open.o)
 .debug_frame   0x000006e0       0x30 ../PBL-SD-1_bsp/\libhal_bsp.a(alt_release_fd.o)
 .debug_frame   0x00000710       0x2c ../PBL-SD-1_bsp/\libhal_bsp.a(altera_nios2_qsys_irq.o)
 .debug_frame   0x0000073c       0x2c ../PBL-SD-1_bsp/\libhal_bsp.a(alt_find_dev.o)
 .debug_frame   0x00000768       0x2c ../PBL-SD-1_bsp/\libhal_bsp.a(alt_find_file.o)
 .debug_frame   0x00000794       0x30 ../PBL-SD-1_bsp/\libhal_bsp.a(alt_get_fd.o)
 .debug_frame   0x000007c4       0x20 c:/altera/13.1/nios2eds/bin/gnu/h-i686-mingw32/bin/../lib/gcc/nios2-elf/4.7.3/../../../../../H-i686-mingw32/nios2-elf/lib/mno-hw-mul\libsmallc.a(lib_a-atexit.o)
 .debug_frame   0x000007e4       0x28 c:/altera/13.1/nios2eds/bin/gnu/h-i686-mingw32/bin/../lib/gcc/nios2-elf/4.7.3/../../../../../H-i686-mingw32/nios2-elf/lib/mno-hw-mul\libsmallc.a(lib_a-exit.o)
 .debug_frame   0x0000080c       0x28 c:/altera/13.1/nios2eds/bin/gnu/h-i686-mingw32/bin/../lib/gcc/nios2-elf/4.7.3/../../../../../H-i686-mingw32/nios2-elf/lib/mno-hw-mul\libsmallc.a(lib_a-fputs.o)
 .debug_frame   0x00000834       0x20 c:/altera/13.1/nios2eds/bin/gnu/h-i686-mingw32/bin/../lib/gcc/nios2-elf/4.7.3/../../../../../H-i686-mingw32/nios2-elf/lib/mno-hw-mul\libsmallc.a(lib_a-memcmp.o)
 .debug_frame   0x00000854       0x30 c:/altera/13.1/nios2eds/bin/gnu/h-i686-mingw32/bin/../lib/gcc/nios2-elf/4.7.3/../../../../../H-i686-mingw32/nios2-elf/lib/mno-hw-mul\libsmallc.a(lib_a-__atexit.o)
 .debug_frame   0x00000884       0x38 c:/altera/13.1/nios2eds/bin/gnu/h-i686-mingw32/bin/../lib/gcc/nios2-elf/4.7.3/../../../../../H-i686-mingw32/nios2-elf/lib/mno-hw-mul\libsmallc.a(lib_a-__call_atexit.o)
 .debug_frame   0x000008bc       0x2c ../PBL-SD-1_bsp/\libhal_bsp.a(alt_exit.o)

.debug_str      0x00000000     0x1814
 *(.debug_str)
 .debug_str     0x00000000      0x15f obj/default/main.o
                                0x1a4 (size before relaxing)
 .debug_str     0x0000015f       0xd3 c:/altera/13.1/nios2eds/bin/gnu/h-i686-mingw32/bin/../lib/gcc/nios2-elf/4.7.3/mno-hw-mul\libgcc.a(lib2-mul.o)
                                0x12a (size before relaxing)
 .debug_str     0x00000232       0xf9 c:/altera/13.1/nios2eds/bin/gnu/h-i686-mingw32/bin/../lib/gcc/nios2-elf/4.7.3/../../../../../H-i686-mingw32/nios2-elf/lib/mno-hw-mul\libsmallc.a(lib_a-memcpy.o)
                                0x11e (size before relaxing)
 .debug_str     0x0000032b      0x3d4 c:/altera/13.1/nios2eds/bin/gnu/h-i686-mingw32/bin/../lib/gcc/nios2-elf/4.7.3/../../../../../H-i686-mingw32/nios2-elf/lib/mno-hw-mul\libsmallc.a(lib_a-printf.o)
                                0x4b4 (size before relaxing)
 .debug_str     0x000006ff       0x4a c:/altera/13.1/nios2eds/bin/gnu/h-i686-mingw32/bin/../lib/gcc/nios2-elf/4.7.3/../../../../../H-i686-mingw32/nios2-elf/lib/mno-hw-mul\libsmallc.a(lib_a-puts.o)
                                0x463 (size before relaxing)
 .debug_str     0x00000749       0x3e c:/altera/13.1/nios2eds/bin/gnu/h-i686-mingw32/bin/../lib/gcc/nios2-elf/4.7.3/../../../../../H-i686-mingw32/nios2-elf/lib/mno-hw-mul\libsmallc.a(lib_a-strlen.o)
                                0x190 (size before relaxing)
 .debug_str     0x00000787      0x196 c:/altera/13.1/nios2eds/bin/gnu/h-i686-mingw32/bin/../lib/gcc/nios2-elf/4.7.3/../../../../../H-i686-mingw32/nios2-elf/lib/mno-hw-mul\libsmallc.a(lib_a-vfprintf.o)
                                0x634 (size before relaxing)
 .debug_str     0x0000091d       0x82 c:/altera/13.1/nios2eds/bin/gnu/h-i686-mingw32/bin/../lib/gcc/nios2-elf/4.7.3/../../../../../H-i686-mingw32/nios2-elf/lib/mno-hw-mul\libsmallc.a(lib_a-fvwrite_small_dev.o)
                                0x48f (size before relaxing)
 .debug_str     0x0000099f       0xfb c:/altera/13.1/nios2eds/bin/gnu/h-i686-mingw32/bin/../lib/gcc/nios2-elf/4.7.3/../../../../../H-i686-mingw32/nios2-elf/lib/mno-hw-mul\libsmallc.a(lib_a-impure.o)
                                0x469 (size before relaxing)
 .debug_str     0x00000a9a       0x3d c:/altera/13.1/nios2eds/bin/gnu/h-i686-mingw32/bin/../lib/gcc/nios2-elf/4.7.3/../../../../../H-i686-mingw32/nios2-elf/lib/mno-hw-mul\libsmallc.a(lib_a-writer.o)
                                0x463 (size before relaxing)
 .debug_str     0x00000ad7       0x40 c:/altera/13.1/nios2eds/bin/gnu/h-i686-mingw32/bin/../lib/gcc/nios2-elf/4.7.3/../../../../../H-i686-mingw32/nios2-elf/lib/mno-hw-mul\libsmallc.a(lib_a-int_errno.o)
                                0x183 (size before relaxing)
 .debug_str     0x00000b17       0x7f c:/altera/13.1/nios2eds/bin/gnu/h-i686-mingw32/bin/../lib/gcc/nios2-elf/4.7.3/mno-hw-mul\libgcc.a(lib2-divmod.o)
                                0x169 (size before relaxing)
 .debug_str     0x00000b96      0x141 ../PBL-SD-1_bsp/\libhal_bsp.a(alt_load.o)
                                0x1df (size before relaxing)
 .debug_str     0x00000cd7       0x70 ../PBL-SD-1_bsp/\libhal_bsp.a(alt_main.o)
                                0x16a (size before relaxing)
 .debug_str     0x00000d47      0x116 ../PBL-SD-1_bsp/\libhal_bsp.a(alt_putstr.o)
                                0x4af (size before relaxing)
 .debug_str     0x00000e5d       0x27 ../PBL-SD-1_bsp/\libhal_bsp.a(alt_usleep.o)
                                0x115 (size before relaxing)
 .debug_str     0x00000e84      0x159 ../PBL-SD-1_bsp/\libhal_bsp.a(alt_write.o)
                                0x2c5 (size before relaxing)
 .debug_str     0x00000fdd       0xf9 ../PBL-SD-1_bsp/\libhal_bsp.a(alt_sys_init.o)
                                0x29a (size before relaxing)
 .debug_str     0x000010d6       0x77 ../PBL-SD-1_bsp/\libhal_bsp.a(altera_avalon_jtag_uart_fd.o)
                                0x2a2 (size before relaxing)
 .debug_str     0x0000114d       0x48 ../PBL-SD-1_bsp/\libhal_bsp.a(altera_avalon_jtag_uart_read.o)
                                0x1ec (size before relaxing)
 .debug_str     0x00001195       0x4a ../PBL-SD-1_bsp/\libhal_bsp.a(altera_avalon_jtag_uart_write.o)
                                0x1e2 (size before relaxing)
 .debug_str     0x000011df       0x42 ../PBL-SD-1_bsp/\libhal_bsp.a(alt_busy_sleep.o)
                                0x138 (size before relaxing)
 .debug_str     0x00001221       0x1b ../PBL-SD-1_bsp/\libhal_bsp.a(alt_close.o)
                                0x1d8 (size before relaxing)
 .debug_str     0x0000123c       0x34 ../PBL-SD-1_bsp/\libhal_bsp.a(alt_dcache_flush_all.o)
                                0x122 (size before relaxing)
 .debug_str     0x00001270       0x50 ../PBL-SD-1_bsp/\libhal_bsp.a(alt_dev.o)
                                0x2d2 (size before relaxing)
 .debug_str     0x000012c0       0x4b ../PBL-SD-1_bsp/\libhal_bsp.a(alt_dev_llist_insert.o)
                                0x199 (size before relaxing)
 .debug_str     0x0000130b       0x48 ../PBL-SD-1_bsp/\libhal_bsp.a(alt_do_ctors.o)
                                 0xa9 (size before relaxing)
 .debug_str     0x00001353       0x4c ../PBL-SD-1_bsp/\libhal_bsp.a(alt_do_dtors.o)
                                 0xa8 (size before relaxing)
 .debug_str     0x0000139f       0x14 ../PBL-SD-1_bsp/\libhal_bsp.a(alt_errno.o)
                                0x112 (size before relaxing)
 .debug_str     0x000013b3       0x34 ../PBL-SD-1_bsp/\libhal_bsp.a(alt_icache_flush_all.o)
                                0x122 (size before relaxing)
 .debug_str     0x000013e7       0x56 ../PBL-SD-1_bsp/\libhal_bsp.a(alt_io_redirect.o)
                                0x2e3 (size before relaxing)
 .debug_str     0x0000143d       0x36 ../PBL-SD-1_bsp/\libhal_bsp.a(alt_open.o)
                                0x218 (size before relaxing)
 .debug_str     0x00001473       0x28 ../PBL-SD-1_bsp/\libhal_bsp.a(alt_release_fd.o)
                                0x1ac (size before relaxing)
 .debug_str     0x0000149b       0x3b ../PBL-SD-1_bsp/\libhal_bsp.a(altera_nios2_qsys_irq.o)
                                0x129 (size before relaxing)
 .debug_str     0x000014d6       0x24 ../PBL-SD-1_bsp/\libhal_bsp.a(alt_find_dev.o)
                                0x1b9 (size before relaxing)
 .debug_str     0x000014fa       0x26 ../PBL-SD-1_bsp/\libhal_bsp.a(alt_find_file.o)
                                0x1c7 (size before relaxing)
 .debug_str     0x00001520       0x30 ../PBL-SD-1_bsp/\libhal_bsp.a(alt_get_fd.o)
                                0x1e9 (size before relaxing)
 .debug_str     0x00001550      0x122 c:/altera/13.1/nios2eds/bin/gnu/h-i686-mingw32/bin/../lib/gcc/nios2-elf/4.7.3/../../../../../H-i686-mingw32/nios2-elf/lib/mno-hw-mul\libsmallc.a(lib_a-atexit.o)
                                0x235 (size before relaxing)
 .debug_str     0x00001672       0x4d c:/altera/13.1/nios2eds/bin/gnu/h-i686-mingw32/bin/../lib/gcc/nios2-elf/4.7.3/../../../../../H-i686-mingw32/nios2-elf/lib/mno-hw-mul\libsmallc.a(lib_a-exit.o)
                                0x19b (size before relaxing)
 .debug_str     0x000016bf       0x42 c:/altera/13.1/nios2eds/bin/gnu/h-i686-mingw32/bin/../lib/gcc/nios2-elf/4.7.3/../../../../../H-i686-mingw32/nios2-elf/lib/mno-hw-mul\libsmallc.a(lib_a-fputs.o)
                                0x462 (size before relaxing)
 .debug_str     0x00001701       0x45 c:/altera/13.1/nios2eds/bin/gnu/h-i686-mingw32/bin/../lib/gcc/nios2-elf/4.7.3/../../../../../H-i686-mingw32/nios2-elf/lib/mno-hw-mul\libsmallc.a(lib_a-memcmp.o)
                                0x18a (size before relaxing)
 .debug_str     0x00001746       0x40 c:/altera/13.1/nios2eds/bin/gnu/h-i686-mingw32/bin/../lib/gcc/nios2-elf/4.7.3/../../../../../H-i686-mingw32/nios2-elf/lib/mno-hw-mul\libsmallc.a(lib_a-__atexit.o)
                                0x4b6 (size before relaxing)
 .debug_str     0x00001786       0x64 c:/altera/13.1/nios2eds/bin/gnu/h-i686-mingw32/bin/../lib/gcc/nios2-elf/4.7.3/../../../../../H-i686-mingw32/nios2-elf/lib/mno-hw-mul\libsmallc.a(lib_a-__call_atexit.o)
                                0x494 (size before relaxing)
 .debug_str     0x000017ea       0x2a ../PBL-SD-1_bsp/\libhal_bsp.a(alt_exit.o)
                                0x11e (size before relaxing)

.debug_loc      0x00000000     0x2171
 *(.debug_loc)
 .debug_loc     0x00000000       0xb1 obj/default/main.o
 .debug_loc     0x000000b1       0x93 c:/altera/13.1/nios2eds/bin/gnu/h-i686-mingw32/bin/../lib/gcc/nios2-elf/4.7.3/mno-hw-mul\libgcc.a(lib2-mul.o)
 .debug_loc     0x00000144       0xee c:/altera/13.1/nios2eds/bin/gnu/h-i686-mingw32/bin/../lib/gcc/nios2-elf/4.7.3/../../../../../H-i686-mingw32/nios2-elf/lib/mno-hw-mul\libsmallc.a(lib_a-memcpy.o)
 .debug_loc     0x00000232      0x125 c:/altera/13.1/nios2eds/bin/gnu/h-i686-mingw32/bin/../lib/gcc/nios2-elf/4.7.3/../../../../../H-i686-mingw32/nios2-elf/lib/mno-hw-mul\libsmallc.a(lib_a-printf.o)
 .debug_loc     0x00000357       0xb7 c:/altera/13.1/nios2eds/bin/gnu/h-i686-mingw32/bin/../lib/gcc/nios2-elf/4.7.3/../../../../../H-i686-mingw32/nios2-elf/lib/mno-hw-mul\libsmallc.a(lib_a-puts.o)
 .debug_loc     0x0000040e       0x29 c:/altera/13.1/nios2eds/bin/gnu/h-i686-mingw32/bin/../lib/gcc/nios2-elf/4.7.3/../../../../../H-i686-mingw32/nios2-elf/lib/mno-hw-mul\libsmallc.a(lib_a-strlen.o)
 .debug_loc     0x00000437      0xc9d c:/altera/13.1/nios2eds/bin/gnu/h-i686-mingw32/bin/../lib/gcc/nios2-elf/4.7.3/../../../../../H-i686-mingw32/nios2-elf/lib/mno-hw-mul\libsmallc.a(lib_a-vfprintf.o)
 .debug_loc     0x000010d4      0x19e c:/altera/13.1/nios2eds/bin/gnu/h-i686-mingw32/bin/../lib/gcc/nios2-elf/4.7.3/../../../../../H-i686-mingw32/nios2-elf/lib/mno-hw-mul\libsmallc.a(lib_a-fvwrite_small_dev.o)
 .debug_loc     0x00001272       0xde c:/altera/13.1/nios2eds/bin/gnu/h-i686-mingw32/bin/../lib/gcc/nios2-elf/4.7.3/../../../../../H-i686-mingw32/nios2-elf/lib/mno-hw-mul\libsmallc.a(lib_a-writer.o)
 .debug_loc     0x00001350      0x338 c:/altera/13.1/nios2eds/bin/gnu/h-i686-mingw32/bin/../lib/gcc/nios2-elf/4.7.3/mno-hw-mul\libgcc.a(lib2-divmod.o)
 .debug_loc     0x00001688       0x58 ../PBL-SD-1_bsp/\libhal_bsp.a(alt_load.o)
 .debug_loc     0x000016e0       0x2c ../PBL-SD-1_bsp/\libhal_bsp.a(alt_main.o)
 .debug_loc     0x0000170c       0x2c ../PBL-SD-1_bsp/\libhal_bsp.a(alt_putstr.o)
 .debug_loc     0x00001738       0x2c ../PBL-SD-1_bsp/\libhal_bsp.a(alt_usleep.o)
 .debug_loc     0x00001764       0x58 ../PBL-SD-1_bsp/\libhal_bsp.a(alt_write.o)
 .debug_loc     0x000017bc       0x84 ../PBL-SD-1_bsp/\libhal_bsp.a(alt_sys_init.o)
 .debug_loc     0x00001840       0x58 ../PBL-SD-1_bsp/\libhal_bsp.a(altera_avalon_jtag_uart_fd.o)
 .debug_loc     0x00001898       0x2c ../PBL-SD-1_bsp/\libhal_bsp.a(altera_avalon_jtag_uart_read.o)
 .debug_loc     0x000018c4       0x2c ../PBL-SD-1_bsp/\libhal_bsp.a(altera_avalon_jtag_uart_write.o)
 .debug_loc     0x000018f0       0x2c ../PBL-SD-1_bsp/\libhal_bsp.a(alt_busy_sleep.o)
 .debug_loc     0x0000191c       0x58 ../PBL-SD-1_bsp/\libhal_bsp.a(alt_close.o)
 .debug_loc     0x00001974       0x2c ../PBL-SD-1_bsp/\libhal_bsp.a(alt_dcache_flush_all.o)
 .debug_loc     0x000019a0       0x2c ../PBL-SD-1_bsp/\libhal_bsp.a(alt_dev.o)
 .debug_loc     0x000019cc       0x58 ../PBL-SD-1_bsp/\libhal_bsp.a(alt_dev_llist_insert.o)
 .debug_loc     0x00001a24       0x2c ../PBL-SD-1_bsp/\libhal_bsp.a(alt_do_ctors.o)
 .debug_loc     0x00001a50       0x2c ../PBL-SD-1_bsp/\libhal_bsp.a(alt_do_dtors.o)
 .debug_loc     0x00001a7c       0x2c ../PBL-SD-1_bsp/\libhal_bsp.a(alt_icache_flush_all.o)
 .debug_loc     0x00001aa8       0x58 ../PBL-SD-1_bsp/\libhal_bsp.a(alt_io_redirect.o)
 .debug_loc     0x00001b00       0x84 ../PBL-SD-1_bsp/\libhal_bsp.a(alt_open.o)
 .debug_loc     0x00001b84       0x2c ../PBL-SD-1_bsp/\libhal_bsp.a(alt_release_fd.o)
 .debug_loc     0x00001bb0       0x2c ../PBL-SD-1_bsp/\libhal_bsp.a(altera_nios2_qsys_irq.o)
 .debug_loc     0x00001bdc       0x2c ../PBL-SD-1_bsp/\libhal_bsp.a(alt_find_dev.o)
 .debug_loc     0x00001c08       0x2c ../PBL-SD-1_bsp/\libhal_bsp.a(alt_find_file.o)
 .debug_loc     0x00001c34       0x2c ../PBL-SD-1_bsp/\libhal_bsp.a(alt_get_fd.o)
 .debug_loc     0x00001c60       0x2c c:/altera/13.1/nios2eds/bin/gnu/h-i686-mingw32/bin/../lib/gcc/nios2-elf/4.7.3/../../../../../H-i686-mingw32/nios2-elf/lib/mno-hw-mul\libsmallc.a(lib_a-atexit.o)
 .debug_loc     0x00001c8c       0x3e c:/altera/13.1/nios2eds/bin/gnu/h-i686-mingw32/bin/../lib/gcc/nios2-elf/4.7.3/../../../../../H-i686-mingw32/nios2-elf/lib/mno-hw-mul\libsmallc.a(lib_a-exit.o)
 .debug_loc     0x00001cca       0x80 c:/altera/13.1/nios2eds/bin/gnu/h-i686-mingw32/bin/../lib/gcc/nios2-elf/4.7.3/../../../../../H-i686-mingw32/nios2-elf/lib/mno-hw-mul\libsmallc.a(lib_a-fputs.o)
 .debug_loc     0x00001d4a       0x6f c:/altera/13.1/nios2eds/bin/gnu/h-i686-mingw32/bin/../lib/gcc/nios2-elf/4.7.3/../../../../../H-i686-mingw32/nios2-elf/lib/mno-hw-mul\libsmallc.a(lib_a-memcmp.o)
 .debug_loc     0x00001db9      0x1f4 c:/altera/13.1/nios2eds/bin/gnu/h-i686-mingw32/bin/../lib/gcc/nios2-elf/4.7.3/../../../../../H-i686-mingw32/nios2-elf/lib/mno-hw-mul\libsmallc.a(lib_a-__atexit.o)
 .debug_loc     0x00001fad      0x198 c:/altera/13.1/nios2eds/bin/gnu/h-i686-mingw32/bin/../lib/gcc/nios2-elf/4.7.3/../../../../../H-i686-mingw32/nios2-elf/lib/mno-hw-mul\libsmallc.a(lib_a-__call_atexit.o)
 .debug_loc     0x00002145       0x2c ../PBL-SD-1_bsp/\libhal_bsp.a(alt_exit.o)

.debug_macinfo
 *(.debug_macinfo)

.debug_weaknames
 *(.debug_weaknames)

.debug_funcnames
 *(.debug_funcnames)

.debug_typenames
 *(.debug_typenames)

.debug_varnames
 *(.debug_varnames)

.debug_alt_sim_info
                0x00000000       0x40
 *(.debug_alt_sim_info)
 .debug_alt_sim_info
                0x00000000       0x10 ../PBL-SD-1_bsp//obj/HAL/src/crt0.o
 .debug_alt_sim_info
                0x00000010       0x30 ../PBL-SD-1_bsp/\libhal_bsp.a(alt_busy_sleep.o)
                0x00008000                __alt_data_end = 0x8000
                0x00008000                PROVIDE (__alt_stack_pointer, __alt_data_end)
                0x00006d4c                PROVIDE (__alt_stack_limit, __alt_stack_base)
                0x00006d4c                PROVIDE (__alt_heap_start, end)
                0x00008000                PROVIDE (__alt_heap_limit, 0x8000)
OUTPUT(PBL-SD-1.elf elf32-littlenios2)

.debug_ranges   0x00000000      0x1f0
 .debug_ranges  0x00000000       0x20 ../PBL-SD-1_bsp//obj/HAL/src/crt0.o
 .debug_ranges  0x00000020      0x188 c:/altera/13.1/nios2eds/bin/gnu/h-i686-mingw32/bin/../lib/gcc/nios2-elf/4.7.3/../../../../../H-i686-mingw32/nios2-elf/lib/mno-hw-mul\libsmallc.a(lib_a-vfprintf.o)
 .debug_ranges  0x000001a8       0x18 c:/altera/13.1/nios2eds/bin/gnu/h-i686-mingw32/bin/../lib/gcc/nios2-elf/4.7.3/../../../../../H-i686-mingw32/nios2-elf/lib/mno-hw-mul\libsmallc.a(lib_a-fvwrite_small_dev.o)
 .debug_ranges  0x000001c0       0x18 ../PBL-SD-1_bsp/\libhal_bsp.a(altera_avalon_jtag_uart_read.o)
 .debug_ranges  0x000001d8       0x18 c:/altera/13.1/nios2eds/bin/gnu/h-i686-mingw32/bin/../lib/gcc/nios2-elf/4.7.3/../../../../../H-i686-mingw32/nios2-elf/lib/mno-hw-mul\libsmallc.a(lib_a-__call_atexit.o)
