Archive member included because of file (symbol)

c:/altera/13.1/nios2eds/bin/gnu/h-i686-mingw32/bin/../lib/gcc/nios2-elf/4.7.3/mno-hw-mul\libgcc.a(lib2-mul.o)
                              obj/default/main.o (__mulsi3)
c:/altera/13.1/nios2eds/bin/gnu/h-i686-mingw32/bin/../lib/gcc/nios2-elf/4.7.3/../../../../../H-i686-mingw32/nios2-elf/lib/mno-hw-mul\libsmallc.a(lib_a-memcpy.o)
                              obj/default/main.o (memcpy)
c:/altera/13.1/nios2eds/bin/gnu/h-i686-mingw32/bin/../lib/gcc/nios2-elf/4.7.3/../../../../../H-i686-mingw32/nios2-elf/lib/mno-hw-mul\libsmallc.a(lib_a-printf.o)
                              obj/default/main.o (printf)
c:/altera/13.1/nios2eds/bin/gnu/h-i686-mingw32/bin/../lib/gcc/nios2-elf/4.7.3/../../../../../H-i686-mingw32/nios2-elf/lib/mno-hw-mul\libsmallc.a(lib_a-strlen.o)
                              obj/default/main.o (strlen)
c:/altera/13.1/nios2eds/bin/gnu/h-i686-mingw32/bin/../lib/gcc/nios2-elf/4.7.3/../../../../../H-i686-mingw32/nios2-elf/lib/mno-hw-mul\libsmallc.a(lib_a-vfprintf.o)
                              c:/altera/13.1/nios2eds/bin/gnu/h-i686-mingw32/bin/../lib/gcc/nios2-elf/4.7.3/../../../../../H-i686-mingw32/nios2-elf/lib/mno-hw-mul\libsmallc.a(lib_a-printf.o) (___vfprintf_internal_r)
c:/altera/13.1/nios2eds/bin/gnu/h-i686-mingw32/bin/../lib/gcc/nios2-elf/4.7.3/../../../../../H-i686-mingw32/nios2-elf/lib/mno-hw-mul\libsmallc.a(lib_a-fvwrite_small_dev.o)
                              c:/altera/13.1/nios2eds/bin/gnu/h-i686-mingw32/bin/../lib/gcc/nios2-elf/4.7.3/../../../../../H-i686-mingw32/nios2-elf/lib/mno-hw-mul\libsmallc.a(lib_a-printf.o) (__sfvwrite_small_dev)
c:/altera/13.1/nios2eds/bin/gnu/h-i686-mingw32/bin/../lib/gcc/nios2-elf/4.7.3/../../../../../H-i686-mingw32/nios2-elf/lib/mno-hw-mul\libsmallc.a(lib_a-impure.o)
                              c:/altera/13.1/nios2eds/bin/gnu/h-i686-mingw32/bin/../lib/gcc/nios2-elf/4.7.3/../../../../../H-i686-mingw32/nios2-elf/lib/mno-hw-mul\libsmallc.a(lib_a-printf.o) (_impure_ptr)
c:/altera/13.1/nios2eds/bin/gnu/h-i686-mingw32/bin/../lib/gcc/nios2-elf/4.7.3/../../../../../H-i686-mingw32/nios2-elf/lib/mno-hw-mul\libsmallc.a(lib_a-writer.o)
                              c:/altera/13.1/nios2eds/bin/gnu/h-i686-mingw32/bin/../lib/gcc/nios2-elf/4.7.3/../../../../../H-i686-mingw32/nios2-elf/lib/mno-hw-mul\libsmallc.a(lib_a-fvwrite_small_dev.o) (_write_r)
c:/altera/13.1/nios2eds/bin/gnu/h-i686-mingw32/bin/../lib/gcc/nios2-elf/4.7.3/../../../../../H-i686-mingw32/nios2-elf/lib/mno-hw-mul\libsmallc.a(lib_a-int_errno.o)
                              c:/altera/13.1/nios2eds/bin/gnu/h-i686-mingw32/bin/../lib/gcc/nios2-elf/4.7.3/../../../../../H-i686-mingw32/nios2-elf/lib/mno-hw-mul\libsmallc.a(lib_a-writer.o) (errno)
c:/altera/13.1/nios2eds/bin/gnu/h-i686-mingw32/bin/../lib/gcc/nios2-elf/4.7.3/mno-hw-mul\libgcc.a(lib2-divmod.o)
                              c:/altera/13.1/nios2eds/bin/gnu/h-i686-mingw32/bin/../lib/gcc/nios2-elf/4.7.3/../../../../../H-i686-mingw32/nios2-elf/lib/mno-hw-mul\libsmallc.a(lib_a-vfprintf.o) (__udivsi3)
../PBL-SD-1_bsp/\libhal_bsp.a(alt_load.o)
                              ../PBL-SD-1_bsp//obj/HAL/src/crt0.o (alt_load)
../PBL-SD-1_bsp/\libhal_bsp.a(alt_main.o)
                              ../PBL-SD-1_bsp//obj/HAL/src/crt0.o (alt_main)
../PBL-SD-1_bsp/\libhal_bsp.a(alt_putstr.o)
                              obj/default/main.o (alt_putstr)
../PBL-SD-1_bsp/\libhal_bsp.a(alt_usleep.o)
                              obj/default/main.o (usleep)
../PBL-SD-1_bsp/\libhal_bsp.a(alt_write.o)
                              c:/altera/13.1/nios2eds/bin/gnu/h-i686-mingw32/bin/../lib/gcc/nios2-elf/4.7.3/../../../../../H-i686-mingw32/nios2-elf/lib/mno-hw-mul\libsmallc.a(lib_a-writer.o) (write)
../PBL-SD-1_bsp/\libhal_bsp.a(alt_sys_init.o)
                              ../PBL-SD-1_bsp/\libhal_bsp.a(alt_main.o) (alt_irq_init)
../PBL-SD-1_bsp/\libhal_bsp.a(altera_avalon_jtag_uart_fd.o)
                              ../PBL-SD-1_bsp/\libhal_bsp.a(alt_sys_init.o) (altera_avalon_jtag_uart_read_fd)
../PBL-SD-1_bsp/\libhal_bsp.a(altera_avalon_jtag_uart_read.o)
                              ../PBL-SD-1_bsp/\libhal_bsp.a(altera_avalon_jtag_uart_fd.o) (altera_avalon_jtag_uart_read)
../PBL-SD-1_bsp/\libhal_bsp.a(altera_avalon_jtag_uart_write.o)
                              ../PBL-SD-1_bsp/\libhal_bsp.a(altera_avalon_jtag_uart_fd.o) (altera_avalon_jtag_uart_write)
../PBL-SD-1_bsp/\libhal_bsp.a(alt_busy_sleep.o)
                              ../PBL-SD-1_bsp/\libhal_bsp.a(alt_usleep.o) (alt_busy_sleep)
../PBL-SD-1_bsp/\libhal_bsp.a(alt_close.o)
                              ../PBL-SD-1_bsp/\libhal_bsp.a(alt_main.o) (close)
../PBL-SD-1_bsp/\libhal_bsp.a(alt_dcache_flush_all.o)
                              ../PBL-SD-1_bsp/\libhal_bsp.a(alt_load.o) (alt_dcache_flush_all)
../PBL-SD-1_bsp/\libhal_bsp.a(alt_dev.o)
                              ../PBL-SD-1_bsp/\libhal_bsp.a(alt_sys_init.o) (alt_dev_list)
../PBL-SD-1_bsp/\libhal_bsp.a(alt_dev_llist_insert.o)
                              ../PBL-SD-1_bsp/\libhal_bsp.a(alt_sys_init.o) (alt_dev_llist_insert)
../PBL-SD-1_bsp/\libhal_bsp.a(alt_do_ctors.o)
                              ../PBL-SD-1_bsp/\libhal_bsp.a(alt_main.o) (_do_ctors)
../PBL-SD-1_bsp/\libhal_bsp.a(alt_do_dtors.o)
                              ../PBL-SD-1_bsp/\libhal_bsp.a(alt_main.o) (_do_dtors)
../PBL-SD-1_bsp/\libhal_bsp.a(alt_errno.o)
                              ../PBL-SD-1_bsp/\libhal_bsp.a(alt_write.o) (alt_errno)
../PBL-SD-1_bsp/\libhal_bsp.a(alt_icache_flush_all.o)
                              ../PBL-SD-1_bsp/\libhal_bsp.a(alt_load.o) (alt_icache_flush_all)
../PBL-SD-1_bsp/\libhal_bsp.a(alt_io_redirect.o)
                              ../PBL-SD-1_bsp/\libhal_bsp.a(alt_main.o) (alt_io_redirect)
../PBL-SD-1_bsp/\libhal_bsp.a(alt_open.o)
                              ../PBL-SD-1_bsp/\libhal_bsp.a(alt_io_redirect.o) (open)
../PBL-SD-1_bsp/\libhal_bsp.a(alt_release_fd.o)
                              ../PBL-SD-1_bsp/\libhal_bsp.a(alt_close.o) (alt_release_fd)
../PBL-SD-1_bsp/\libhal_bsp.a(altera_nios2_qsys_irq.o)
                              ../PBL-SD-1_bsp/\libhal_bsp.a(alt_sys_init.o) (altera_nios2_qsys_irq_init)
../PBL-SD-1_bsp/\libhal_bsp.a(alt_find_dev.o)
                              ../PBL-SD-1_bsp/\libhal_bsp.a(alt_open.o) (alt_find_dev)
../PBL-SD-1_bsp/\libhal_bsp.a(alt_find_file.o)
                              ../PBL-SD-1_bsp/\libhal_bsp.a(alt_open.o) (alt_find_file)
../PBL-SD-1_bsp/\libhal_bsp.a(alt_get_fd.o)
                              ../PBL-SD-1_bsp/\libhal_bsp.a(alt_open.o) (alt_get_fd)
c:/altera/13.1/nios2eds/bin/gnu/h-i686-mingw32/bin/../lib/gcc/nios2-elf/4.7.3/../../../../../H-i686-mingw32/nios2-elf/lib/mno-hw-mul\libsmallc.a(lib_a-atexit.o)
                              ../PBL-SD-1_bsp/\libhal_bsp.a(alt_main.o) (atexit)
c:/altera/13.1/nios2eds/bin/gnu/h-i686-mingw32/bin/../lib/gcc/nios2-elf/4.7.3/../../../../../H-i686-mingw32/nios2-elf/lib/mno-hw-mul\libsmallc.a(lib_a-exit.o)
                              ../PBL-SD-1_bsp/\libhal_bsp.a(alt_main.o) (exit)
c:/altera/13.1/nios2eds/bin/gnu/h-i686-mingw32/bin/../lib/gcc/nios2-elf/4.7.3/../../../../../H-i686-mingw32/nios2-elf/lib/mno-hw-mul\libsmallc.a(lib_a-fputs.o)
                              ../PBL-SD-1_bsp/\libhal_bsp.a(alt_putstr.o) (fputs)
c:/altera/13.1/nios2eds/bin/gnu/h-i686-mingw32/bin/../lib/gcc/nios2-elf/4.7.3/../../../../../H-i686-mingw32/nios2-elf/lib/mno-hw-mul\libsmallc.a(lib_a-memcmp.o)
                              ../PBL-SD-1_bsp/\libhal_bsp.a(alt_find_dev.o) (memcmp)
c:/altera/13.1/nios2eds/bin/gnu/h-i686-mingw32/bin/../lib/gcc/nios2-elf/4.7.3/../../../../../H-i686-mingw32/nios2-elf/lib/mno-hw-mul\libsmallc.a(lib_a-__atexit.o)
                              c:/altera/13.1/nios2eds/bin/gnu/h-i686-mingw32/bin/../lib/gcc/nios2-elf/4.7.3/../../../../../H-i686-mingw32/nios2-elf/lib/mno-hw-mul\libsmallc.a(lib_a-atexit.o) (__register_exitproc)
c:/altera/13.1/nios2eds/bin/gnu/h-i686-mingw32/bin/../lib/gcc/nios2-elf/4.7.3/../../../../../H-i686-mingw32/nios2-elf/lib/mno-hw-mul\libsmallc.a(lib_a-__call_atexit.o)
                              c:/altera/13.1/nios2eds/bin/gnu/h-i686-mingw32/bin/../lib/gcc/nios2-elf/4.7.3/../../../../../H-i686-mingw32/nios2-elf/lib/mno-hw-mul\libsmallc.a(lib_a-exit.o) (__call_exitprocs)
../PBL-SD-1_bsp/\libhal_bsp.a(alt_exit.o)
                              c:/altera/13.1/nios2eds/bin/gnu/h-i686-mingw32/bin/../lib/gcc/nios2-elf/4.7.3/../../../../../H-i686-mingw32/nios2-elf/lib/mno-hw-mul\libsmallc.a(lib_a-exit.o) (_exit)

Allocating common symbols
Common symbol       size              file

errno               0x4               c:/altera/13.1/nios2eds/bin/gnu/h-i686-mingw32/bin/../lib/gcc/nios2-elf/4.7.3/../../../../../H-i686-mingw32/nios2-elf/lib/mno-hw-mul\libsmallc.a(lib_a-int_errno.o)
_atexit0            0x8c              c:/altera/13.1/nios2eds/bin/gnu/h-i686-mingw32/bin/../lib/gcc/nios2-elf/4.7.3/../../../../../H-i686-mingw32/nios2-elf/lib/mno-hw-mul\libsmallc.a(lib_a-atexit.o)

Memory Configuration

Name             Origin             Length             Attributes
reset            0x00004000         0x00000020
memory           0x00004020         0x00003fe0
*default*        0x00000000         0xffffffff

Linker script and memory map

LOAD ../PBL-SD-1_bsp//obj/HAL/src/crt0.o
LOAD obj/default/main.o
LOAD c:/altera/13.1/nios2eds/bin/gnu/h-i686-mingw32/bin/../lib/gcc/nios2-elf/4.7.3/../../../../../H-i686-mingw32/nios2-elf/lib/mno-hw-mul\libstdc++.a
LOAD c:/altera/13.1/nios2eds/bin/gnu/h-i686-mingw32/bin/../lib/gcc/nios2-elf/4.7.3/../../../../../H-i686-mingw32/nios2-elf/lib/mno-hw-mul\libm.a
LOAD c:/altera/13.1/nios2eds/bin/gnu/h-i686-mingw32/bin/../lib/gcc/nios2-elf/4.7.3/mno-hw-mul\libgcc.a
START GROUP
LOAD c:/altera/13.1/nios2eds/bin/gnu/h-i686-mingw32/bin/../lib/gcc/nios2-elf/4.7.3/../../../../../H-i686-mingw32/nios2-elf/lib/mno-hw-mul\libsmallc.a
LOAD c:/altera/13.1/nios2eds/bin/gnu/h-i686-mingw32/bin/../lib/gcc/nios2-elf/4.7.3/mno-hw-mul\libgcc.a
LOAD ../PBL-SD-1_bsp/\libhal_bsp.a
END GROUP
LOAD c:/altera/13.1/nios2eds/bin/gnu/h-i686-mingw32/bin/../lib/gcc/nios2-elf/4.7.3/mno-hw-mul\libgcc.a
                0x00004000                __alt_mem_memory = 0x4000

.entry          0x00004000       0x20
 *(.entry)
 .entry         0x00004000       0x20 ../PBL-SD-1_bsp//obj/HAL/src/crt0.o
                0x00004000                __reset

.exceptions     0x00004020        0x0
                0x00004020                PROVIDE (__ram_exceptions_start, ABSOLUTE (.))
                0x00004020                . = ALIGN (0x20)
 *(.irq)
 *(.exceptions.entry.label)
 *(.exceptions.entry.user)
 *(.exceptions.entry.ecc_fatal)
 *(.exceptions.entry)
 *(.exceptions.irqtest.user)
 *(.exceptions.irqtest)
 *(.exceptions.irqhandler.user)
 *(.exceptions.irqhandler)
 *(.exceptions.irqreturn.user)
 *(.exceptions.irqreturn)
 *(.exceptions.notirq.label)
 *(.exceptions.notirq.user)
 *(.exceptions.notirq)
 *(.exceptions.soft.user)
 *(.exceptions.soft)
 *(.exceptions.unknown.user)
 *(.exceptions.unknown)
 *(.exceptions.exit.label)
 *(.exceptions.exit.user)
 *(.exceptions.exit)
 *(.exceptions)
                0x00004020                PROVIDE (__ram_exceptions_end, ABSOLUTE (.))
                0x00004020                PROVIDE (__flash_exceptions_start, LOADADDR (.exceptions))

.text           0x00004020     0x2458
                0x00004020                PROVIDE (stext, ABSOLUTE (.))
 *(.interp)
 *(.hash)
 *(.dynsym)
 *(.dynstr)
 *(.gnu.version)
 *(.gnu.version_d)
 *(.gnu.version_r)
 *(.rel.init)
 *(.rela.init)
 *(.rel.text .rel.text.* .rel.gnu.linkonce.t.*)
 *(.rela.text .rela.text.* .rela.gnu.linkonce.t.*)
 *(.rel.fini)
 *(.rela.fini)
 *(.rel.rodata .rel.rodata.* .rel.gnu.linkonce.r.*)
 *(.rela.rodata .rela.rodata.* .rela.gnu.linkonce.r.*)
 *(.rel.data .rel.data.* .rel.gnu.linkonce.d.*)
 *(.rela.data .rela.data.* .rela.gnu.linkonce.d.*)
 *(.rel.tdata .rel.tdata.* .rel.gnu.linkonce.td.*)
 *(.rela.tdata .rela.tdata.* .rela.gnu.linkonce.td.*)
 *(.rel.tbss .rel.tbss.* .rel.gnu.linkonce.tb.*)
 *(.rela.tbss .rela.tbss.* .rela.gnu.linkonce.tb.*)
 *(.rel.ctors)
 *(.rela.ctors)
 *(.rel.dtors)
 *(.rela.dtors)
 *(.rel.got)
 *(.rela.got)
 *(.rel.sdata .rel.sdata.* .rel.gnu.linkonce.s.*)
 *(.rela.sdata .rela.sdata.* .rela.gnu.linkonce.s.*)
 *(.rel.sbss .rel.sbss.* .rel.gnu.linkonce.sb.*)
 *(.rela.sbss .rela.sbss.* .rela.gnu.linkonce.sb.*)
 *(.rel.sdata2 .rel.sdata2.* .rel.gnu.linkonce.s2.*)
 *(.rela.sdata2 .rela.sdata2.* .rela.gnu.linkonce.s2.*)
 *(.rel.sbss2 .rel.sbss2.* .rel.gnu.linkonce.sb2.*)
 *(.rela.sbss2 .rela.sbss2.* .rela.gnu.linkonce.sb2.*)
 *(.rel.bss .rel.bss.* .rel.gnu.linkonce.b.*)
 *(.rela.bss .rela.bss.* .rela.gnu.linkonce.b.*)
 *(.rel.plt)
 *(.rela.plt)
 *(.rel.dyn)
 *(.init)
 *(.plt)
 *(.text .stub .text.* .gnu.linkonce.t.*)
 .text          0x00004020       0x3c ../PBL-SD-1_bsp//obj/HAL/src/crt0.o
                0x00004020                _start
 .text          0x0000405c      0x350 obj/default/main.o
                0x0000405c                main
                0x000041bc                printalcd
                0x0000427c                espera
                0x000042cc                lcd_init
 .text          0x000043ac       0x28 c:/altera/13.1/nios2eds/bin/gnu/h-i686-mingw32/bin/../lib/gcc/nios2-elf/4.7.3/mno-hw-mul\libgcc.a(lib2-mul.o)
                0x000043ac                __mulsi3
 .text          0x000043d4       0x28 c:/altera/13.1/nios2eds/bin/gnu/h-i686-mingw32/bin/../lib/gcc/nios2-elf/4.7.3/../../../../../H-i686-mingw32/nios2-elf/lib/mno-hw-mul\libsmallc.a(lib_a-memcpy.o)
                0x000043d4                memcpy
 .text          0x000043fc       0x88 c:/altera/13.1/nios2eds/bin/gnu/h-i686-mingw32/bin/../lib/gcc/nios2-elf/4.7.3/../../../../../H-i686-mingw32/nios2-elf/lib/mno-hw-mul\libsmallc.a(lib_a-printf.o)
                0x000043fc                _printf_r
                0x00004438                printf
 .text          0x00004484       0x28 c:/altera/13.1/nios2eds/bin/gnu/h-i686-mingw32/bin/../lib/gcc/nios2-elf/4.7.3/../../../../../H-i686-mingw32/nios2-elf/lib/mno-hw-mul\libsmallc.a(lib_a-strlen.o)
                0x00004484                strlen
 .text          0x000044ac      0x758 c:/altera/13.1/nios2eds/bin/gnu/h-i686-mingw32/bin/../lib/gcc/nios2-elf/4.7.3/../../../../../H-i686-mingw32/nios2-elf/lib/mno-hw-mul\libsmallc.a(lib_a-vfprintf.o)
                0x000044ac                ___vfprintf_internal_r
                0x00004be0                __vfprintf_internal
 .text          0x00004c04       0xe0 c:/altera/13.1/nios2eds/bin/gnu/h-i686-mingw32/bin/../lib/gcc/nios2-elf/4.7.3/../../../../../H-i686-mingw32/nios2-elf/lib/mno-hw-mul\libsmallc.a(lib_a-fvwrite_small_dev.o)
                0x00004c04                __sfvwrite_small_dev
 .text          0x00004ce4        0x0 c:/altera/13.1/nios2eds/bin/gnu/h-i686-mingw32/bin/../lib/gcc/nios2-elf/4.7.3/../../../../../H-i686-mingw32/nios2-elf/lib/mno-hw-mul\libsmallc.a(lib_a-impure.o)
 .text          0x00004ce4       0x6c c:/altera/13.1/nios2eds/bin/gnu/h-i686-mingw32/bin/../lib/gcc/nios2-elf/4.7.3/../../../../../H-i686-mingw32/nios2-elf/lib/mno-hw-mul\libsmallc.a(lib_a-writer.o)
                0x00004ce4                _write_r
 .text          0x00004d50        0x0 c:/altera/13.1/nios2eds/bin/gnu/h-i686-mingw32/bin/../lib/gcc/nios2-elf/4.7.3/../../../../../H-i686-mingw32/nios2-elf/lib/mno-hw-mul\libsmallc.a(lib_a-int_errno.o)
 .text          0x00004d50      0x130 c:/altera/13.1/nios2eds/bin/gnu/h-i686-mingw32/bin/../lib/gcc/nios2-elf/4.7.3/mno-hw-mul\libgcc.a(lib2-divmod.o)
                0x00004dc4                __divsi3
                0x00004e14                __modsi3
                0x00004e70                __udivsi3
                0x00004e78                __umodsi3
 .text          0x00004e80       0xec ../PBL-SD-1_bsp/\libhal_bsp.a(alt_load.o)
                0x00004eec                alt_load
 .text          0x00004f6c       0x78 ../PBL-SD-1_bsp/\libhal_bsp.a(alt_main.o)
                0x00004f6c                alt_main
 .text          0x00004fe4       0x44 ../PBL-SD-1_bsp/\libhal_bsp.a(alt_putstr.o)
                0x00004fe4                alt_putstr
 .text          0x00005028       0x30 ../PBL-SD-1_bsp/\libhal_bsp.a(alt_usleep.o)
                0x00005028                usleep
 .text          0x00005058      0x140 ../PBL-SD-1_bsp/\libhal_bsp.a(alt_write.o)
                0x000050a8                write
 .text          0x00005198       0x9c ../PBL-SD-1_bsp/\libhal_bsp.a(alt_sys_init.o)
                0x000051d0                alt_irq_init
                0x00005204                alt_sys_init
 .text          0x00005234       0xc0 ../PBL-SD-1_bsp/\libhal_bsp.a(altera_avalon_jtag_uart_fd.o)
                0x00005234                altera_avalon_jtag_uart_read_fd
                0x00005294                altera_avalon_jtag_uart_write_fd
 .text          0x000052f4       0xf4 ../PBL-SD-1_bsp/\libhal_bsp.a(altera_avalon_jtag_uart_read.o)
                0x000052f4                altera_avalon_jtag_uart_read
 .text          0x000053e8       0x98 ../PBL-SD-1_bsp/\libhal_bsp.a(altera_avalon_jtag_uart_write.o)
                0x000053e8                altera_avalon_jtag_uart_write
 .text          0x00005480      0x154 ../PBL-SD-1_bsp/\libhal_bsp.a(alt_busy_sleep.o)
                0x00005480                alt_busy_sleep
 .text          0x000055d4      0x11c ../PBL-SD-1_bsp/\libhal_bsp.a(alt_close.o)
                0x00005624                close
 .text          0x000056f0       0x1c ../PBL-SD-1_bsp/\libhal_bsp.a(alt_dcache_flush_all.o)
                0x000056f0                alt_dcache_flush_all
 .text          0x0000570c       0x2c ../PBL-SD-1_bsp/\libhal_bsp.a(alt_dev.o)
 .text          0x00005738       0xf0 ../PBL-SD-1_bsp/\libhal_bsp.a(alt_dev_llist_insert.o)
                0x00005788                alt_dev_llist_insert
 .text          0x00005828       0x5c ../PBL-SD-1_bsp/\libhal_bsp.a(alt_do_ctors.o)
                0x00005828                _do_ctors
 .text          0x00005884       0x5c ../PBL-SD-1_bsp/\libhal_bsp.a(alt_do_dtors.o)
                0x00005884                _do_dtors
 .text          0x000058e0        0x0 ../PBL-SD-1_bsp/\libhal_bsp.a(alt_errno.o)
 .text          0x000058e0       0x1c ../PBL-SD-1_bsp/\libhal_bsp.a(alt_icache_flush_all.o)
                0x000058e0                alt_icache_flush_all
 .text          0x000058fc      0x158 ../PBL-SD-1_bsp/\libhal_bsp.a(alt_io_redirect.o)
                0x000059dc                alt_io_redirect
 .text          0x00005a54      0x298 ../PBL-SD-1_bsp/\libhal_bsp.a(alt_open.o)
                0x00005b94                open
 .text          0x00005cec       0x80 ../PBL-SD-1_bsp/\libhal_bsp.a(alt_release_fd.o)
                0x00005cec                alt_release_fd
 .text          0x00005d6c       0x20 ../PBL-SD-1_bsp/\libhal_bsp.a(altera_nios2_qsys_irq.o)
                0x00005d6c                altera_nios2_qsys_irq_init
 .text          0x00005d8c       0x90 ../PBL-SD-1_bsp/\libhal_bsp.a(alt_find_dev.o)
                0x00005d8c                alt_find_dev
 .text          0x00005e1c      0x114 ../PBL-SD-1_bsp/\libhal_bsp.a(alt_find_file.o)
                0x00005e1c                alt_find_file
 .text          0x00005f30       0xd4 ../PBL-SD-1_bsp/\libhal_bsp.a(alt_get_fd.o)
                0x00005f30                alt_get_fd
 .text          0x00006004       0x14 c:/altera/13.1/nios2eds/bin/gnu/h-i686-mingw32/bin/../lib/gcc/nios2-elf/4.7.3/../../../../../H-i686-mingw32/nios2-elf/lib/mno-hw-mul\libsmallc.a(lib_a-atexit.o)
                0x00006004                atexit
 .text          0x00006018       0x20 c:/altera/13.1/nios2eds/bin/gnu/h-i686-mingw32/bin/../lib/gcc/nios2-elf/4.7.3/../../../../../H-i686-mingw32/nios2-elf/lib/mno-hw-mul\libsmallc.a(lib_a-exit.o)
                0x00006018                exit
 .text          0x00006038       0x5c c:/altera/13.1/nios2eds/bin/gnu/h-i686-mingw32/bin/../lib/gcc/nios2-elf/4.7.3/../../../../../H-i686-mingw32/nios2-elf/lib/mno-hw-mul\libsmallc.a(lib_a-fputs.o)
                0x00006038                fputs
 .text          0x00006094       0x48 c:/altera/13.1/nios2eds/bin/gnu/h-i686-mingw32/bin/../lib/gcc/nios2-elf/4.7.3/../../../../../H-i686-mingw32/nios2-elf/lib/mno-hw-mul\libsmallc.a(lib_a-memcmp.o)
                0x00006094                memcmp
 .text          0x000060dc      0x188 c:/altera/13.1/nios2eds/bin/gnu/h-i686-mingw32/bin/../lib/gcc/nios2-elf/4.7.3/../../../../../H-i686-mingw32/nios2-elf/lib/mno-hw-mul\libsmallc.a(lib_a-__atexit.o)
                0x000060dc                __register_exitproc
 .text          0x00006264      0x1d8 c:/altera/13.1/nios2eds/bin/gnu/h-i686-mingw32/bin/../lib/gcc/nios2-elf/4.7.3/../../../../../H-i686-mingw32/nios2-elf/lib/mno-hw-mul\libsmallc.a(lib_a-__call_atexit.o)
                0x00006264                __call_exitprocs
 .text          0x0000643c       0x3c ../PBL-SD-1_bsp/\libhal_bsp.a(alt_exit.o)
                0x0000643c                _exit
 *(.gnu.warning.*)
 *(.fini)
                0x00006478                PROVIDE (__etext, ABSOLUTE (.))
                0x00006478                PROVIDE (_etext, ABSOLUTE (.))
                0x00006478                PROVIDE (etext, ABSOLUTE (.))
 *(.eh_frame_hdr)
                0x00006478                . = ALIGN (0x4)
                0x00006478                PROVIDE (__preinit_array_start, ABSOLUTE (.))
 *(.preinit_array)
                0x00006478                PROVIDE (__preinit_array_end, ABSOLUTE (.))
                0x00006478                PROVIDE (__init_array_start, ABSOLUTE (.))
 *(.init_array)
                0x00006478                PROVIDE (__init_array_end, ABSOLUTE (.))
                0x00006478                PROVIDE (__fini_array_start, ABSOLUTE (.))
 *(.fini_array)
                0x00006478                PROVIDE (__fini_array_end, ABSOLUTE (.))
 *(.eh_frame)
 *(.gcc_except_table .gcc_except_table.*)
 *(.dynamic)
                0x00006478                PROVIDE (__CTOR_LIST__, ABSOLUTE (.))
 *(.ctors)
 *(SORT(.ctors.*))
                0x00006478                PROVIDE (__CTOR_END__, ABSOLUTE (.))
                0x00006478                PROVIDE (__DTOR_LIST__, ABSOLUTE (.))
 *(.dtors)
 *(SORT(.dtors.*))
                0x00006478                PROVIDE (__DTOR_END__, ABSOLUTE (.))
 *(.jcr)
                0x00006478                . = ALIGN (0x4)

.rodata         0x00006478       0x94
                0x00006478                PROVIDE (__ram_rodata_start, ABSOLUTE (.))
                0x00006478                . = ALIGN (0x4)
 *(.rodata .rodata.* .gnu.linkonce.r.*)
 .rodata        0x00006478       0x70 obj/default/main.o
 .rodata        0x000064e8        0xc ../PBL-SD-1_bsp/\libhal_bsp.a(alt_main.o)
 .rodata        0x000064f4        0xc ../PBL-SD-1_bsp/\libhal_bsp.a(alt_sys_init.o)
 .rodata        0x00006500        0xc ../PBL-SD-1_bsp/\libhal_bsp.a(alt_dev.o)
 *(.rodata1)
                0x0000650c                . = ALIGN (0x4)
                0x0000650c                PROVIDE (__ram_rodata_end, ABSOLUTE (.))
                0x00006478                PROVIDE (__flash_rodata_start, LOADADDR (.rodata))

.rwdata         0x0000650c      0x2d8 load address 0x000067e4
                0x0000650c                PROVIDE (__ram_rwdata_start, ABSOLUTE (.))
                0x0000650c                . = ALIGN (0x4)
 *(.got.plt)
 *(.got)
 *(.data1)
 *(.data .data.* .gnu.linkonce.d.*)
 .data          0x0000650c        0x0 ../PBL-SD-1_bsp//obj/HAL/src/crt0.o
 .data          0x0000650c        0x0 obj/default/main.o
 .data          0x0000650c        0x0 c:/altera/13.1/nios2eds/bin/gnu/h-i686-mingw32/bin/../lib/gcc/nios2-elf/4.7.3/mno-hw-mul\libgcc.a(lib2-mul.o)
 .data          0x0000650c        0x0 c:/altera/13.1/nios2eds/bin/gnu/h-i686-mingw32/bin/../lib/gcc/nios2-elf/4.7.3/../../../../../H-i686-mingw32/nios2-elf/lib/mno-hw-mul\libsmallc.a(lib_a-memcpy.o)
 .data          0x0000650c        0x0 c:/altera/13.1/nios2eds/bin/gnu/h-i686-mingw32/bin/../lib/gcc/nios2-elf/4.7.3/../../../../../H-i686-mingw32/nios2-elf/lib/mno-hw-mul\libsmallc.a(lib_a-printf.o)
 .data          0x0000650c        0x0 c:/altera/13.1/nios2eds/bin/gnu/h-i686-mingw32/bin/../lib/gcc/nios2-elf/4.7.3/../../../../../H-i686-mingw32/nios2-elf/lib/mno-hw-mul\libsmallc.a(lib_a-strlen.o)
 .data          0x0000650c        0x0 c:/altera/13.1/nios2eds/bin/gnu/h-i686-mingw32/bin/../lib/gcc/nios2-elf/4.7.3/../../../../../H-i686-mingw32/nios2-elf/lib/mno-hw-mul\libsmallc.a(lib_a-vfprintf.o)
 .data          0x0000650c        0x0 c:/altera/13.1/nios2eds/bin/gnu/h-i686-mingw32/bin/../lib/gcc/nios2-elf/4.7.3/../../../../../H-i686-mingw32/nios2-elf/lib/mno-hw-mul\libsmallc.a(lib_a-fvwrite_small_dev.o)
 .data          0x0000650c       0xe0 c:/altera/13.1/nios2eds/bin/gnu/h-i686-mingw32/bin/../lib/gcc/nios2-elf/4.7.3/../../../../../H-i686-mingw32/nios2-elf/lib/mno-hw-mul\libsmallc.a(lib_a-impure.o)
 .data          0x000065ec        0x0 c:/altera/13.1/nios2eds/bin/gnu/h-i686-mingw32/bin/../lib/gcc/nios2-elf/4.7.3/../../../../../H-i686-mingw32/nios2-elf/lib/mno-hw-mul\libsmallc.a(lib_a-writer.o)
 .data          0x000065ec        0x0 c:/altera/13.1/nios2eds/bin/gnu/h-i686-mingw32/bin/../lib/gcc/nios2-elf/4.7.3/../../../../../H-i686-mingw32/nios2-elf/lib/mno-hw-mul\libsmallc.a(lib_a-int_errno.o)
 .data          0x000065ec        0x0 c:/altera/13.1/nios2eds/bin/gnu/h-i686-mingw32/bin/../lib/gcc/nios2-elf/4.7.3/mno-hw-mul\libgcc.a(lib2-divmod.o)
 .data          0x000065ec        0x0 ../PBL-SD-1_bsp/\libhal_bsp.a(alt_load.o)
 .data          0x000065ec        0x0 ../PBL-SD-1_bsp/\libhal_bsp.a(alt_main.o)
 .data          0x000065ec        0x0 ../PBL-SD-1_bsp/\libhal_bsp.a(alt_putstr.o)
 .data          0x000065ec        0x0 ../PBL-SD-1_bsp/\libhal_bsp.a(alt_usleep.o)
 .data          0x000065ec        0x0 ../PBL-SD-1_bsp/\libhal_bsp.a(alt_write.o)
 .data          0x000065ec       0x2c ../PBL-SD-1_bsp/\libhal_bsp.a(alt_sys_init.o)
 .data          0x00006618        0x0 ../PBL-SD-1_bsp/\libhal_bsp.a(altera_avalon_jtag_uart_fd.o)
 .data          0x00006618        0x0 ../PBL-SD-1_bsp/\libhal_bsp.a(altera_avalon_jtag_uart_read.o)
 .data          0x00006618        0x0 ../PBL-SD-1_bsp/\libhal_bsp.a(altera_avalon_jtag_uart_write.o)
 .data          0x00006618        0x0 ../PBL-SD-1_bsp/\libhal_bsp.a(alt_busy_sleep.o)
 .data          0x00006618        0x0 ../PBL-SD-1_bsp/\libhal_bsp.a(alt_close.o)
 .data          0x00006618        0x0 ../PBL-SD-1_bsp/\libhal_bsp.a(alt_dcache_flush_all.o)
 .data          0x00006618      0x1a8 ../PBL-SD-1_bsp/\libhal_bsp.a(alt_dev.o)
                0x00006618                alt_dev_null
                0x00006640                alt_fd_list
 .data          0x000067c0        0x0 ../PBL-SD-1_bsp/\libhal_bsp.a(alt_dev_llist_insert.o)
 .data          0x000067c0        0x0 ../PBL-SD-1_bsp/\libhal_bsp.a(alt_do_ctors.o)
 .data          0x000067c0        0x0 ../PBL-SD-1_bsp/\libhal_bsp.a(alt_do_dtors.o)
 .data          0x000067c0        0x0 ../PBL-SD-1_bsp/\libhal_bsp.a(alt_errno.o)
 .data          0x000067c0        0x0 ../PBL-SD-1_bsp/\libhal_bsp.a(alt_icache_flush_all.o)
 .data          0x000067c0        0x0 ../PBL-SD-1_bsp/\libhal_bsp.a(alt_io_redirect.o)
 .data          0x000067c0        0x0 ../PBL-SD-1_bsp/\libhal_bsp.a(alt_open.o)
 .data          0x000067c0        0x0 ../PBL-SD-1_bsp/\libhal_bsp.a(alt_release_fd.o)
 .data          0x000067c0        0x0 ../PBL-SD-1_bsp/\libhal_bsp.a(altera_nios2_qsys_irq.o)
 .data          0x000067c0        0x0 ../PBL-SD-1_bsp/\libhal_bsp.a(alt_find_dev.o)
 .data          0x000067c0        0x0 ../PBL-SD-1_bsp/\libhal_bsp.a(alt_find_file.o)
 .data          0x000067c0        0x0 ../PBL-SD-1_bsp/\libhal_bsp.a(alt_get_fd.o)
 .data          0x000067c0        0x0 c:/altera/13.1/nios2eds/bin/gnu/h-i686-mingw32/bin/../lib/gcc/nios2-elf/4.7.3/../../../../../H-i686-mingw32/nios2-elf/lib/mno-hw-mul\libsmallc.a(lib_a-atexit.o)
 .data          0x000067c0        0x0 c:/altera/13.1/nios2eds/bin/gnu/h-i686-mingw32/bin/../lib/gcc/nios2-elf/4.7.3/../../../../../H-i686-mingw32/nios2-elf/lib/mno-hw-mul\libsmallc.a(lib_a-exit.o)
 .data          0x000067c0        0x0 c:/altera/13.1/nios2eds/bin/gnu/h-i686-mingw32/bin/../lib/gcc/nios2-elf/4.7.3/../../../../../H-i686-mingw32/nios2-elf/lib/mno-hw-mul\libsmallc.a(lib_a-fputs.o)
 .data          0x000067c0        0x0 c:/altera/13.1/nios2eds/bin/gnu/h-i686-mingw32/bin/../lib/gcc/nios2-elf/4.7.3/../../../../../H-i686-mingw32/nios2-elf/lib/mno-hw-mul\libsmallc.a(lib_a-memcmp.o)
 .data          0x000067c0        0x0 c:/altera/13.1/nios2eds/bin/gnu/h-i686-mingw32/bin/../lib/gcc/nios2-elf/4.7.3/../../../../../H-i686-mingw32/nios2-elf/lib/mno-hw-mul\libsmallc.a(lib_a-__atexit.o)
 .data          0x000067c0        0x0 c:/altera/13.1/nios2eds/bin/gnu/h-i686-mingw32/bin/../lib/gcc/nios2-elf/4.7.3/../../../../../H-i686-mingw32/nios2-elf/lib/mno-hw-mul\libsmallc.a(lib_a-__call_atexit.o)
 .data          0x000067c0        0x0 ../PBL-SD-1_bsp/\libhal_bsp.a(alt_exit.o)
                0x0000e7c0                _gp = ABSOLUTE ((. + 0x8000))
                0x0000e7c0                PROVIDE (gp, _gp)
 *(.rwdata .rwdata.*)
 *(.sdata .sdata.* .gnu.linkonce.s.*)
 .sdata         0x000067c0        0x1 obj/default/main.o
                0x000067c0                button_value
 *fill*         0x000067c1        0x3 
 .sdata         0x000067c4        0x8 c:/altera/13.1/nios2eds/bin/gnu/h-i686-mingw32/bin/../lib/gcc/nios2-elf/4.7.3/../../../../../H-i686-mingw32/nios2-elf/lib/mno-hw-mul\libsmallc.a(lib_a-impure.o)
                0x000067c4                _global_impure_ptr
                0x000067c8                _impure_ptr
 .sdata         0x000067cc       0x14 ../PBL-SD-1_bsp/\libhal_bsp.a(alt_dev.o)
                0x000067cc                alt_fs_list
                0x000067d4                alt_dev_list
                0x000067dc                alt_max_fd
 .sdata         0x000067e0        0x4 ../PBL-SD-1_bsp/\libhal_bsp.a(alt_errno.o)
                0x000067e0                alt_errno
 *(.sdata2 .sdata2.* .gnu.linkonce.s2.*)
                0x000067e4                . = ALIGN (0x4)
                0x000067e4                _edata = ABSOLUTE (.)
                0x000067e4                PROVIDE (edata, ABSOLUTE (.))
                0x000067e4                PROVIDE (__ram_rwdata_end, ABSOLUTE (.))
                0x000067e4                PROVIDE (__flash_rwdata_start, LOADADDR (.rwdata))

.bss            0x00006abc       0x9c
                0x00006abc                __bss_start = ABSOLUTE (.)
                0x00006abc                PROVIDE (__sbss_start, ABSOLUTE (.))
                0x00006abc                PROVIDE (___sbss_start, ABSOLUTE (.))
 *(.dynsbss)
 *(.sbss .sbss.* .gnu.linkonce.sb.*)
 .sbss          0x00006abc        0x4 c:/altera/13.1/nios2eds/bin/gnu/h-i686-mingw32/bin/../lib/gcc/nios2-elf/4.7.3/../../../../../H-i686-mingw32/nios2-elf/lib/mno-hw-mul\libsmallc.a(lib_a-int_errno.o)
                0x00006abc                errno
 .sbss          0x00006ac0        0xc ../PBL-SD-1_bsp/\libhal_bsp.a(alt_main.o)
                0x00006ac0                alt_argc
                0x00006ac4                alt_argv
                0x00006ac8                alt_envp
 *(.sbss2 .sbss2.* .gnu.linkonce.sb2.*)
 *(.scommon)
                0x00006acc                PROVIDE (__sbss_end, ABSOLUTE (.))
                0x00006acc                PROVIDE (___sbss_end, ABSOLUTE (.))
 *(.dynbss)
 *(.bss .bss.* .gnu.linkonce.b.*)
 .bss           0x00006acc        0x0 ../PBL-SD-1_bsp//obj/HAL/src/crt0.o
 .bss           0x00006acc        0x0 obj/default/main.o
 .bss           0x00006acc        0x0 c:/altera/13.1/nios2eds/bin/gnu/h-i686-mingw32/bin/../lib/gcc/nios2-elf/4.7.3/mno-hw-mul\libgcc.a(lib2-mul.o)
 .bss           0x00006acc        0x0 c:/altera/13.1/nios2eds/bin/gnu/h-i686-mingw32/bin/../lib/gcc/nios2-elf/4.7.3/../../../../../H-i686-mingw32/nios2-elf/lib/mno-hw-mul\libsmallc.a(lib_a-memcpy.o)
 .bss           0x00006acc        0x0 c:/altera/13.1/nios2eds/bin/gnu/h-i686-mingw32/bin/../lib/gcc/nios2-elf/4.7.3/../../../../../H-i686-mingw32/nios2-elf/lib/mno-hw-mul\libsmallc.a(lib_a-printf.o)
 .bss           0x00006acc        0x0 c:/altera/13.1/nios2eds/bin/gnu/h-i686-mingw32/bin/../lib/gcc/nios2-elf/4.7.3/../../../../../H-i686-mingw32/nios2-elf/lib/mno-hw-mul\libsmallc.a(lib_a-strlen.o)
 .bss           0x00006acc        0x0 c:/altera/13.1/nios2eds/bin/gnu/h-i686-mingw32/bin/../lib/gcc/nios2-elf/4.7.3/../../../../../H-i686-mingw32/nios2-elf/lib/mno-hw-mul\libsmallc.a(lib_a-vfprintf.o)
 .bss           0x00006acc        0x0 c:/altera/13.1/nios2eds/bin/gnu/h-i686-mingw32/bin/../lib/gcc/nios2-elf/4.7.3/../../../../../H-i686-mingw32/nios2-elf/lib/mno-hw-mul\libsmallc.a(lib_a-fvwrite_small_dev.o)
 .bss           0x00006acc        0x0 c:/altera/13.1/nios2eds/bin/gnu/h-i686-mingw32/bin/../lib/gcc/nios2-elf/4.7.3/../../../../../H-i686-mingw32/nios2-elf/lib/mno-hw-mul\libsmallc.a(lib_a-impure.o)
 .bss           0x00006acc        0x0 c:/altera/13.1/nios2eds/bin/gnu/h-i686-mingw32/bin/../lib/gcc/nios2-elf/4.7.3/../../../../../H-i686-mingw32/nios2-elf/lib/mno-hw-mul\libsmallc.a(lib_a-writer.o)
 .bss           0x00006acc        0x0 c:/altera/13.1/nios2eds/bin/gnu/h-i686-mingw32/bin/../lib/gcc/nios2-elf/4.7.3/../../../../../H-i686-mingw32/nios2-elf/lib/mno-hw-mul\libsmallc.a(lib_a-int_errno.o)
 .bss           0x00006acc        0x0 c:/altera/13.1/nios2eds/bin/gnu/h-i686-mingw32/bin/../lib/gcc/nios2-elf/4.7.3/mno-hw-mul\libgcc.a(lib2-divmod.o)
 .bss           0x00006acc        0x0 ../PBL-SD-1_bsp/\libhal_bsp.a(alt_load.o)
 .bss           0x00006acc        0x0 ../PBL-SD-1_bsp/\libhal_bsp.a(alt_main.o)
 .bss           0x00006acc        0x0 ../PBL-SD-1_bsp/\libhal_bsp.a(alt_putstr.o)
 .bss           0x00006acc        0x0 ../PBL-SD-1_bsp/\libhal_bsp.a(alt_usleep.o)
 .bss           0x00006acc        0x0 ../PBL-SD-1_bsp/\libhal_bsp.a(alt_write.o)
 .bss           0x00006acc        0x0 ../PBL-SD-1_bsp/\libhal_bsp.a(alt_sys_init.o)
 .bss           0x00006acc        0x0 ../PBL-SD-1_bsp/\libhal_bsp.a(altera_avalon_jtag_uart_fd.o)
 .bss           0x00006acc        0x0 ../PBL-SD-1_bsp/\libhal_bsp.a(altera_avalon_jtag_uart_read.o)
 .bss           0x00006acc        0x0 ../PBL-SD-1_bsp/\libhal_bsp.a(altera_avalon_jtag_uart_write.o)
 .bss           0x00006acc        0x0 ../PBL-SD-1_bsp/\libhal_bsp.a(alt_busy_sleep.o)
 .bss           0x00006acc        0x0 ../PBL-SD-1_bsp/\libhal_bsp.a(alt_close.o)
 .bss           0x00006acc        0x0 ../PBL-SD-1_bsp/\libhal_bsp.a(alt_dcache_flush_all.o)
 .bss           0x00006acc        0x0 ../PBL-SD-1_bsp/\libhal_bsp.a(alt_dev.o)
 .bss           0x00006acc        0x0 ../PBL-SD-1_bsp/\libhal_bsp.a(alt_dev_llist_insert.o)
 .bss           0x00006acc        0x0 ../PBL-SD-1_bsp/\libhal_bsp.a(alt_do_ctors.o)
 .bss           0x00006acc        0x0 ../PBL-SD-1_bsp/\libhal_bsp.a(alt_do_dtors.o)
 .bss           0x00006acc        0x0 ../PBL-SD-1_bsp/\libhal_bsp.a(alt_errno.o)
 .bss           0x00006acc        0x0 ../PBL-SD-1_bsp/\libhal_bsp.a(alt_icache_flush_all.o)
 .bss           0x00006acc        0x0 ../PBL-SD-1_bsp/\libhal_bsp.a(alt_io_redirect.o)
 .bss           0x00006acc        0x0 ../PBL-SD-1_bsp/\libhal_bsp.a(alt_open.o)
 .bss           0x00006acc        0x0 ../PBL-SD-1_bsp/\libhal_bsp.a(alt_release_fd.o)
 .bss           0x00006acc        0x0 ../PBL-SD-1_bsp/\libhal_bsp.a(altera_nios2_qsys_irq.o)
 .bss           0x00006acc        0x0 ../PBL-SD-1_bsp/\libhal_bsp.a(alt_find_dev.o)
 .bss           0x00006acc        0x0 ../PBL-SD-1_bsp/\libhal_bsp.a(alt_find_file.o)
 .bss           0x00006acc        0x0 ../PBL-SD-1_bsp/\libhal_bsp.a(alt_get_fd.o)
 .bss           0x00006acc        0x0 c:/altera/13.1/nios2eds/bin/gnu/h-i686-mingw32/bin/../lib/gcc/nios2-elf/4.7.3/../../../../../H-i686-mingw32/nios2-elf/lib/mno-hw-mul\libsmallc.a(lib_a-atexit.o)
 .bss           0x00006acc        0x0 c:/altera/13.1/nios2eds/bin/gnu/h-i686-mingw32/bin/../lib/gcc/nios2-elf/4.7.3/../../../../../H-i686-mingw32/nios2-elf/lib/mno-hw-mul\libsmallc.a(lib_a-exit.o)
 .bss           0x00006acc        0x0 c:/altera/13.1/nios2eds/bin/gnu/h-i686-mingw32/bin/../lib/gcc/nios2-elf/4.7.3/../../../../../H-i686-mingw32/nios2-elf/lib/mno-hw-mul\libsmallc.a(lib_a-fputs.o)
 .bss           0x00006acc        0x0 c:/altera/13.1/nios2eds/bin/gnu/h-i686-mingw32/bin/../lib/gcc/nios2-elf/4.7.3/../../../../../H-i686-mingw32/nios2-elf/lib/mno-hw-mul\libsmallc.a(lib_a-memcmp.o)
 .bss           0x00006acc        0x0 c:/altera/13.1/nios2eds/bin/gnu/h-i686-mingw32/bin/../lib/gcc/nios2-elf/4.7.3/../../../../../H-i686-mingw32/nios2-elf/lib/mno-hw-mul\libsmallc.a(lib_a-__atexit.o)
 .bss           0x00006acc        0x0 c:/altera/13.1/nios2eds/bin/gnu/h-i686-mingw32/bin/../lib/gcc/nios2-elf/4.7.3/../../../../../H-i686-mingw32/nios2-elf/lib/mno-hw-mul\libsmallc.a(lib_a-__call_atexit.o)
 .bss           0x00006acc        0x0 ../PBL-SD-1_bsp/\libhal_bsp.a(alt_exit.o)
 *(COMMON)
 COMMON         0x00006acc       0x8c c:/altera/13.1/nios2eds/bin/gnu/h-i686-mingw32/bin/../lib/gcc/nios2-elf/4.7.3/../../../../../H-i686-mingw32/nios2-elf/lib/mno-hw-mul\libsmallc.a(lib_a-atexit.o)
                0x00006acc                _atexit0
                0x00006b58                . = ALIGN (0x4)
                0x00006b58                __bss_end = ABSOLUTE (.)

.memory         0x00006b58        0x0
                0x00006b58                PROVIDE (_alt_partition_memory_start, ABSOLUTE (.))
 *(.memory .memory. memory.*)
                0x00006b58                . = ALIGN (0x4)
                0x00006b58                PROVIDE (_alt_partition_memory_end, ABSOLUTE (.))
                0x00006b58                _end = ABSOLUTE (.)
                0x00006b58                end = ABSOLUTE (.)
                0x00006b58                __alt_stack_base = ABSOLUTE (.)
                0x00006b58                PROVIDE (_alt_partition_memory_load_addr, LOADADDR (.memory))

.stab
 *(.stab)

.stabstr
 *(.stabstr)

.stab.excl
 *(.stab.excl)

.stab.exclstr
 *(.stab.exclstr)

.stab.index
 *(.stab.index)

.stab.indexstr
 *(.stab.indexstr)

.comment        0x00000000       0x23
 *(.comment)
 .comment       0x00000000       0x23 obj/default/main.o
                                 0x24 (size before relaxing)
 .comment       0x00000000       0x24 c:/altera/13.1/nios2eds/bin/gnu/h-i686-mingw32/bin/../lib/gcc/nios2-elf/4.7.3/mno-hw-mul\libgcc.a(lib2-mul.o)
 .comment       0x00000000       0x24 c:/altera/13.1/nios2eds/bin/gnu/h-i686-mingw32/bin/../lib/gcc/nios2-elf/4.7.3/../../../../../H-i686-mingw32/nios2-elf/lib/mno-hw-mul\libsmallc.a(lib_a-memcpy.o)
 .comment       0x00000000       0x24 c:/altera/13.1/nios2eds/bin/gnu/h-i686-mingw32/bin/../lib/gcc/nios2-elf/4.7.3/../../../../../H-i686-mingw32/nios2-elf/lib/mno-hw-mul\libsmallc.a(lib_a-printf.o)
 .comment       0x00000000       0x24 c:/altera/13.1/nios2eds/bin/gnu/h-i686-mingw32/bin/../lib/gcc/nios2-elf/4.7.3/../../../../../H-i686-mingw32/nios2-elf/lib/mno-hw-mul\libsmallc.a(lib_a-strlen.o)
 .comment       0x00000000       0x24 c:/altera/13.1/nios2eds/bin/gnu/h-i686-mingw32/bin/../lib/gcc/nios2-elf/4.7.3/../../../../../H-i686-mingw32/nios2-elf/lib/mno-hw-mul\libsmallc.a(lib_a-vfprintf.o)
 .comment       0x00000000       0x24 c:/altera/13.1/nios2eds/bin/gnu/h-i686-mingw32/bin/../lib/gcc/nios2-elf/4.7.3/../../../../../H-i686-mingw32/nios2-elf/lib/mno-hw-mul\libsmallc.a(lib_a-fvwrite_small_dev.o)
 .comment       0x00000000       0x24 c:/altera/13.1/nios2eds/bin/gnu/h-i686-mingw32/bin/../lib/gcc/nios2-elf/4.7.3/../../../../../H-i686-mingw32/nios2-elf/lib/mno-hw-mul\libsmallc.a(lib_a-impure.o)
 .comment       0x00000000       0x24 c:/altera/13.1/nios2eds/bin/gnu/h-i686-mingw32/bin/../lib/gcc/nios2-elf/4.7.3/../../../../../H-i686-mingw32/nios2-elf/lib/mno-hw-mul\libsmallc.a(lib_a-writer.o)
 .comment       0x00000000       0x24 c:/altera/13.1/nios2eds/bin/gnu/h-i686-mingw32/bin/../lib/gcc/nios2-elf/4.7.3/../../../../../H-i686-mingw32/nios2-elf/lib/mno-hw-mul\libsmallc.a(lib_a-int_errno.o)
 .comment       0x00000000       0x24 c:/altera/13.1/nios2eds/bin/gnu/h-i686-mingw32/bin/../lib/gcc/nios2-elf/4.7.3/mno-hw-mul\libgcc.a(lib2-divmod.o)
 .comment       0x00000000       0x24 ../PBL-SD-1_bsp/\libhal_bsp.a(alt_load.o)
 .comment       0x00000000       0x24 ../PBL-SD-1_bsp/\libhal_bsp.a(alt_main.o)
 .comment       0x00000000       0x24 ../PBL-SD-1_bsp/\libhal_bsp.a(alt_putstr.o)
 .comment       0x00000000       0x24 ../PBL-SD-1_bsp/\libhal_bsp.a(alt_usleep.o)
 .comment       0x00000000       0x24 ../PBL-SD-1_bsp/\libhal_bsp.a(alt_write.o)
 .comment       0x00000000       0x24 ../PBL-SD-1_bsp/\libhal_bsp.a(alt_sys_init.o)
 .comment       0x00000000       0x24 ../PBL-SD-1_bsp/\libhal_bsp.a(altera_avalon_jtag_uart_fd.o)
 .comment       0x00000000       0x24 ../PBL-SD-1_bsp/\libhal_bsp.a(altera_avalon_jtag_uart_read.o)
 .comment       0x00000000       0x24 ../PBL-SD-1_bsp/\libhal_bsp.a(altera_avalon_jtag_uart_write.o)
 .comment       0x00000000       0x24 ../PBL-SD-1_bsp/\libhal_bsp.a(alt_busy_sleep.o)
 .comment       0x00000000       0x24 ../PBL-SD-1_bsp/\libhal_bsp.a(alt_close.o)
 .comment       0x00000000       0x24 ../PBL-SD-1_bsp/\libhal_bsp.a(alt_dcache_flush_all.o)
 .comment       0x00000000       0x24 ../PBL-SD-1_bsp/\libhal_bsp.a(alt_dev.o)
 .comment       0x00000000       0x24 ../PBL-SD-1_bsp/\libhal_bsp.a(alt_dev_llist_insert.o)
 .comment       0x00000000       0x24 ../PBL-SD-1_bsp/\libhal_bsp.a(alt_do_ctors.o)
 .comment       0x00000000       0x24 ../PBL-SD-1_bsp/\libhal_bsp.a(alt_do_dtors.o)
 .comment       0x00000000       0x24 ../PBL-SD-1_bsp/\libhal_bsp.a(alt_errno.o)
 .comment       0x00000000       0x24 ../PBL-SD-1_bsp/\libhal_bsp.a(alt_icache_flush_all.o)
 .comment       0x00000000       0x24 ../PBL-SD-1_bsp/\libhal_bsp.a(alt_io_redirect.o)
 .comment       0x00000000       0x24 ../PBL-SD-1_bsp/\libhal_bsp.a(alt_open.o)
 .comment       0x00000000       0x24 ../PBL-SD-1_bsp/\libhal_bsp.a(alt_release_fd.o)
 .comment       0x00000000       0x24 ../PBL-SD-1_bsp/\libhal_bsp.a(altera_nios2_qsys_irq.o)
 .comment       0x00000000       0x24 ../PBL-SD-1_bsp/\libhal_bsp.a(alt_find_dev.o)
 .comment       0x00000000       0x24 ../PBL-SD-1_bsp/\libhal_bsp.a(alt_find_file.o)
 .comment       0x00000000       0x24 ../PBL-SD-1_bsp/\libhal_bsp.a(alt_get_fd.o)
 .comment       0x00000000       0x24 c:/altera/13.1/nios2eds/bin/gnu/h-i686-mingw32/bin/../lib/gcc/nios2-elf/4.7.3/../../../../../H-i686-mingw32/nios2-elf/lib/mno-hw-mul\libsmallc.a(lib_a-atexit.o)
 .comment       0x00000000       0x24 c:/altera/13.1/nios2eds/bin/gnu/h-i686-mingw32/bin/../lib/gcc/nios2-elf/4.7.3/../../../../../H-i686-mingw32/nios2-elf/lib/mno-hw-mul\libsmallc.a(lib_a-exit.o)
 .comment       0x00000000       0x24 c:/altera/13.1/nios2eds/bin/gnu/h-i686-mingw32/bin/../lib/gcc/nios2-elf/4.7.3/../../../../../H-i686-mingw32/nios2-elf/lib/mno-hw-mul\libsmallc.a(lib_a-fputs.o)
 .comment       0x00000000       0x24 c:/altera/13.1/nios2eds/bin/gnu/h-i686-mingw32/bin/../lib/gcc/nios2-elf/4.7.3/../../../../../H-i686-mingw32/nios2-elf/lib/mno-hw-mul\libsmallc.a(lib_a-memcmp.o)
 .comment       0x00000000       0x24 c:/altera/13.1/nios2eds/bin/gnu/h-i686-mingw32/bin/../lib/gcc/nios2-elf/4.7.3/../../../../../H-i686-mingw32/nios2-elf/lib/mno-hw-mul\libsmallc.a(lib_a-__atexit.o)
 .comment       0x00000000       0x24 c:/altera/13.1/nios2eds/bin/gnu/h-i686-mingw32/bin/../lib/gcc/nios2-elf/4.7.3/../../../../../H-i686-mingw32/nios2-elf/lib/mno-hw-mul\libsmallc.a(lib_a-__call_atexit.o)
 .comment       0x00000000       0x24 ../PBL-SD-1_bsp/\libhal_bsp.a(alt_exit.o)

.debug
 *(.debug)

.line
 *(.line)

.debug_srcinfo
 *(.debug_srcinfo)

.debug_sfnames
 *(.debug_sfnames)

.debug_aranges  0x00000000      0x570
 *(.debug_aranges)
 .debug_aranges
                0x00000000       0x28 ../PBL-SD-1_bsp//obj/HAL/src/crt0.o
 .debug_aranges
                0x00000028       0x20 obj/default/main.o
 .debug_aranges
                0x00000048       0x20 c:/altera/13.1/nios2eds/bin/gnu/h-i686-mingw32/bin/../lib/gcc/nios2-elf/4.7.3/mno-hw-mul\libgcc.a(lib2-mul.o)
 .debug_aranges
                0x00000068       0x20 c:/altera/13.1/nios2eds/bin/gnu/h-i686-mingw32/bin/../lib/gcc/nios2-elf/4.7.3/../../../../../H-i686-mingw32/nios2-elf/lib/mno-hw-mul\libsmallc.a(lib_a-memcpy.o)
 .debug_aranges
                0x00000088       0x20 c:/altera/13.1/nios2eds/bin/gnu/h-i686-mingw32/bin/../lib/gcc/nios2-elf/4.7.3/../../../../../H-i686-mingw32/nios2-elf/lib/mno-hw-mul\libsmallc.a(lib_a-printf.o)
 .debug_aranges
                0x000000a8       0x20 c:/altera/13.1/nios2eds/bin/gnu/h-i686-mingw32/bin/../lib/gcc/nios2-elf/4.7.3/../../../../../H-i686-mingw32/nios2-elf/lib/mno-hw-mul\libsmallc.a(lib_a-strlen.o)
 .debug_aranges
                0x000000c8       0x20 c:/altera/13.1/nios2eds/bin/gnu/h-i686-mingw32/bin/../lib/gcc/nios2-elf/4.7.3/../../../../../H-i686-mingw32/nios2-elf/lib/mno-hw-mul\libsmallc.a(lib_a-vfprintf.o)
 .debug_aranges
                0x000000e8       0x20 c:/altera/13.1/nios2eds/bin/gnu/h-i686-mingw32/bin/../lib/gcc/nios2-elf/4.7.3/../../../../../H-i686-mingw32/nios2-elf/lib/mno-hw-mul\libsmallc.a(lib_a-fvwrite_small_dev.o)
 .debug_aranges
                0x00000108       0x18 c:/altera/13.1/nios2eds/bin/gnu/h-i686-mingw32/bin/../lib/gcc/nios2-elf/4.7.3/../../../../../H-i686-mingw32/nios2-elf/lib/mno-hw-mul\libsmallc.a(lib_a-impure.o)
 .debug_aranges
                0x00000120       0x20 c:/altera/13.1/nios2eds/bin/gnu/h-i686-mingw32/bin/../lib/gcc/nios2-elf/4.7.3/../../../../../H-i686-mingw32/nios2-elf/lib/mno-hw-mul\libsmallc.a(lib_a-writer.o)
 .debug_aranges
                0x00000140       0x18 c:/altera/13.1/nios2eds/bin/gnu/h-i686-mingw32/bin/../lib/gcc/nios2-elf/4.7.3/../../../../../H-i686-mingw32/nios2-elf/lib/mno-hw-mul\libsmallc.a(lib_a-int_errno.o)
 .debug_aranges
                0x00000158       0x20 c:/altera/13.1/nios2eds/bin/gnu/h-i686-mingw32/bin/../lib/gcc/nios2-elf/4.7.3/mno-hw-mul\libgcc.a(lib2-divmod.o)
 .debug_aranges
                0x00000178       0x20 ../PBL-SD-1_bsp/\libhal_bsp.a(alt_load.o)
 .debug_aranges
                0x00000198       0x20 ../PBL-SD-1_bsp/\libhal_bsp.a(alt_main.o)
 .debug_aranges
                0x000001b8       0x20 ../PBL-SD-1_bsp/\libhal_bsp.a(alt_putstr.o)
 .debug_aranges
                0x000001d8       0x20 ../PBL-SD-1_bsp/\libhal_bsp.a(alt_usleep.o)
 .debug_aranges
                0x000001f8       0x20 ../PBL-SD-1_bsp/\libhal_bsp.a(alt_write.o)
 .debug_aranges
                0x00000218       0x20 ../PBL-SD-1_bsp/\libhal_bsp.a(alt_sys_init.o)
 .debug_aranges
                0x00000238       0x20 ../PBL-SD-1_bsp/\libhal_bsp.a(altera_avalon_jtag_uart_fd.o)
 .debug_aranges
                0x00000258       0x20 ../PBL-SD-1_bsp/\libhal_bsp.a(altera_avalon_jtag_uart_read.o)
 .debug_aranges
                0x00000278       0x20 ../PBL-SD-1_bsp/\libhal_bsp.a(altera_avalon_jtag_uart_write.o)
 .debug_aranges
                0x00000298       0x20 ../PBL-SD-1_bsp/\libhal_bsp.a(alt_busy_sleep.o)
 .debug_aranges
                0x000002b8       0x20 ../PBL-SD-1_bsp/\libhal_bsp.a(alt_close.o)
 .debug_aranges
                0x000002d8       0x20 ../PBL-SD-1_bsp/\libhal_bsp.a(alt_dcache_flush_all.o)
 .debug_aranges
                0x000002f8       0x20 ../PBL-SD-1_bsp/\libhal_bsp.a(alt_dev.o)
 .debug_aranges
                0x00000318       0x20 ../PBL-SD-1_bsp/\libhal_bsp.a(alt_dev_llist_insert.o)
 .debug_aranges
                0x00000338       0x20 ../PBL-SD-1_bsp/\libhal_bsp.a(alt_do_ctors.o)
 .debug_aranges
                0x00000358       0x20 ../PBL-SD-1_bsp/\libhal_bsp.a(alt_do_dtors.o)
 .debug_aranges
                0x00000378       0x18 ../PBL-SD-1_bsp/\libhal_bsp.a(alt_errno.o)
 .debug_aranges
                0x00000390       0x20 ../PBL-SD-1_bsp/\libhal_bsp.a(alt_icache_flush_all.o)
 .debug_aranges
                0x000003b0       0x20 ../PBL-SD-1_bsp/\libhal_bsp.a(alt_io_redirect.o)
 .debug_aranges
                0x000003d0       0x20 ../PBL-SD-1_bsp/\libhal_bsp.a(alt_open.o)
 .debug_aranges
                0x000003f0       0x20 ../PBL-SD-1_bsp/\libhal_bsp.a(alt_release_fd.o)
 .debug_aranges
                0x00000410       0x20 ../PBL-SD-1_bsp/\libhal_bsp.a(altera_nios2_qsys_irq.o)
 .debug_aranges
                0x00000430       0x20 ../PBL-SD-1_bsp/\libhal_bsp.a(alt_find_dev.o)
 .debug_aranges
                0x00000450       0x20 ../PBL-SD-1_bsp/\libhal_bsp.a(alt_find_file.o)
 .debug_aranges
                0x00000470       0x20 ../PBL-SD-1_bsp/\libhal_bsp.a(alt_get_fd.o)
 .debug_aranges
                0x00000490       0x20 c:/altera/13.1/nios2eds/bin/gnu/h-i686-mingw32/bin/../lib/gcc/nios2-elf/4.7.3/../../../../../H-i686-mingw32/nios2-elf/lib/mno-hw-mul\libsmallc.a(lib_a-atexit.o)
 .debug_aranges
                0x000004b0       0x20 c:/altera/13.1/nios2eds/bin/gnu/h-i686-mingw32/bin/../lib/gcc/nios2-elf/4.7.3/../../../../../H-i686-mingw32/nios2-elf/lib/mno-hw-mul\libsmallc.a(lib_a-exit.o)
 .debug_aranges
                0x000004d0       0x20 c:/altera/13.1/nios2eds/bin/gnu/h-i686-mingw32/bin/../lib/gcc/nios2-elf/4.7.3/../../../../../H-i686-mingw32/nios2-elf/lib/mno-hw-mul\libsmallc.a(lib_a-fputs.o)
 .debug_aranges
                0x000004f0       0x20 c:/altera/13.1/nios2eds/bin/gnu/h-i686-mingw32/bin/../lib/gcc/nios2-elf/4.7.3/../../../../../H-i686-mingw32/nios2-elf/lib/mno-hw-mul\libsmallc.a(lib_a-memcmp.o)
 .debug_aranges
                0x00000510       0x20 c:/altera/13.1/nios2eds/bin/gnu/h-i686-mingw32/bin/../lib/gcc/nios2-elf/4.7.3/../../../../../H-i686-mingw32/nios2-elf/lib/mno-hw-mul\libsmallc.a(lib_a-__atexit.o)
 .debug_aranges
                0x00000530       0x20 c:/altera/13.1/nios2eds/bin/gnu/h-i686-mingw32/bin/../lib/gcc/nios2-elf/4.7.3/../../../../../H-i686-mingw32/nios2-elf/lib/mno-hw-mul\libsmallc.a(lib_a-__call_atexit.o)
 .debug_aranges
                0x00000550       0x20 ../PBL-SD-1_bsp/\libhal_bsp.a(alt_exit.o)

.debug_pubnames
 *(.debug_pubnames)

.debug_info     0x00000000     0x890c
 *(.debug_info .gnu.linkonce.wi.*)
 .debug_info    0x00000000       0x84 ../PBL-SD-1_bsp//obj/HAL/src/crt0.o
 .debug_info    0x00000084      0x248 obj/default/main.o
 .debug_info    0x000002cc       0xb8 c:/altera/13.1/nios2eds/bin/gnu/h-i686-mingw32/bin/../lib/gcc/nios2-elf/4.7.3/mno-hw-mul\libgcc.a(lib2-mul.o)
 .debug_info    0x00000384       0xcd c:/altera/13.1/nios2eds/bin/gnu/h-i686-mingw32/bin/../lib/gcc/nios2-elf/4.7.3/../../../../../H-i686-mingw32/nios2-elf/lib/mno-hw-mul\libsmallc.a(lib_a-memcpy.o)
 .debug_info    0x00000451      0x765 c:/altera/13.1/nios2eds/bin/gnu/h-i686-mingw32/bin/../lib/gcc/nios2-elf/4.7.3/../../../../../H-i686-mingw32/nios2-elf/lib/mno-hw-mul\libsmallc.a(lib_a-printf.o)
 .debug_info    0x00000bb6       0xc6 c:/altera/13.1/nios2eds/bin/gnu/h-i686-mingw32/bin/../lib/gcc/nios2-elf/4.7.3/../../../../../H-i686-mingw32/nios2-elf/lib/mno-hw-mul\libsmallc.a(lib_a-strlen.o)
 .debug_info    0x00000c7c      0xc69 c:/altera/13.1/nios2eds/bin/gnu/h-i686-mingw32/bin/../lib/gcc/nios2-elf/4.7.3/../../../../../H-i686-mingw32/nios2-elf/lib/mno-hw-mul\libsmallc.a(lib_a-vfprintf.o)
 .debug_info    0x000018e5      0x6d9 c:/altera/13.1/nios2eds/bin/gnu/h-i686-mingw32/bin/../lib/gcc/nios2-elf/4.7.3/../../../../../H-i686-mingw32/nios2-elf/lib/mno-hw-mul\libsmallc.a(lib_a-fvwrite_small_dev.o)
 .debug_info    0x00001fbe      0x631 c:/altera/13.1/nios2eds/bin/gnu/h-i686-mingw32/bin/../lib/gcc/nios2-elf/4.7.3/../../../../../H-i686-mingw32/nios2-elf/lib/mno-hw-mul\libsmallc.a(lib_a-impure.o)
 .debug_info    0x000025ef      0x6cb c:/altera/13.1/nios2eds/bin/gnu/h-i686-mingw32/bin/../lib/gcc/nios2-elf/4.7.3/../../../../../H-i686-mingw32/nios2-elf/lib/mno-hw-mul\libsmallc.a(lib_a-writer.o)
 .debug_info    0x00002cba       0x84 c:/altera/13.1/nios2eds/bin/gnu/h-i686-mingw32/bin/../lib/gcc/nios2-elf/4.7.3/../../../../../H-i686-mingw32/nios2-elf/lib/mno-hw-mul\libsmallc.a(lib_a-int_errno.o)
 .debug_info    0x00002d3e      0x289 c:/altera/13.1/nios2eds/bin/gnu/h-i686-mingw32/bin/../lib/gcc/nios2-elf/4.7.3/mno-hw-mul\libgcc.a(lib2-divmod.o)
 .debug_info    0x00002fc7      0x135 ../PBL-SD-1_bsp/\libhal_bsp.a(alt_load.o)
 .debug_info    0x000030fc      0x139 ../PBL-SD-1_bsp/\libhal_bsp.a(alt_main.o)
 .debug_info    0x00003235      0x93f ../PBL-SD-1_bsp/\libhal_bsp.a(alt_putstr.o)
 .debug_info    0x00003b74       0xad ../PBL-SD-1_bsp/\libhal_bsp.a(alt_usleep.o)
 .debug_info    0x00003c21      0x507 ../PBL-SD-1_bsp/\libhal_bsp.a(alt_write.o)
 .debug_info    0x00004128      0x406 ../PBL-SD-1_bsp/\libhal_bsp.a(alt_sys_init.o)
 .debug_info    0x0000452e      0x3da ../PBL-SD-1_bsp/\libhal_bsp.a(altera_avalon_jtag_uart_fd.o)
 .debug_info    0x00004908      0x1bc ../PBL-SD-1_bsp/\libhal_bsp.a(altera_avalon_jtag_uart_read.o)
 .debug_info    0x00004ac4      0x19f ../PBL-SD-1_bsp/\libhal_bsp.a(altera_avalon_jtag_uart_write.o)
 .debug_info    0x00004c63       0xd5 ../PBL-SD-1_bsp/\libhal_bsp.a(alt_busy_sleep.o)
 .debug_info    0x00004d38      0x350 ../PBL-SD-1_bsp/\libhal_bsp.a(alt_close.o)
 .debug_info    0x00005088       0x90 ../PBL-SD-1_bsp/\libhal_bsp.a(alt_dcache_flush_all.o)
 .debug_info    0x00005118      0x4e3 ../PBL-SD-1_bsp/\libhal_bsp.a(alt_dev.o)
 .debug_info    0x000055fb      0x1b9 ../PBL-SD-1_bsp/\libhal_bsp.a(alt_dev_llist_insert.o)
 .debug_info    0x000057b4       0x8d ../PBL-SD-1_bsp/\libhal_bsp.a(alt_do_ctors.o)
 .debug_info    0x00005841       0x8d ../PBL-SD-1_bsp/\libhal_bsp.a(alt_do_dtors.o)
 .debug_info    0x000058ce       0xa3 ../PBL-SD-1_bsp/\libhal_bsp.a(alt_errno.o)
 .debug_info    0x00005971       0x90 ../PBL-SD-1_bsp/\libhal_bsp.a(alt_icache_flush_all.o)
 .debug_info    0x00005a01      0x4f0 ../PBL-SD-1_bsp/\libhal_bsp.a(alt_io_redirect.o)
 .debug_info    0x00005ef1      0x3f0 ../PBL-SD-1_bsp/\libhal_bsp.a(alt_open.o)
 .debug_info    0x000062e1      0x2dd ../PBL-SD-1_bsp/\libhal_bsp.a(alt_release_fd.o)
 .debug_info    0x000065be       0x90 ../PBL-SD-1_bsp/\libhal_bsp.a(altera_nios2_qsys_irq.o)
 .debug_info    0x0000664e      0x30d ../PBL-SD-1_bsp/\libhal_bsp.a(alt_find_dev.o)
 .debug_info    0x0000695b      0x30c ../PBL-SD-1_bsp/\libhal_bsp.a(alt_find_file.o)
 .debug_info    0x00006c67      0x339 ../PBL-SD-1_bsp/\libhal_bsp.a(alt_get_fd.o)
 .debug_info    0x00006fa0      0x1eb c:/altera/13.1/nios2eds/bin/gnu/h-i686-mingw32/bin/../lib/gcc/nios2-elf/4.7.3/../../../../../H-i686-mingw32/nios2-elf/lib/mno-hw-mul\libsmallc.a(lib_a-atexit.o)
 .debug_info    0x0000718b       0xf8 c:/altera/13.1/nios2eds/bin/gnu/h-i686-mingw32/bin/../lib/gcc/nios2-elf/4.7.3/../../../../../H-i686-mingw32/nios2-elf/lib/mno-hw-mul\libsmallc.a(lib_a-exit.o)
 .debug_info    0x00007283      0x6a2 c:/altera/13.1/nios2eds/bin/gnu/h-i686-mingw32/bin/../lib/gcc/nios2-elf/4.7.3/../../../../../H-i686-mingw32/nios2-elf/lib/mno-hw-mul\libsmallc.a(lib_a-fputs.o)
 .debug_info    0x00007925       0xf1 c:/altera/13.1/nios2eds/bin/gnu/h-i686-mingw32/bin/../lib/gcc/nios2-elf/4.7.3/../../../../../H-i686-mingw32/nios2-elf/lib/mno-hw-mul\libsmallc.a(lib_a-memcmp.o)
 .debug_info    0x00007a16      0x6fc c:/altera/13.1/nios2eds/bin/gnu/h-i686-mingw32/bin/../lib/gcc/nios2-elf/4.7.3/../../../../../H-i686-mingw32/nios2-elf/lib/mno-hw-mul\libsmallc.a(lib_a-__atexit.o)
 .debug_info    0x00008112      0x70e c:/altera/13.1/nios2eds/bin/gnu/h-i686-mingw32/bin/../lib/gcc/nios2-elf/4.7.3/../../../../../H-i686-mingw32/nios2-elf/lib/mno-hw-mul\libsmallc.a(lib_a-__call_atexit.o)
 .debug_info    0x00008820       0xec ../PBL-SD-1_bsp/\libhal_bsp.a(alt_exit.o)

.debug_abbrev   0x00000000     0x29da
 *(.debug_abbrev)
 .debug_abbrev  0x00000000       0x12 ../PBL-SD-1_bsp//obj/HAL/src/crt0.o
 .debug_abbrev  0x00000012      0x13e obj/default/main.o
 .debug_abbrev  0x00000150       0x6f c:/altera/13.1/nios2eds/bin/gnu/h-i686-mingw32/bin/../lib/gcc/nios2-elf/4.7.3/mno-hw-mul\libgcc.a(lib2-mul.o)
 .debug_abbrev  0x000001bf       0x95 c:/altera/13.1/nios2eds/bin/gnu/h-i686-mingw32/bin/../lib/gcc/nios2-elf/4.7.3/../../../../../H-i686-mingw32/nios2-elf/lib/mno-hw-mul\libsmallc.a(lib_a-memcpy.o)
 .debug_abbrev  0x00000254      0x1e2 c:/altera/13.1/nios2eds/bin/gnu/h-i686-mingw32/bin/../lib/gcc/nios2-elf/4.7.3/../../../../../H-i686-mingw32/nios2-elf/lib/mno-hw-mul\libsmallc.a(lib_a-printf.o)
 .debug_abbrev  0x00000436       0x7f c:/altera/13.1/nios2eds/bin/gnu/h-i686-mingw32/bin/../lib/gcc/nios2-elf/4.7.3/../../../../../H-i686-mingw32/nios2-elf/lib/mno-hw-mul\libsmallc.a(lib_a-strlen.o)
 .debug_abbrev  0x000004b5      0x2db c:/altera/13.1/nios2eds/bin/gnu/h-i686-mingw32/bin/../lib/gcc/nios2-elf/4.7.3/../../../../../H-i686-mingw32/nios2-elf/lib/mno-hw-mul\libsmallc.a(lib_a-vfprintf.o)
 .debug_abbrev  0x00000790      0x1a8 c:/altera/13.1/nios2eds/bin/gnu/h-i686-mingw32/bin/../lib/gcc/nios2-elf/4.7.3/../../../../../H-i686-mingw32/nios2-elf/lib/mno-hw-mul\libsmallc.a(lib_a-fvwrite_small_dev.o)
 .debug_abbrev  0x00000938      0x13b c:/altera/13.1/nios2eds/bin/gnu/h-i686-mingw32/bin/../lib/gcc/nios2-elf/4.7.3/../../../../../H-i686-mingw32/nios2-elf/lib/mno-hw-mul\libsmallc.a(lib_a-impure.o)
 .debug_abbrev  0x00000a73      0x199 c:/altera/13.1/nios2eds/bin/gnu/h-i686-mingw32/bin/../lib/gcc/nios2-elf/4.7.3/../../../../../H-i686-mingw32/nios2-elf/lib/mno-hw-mul\libsmallc.a(lib_a-writer.o)
 .debug_abbrev  0x00000c0c       0x37 c:/altera/13.1/nios2eds/bin/gnu/h-i686-mingw32/bin/../lib/gcc/nios2-elf/4.7.3/../../../../../H-i686-mingw32/nios2-elf/lib/mno-hw-mul\libsmallc.a(lib_a-int_errno.o)
 .debug_abbrev  0x00000c43      0x112 c:/altera/13.1/nios2eds/bin/gnu/h-i686-mingw32/bin/../lib/gcc/nios2-elf/4.7.3/mno-hw-mul\libgcc.a(lib2-divmod.o)
 .debug_abbrev  0x00000d55       0x9d ../PBL-SD-1_bsp/\libhal_bsp.a(alt_load.o)
 .debug_abbrev  0x00000df2       0xba ../PBL-SD-1_bsp/\libhal_bsp.a(alt_main.o)
 .debug_abbrev  0x00000eac      0x182 ../PBL-SD-1_bsp/\libhal_bsp.a(alt_putstr.o)
 .debug_abbrev  0x0000102e       0x60 ../PBL-SD-1_bsp/\libhal_bsp.a(alt_usleep.o)
 .debug_abbrev  0x0000108e      0x133 ../PBL-SD-1_bsp/\libhal_bsp.a(alt_write.o)
 .debug_abbrev  0x000011c1      0x155 ../PBL-SD-1_bsp/\libhal_bsp.a(alt_sys_init.o)
 .debug_abbrev  0x00001316       0xf7 ../PBL-SD-1_bsp/\libhal_bsp.a(altera_avalon_jtag_uart_fd.o)
 .debug_abbrev  0x0000140d       0xd5 ../PBL-SD-1_bsp/\libhal_bsp.a(altera_avalon_jtag_uart_read.o)
 .debug_abbrev  0x000014e2       0xd5 ../PBL-SD-1_bsp/\libhal_bsp.a(altera_avalon_jtag_uart_write.o)
 .debug_abbrev  0x000015b7       0x7e ../PBL-SD-1_bsp/\libhal_bsp.a(alt_busy_sleep.o)
 .debug_abbrev  0x00001635      0x11f ../PBL-SD-1_bsp/\libhal_bsp.a(alt_close.o)
 .debug_abbrev  0x00001754       0x42 ../PBL-SD-1_bsp/\libhal_bsp.a(alt_dcache_flush_all.o)
 .debug_abbrev  0x00001796       0xd9 ../PBL-SD-1_bsp/\libhal_bsp.a(alt_dev.o)
 .debug_abbrev  0x0000186f      0x114 ../PBL-SD-1_bsp/\libhal_bsp.a(alt_dev_llist_insert.o)
 .debug_abbrev  0x00001983       0x79 ../PBL-SD-1_bsp/\libhal_bsp.a(alt_do_ctors.o)
 .debug_abbrev  0x000019fc       0x79 ../PBL-SD-1_bsp/\libhal_bsp.a(alt_do_dtors.o)
 .debug_abbrev  0x00001a75       0x5a ../PBL-SD-1_bsp/\libhal_bsp.a(alt_errno.o)
 .debug_abbrev  0x00001acf       0x42 ../PBL-SD-1_bsp/\libhal_bsp.a(alt_icache_flush_all.o)
 .debug_abbrev  0x00001b11      0x114 ../PBL-SD-1_bsp/\libhal_bsp.a(alt_io_redirect.o)
 .debug_abbrev  0x00001c25      0x148 ../PBL-SD-1_bsp/\libhal_bsp.a(alt_open.o)
 .debug_abbrev  0x00001d6d       0xde ../PBL-SD-1_bsp/\libhal_bsp.a(alt_release_fd.o)
 .debug_abbrev  0x00001e4b       0x42 ../PBL-SD-1_bsp/\libhal_bsp.a(altera_nios2_qsys_irq.o)
 .debug_abbrev  0x00001e8d       0xf0 ../PBL-SD-1_bsp/\libhal_bsp.a(alt_find_dev.o)
 .debug_abbrev  0x00001f7d       0xf0 ../PBL-SD-1_bsp/\libhal_bsp.a(alt_find_file.o)
 .debug_abbrev  0x0000206d      0x10d ../PBL-SD-1_bsp/\libhal_bsp.a(alt_get_fd.o)
 .debug_abbrev  0x0000217a      0x115 c:/altera/13.1/nios2eds/bin/gnu/h-i686-mingw32/bin/../lib/gcc/nios2-elf/4.7.3/../../../../../H-i686-mingw32/nios2-elf/lib/mno-hw-mul\libsmallc.a(lib_a-atexit.o)
 .debug_abbrev  0x0000228f       0xa9 c:/altera/13.1/nios2eds/bin/gnu/h-i686-mingw32/bin/../lib/gcc/nios2-elf/4.7.3/../../../../../H-i686-mingw32/nios2-elf/lib/mno-hw-mul\libsmallc.a(lib_a-exit.o)
 .debug_abbrev  0x00002338      0x19f c:/altera/13.1/nios2eds/bin/gnu/h-i686-mingw32/bin/../lib/gcc/nios2-elf/4.7.3/../../../../../H-i686-mingw32/nios2-elf/lib/mno-hw-mul\libsmallc.a(lib_a-fputs.o)
 .debug_abbrev  0x000024d7       0x7f c:/altera/13.1/nios2eds/bin/gnu/h-i686-mingw32/bin/../lib/gcc/nios2-elf/4.7.3/../../../../../H-i686-mingw32/nios2-elf/lib/mno-hw-mul\libsmallc.a(lib_a-memcmp.o)
 .debug_abbrev  0x00002556      0x1f5 c:/altera/13.1/nios2eds/bin/gnu/h-i686-mingw32/bin/../lib/gcc/nios2-elf/4.7.3/../../../../../H-i686-mingw32/nios2-elf/lib/mno-hw-mul\libsmallc.a(lib_a-__atexit.o)
 .debug_abbrev  0x0000274b      0x1e9 c:/altera/13.1/nios2eds/bin/gnu/h-i686-mingw32/bin/../lib/gcc/nios2-elf/4.7.3/../../../../../H-i686-mingw32/nios2-elf/lib/mno-hw-mul\libsmallc.a(lib_a-__call_atexit.o)
 .debug_abbrev  0x00002934       0xa6 ../PBL-SD-1_bsp/\libhal_bsp.a(alt_exit.o)

.debug_line     0x00000000     0x31a0
 *(.debug_line)
 .debug_line    0x00000000       0x66 ../PBL-SD-1_bsp//obj/HAL/src/crt0.o
 .debug_line    0x00000066       0xbf obj/default/main.o
 .debug_line    0x00000125       0x80 c:/altera/13.1/nios2eds/bin/gnu/h-i686-mingw32/bin/../lib/gcc/nios2-elf/4.7.3/mno-hw-mul\libgcc.a(lib2-mul.o)
 .debug_line    0x000001a5      0x100 c:/altera/13.1/nios2eds/bin/gnu/h-i686-mingw32/bin/../lib/gcc/nios2-elf/4.7.3/../../../../../H-i686-mingw32/nios2-elf/lib/mno-hw-mul\libsmallc.a(lib_a-memcpy.o)
 .debug_line    0x000002a5      0x219 c:/altera/13.1/nios2eds/bin/gnu/h-i686-mingw32/bin/../lib/gcc/nios2-elf/4.7.3/../../../../../H-i686-mingw32/nios2-elf/lib/mno-hw-mul\libsmallc.a(lib_a-printf.o)
 .debug_line    0x000004be      0x174 c:/altera/13.1/nios2eds/bin/gnu/h-i686-mingw32/bin/../lib/gcc/nios2-elf/4.7.3/../../../../../H-i686-mingw32/nios2-elf/lib/mno-hw-mul\libsmallc.a(lib_a-strlen.o)
 .debug_line    0x00000632      0x40e c:/altera/13.1/nios2eds/bin/gnu/h-i686-mingw32/bin/../lib/gcc/nios2-elf/4.7.3/../../../../../H-i686-mingw32/nios2-elf/lib/mno-hw-mul\libsmallc.a(lib_a-vfprintf.o)
 .debug_line    0x00000a40      0x225 c:/altera/13.1/nios2eds/bin/gnu/h-i686-mingw32/bin/../lib/gcc/nios2-elf/4.7.3/../../../../../H-i686-mingw32/nios2-elf/lib/mno-hw-mul\libsmallc.a(lib_a-fvwrite_small_dev.o)
 .debug_line    0x00000c65      0x16c c:/altera/13.1/nios2eds/bin/gnu/h-i686-mingw32/bin/../lib/gcc/nios2-elf/4.7.3/../../../../../H-i686-mingw32/nios2-elf/lib/mno-hw-mul\libsmallc.a(lib_a-impure.o)
 .debug_line    0x00000dd1      0x20c c:/altera/13.1/nios2eds/bin/gnu/h-i686-mingw32/bin/../lib/gcc/nios2-elf/4.7.3/../../../../../H-i686-mingw32/nios2-elf/lib/mno-hw-mul\libsmallc.a(lib_a-writer.o)
 .debug_line    0x00000fdd       0x60 c:/altera/13.1/nios2eds/bin/gnu/h-i686-mingw32/bin/../lib/gcc/nios2-elf/4.7.3/../../../../../H-i686-mingw32/nios2-elf/lib/mno-hw-mul\libsmallc.a(lib_a-int_errno.o)
 .debug_line    0x0000103d       0xd6 c:/altera/13.1/nios2eds/bin/gnu/h-i686-mingw32/bin/../lib/gcc/nios2-elf/4.7.3/mno-hw-mul\libgcc.a(lib2-divmod.o)
 .debug_line    0x00001113       0x92 ../PBL-SD-1_bsp/\libhal_bsp.a(alt_load.o)
 .debug_line    0x000011a5       0xa4 ../PBL-SD-1_bsp/\libhal_bsp.a(alt_main.o)
 .debug_line    0x00001249      0x13b ../PBL-SD-1_bsp/\libhal_bsp.a(alt_putstr.o)
 .debug_line    0x00001384       0xce ../PBL-SD-1_bsp/\libhal_bsp.a(alt_usleep.o)
 .debug_line    0x00001452      0x1f8 ../PBL-SD-1_bsp/\libhal_bsp.a(alt_write.o)
 .debug_line    0x0000164a      0x126 ../PBL-SD-1_bsp/\libhal_bsp.a(alt_sys_init.o)
 .debug_line    0x00001770      0x114 ../PBL-SD-1_bsp/\libhal_bsp.a(altera_avalon_jtag_uart_fd.o)
 .debug_line    0x00001884      0x101 ../PBL-SD-1_bsp/\libhal_bsp.a(altera_avalon_jtag_uart_read.o)
 .debug_line    0x00001985       0xf8 ../PBL-SD-1_bsp/\libhal_bsp.a(altera_avalon_jtag_uart_write.o)
 .debug_line    0x00001a7d       0xa2 ../PBL-SD-1_bsp/\libhal_bsp.a(alt_busy_sleep.o)
 .debug_line    0x00001b1f      0x186 ../PBL-SD-1_bsp/\libhal_bsp.a(alt_close.o)
 .debug_line    0x00001ca5       0x51 ../PBL-SD-1_bsp/\libhal_bsp.a(alt_dcache_flush_all.o)
 .debug_line    0x00001cf6      0x119 ../PBL-SD-1_bsp/\libhal_bsp.a(alt_dev.o)
 .debug_line    0x00001e0f       0xd0 ../PBL-SD-1_bsp/\libhal_bsp.a(alt_dev_llist_insert.o)
 .debug_line    0x00001edf       0x59 ../PBL-SD-1_bsp/\libhal_bsp.a(alt_do_ctors.o)
 .debug_line    0x00001f38       0x59 ../PBL-SD-1_bsp/\libhal_bsp.a(alt_do_dtors.o)
 .debug_line    0x00001f91       0x51 ../PBL-SD-1_bsp/\libhal_bsp.a(alt_errno.o)
 .debug_line    0x00001fe2       0x4f ../PBL-SD-1_bsp/\libhal_bsp.a(alt_icache_flush_all.o)
 .debug_line    0x00002031      0x156 ../PBL-SD-1_bsp/\libhal_bsp.a(alt_io_redirect.o)
 .debug_line    0x00002187      0x128 ../PBL-SD-1_bsp/\libhal_bsp.a(alt_open.o)
 .debug_line    0x000022af       0xb0 ../PBL-SD-1_bsp/\libhal_bsp.a(alt_release_fd.o)
 .debug_line    0x0000235f       0x51 ../PBL-SD-1_bsp/\libhal_bsp.a(altera_nios2_qsys_irq.o)
 .debug_line    0x000023b0       0xb9 ../PBL-SD-1_bsp/\libhal_bsp.a(alt_find_dev.o)
 .debug_line    0x00002469       0xd5 ../PBL-SD-1_bsp/\libhal_bsp.a(alt_find_file.o)
 .debug_line    0x0000253e       0xd4 ../PBL-SD-1_bsp/\libhal_bsp.a(alt_get_fd.o)
 .debug_line    0x00002612      0x170 c:/altera/13.1/nios2eds/bin/gnu/h-i686-mingw32/bin/../lib/gcc/nios2-elf/4.7.3/../../../../../H-i686-mingw32/nios2-elf/lib/mno-hw-mul\libsmallc.a(lib_a-atexit.o)
 .debug_line    0x00002782      0x170 c:/altera/13.1/nios2eds/bin/gnu/h-i686-mingw32/bin/../lib/gcc/nios2-elf/4.7.3/../../../../../H-i686-mingw32/nios2-elf/lib/mno-hw-mul\libsmallc.a(lib_a-exit.o)
 .debug_line    0x000028f2      0x209 c:/altera/13.1/nios2eds/bin/gnu/h-i686-mingw32/bin/../lib/gcc/nios2-elf/4.7.3/../../../../../H-i686-mingw32/nios2-elf/lib/mno-hw-mul\libsmallc.a(lib_a-fputs.o)
 .debug_line    0x00002afb      0x17f c:/altera/13.1/nios2eds/bin/gnu/h-i686-mingw32/bin/../lib/gcc/nios2-elf/4.7.3/../../../../../H-i686-mingw32/nios2-elf/lib/mno-hw-mul\libsmallc.a(lib_a-memcmp.o)
 .debug_line    0x00002c7a      0x24e c:/altera/13.1/nios2eds/bin/gnu/h-i686-mingw32/bin/../lib/gcc/nios2-elf/4.7.3/../../../../../H-i686-mingw32/nios2-elf/lib/mno-hw-mul\libsmallc.a(lib_a-__atexit.o)
 .debug_line    0x00002ec8      0x267 c:/altera/13.1/nios2eds/bin/gnu/h-i686-mingw32/bin/../lib/gcc/nios2-elf/4.7.3/../../../../../H-i686-mingw32/nios2-elf/lib/mno-hw-mul\libsmallc.a(lib_a-__call_atexit.o)
 .debug_line    0x0000312f       0x71 ../PBL-SD-1_bsp/\libhal_bsp.a(alt_exit.o)

.debug_frame    0x00000000      0x8a8
 *(.debug_frame)
 .debug_frame   0x00000000       0x84 obj/default/main.o
 .debug_frame   0x00000084       0x20 c:/altera/13.1/nios2eds/bin/gnu/h-i686-mingw32/bin/../lib/gcc/nios2-elf/4.7.3/mno-hw-mul\libgcc.a(lib2-mul.o)
 .debug_frame   0x000000a4       0x20 c:/altera/13.1/nios2eds/bin/gnu/h-i686-mingw32/bin/../lib/gcc/nios2-elf/4.7.3/../../../../../H-i686-mingw32/nios2-elf/lib/mno-hw-mul\libsmallc.a(lib_a-memcpy.o)
 .debug_frame   0x000000c4       0x40 c:/altera/13.1/nios2eds/bin/gnu/h-i686-mingw32/bin/../lib/gcc/nios2-elf/4.7.3/../../../../../H-i686-mingw32/nios2-elf/lib/mno-hw-mul\libsmallc.a(lib_a-printf.o)
 .debug_frame   0x00000104       0x20 c:/altera/13.1/nios2eds/bin/gnu/h-i686-mingw32/bin/../lib/gcc/nios2-elf/4.7.3/../../../../../H-i686-mingw32/nios2-elf/lib/mno-hw-mul\libsmallc.a(lib_a-strlen.o)
 .debug_frame   0x00000124       0x4c c:/altera/13.1/nios2eds/bin/gnu/h-i686-mingw32/bin/../lib/gcc/nios2-elf/4.7.3/../../../../../H-i686-mingw32/nios2-elf/lib/mno-hw-mul\libsmallc.a(lib_a-vfprintf.o)
 .debug_frame   0x00000170       0x30 c:/altera/13.1/nios2eds/bin/gnu/h-i686-mingw32/bin/../lib/gcc/nios2-elf/4.7.3/../../../../../H-i686-mingw32/nios2-elf/lib/mno-hw-mul\libsmallc.a(lib_a-fvwrite_small_dev.o)
 .debug_frame   0x000001a0       0x2c c:/altera/13.1/nios2eds/bin/gnu/h-i686-mingw32/bin/../lib/gcc/nios2-elf/4.7.3/../../../../../H-i686-mingw32/nios2-elf/lib/mno-hw-mul\libsmallc.a(lib_a-writer.o)
 .debug_frame   0x000001cc       0x70 c:/altera/13.1/nios2eds/bin/gnu/h-i686-mingw32/bin/../lib/gcc/nios2-elf/4.7.3/mno-hw-mul\libgcc.a(lib2-divmod.o)
 .debug_frame   0x0000023c       0x48 ../PBL-SD-1_bsp/\libhal_bsp.a(alt_load.o)
 .debug_frame   0x00000284       0x2c ../PBL-SD-1_bsp/\libhal_bsp.a(alt_main.o)
 .debug_frame   0x000002b0       0x2c ../PBL-SD-1_bsp/\libhal_bsp.a(alt_putstr.o)
 .debug_frame   0x000002dc       0x2c ../PBL-SD-1_bsp/\libhal_bsp.a(alt_usleep.o)
 .debug_frame   0x00000308       0x48 ../PBL-SD-1_bsp/\libhal_bsp.a(alt_write.o)
 .debug_frame   0x00000350       0x64 ../PBL-SD-1_bsp/\libhal_bsp.a(alt_sys_init.o)
 .debug_frame   0x000003b4       0x48 ../PBL-SD-1_bsp/\libhal_bsp.a(altera_avalon_jtag_uart_fd.o)
 .debug_frame   0x000003fc       0x2c ../PBL-SD-1_bsp/\libhal_bsp.a(altera_avalon_jtag_uart_read.o)
 .debug_frame   0x00000428       0x2c ../PBL-SD-1_bsp/\libhal_bsp.a(altera_avalon_jtag_uart_write.o)
 .debug_frame   0x00000454       0x2c ../PBL-SD-1_bsp/\libhal_bsp.a(alt_busy_sleep.o)
 .debug_frame   0x00000480       0x48 ../PBL-SD-1_bsp/\libhal_bsp.a(alt_close.o)
 .debug_frame   0x000004c8       0x2c ../PBL-SD-1_bsp/\libhal_bsp.a(alt_dcache_flush_all.o)
 .debug_frame   0x000004f4       0x2c ../PBL-SD-1_bsp/\libhal_bsp.a(alt_dev.o)
 .debug_frame   0x00000520       0x48 ../PBL-SD-1_bsp/\libhal_bsp.a(alt_dev_llist_insert.o)
 .debug_frame   0x00000568       0x2c ../PBL-SD-1_bsp/\libhal_bsp.a(alt_do_ctors.o)
 .debug_frame   0x00000594       0x2c ../PBL-SD-1_bsp/\libhal_bsp.a(alt_do_dtors.o)
 .debug_frame   0x000005c0       0x2c ../PBL-SD-1_bsp/\libhal_bsp.a(alt_icache_flush_all.o)
 .debug_frame   0x000005ec       0x4c ../PBL-SD-1_bsp/\libhal_bsp.a(alt_io_redirect.o)
 .debug_frame   0x00000638       0x68 ../PBL-SD-1_bsp/\libhal_bsp.a(alt_open.o)
 .debug_frame   0x000006a0       0x30 ../PBL-SD-1_bsp/\libhal_bsp.a(alt_release_fd.o)
 .debug_frame   0x000006d0       0x2c ../PBL-SD-1_bsp/\libhal_bsp.a(altera_nios2_qsys_irq.o)
 .debug_frame   0x000006fc       0x2c ../PBL-SD-1_bsp/\libhal_bsp.a(alt_find_dev.o)
 .debug_frame   0x00000728       0x2c ../PBL-SD-1_bsp/\libhal_bsp.a(alt_find_file.o)
 .debug_frame   0x00000754       0x30 ../PBL-SD-1_bsp/\libhal_bsp.a(alt_get_fd.o)
 .debug_frame   0x00000784       0x20 c:/altera/13.1/nios2eds/bin/gnu/h-i686-mingw32/bin/../lib/gcc/nios2-elf/4.7.3/../../../../../H-i686-mingw32/nios2-elf/lib/mno-hw-mul\libsmallc.a(lib_a-atexit.o)
 .debug_frame   0x000007a4       0x28 c:/altera/13.1/nios2eds/bin/gnu/h-i686-mingw32/bin/../lib/gcc/nios2-elf/4.7.3/../../../../../H-i686-mingw32/nios2-elf/lib/mno-hw-mul\libsmallc.a(lib_a-exit.o)
 .debug_frame   0x000007cc       0x28 c:/altera/13.1/nios2eds/bin/gnu/h-i686-mingw32/bin/../lib/gcc/nios2-elf/4.7.3/../../../../../H-i686-mingw32/nios2-elf/lib/mno-hw-mul\libsmallc.a(lib_a-fputs.o)
 .debug_frame   0x000007f4       0x20 c:/altera/13.1/nios2eds/bin/gnu/h-i686-mingw32/bin/../lib/gcc/nios2-elf/4.7.3/../../../../../H-i686-mingw32/nios2-elf/lib/mno-hw-mul\libsmallc.a(lib_a-memcmp.o)
 .debug_frame   0x00000814       0x30 c:/altera/13.1/nios2eds/bin/gnu/h-i686-mingw32/bin/../lib/gcc/nios2-elf/4.7.3/../../../../../H-i686-mingw32/nios2-elf/lib/mno-hw-mul\libsmallc.a(lib_a-__atexit.o)
 .debug_frame   0x00000844       0x38 c:/altera/13.1/nios2eds/bin/gnu/h-i686-mingw32/bin/../lib/gcc/nios2-elf/4.7.3/../../../../../H-i686-mingw32/nios2-elf/lib/mno-hw-mul\libsmallc.a(lib_a-__call_atexit.o)
 .debug_frame   0x0000087c       0x2c ../PBL-SD-1_bsp/\libhal_bsp.a(alt_exit.o)

.debug_str      0x00000000     0x1793
 *(.debug_str)
 .debug_str     0x00000000      0x121 obj/default/main.o
                                0x166 (size before relaxing)
 .debug_str     0x00000121       0xd3 c:/altera/13.1/nios2eds/bin/gnu/h-i686-mingw32/bin/../lib/gcc/nios2-elf/4.7.3/mno-hw-mul\libgcc.a(lib2-mul.o)
                                0x12a (size before relaxing)
 .debug_str     0x000001f4       0xf9 c:/altera/13.1/nios2eds/bin/gnu/h-i686-mingw32/bin/../lib/gcc/nios2-elf/4.7.3/../../../../../H-i686-mingw32/nios2-elf/lib/mno-hw-mul\libsmallc.a(lib_a-memcpy.o)
                                0x11e (size before relaxing)
 .debug_str     0x000002ed      0x3d4 c:/altera/13.1/nios2eds/bin/gnu/h-i686-mingw32/bin/../lib/gcc/nios2-elf/4.7.3/../../../../../H-i686-mingw32/nios2-elf/lib/mno-hw-mul\libsmallc.a(lib_a-printf.o)
                                0x4b4 (size before relaxing)
 .debug_str     0x000006c1       0x45 c:/altera/13.1/nios2eds/bin/gnu/h-i686-mingw32/bin/../lib/gcc/nios2-elf/4.7.3/../../../../../H-i686-mingw32/nios2-elf/lib/mno-hw-mul\libsmallc.a(lib_a-strlen.o)
                                0x190 (size before relaxing)
 .debug_str     0x00000706      0x196 c:/altera/13.1/nios2eds/bin/gnu/h-i686-mingw32/bin/../lib/gcc/nios2-elf/4.7.3/../../../../../H-i686-mingw32/nios2-elf/lib/mno-hw-mul\libsmallc.a(lib_a-vfprintf.o)
                                0x634 (size before relaxing)
 .debug_str     0x0000089c       0x82 c:/altera/13.1/nios2eds/bin/gnu/h-i686-mingw32/bin/../lib/gcc/nios2-elf/4.7.3/../../../../../H-i686-mingw32/nios2-elf/lib/mno-hw-mul\libsmallc.a(lib_a-fvwrite_small_dev.o)
                                0x48f (size before relaxing)
 .debug_str     0x0000091e       0xfb c:/altera/13.1/nios2eds/bin/gnu/h-i686-mingw32/bin/../lib/gcc/nios2-elf/4.7.3/../../../../../H-i686-mingw32/nios2-elf/lib/mno-hw-mul\libsmallc.a(lib_a-impure.o)
                                0x469 (size before relaxing)
 .debug_str     0x00000a19       0x3d c:/altera/13.1/nios2eds/bin/gnu/h-i686-mingw32/bin/../lib/gcc/nios2-elf/4.7.3/../../../../../H-i686-mingw32/nios2-elf/lib/mno-hw-mul\libsmallc.a(lib_a-writer.o)
                                0x463 (size before relaxing)
 .debug_str     0x00000a56       0x40 c:/altera/13.1/nios2eds/bin/gnu/h-i686-mingw32/bin/../lib/gcc/nios2-elf/4.7.3/../../../../../H-i686-mingw32/nios2-elf/lib/mno-hw-mul\libsmallc.a(lib_a-int_errno.o)
                                0x183 (size before relaxing)
 .debug_str     0x00000a96       0x7f c:/altera/13.1/nios2eds/bin/gnu/h-i686-mingw32/bin/../lib/gcc/nios2-elf/4.7.3/mno-hw-mul\libgcc.a(lib2-divmod.o)
                                0x169 (size before relaxing)
 .debug_str     0x00000b15      0x141 ../PBL-SD-1_bsp/\libhal_bsp.a(alt_load.o)
                                0x1df (size before relaxing)
 .debug_str     0x00000c56       0x70 ../PBL-SD-1_bsp/\libhal_bsp.a(alt_main.o)
                                0x16a (size before relaxing)
 .debug_str     0x00000cc6      0x116 ../PBL-SD-1_bsp/\libhal_bsp.a(alt_putstr.o)
                                0x4af (size before relaxing)
 .debug_str     0x00000ddc       0x27 ../PBL-SD-1_bsp/\libhal_bsp.a(alt_usleep.o)
                                0x115 (size before relaxing)
 .debug_str     0x00000e03      0x159 ../PBL-SD-1_bsp/\libhal_bsp.a(alt_write.o)
                                0x2c5 (size before relaxing)
 .debug_str     0x00000f5c       0xf9 ../PBL-SD-1_bsp/\libhal_bsp.a(alt_sys_init.o)
                                0x29a (size before relaxing)
 .debug_str     0x00001055       0x77 ../PBL-SD-1_bsp/\libhal_bsp.a(altera_avalon_jtag_uart_fd.o)
                                0x2a2 (size before relaxing)
 .debug_str     0x000010cc       0x48 ../PBL-SD-1_bsp/\libhal_bsp.a(altera_avalon_jtag_uart_read.o)
                                0x1ec (size before relaxing)
 .debug_str     0x00001114       0x4a ../PBL-SD-1_bsp/\libhal_bsp.a(altera_avalon_jtag_uart_write.o)
                                0x1e2 (size before relaxing)
 .debug_str     0x0000115e       0x42 ../PBL-SD-1_bsp/\libhal_bsp.a(alt_busy_sleep.o)
                                0x138 (size before relaxing)
 .debug_str     0x000011a0       0x1b ../PBL-SD-1_bsp/\libhal_bsp.a(alt_close.o)
                                0x1d8 (size before relaxing)
 .debug_str     0x000011bb       0x34 ../PBL-SD-1_bsp/\libhal_bsp.a(alt_dcache_flush_all.o)
                                0x122 (size before relaxing)
 .debug_str     0x000011ef       0x50 ../PBL-SD-1_bsp/\libhal_bsp.a(alt_dev.o)
                                0x2d2 (size before relaxing)
 .debug_str     0x0000123f       0x4b ../PBL-SD-1_bsp/\libhal_bsp.a(alt_dev_llist_insert.o)
                                0x199 (size before relaxing)
 .debug_str     0x0000128a       0x48 ../PBL-SD-1_bsp/\libhal_bsp.a(alt_do_ctors.o)
                                 0xa9 (size before relaxing)
 .debug_str     0x000012d2       0x4c ../PBL-SD-1_bsp/\libhal_bsp.a(alt_do_dtors.o)
                                 0xa8 (size before relaxing)
 .debug_str     0x0000131e       0x14 ../PBL-SD-1_bsp/\libhal_bsp.a(alt_errno.o)
                                0x112 (size before relaxing)
 .debug_str     0x00001332       0x34 ../PBL-SD-1_bsp/\libhal_bsp.a(alt_icache_flush_all.o)
                                0x122 (size before relaxing)
 .debug_str     0x00001366       0x56 ../PBL-SD-1_bsp/\libhal_bsp.a(alt_io_redirect.o)
                                0x2e3 (size before relaxing)
 .debug_str     0x000013bc       0x36 ../PBL-SD-1_bsp/\libhal_bsp.a(alt_open.o)
                                0x218 (size before relaxing)
 .debug_str     0x000013f2       0x28 ../PBL-SD-1_bsp/\libhal_bsp.a(alt_release_fd.o)
                                0x1ac (size before relaxing)
 .debug_str     0x0000141a       0x3b ../PBL-SD-1_bsp/\libhal_bsp.a(altera_nios2_qsys_irq.o)
                                0x129 (size before relaxing)
 .debug_str     0x00001455       0x24 ../PBL-SD-1_bsp/\libhal_bsp.a(alt_find_dev.o)
                                0x1b9 (size before relaxing)
 .debug_str     0x00001479       0x26 ../PBL-SD-1_bsp/\libhal_bsp.a(alt_find_file.o)
                                0x1c7 (size before relaxing)
 .debug_str     0x0000149f       0x30 ../PBL-SD-1_bsp/\libhal_bsp.a(alt_get_fd.o)
                                0x1e9 (size before relaxing)
 .debug_str     0x000014cf      0x122 c:/altera/13.1/nios2eds/bin/gnu/h-i686-mingw32/bin/../lib/gcc/nios2-elf/4.7.3/../../../../../H-i686-mingw32/nios2-elf/lib/mno-hw-mul\libsmallc.a(lib_a-atexit.o)
                                0x235 (size before relaxing)
 .debug_str     0x000015f1       0x4d c:/altera/13.1/nios2eds/bin/gnu/h-i686-mingw32/bin/../lib/gcc/nios2-elf/4.7.3/../../../../../H-i686-mingw32/nios2-elf/lib/mno-hw-mul\libsmallc.a(lib_a-exit.o)
                                0x19b (size before relaxing)
 .debug_str     0x0000163e       0x42 c:/altera/13.1/nios2eds/bin/gnu/h-i686-mingw32/bin/../lib/gcc/nios2-elf/4.7.3/../../../../../H-i686-mingw32/nios2-elf/lib/mno-hw-mul\libsmallc.a(lib_a-fputs.o)
                                0x462 (size before relaxing)
 .debug_str     0x00001680       0x45 c:/altera/13.1/nios2eds/bin/gnu/h-i686-mingw32/bin/../lib/gcc/nios2-elf/4.7.3/../../../../../H-i686-mingw32/nios2-elf/lib/mno-hw-mul\libsmallc.a(lib_a-memcmp.o)
                                0x18a (size before relaxing)
 .debug_str     0x000016c5       0x40 c:/altera/13.1/nios2eds/bin/gnu/h-i686-mingw32/bin/../lib/gcc/nios2-elf/4.7.3/../../../../../H-i686-mingw32/nios2-elf/lib/mno-hw-mul\libsmallc.a(lib_a-__atexit.o)
                                0x4b6 (size before relaxing)
 .debug_str     0x00001705       0x64 c:/altera/13.1/nios2eds/bin/gnu/h-i686-mingw32/bin/../lib/gcc/nios2-elf/4.7.3/../../../../../H-i686-mingw32/nios2-elf/lib/mno-hw-mul\libsmallc.a(lib_a-__call_atexit.o)
                                0x494 (size before relaxing)
 .debug_str     0x00001769       0x2a ../PBL-SD-1_bsp/\libhal_bsp.a(alt_exit.o)
                                0x11e (size before relaxing)

.debug_loc      0x00000000     0x20ba
 *(.debug_loc)
 .debug_loc     0x00000000       0xb1 obj/default/main.o
 .debug_loc     0x000000b1       0x93 c:/altera/13.1/nios2eds/bin/gnu/h-i686-mingw32/bin/../lib/gcc/nios2-elf/4.7.3/mno-hw-mul\libgcc.a(lib2-mul.o)
 .debug_loc     0x00000144       0xee c:/altera/13.1/nios2eds/bin/gnu/h-i686-mingw32/bin/../lib/gcc/nios2-elf/4.7.3/../../../../../H-i686-mingw32/nios2-elf/lib/mno-hw-mul\libsmallc.a(lib_a-memcpy.o)
 .debug_loc     0x00000232      0x125 c:/altera/13.1/nios2eds/bin/gnu/h-i686-mingw32/bin/../lib/gcc/nios2-elf/4.7.3/../../../../../H-i686-mingw32/nios2-elf/lib/mno-hw-mul\libsmallc.a(lib_a-printf.o)
 .debug_loc     0x00000357       0x29 c:/altera/13.1/nios2eds/bin/gnu/h-i686-mingw32/bin/../lib/gcc/nios2-elf/4.7.3/../../../../../H-i686-mingw32/nios2-elf/lib/mno-hw-mul\libsmallc.a(lib_a-strlen.o)
 .debug_loc     0x00000380      0xc9d c:/altera/13.1/nios2eds/bin/gnu/h-i686-mingw32/bin/../lib/gcc/nios2-elf/4.7.3/../../../../../H-i686-mingw32/nios2-elf/lib/mno-hw-mul\libsmallc.a(lib_a-vfprintf.o)
 .debug_loc     0x0000101d      0x19e c:/altera/13.1/nios2eds/bin/gnu/h-i686-mingw32/bin/../lib/gcc/nios2-elf/4.7.3/../../../../../H-i686-mingw32/nios2-elf/lib/mno-hw-mul\libsmallc.a(lib_a-fvwrite_small_dev.o)
 .debug_loc     0x000011bb       0xde c:/altera/13.1/nios2eds/bin/gnu/h-i686-mingw32/bin/../lib/gcc/nios2-elf/4.7.3/../../../../../H-i686-mingw32/nios2-elf/lib/mno-hw-mul\libsmallc.a(lib_a-writer.o)
 .debug_loc     0x00001299      0x338 c:/altera/13.1/nios2eds/bin/gnu/h-i686-mingw32/bin/../lib/gcc/nios2-elf/4.7.3/mno-hw-mul\libgcc.a(lib2-divmod.o)
 .debug_loc     0x000015d1       0x58 ../PBL-SD-1_bsp/\libhal_bsp.a(alt_load.o)
 .debug_loc     0x00001629       0x2c ../PBL-SD-1_bsp/\libhal_bsp.a(alt_main.o)
 .debug_loc     0x00001655       0x2c ../PBL-SD-1_bsp/\libhal_bsp.a(alt_putstr.o)
 .debug_loc     0x00001681       0x2c ../PBL-SD-1_bsp/\libhal_bsp.a(alt_usleep.o)
 .debug_loc     0x000016ad       0x58 ../PBL-SD-1_bsp/\libhal_bsp.a(alt_write.o)
 .debug_loc     0x00001705       0x84 ../PBL-SD-1_bsp/\libhal_bsp.a(alt_sys_init.o)
 .debug_loc     0x00001789       0x58 ../PBL-SD-1_bsp/\libhal_bsp.a(altera_avalon_jtag_uart_fd.o)
 .debug_loc     0x000017e1       0x2c ../PBL-SD-1_bsp/\libhal_bsp.a(altera_avalon_jtag_uart_read.o)
 .debug_loc     0x0000180d       0x2c ../PBL-SD-1_bsp/\libhal_bsp.a(altera_avalon_jtag_uart_write.o)
 .debug_loc     0x00001839       0x2c ../PBL-SD-1_bsp/\libhal_bsp.a(alt_busy_sleep.o)
 .debug_loc     0x00001865       0x58 ../PBL-SD-1_bsp/\libhal_bsp.a(alt_close.o)
 .debug_loc     0x000018bd       0x2c ../PBL-SD-1_bsp/\libhal_bsp.a(alt_dcache_flush_all.o)
 .debug_loc     0x000018e9       0x2c ../PBL-SD-1_bsp/\libhal_bsp.a(alt_dev.o)
 .debug_loc     0x00001915       0x58 ../PBL-SD-1_bsp/\libhal_bsp.a(alt_dev_llist_insert.o)
 .debug_loc     0x0000196d       0x2c ../PBL-SD-1_bsp/\libhal_bsp.a(alt_do_ctors.o)
 .debug_loc     0x00001999       0x2c ../PBL-SD-1_bsp/\libhal_bsp.a(alt_do_dtors.o)
 .debug_loc     0x000019c5       0x2c ../PBL-SD-1_bsp/\libhal_bsp.a(alt_icache_flush_all.o)
 .debug_loc     0x000019f1       0x58 ../PBL-SD-1_bsp/\libhal_bsp.a(alt_io_redirect.o)
 .debug_loc     0x00001a49       0x84 ../PBL-SD-1_bsp/\libhal_bsp.a(alt_open.o)
 .debug_loc     0x00001acd       0x2c ../PBL-SD-1_bsp/\libhal_bsp.a(alt_release_fd.o)
 .debug_loc     0x00001af9       0x2c ../PBL-SD-1_bsp/\libhal_bsp.a(altera_nios2_qsys_irq.o)
 .debug_loc     0x00001b25       0x2c ../PBL-SD-1_bsp/\libhal_bsp.a(alt_find_dev.o)
 .debug_loc     0x00001b51       0x2c ../PBL-SD-1_bsp/\libhal_bsp.a(alt_find_file.o)
 .debug_loc     0x00001b7d       0x2c ../PBL-SD-1_bsp/\libhal_bsp.a(alt_get_fd.o)
 .debug_loc     0x00001ba9       0x2c c:/altera/13.1/nios2eds/bin/gnu/h-i686-mingw32/bin/../lib/gcc/nios2-elf/4.7.3/../../../../../H-i686-mingw32/nios2-elf/lib/mno-hw-mul\libsmallc.a(lib_a-atexit.o)
 .debug_loc     0x00001bd5       0x3e c:/altera/13.1/nios2eds/bin/gnu/h-i686-mingw32/bin/../lib/gcc/nios2-elf/4.7.3/../../../../../H-i686-mingw32/nios2-elf/lib/mno-hw-mul\libsmallc.a(lib_a-exit.o)
 .debug_loc     0x00001c13       0x80 c:/altera/13.1/nios2eds/bin/gnu/h-i686-mingw32/bin/../lib/gcc/nios2-elf/4.7.3/../../../../../H-i686-mingw32/nios2-elf/lib/mno-hw-mul\libsmallc.a(lib_a-fputs.o)
 .debug_loc     0x00001c93       0x6f c:/altera/13.1/nios2eds/bin/gnu/h-i686-mingw32/bin/../lib/gcc/nios2-elf/4.7.3/../../../../../H-i686-mingw32/nios2-elf/lib/mno-hw-mul\libsmallc.a(lib_a-memcmp.o)
 .debug_loc     0x00001d02      0x1f4 c:/altera/13.1/nios2eds/bin/gnu/h-i686-mingw32/bin/../lib/gcc/nios2-elf/4.7.3/../../../../../H-i686-mingw32/nios2-elf/lib/mno-hw-mul\libsmallc.a(lib_a-__atexit.o)
 .debug_loc     0x00001ef6      0x198 c:/altera/13.1/nios2eds/bin/gnu/h-i686-mingw32/bin/../lib/gcc/nios2-elf/4.7.3/../../../../../H-i686-mingw32/nios2-elf/lib/mno-hw-mul\libsmallc.a(lib_a-__call_atexit.o)
 .debug_loc     0x0000208e       0x2c ../PBL-SD-1_bsp/\libhal_bsp.a(alt_exit.o)

.debug_macinfo
 *(.debug_macinfo)

.debug_weaknames
 *(.debug_weaknames)

.debug_funcnames
 *(.debug_funcnames)

.debug_typenames
 *(.debug_typenames)

.debug_varnames
 *(.debug_varnames)

.debug_alt_sim_info
                0x00000000       0x40
 *(.debug_alt_sim_info)
 .debug_alt_sim_info
                0x00000000       0x10 ../PBL-SD-1_bsp//obj/HAL/src/crt0.o
 .debug_alt_sim_info
                0x00000010       0x30 ../PBL-SD-1_bsp/\libhal_bsp.a(alt_busy_sleep.o)
                0x00008000                __alt_data_end = 0x8000
                0x00008000                PROVIDE (__alt_stack_pointer, __alt_data_end)
                0x00006b58                PROVIDE (__alt_stack_limit, __alt_stack_base)
                0x00006b58                PROVIDE (__alt_heap_start, end)
                0x00008000                PROVIDE (__alt_heap_limit, 0x8000)
OUTPUT(PBL-SD-1.elf elf32-littlenios2)

.debug_ranges   0x00000000      0x1f0
 .debug_ranges  0x00000000       0x20 ../PBL-SD-1_bsp//obj/HAL/src/crt0.o
 .debug_ranges  0x00000020      0x188 c:/altera/13.1/nios2eds/bin/gnu/h-i686-mingw32/bin/../lib/gcc/nios2-elf/4.7.3/../../../../../H-i686-mingw32/nios2-elf/lib/mno-hw-mul\libsmallc.a(lib_a-vfprintf.o)
 .debug_ranges  0x000001a8       0x18 c:/altera/13.1/nios2eds/bin/gnu/h-i686-mingw32/bin/../lib/gcc/nios2-elf/4.7.3/../../../../../H-i686-mingw32/nios2-elf/lib/mno-hw-mul\libsmallc.a(lib_a-fvwrite_small_dev.o)
 .debug_ranges  0x000001c0       0x18 ../PBL-SD-1_bsp/\libhal_bsp.a(altera_avalon_jtag_uart_read.o)
 .debug_ranges  0x000001d8       0x18 c:/altera/13.1/nios2eds/bin/gnu/h-i686-mingw32/bin/../lib/gcc/nios2-elf/4.7.3/../../../../../H-i686-mingw32/nios2-elf/lib/mno-hw-mul\libsmallc.a(lib_a-__call_atexit.o)
