Archive member included because of file (symbol)

c:/altera/13.1/nios2eds/bin/gnu/h-i686-mingw32/bin/../lib/gcc/nios2-elf/4.7.3/mno-hw-mul\libgcc.a(lib2-mul.o)
                              obj/default/hello_world_small.o (__mulsi3)
c:/altera/13.1/nios2eds/bin/gnu/h-i686-mingw32/bin/../lib/gcc/nios2-elf/4.7.3/../../../../../H-i686-mingw32/nios2-elf/lib/mno-hw-mul\libsmallc.a(lib_a-memcpy.o)
                              obj/default/hello_world_small.o (memcpy)
c:/altera/13.1/nios2eds/bin/gnu/h-i686-mingw32/bin/../lib/gcc/nios2-elf/4.7.3/../../../../../H-i686-mingw32/nios2-elf/lib/mno-hw-mul\libsmallc.a(lib_a-printf.o)
                              obj/default/hello_world_small.o (printf)
c:/altera/13.1/nios2eds/bin/gnu/h-i686-mingw32/bin/../lib/gcc/nios2-elf/4.7.3/../../../../../H-i686-mingw32/nios2-elf/lib/mno-hw-mul\libsmallc.a(lib_a-strlen.o)
                              obj/default/hello_world_small.o (strlen)
c:/altera/13.1/nios2eds/bin/gnu/h-i686-mingw32/bin/../lib/gcc/nios2-elf/4.7.3/../../../../../H-i686-mingw32/nios2-elf/lib/mno-hw-mul\libsmallc.a(lib_a-vfprintf.o)
                              c:/altera/13.1/nios2eds/bin/gnu/h-i686-mingw32/bin/../lib/gcc/nios2-elf/4.7.3/../../../../../H-i686-mingw32/nios2-elf/lib/mno-hw-mul\libsmallc.a(lib_a-printf.o) (___vfprintf_internal_r)
c:/altera/13.1/nios2eds/bin/gnu/h-i686-mingw32/bin/../lib/gcc/nios2-elf/4.7.3/../../../../../H-i686-mingw32/nios2-elf/lib/mno-hw-mul\libsmallc.a(lib_a-fvwrite_small_dev.o)
                              c:/altera/13.1/nios2eds/bin/gnu/h-i686-mingw32/bin/../lib/gcc/nios2-elf/4.7.3/../../../../../H-i686-mingw32/nios2-elf/lib/mno-hw-mul\libsmallc.a(lib_a-printf.o) (__sfvwrite_small_dev)
c:/altera/13.1/nios2eds/bin/gnu/h-i686-mingw32/bin/../lib/gcc/nios2-elf/4.7.3/../../../../../H-i686-mingw32/nios2-elf/lib/mno-hw-mul\libsmallc.a(lib_a-impure.o)
                              c:/altera/13.1/nios2eds/bin/gnu/h-i686-mingw32/bin/../lib/gcc/nios2-elf/4.7.3/../../../../../H-i686-mingw32/nios2-elf/lib/mno-hw-mul\libsmallc.a(lib_a-printf.o) (_impure_ptr)
c:/altera/13.1/nios2eds/bin/gnu/h-i686-mingw32/bin/../lib/gcc/nios2-elf/4.7.3/../../../../../H-i686-mingw32/nios2-elf/lib/mno-hw-mul\libsmallc.a(lib_a-writer.o)
                              c:/altera/13.1/nios2eds/bin/gnu/h-i686-mingw32/bin/../lib/gcc/nios2-elf/4.7.3/../../../../../H-i686-mingw32/nios2-elf/lib/mno-hw-mul\libsmallc.a(lib_a-fvwrite_small_dev.o) (_write_r)
c:/altera/13.1/nios2eds/bin/gnu/h-i686-mingw32/bin/../lib/gcc/nios2-elf/4.7.3/../../../../../H-i686-mingw32/nios2-elf/lib/mno-hw-mul\libsmallc.a(lib_a-int_errno.o)
                              c:/altera/13.1/nios2eds/bin/gnu/h-i686-mingw32/bin/../lib/gcc/nios2-elf/4.7.3/../../../../../H-i686-mingw32/nios2-elf/lib/mno-hw-mul\libsmallc.a(lib_a-writer.o) (errno)
c:/altera/13.1/nios2eds/bin/gnu/h-i686-mingw32/bin/../lib/gcc/nios2-elf/4.7.3/mno-hw-mul\libgcc.a(lib2-divmod.o)
                              c:/altera/13.1/nios2eds/bin/gnu/h-i686-mingw32/bin/../lib/gcc/nios2-elf/4.7.3/../../../../../H-i686-mingw32/nios2-elf/lib/mno-hw-mul\libsmallc.a(lib_a-vfprintf.o) (__udivsi3)
../teste2_butons_bsp/\libhal_bsp.a(alt_load.o)
                              ../teste2_butons_bsp//obj/HAL/src/crt0.o (alt_load)
../teste2_butons_bsp/\libhal_bsp.a(alt_main.o)
                              ../teste2_butons_bsp//obj/HAL/src/crt0.o (alt_main)
../teste2_butons_bsp/\libhal_bsp.a(alt_putstr.o)
                              obj/default/hello_world_small.o (alt_putstr)
../teste2_butons_bsp/\libhal_bsp.a(alt_usleep.o)
                              obj/default/hello_world_small.o (usleep)
../teste2_butons_bsp/\libhal_bsp.a(alt_write.o)
                              c:/altera/13.1/nios2eds/bin/gnu/h-i686-mingw32/bin/../lib/gcc/nios2-elf/4.7.3/../../../../../H-i686-mingw32/nios2-elf/lib/mno-hw-mul\libsmallc.a(lib_a-writer.o) (write)
../teste2_butons_bsp/\libhal_bsp.a(alt_sys_init.o)
                              ../teste2_butons_bsp/\libhal_bsp.a(alt_main.o) (alt_irq_init)
../teste2_butons_bsp/\libhal_bsp.a(altera_avalon_jtag_uart_write.o)
                              ../teste2_butons_bsp/\libhal_bsp.a(alt_putstr.o) (altera_avalon_jtag_uart_write)
../teste2_butons_bsp/\libhal_bsp.a(alt_busy_sleep.o)
                              ../teste2_butons_bsp/\libhal_bsp.a(alt_usleep.o) (alt_busy_sleep)
../teste2_butons_bsp/\libhal_bsp.a(alt_dcache_flush_all.o)
                              ../teste2_butons_bsp/\libhal_bsp.a(alt_load.o) (alt_dcache_flush_all)
../teste2_butons_bsp/\libhal_bsp.a(alt_errno.o)
                              ../teste2_butons_bsp/\libhal_bsp.a(alt_write.o) (alt_errno)
../teste2_butons_bsp/\libhal_bsp.a(alt_icache_flush_all.o)
                              ../teste2_butons_bsp/\libhal_bsp.a(alt_load.o) (alt_icache_flush_all)
../teste2_butons_bsp/\libhal_bsp.a(altera_nios2_qsys_irq.o)
                              ../teste2_butons_bsp/\libhal_bsp.a(alt_sys_init.o) (altera_nios2_qsys_irq_init)

Allocating common symbols
Common symbol       size              file

errno               0x4               c:/altera/13.1/nios2eds/bin/gnu/h-i686-mingw32/bin/../lib/gcc/nios2-elf/4.7.3/../../../../../H-i686-mingw32/nios2-elf/lib/mno-hw-mul\libsmallc.a(lib_a-int_errno.o)

Memory Configuration

Name             Origin             Length             Attributes
reset            0x00008000         0x00000020
memory           0x00008020         0x00003fe0
*default*        0x00000000         0xffffffff

Linker script and memory map

LOAD ../teste2_butons_bsp//obj/HAL/src/crt0.o
LOAD obj/default/hello_world_small.o
LOAD c:/altera/13.1/nios2eds/bin/gnu/h-i686-mingw32/bin/../lib/gcc/nios2-elf/4.7.3/../../../../../H-i686-mingw32/nios2-elf/lib/mno-hw-mul\libstdc++.a
LOAD c:/altera/13.1/nios2eds/bin/gnu/h-i686-mingw32/bin/../lib/gcc/nios2-elf/4.7.3/../../../../../H-i686-mingw32/nios2-elf/lib/mno-hw-mul\libm.a
LOAD c:/altera/13.1/nios2eds/bin/gnu/h-i686-mingw32/bin/../lib/gcc/nios2-elf/4.7.3/mno-hw-mul\libgcc.a
START GROUP
LOAD c:/altera/13.1/nios2eds/bin/gnu/h-i686-mingw32/bin/../lib/gcc/nios2-elf/4.7.3/../../../../../H-i686-mingw32/nios2-elf/lib/mno-hw-mul\libsmallc.a
LOAD c:/altera/13.1/nios2eds/bin/gnu/h-i686-mingw32/bin/../lib/gcc/nios2-elf/4.7.3/mno-hw-mul\libgcc.a
LOAD ../teste2_butons_bsp/\libhal_bsp.a
END GROUP
LOAD c:/altera/13.1/nios2eds/bin/gnu/h-i686-mingw32/bin/../lib/gcc/nios2-elf/4.7.3/mno-hw-mul\libgcc.a
                0x00008000                __alt_mem_memory = 0x8000

.entry          0x00008000       0x20
 *(.entry)
 .entry         0x00008000       0x20 ../teste2_butons_bsp//obj/HAL/src/crt0.o
                0x00008000                __reset
                0x0000800c                _exit

.exceptions     0x00008020        0x0
                0x00008020                PROVIDE (__ram_exceptions_start, ABSOLUTE (.))
                0x00008020                . = ALIGN (0x20)
 *(.irq)
 *(.exceptions.entry.label)
 *(.exceptions.entry.user)
 *(.exceptions.entry.ecc_fatal)
 *(.exceptions.entry)
 *(.exceptions.irqtest.user)
 *(.exceptions.irqtest)
 *(.exceptions.irqhandler.user)
 *(.exceptions.irqhandler)
 *(.exceptions.irqreturn.user)
 *(.exceptions.irqreturn)
 *(.exceptions.notirq.label)
 *(.exceptions.notirq.user)
 *(.exceptions.notirq)
 *(.exceptions.soft.user)
 *(.exceptions.soft)
 *(.exceptions.unknown.user)
 *(.exceptions.unknown)
 *(.exceptions.exit.label)
 *(.exceptions.exit.user)
 *(.exceptions.exit)
 *(.exceptions)
                0x00008020                PROVIDE (__ram_exceptions_end, ABSOLUTE (.))
                0x00008020                PROVIDE (__flash_exceptions_start, LOADADDR (.exceptions))

.text           0x00008020     0x1078
                0x00008020                PROVIDE (stext, ABSOLUTE (.))
 *(.interp)
 *(.hash)
 *(.dynsym)
 *(.dynstr)
 *(.gnu.version)
 *(.gnu.version_d)
 *(.gnu.version_r)
 *(.rel.init)
 *(.rela.init)
 *(.rel.text .rel.text.* .rel.gnu.linkonce.t.*)
 *(.rela.text .rela.text.* .rela.gnu.linkonce.t.*)
 *(.rel.fini)
 *(.rela.fini)
 *(.rel.rodata .rel.rodata.* .rel.gnu.linkonce.r.*)
 *(.rela.rodata .rela.rodata.* .rela.gnu.linkonce.r.*)
 *(.rel.data .rel.data.* .rel.gnu.linkonce.d.*)
 *(.rela.data .rela.data.* .rela.gnu.linkonce.d.*)
 *(.rel.tdata .rel.tdata.* .rel.gnu.linkonce.td.*)
 *(.rela.tdata .rela.tdata.* .rela.gnu.linkonce.td.*)
 *(.rel.tbss .rel.tbss.* .rel.gnu.linkonce.tb.*)
 *(.rela.tbss .rela.tbss.* .rela.gnu.linkonce.tb.*)
 *(.rel.ctors)
 *(.rela.ctors)
 *(.rel.dtors)
 *(.rela.dtors)
 *(.rel.got)
 *(.rela.got)
 *(.rel.sdata .rel.sdata.* .rel.gnu.linkonce.s.*)
 *(.rela.sdata .rela.sdata.* .rela.gnu.linkonce.s.*)
 *(.rel.sbss .rel.sbss.* .rel.gnu.linkonce.sb.*)
 *(.rela.sbss .rela.sbss.* .rela.gnu.linkonce.sb.*)
 *(.rel.sdata2 .rel.sdata2.* .rel.gnu.linkonce.s2.*)
 *(.rela.sdata2 .rela.sdata2.* .rela.gnu.linkonce.s2.*)
 *(.rel.sbss2 .rel.sbss2.* .rel.gnu.linkonce.sb2.*)
 *(.rela.sbss2 .rela.sbss2.* .rela.gnu.linkonce.sb2.*)
 *(.rel.bss .rel.bss.* .rel.gnu.linkonce.b.*)
 *(.rela.bss .rela.bss.* .rela.gnu.linkonce.b.*)
 *(.rel.plt)
 *(.rela.plt)
 *(.rel.dyn)
 *(.init)
 *(.plt)
 *(.text .stub .text.* .gnu.linkonce.t.*)
 .text          0x00008020       0x3c ../teste2_butons_bsp//obj/HAL/src/crt0.o
                0x00008020                _start
 .text          0x0000805c      0x1a4 obj/default/hello_world_small.o
                0x0000805c                printalcd
                0x00008104                espera
                0x0000813c                lcd_init
 .text.startup  0x00008200      0x100 obj/default/hello_world_small.o
                0x00008200                main
 .text          0x00008300       0x28 c:/altera/13.1/nios2eds/bin/gnu/h-i686-mingw32/bin/../lib/gcc/nios2-elf/4.7.3/mno-hw-mul\libgcc.a(lib2-mul.o)
                0x00008300                __mulsi3
 .text          0x00008328       0x28 c:/altera/13.1/nios2eds/bin/gnu/h-i686-mingw32/bin/../lib/gcc/nios2-elf/4.7.3/../../../../../H-i686-mingw32/nios2-elf/lib/mno-hw-mul\libsmallc.a(lib_a-memcpy.o)
                0x00008328                memcpy
 .text          0x00008350       0x88 c:/altera/13.1/nios2eds/bin/gnu/h-i686-mingw32/bin/../lib/gcc/nios2-elf/4.7.3/../../../../../H-i686-mingw32/nios2-elf/lib/mno-hw-mul\libsmallc.a(lib_a-printf.o)
                0x00008350                _printf_r
                0x0000838c                printf
 .text          0x000083d8       0x28 c:/altera/13.1/nios2eds/bin/gnu/h-i686-mingw32/bin/../lib/gcc/nios2-elf/4.7.3/../../../../../H-i686-mingw32/nios2-elf/lib/mno-hw-mul\libsmallc.a(lib_a-strlen.o)
                0x000083d8                strlen
 .text          0x00008400      0x758 c:/altera/13.1/nios2eds/bin/gnu/h-i686-mingw32/bin/../lib/gcc/nios2-elf/4.7.3/../../../../../H-i686-mingw32/nios2-elf/lib/mno-hw-mul\libsmallc.a(lib_a-vfprintf.o)
                0x00008400                ___vfprintf_internal_r
                0x00008b34                __vfprintf_internal
 .text          0x00008b58       0xe0 c:/altera/13.1/nios2eds/bin/gnu/h-i686-mingw32/bin/../lib/gcc/nios2-elf/4.7.3/../../../../../H-i686-mingw32/nios2-elf/lib/mno-hw-mul\libsmallc.a(lib_a-fvwrite_small_dev.o)
                0x00008b58                __sfvwrite_small_dev
 .text          0x00008c38        0x0 c:/altera/13.1/nios2eds/bin/gnu/h-i686-mingw32/bin/../lib/gcc/nios2-elf/4.7.3/../../../../../H-i686-mingw32/nios2-elf/lib/mno-hw-mul\libsmallc.a(lib_a-impure.o)
 .text          0x00008c38       0x6c c:/altera/13.1/nios2eds/bin/gnu/h-i686-mingw32/bin/../lib/gcc/nios2-elf/4.7.3/../../../../../H-i686-mingw32/nios2-elf/lib/mno-hw-mul\libsmallc.a(lib_a-writer.o)
                0x00008c38                _write_r
 .text          0x00008ca4        0x0 c:/altera/13.1/nios2eds/bin/gnu/h-i686-mingw32/bin/../lib/gcc/nios2-elf/4.7.3/../../../../../H-i686-mingw32/nios2-elf/lib/mno-hw-mul\libsmallc.a(lib_a-int_errno.o)
 .text          0x00008ca4      0x130 c:/altera/13.1/nios2eds/bin/gnu/h-i686-mingw32/bin/../lib/gcc/nios2-elf/4.7.3/mno-hw-mul\libgcc.a(lib2-divmod.o)
                0x00008d18                __divsi3
                0x00008d68                __modsi3
                0x00008dc4                __udivsi3
                0x00008dcc                __umodsi3
 .text          0x00008dd4      0x104 ../teste2_butons_bsp/\libhal_bsp.a(alt_load.o)
                0x00008dd4                alt_load
 .text          0x00008ed8       0x2c ../teste2_butons_bsp/\libhal_bsp.a(alt_main.o)
                0x00008ed8                alt_main
 .text          0x00008f04       0x38 ../teste2_butons_bsp/\libhal_bsp.a(alt_putstr.o)
                0x00008f04                alt_putstr
 .text          0x00008f3c        0x4 ../teste2_butons_bsp/\libhal_bsp.a(alt_usleep.o)
                0x00008f3c                usleep
 .text          0x00008f40       0x68 ../teste2_butons_bsp/\libhal_bsp.a(alt_write.o)
                0x00008f40                write
 .text          0x00008fa8       0x24 ../teste2_butons_bsp/\libhal_bsp.a(alt_sys_init.o)
                0x00008fa8                alt_irq_init
                0x00008fc8                alt_sys_init
 .text          0x00008fcc       0x34 ../teste2_butons_bsp/\libhal_bsp.a(altera_avalon_jtag_uart_write.o)
                0x00008fcc                altera_avalon_jtag_uart_write
 .text          0x00009000       0x88 ../teste2_butons_bsp/\libhal_bsp.a(alt_busy_sleep.o)
                0x00009000                alt_busy_sleep
 .text          0x00009088        0x4 ../teste2_butons_bsp/\libhal_bsp.a(alt_dcache_flush_all.o)
                0x00009088                alt_dcache_flush_all
 .text          0x0000908c        0x0 ../teste2_butons_bsp/\libhal_bsp.a(alt_errno.o)
 .text          0x0000908c        0x4 ../teste2_butons_bsp/\libhal_bsp.a(alt_icache_flush_all.o)
                0x0000908c                alt_icache_flush_all
 .text          0x00009090        0x8 ../teste2_butons_bsp/\libhal_bsp.a(altera_nios2_qsys_irq.o)
                0x00009090                altera_nios2_qsys_irq_init
 *(.gnu.warning.*)
 *(.fini)
                0x00009098                PROVIDE (__etext, ABSOLUTE (.))
                0x00009098                PROVIDE (_etext, ABSOLUTE (.))
                0x00009098                PROVIDE (etext, ABSOLUTE (.))
 *(.eh_frame_hdr)
                0x00009098                . = ALIGN (0x4)
                0x00009098                PROVIDE (__preinit_array_start, ABSOLUTE (.))
 *(.preinit_array)
                0x00009098                PROVIDE (__preinit_array_end, ABSOLUTE (.))
                0x00009098                PROVIDE (__init_array_start, ABSOLUTE (.))
 *(.init_array)
                0x00009098                PROVIDE (__init_array_end, ABSOLUTE (.))
                0x00009098                PROVIDE (__fini_array_start, ABSOLUTE (.))
 *(.fini_array)
                0x00009098                PROVIDE (__fini_array_end, ABSOLUTE (.))
 *(.eh_frame)
 *(.gcc_except_table .gcc_except_table.*)
 *(.dynamic)
                0x00009098                PROVIDE (__CTOR_LIST__, ABSOLUTE (.))
 *(.ctors)
 *(SORT(.ctors.*))
                0x00009098                PROVIDE (__CTOR_END__, ABSOLUTE (.))
                0x00009098                PROVIDE (__DTOR_LIST__, ABSOLUTE (.))
 *(.dtors)
 *(SORT(.dtors.*))
                0x00009098                PROVIDE (__DTOR_END__, ABSOLUTE (.))
 *(.jcr)
                0x00009098                . = ALIGN (0x4)

.rodata         0x00009098       0x88
                0x00009098                PROVIDE (__ram_rodata_start, ABSOLUTE (.))
                0x00009098                . = ALIGN (0x4)
 *(.rodata .rodata.* .gnu.linkonce.r.*)
 .rodata.str1.4
                0x00009098       0x3c obj/default/hello_world_small.o
 .rodata        0x000090d4       0x4b obj/default/hello_world_small.o
 *(.rodata1)
                0x00009120                . = ALIGN (0x4)
 *fill*         0x0000911f        0x1 
                0x00009120                PROVIDE (__ram_rodata_end, ABSOLUTE (.))
                0x00009098                PROVIDE (__flash_rodata_start, LOADADDR (.rodata))

.rwdata         0x00009120       0xf4 load address 0x00009214
                0x00009120                PROVIDE (__ram_rwdata_start, ABSOLUTE (.))
                0x00009120                . = ALIGN (0x4)
 *(.got.plt)
 *(.got)
 *(.data1)
 *(.data .data.* .gnu.linkonce.d.*)
 .data          0x00009120        0x0 ../teste2_butons_bsp//obj/HAL/src/crt0.o
 .data          0x00009120        0x0 obj/default/hello_world_small.o
 .data          0x00009120        0x0 c:/altera/13.1/nios2eds/bin/gnu/h-i686-mingw32/bin/../lib/gcc/nios2-elf/4.7.3/mno-hw-mul\libgcc.a(lib2-mul.o)
 .data          0x00009120        0x0 c:/altera/13.1/nios2eds/bin/gnu/h-i686-mingw32/bin/../lib/gcc/nios2-elf/4.7.3/../../../../../H-i686-mingw32/nios2-elf/lib/mno-hw-mul\libsmallc.a(lib_a-memcpy.o)
 .data          0x00009120        0x0 c:/altera/13.1/nios2eds/bin/gnu/h-i686-mingw32/bin/../lib/gcc/nios2-elf/4.7.3/../../../../../H-i686-mingw32/nios2-elf/lib/mno-hw-mul\libsmallc.a(lib_a-printf.o)
 .data          0x00009120        0x0 c:/altera/13.1/nios2eds/bin/gnu/h-i686-mingw32/bin/../lib/gcc/nios2-elf/4.7.3/../../../../../H-i686-mingw32/nios2-elf/lib/mno-hw-mul\libsmallc.a(lib_a-strlen.o)
 .data          0x00009120        0x0 c:/altera/13.1/nios2eds/bin/gnu/h-i686-mingw32/bin/../lib/gcc/nios2-elf/4.7.3/../../../../../H-i686-mingw32/nios2-elf/lib/mno-hw-mul\libsmallc.a(lib_a-vfprintf.o)
 .data          0x00009120        0x0 c:/altera/13.1/nios2eds/bin/gnu/h-i686-mingw32/bin/../lib/gcc/nios2-elf/4.7.3/../../../../../H-i686-mingw32/nios2-elf/lib/mno-hw-mul\libsmallc.a(lib_a-fvwrite_small_dev.o)
 .data          0x00009120       0xe0 c:/altera/13.1/nios2eds/bin/gnu/h-i686-mingw32/bin/../lib/gcc/nios2-elf/4.7.3/../../../../../H-i686-mingw32/nios2-elf/lib/mno-hw-mul\libsmallc.a(lib_a-impure.o)
 .data          0x00009200        0x0 c:/altera/13.1/nios2eds/bin/gnu/h-i686-mingw32/bin/../lib/gcc/nios2-elf/4.7.3/../../../../../H-i686-mingw32/nios2-elf/lib/mno-hw-mul\libsmallc.a(lib_a-writer.o)
 .data          0x00009200        0x0 c:/altera/13.1/nios2eds/bin/gnu/h-i686-mingw32/bin/../lib/gcc/nios2-elf/4.7.3/../../../../../H-i686-mingw32/nios2-elf/lib/mno-hw-mul\libsmallc.a(lib_a-int_errno.o)
 .data          0x00009200        0x0 c:/altera/13.1/nios2eds/bin/gnu/h-i686-mingw32/bin/../lib/gcc/nios2-elf/4.7.3/mno-hw-mul\libgcc.a(lib2-divmod.o)
 .data          0x00009200        0x0 ../teste2_butons_bsp/\libhal_bsp.a(alt_load.o)
 .data          0x00009200        0x0 ../teste2_butons_bsp/\libhal_bsp.a(alt_main.o)
 .data          0x00009200        0x0 ../teste2_butons_bsp/\libhal_bsp.a(alt_putstr.o)
 .data          0x00009200        0x0 ../teste2_butons_bsp/\libhal_bsp.a(alt_usleep.o)
 .data          0x00009200        0x0 ../teste2_butons_bsp/\libhal_bsp.a(alt_write.o)
 .data          0x00009200        0x0 ../teste2_butons_bsp/\libhal_bsp.a(alt_sys_init.o)
 .data          0x00009200        0x0 ../teste2_butons_bsp/\libhal_bsp.a(altera_avalon_jtag_uart_write.o)
 .data          0x00009200        0x0 ../teste2_butons_bsp/\libhal_bsp.a(alt_busy_sleep.o)
 .data          0x00009200        0x0 ../teste2_butons_bsp/\libhal_bsp.a(alt_dcache_flush_all.o)
 .data          0x00009200        0x0 ../teste2_butons_bsp/\libhal_bsp.a(alt_errno.o)
 .data          0x00009200        0x0 ../teste2_butons_bsp/\libhal_bsp.a(alt_icache_flush_all.o)
 .data          0x00009200        0x0 ../teste2_butons_bsp/\libhal_bsp.a(altera_nios2_qsys_irq.o)
                0x00011200                _gp = ABSOLUTE ((. + 0x8000))
                0x00011200                PROVIDE (gp, _gp)
 *(.rwdata .rwdata.*)
 *(.sdata .sdata.* .gnu.linkonce.s.*)
 .sdata         0x00009200        0x1 obj/default/hello_world_small.o
                0x00009200                button_value
 *fill*         0x00009201        0x3 
 .sdata         0x00009204        0x8 c:/altera/13.1/nios2eds/bin/gnu/h-i686-mingw32/bin/../lib/gcc/nios2-elf/4.7.3/../../../../../H-i686-mingw32/nios2-elf/lib/mno-hw-mul\libsmallc.a(lib_a-impure.o)
                0x00009204                _global_impure_ptr
                0x00009208                _impure_ptr
 .sdata         0x0000920c        0x4 ../teste2_butons_bsp/\libhal_bsp.a(alt_sys_init.o)
                0x0000920c                Jtag
 .sdata         0x00009210        0x4 ../teste2_butons_bsp/\libhal_bsp.a(alt_errno.o)
                0x00009210                alt_errno
 *(.sdata2 .sdata2.* .gnu.linkonce.s2.*)
                0x00009214                . = ALIGN (0x4)
                0x00009214                _edata = ABSOLUTE (.)
                0x00009214                PROVIDE (edata, ABSOLUTE (.))
                0x00009214                PROVIDE (__ram_rwdata_end, ABSOLUTE (.))
                0x00009214                PROVIDE (__flash_rwdata_start, LOADADDR (.rwdata))

.bss            0x00009308       0x10
                0x00009308                __bss_start = ABSOLUTE (.)
                0x00009308                PROVIDE (__sbss_start, ABSOLUTE (.))
                0x00009308                PROVIDE (___sbss_start, ABSOLUTE (.))
 *(.dynsbss)
 *(.sbss .sbss.* .gnu.linkonce.sb.*)
 .sbss          0x00009308        0x4 c:/altera/13.1/nios2eds/bin/gnu/h-i686-mingw32/bin/../lib/gcc/nios2-elf/4.7.3/../../../../../H-i686-mingw32/nios2-elf/lib/mno-hw-mul\libsmallc.a(lib_a-int_errno.o)
                0x00009308                errno
 .sbss          0x0000930c        0xc ../teste2_butons_bsp/\libhal_bsp.a(alt_main.o)
                0x0000930c                alt_envp
                0x00009310                alt_argv
                0x00009314                alt_argc
 *(.sbss2 .sbss2.* .gnu.linkonce.sb2.*)
 *(.scommon)
                0x00009318                PROVIDE (__sbss_end, ABSOLUTE (.))
                0x00009318                PROVIDE (___sbss_end, ABSOLUTE (.))
 *(.dynbss)
 *(.bss .bss.* .gnu.linkonce.b.*)
 .bss           0x00009318        0x0 ../teste2_butons_bsp//obj/HAL/src/crt0.o
 .bss           0x00009318        0x0 obj/default/hello_world_small.o
 .bss           0x00009318        0x0 c:/altera/13.1/nios2eds/bin/gnu/h-i686-mingw32/bin/../lib/gcc/nios2-elf/4.7.3/mno-hw-mul\libgcc.a(lib2-mul.o)
 .bss           0x00009318        0x0 c:/altera/13.1/nios2eds/bin/gnu/h-i686-mingw32/bin/../lib/gcc/nios2-elf/4.7.3/../../../../../H-i686-mingw32/nios2-elf/lib/mno-hw-mul\libsmallc.a(lib_a-memcpy.o)
 .bss           0x00009318        0x0 c:/altera/13.1/nios2eds/bin/gnu/h-i686-mingw32/bin/../lib/gcc/nios2-elf/4.7.3/../../../../../H-i686-mingw32/nios2-elf/lib/mno-hw-mul\libsmallc.a(lib_a-printf.o)
 .bss           0x00009318        0x0 c:/altera/13.1/nios2eds/bin/gnu/h-i686-mingw32/bin/../lib/gcc/nios2-elf/4.7.3/../../../../../H-i686-mingw32/nios2-elf/lib/mno-hw-mul\libsmallc.a(lib_a-strlen.o)
 .bss           0x00009318        0x0 c:/altera/13.1/nios2eds/bin/gnu/h-i686-mingw32/bin/../lib/gcc/nios2-elf/4.7.3/../../../../../H-i686-mingw32/nios2-elf/lib/mno-hw-mul\libsmallc.a(lib_a-vfprintf.o)
 .bss           0x00009318        0x0 c:/altera/13.1/nios2eds/bin/gnu/h-i686-mingw32/bin/../lib/gcc/nios2-elf/4.7.3/../../../../../H-i686-mingw32/nios2-elf/lib/mno-hw-mul\libsmallc.a(lib_a-fvwrite_small_dev.o)
 .bss           0x00009318        0x0 c:/altera/13.1/nios2eds/bin/gnu/h-i686-mingw32/bin/../lib/gcc/nios2-elf/4.7.3/../../../../../H-i686-mingw32/nios2-elf/lib/mno-hw-mul\libsmallc.a(lib_a-impure.o)
 .bss           0x00009318        0x0 c:/altera/13.1/nios2eds/bin/gnu/h-i686-mingw32/bin/../lib/gcc/nios2-elf/4.7.3/../../../../../H-i686-mingw32/nios2-elf/lib/mno-hw-mul\libsmallc.a(lib_a-writer.o)
 .bss           0x00009318        0x0 c:/altera/13.1/nios2eds/bin/gnu/h-i686-mingw32/bin/../lib/gcc/nios2-elf/4.7.3/../../../../../H-i686-mingw32/nios2-elf/lib/mno-hw-mul\libsmallc.a(lib_a-int_errno.o)
 .bss           0x00009318        0x0 c:/altera/13.1/nios2eds/bin/gnu/h-i686-mingw32/bin/../lib/gcc/nios2-elf/4.7.3/mno-hw-mul\libgcc.a(lib2-divmod.o)
 .bss           0x00009318        0x0 ../teste2_butons_bsp/\libhal_bsp.a(alt_load.o)
 .bss           0x00009318        0x0 ../teste2_butons_bsp/\libhal_bsp.a(alt_main.o)
 .bss           0x00009318        0x0 ../teste2_butons_bsp/\libhal_bsp.a(alt_putstr.o)
 .bss           0x00009318        0x0 ../teste2_butons_bsp/\libhal_bsp.a(alt_usleep.o)
 .bss           0x00009318        0x0 ../teste2_butons_bsp/\libhal_bsp.a(alt_write.o)
 .bss           0x00009318        0x0 ../teste2_butons_bsp/\libhal_bsp.a(alt_sys_init.o)
 .bss           0x00009318        0x0 ../teste2_butons_bsp/\libhal_bsp.a(altera_avalon_jtag_uart_write.o)
 .bss           0x00009318        0x0 ../teste2_butons_bsp/\libhal_bsp.a(alt_busy_sleep.o)
 .bss           0x00009318        0x0 ../teste2_butons_bsp/\libhal_bsp.a(alt_dcache_flush_all.o)
 .bss           0x00009318        0x0 ../teste2_butons_bsp/\libhal_bsp.a(alt_errno.o)
 .bss           0x00009318        0x0 ../teste2_butons_bsp/\libhal_bsp.a(alt_icache_flush_all.o)
 .bss           0x00009318        0x0 ../teste2_butons_bsp/\libhal_bsp.a(altera_nios2_qsys_irq.o)
 *(COMMON)
                0x00009318                . = ALIGN (0x4)
                0x00009318                __bss_end = ABSOLUTE (.)

.memory         0x00009318        0x0
                0x00009318                PROVIDE (_alt_partition_memory_start, ABSOLUTE (.))
 *(.memory .memory. memory.*)
                0x00009318                . = ALIGN (0x4)
                0x00009318                PROVIDE (_alt_partition_memory_end, ABSOLUTE (.))
                0x00009318                _end = ABSOLUTE (.)
                0x00009318                end = ABSOLUTE (.)
                0x00009318                __alt_stack_base = ABSOLUTE (.)
                0x00009318                PROVIDE (_alt_partition_memory_load_addr, LOADADDR (.memory))

.stab
 *(.stab)

.stabstr
 *(.stabstr)

.stab.excl
 *(.stab.excl)

.stab.exclstr
 *(.stab.exclstr)

.stab.index
 *(.stab.index)

.stab.indexstr
 *(.stab.indexstr)

.comment        0x00000000       0x23
 *(.comment)
 .comment       0x00000000       0x23 obj/default/hello_world_small.o
                                 0x24 (size before relaxing)
 .comment       0x00000000       0x24 c:/altera/13.1/nios2eds/bin/gnu/h-i686-mingw32/bin/../lib/gcc/nios2-elf/4.7.3/mno-hw-mul\libgcc.a(lib2-mul.o)
 .comment       0x00000000       0x24 c:/altera/13.1/nios2eds/bin/gnu/h-i686-mingw32/bin/../lib/gcc/nios2-elf/4.7.3/../../../../../H-i686-mingw32/nios2-elf/lib/mno-hw-mul\libsmallc.a(lib_a-memcpy.o)
 .comment       0x00000000       0x24 c:/altera/13.1/nios2eds/bin/gnu/h-i686-mingw32/bin/../lib/gcc/nios2-elf/4.7.3/../../../../../H-i686-mingw32/nios2-elf/lib/mno-hw-mul\libsmallc.a(lib_a-printf.o)
 .comment       0x00000000       0x24 c:/altera/13.1/nios2eds/bin/gnu/h-i686-mingw32/bin/../lib/gcc/nios2-elf/4.7.3/../../../../../H-i686-mingw32/nios2-elf/lib/mno-hw-mul\libsmallc.a(lib_a-strlen.o)
 .comment       0x00000000       0x24 c:/altera/13.1/nios2eds/bin/gnu/h-i686-mingw32/bin/../lib/gcc/nios2-elf/4.7.3/../../../../../H-i686-mingw32/nios2-elf/lib/mno-hw-mul\libsmallc.a(lib_a-vfprintf.o)
 .comment       0x00000000       0x24 c:/altera/13.1/nios2eds/bin/gnu/h-i686-mingw32/bin/../lib/gcc/nios2-elf/4.7.3/../../../../../H-i686-mingw32/nios2-elf/lib/mno-hw-mul\libsmallc.a(lib_a-fvwrite_small_dev.o)
 .comment       0x00000000       0x24 c:/altera/13.1/nios2eds/bin/gnu/h-i686-mingw32/bin/../lib/gcc/nios2-elf/4.7.3/../../../../../H-i686-mingw32/nios2-elf/lib/mno-hw-mul\libsmallc.a(lib_a-impure.o)
 .comment       0x00000000       0x24 c:/altera/13.1/nios2eds/bin/gnu/h-i686-mingw32/bin/../lib/gcc/nios2-elf/4.7.3/../../../../../H-i686-mingw32/nios2-elf/lib/mno-hw-mul\libsmallc.a(lib_a-writer.o)
 .comment       0x00000000       0x24 c:/altera/13.1/nios2eds/bin/gnu/h-i686-mingw32/bin/../lib/gcc/nios2-elf/4.7.3/../../../../../H-i686-mingw32/nios2-elf/lib/mno-hw-mul\libsmallc.a(lib_a-int_errno.o)
 .comment       0x00000000       0x24 c:/altera/13.1/nios2eds/bin/gnu/h-i686-mingw32/bin/../lib/gcc/nios2-elf/4.7.3/mno-hw-mul\libgcc.a(lib2-divmod.o)
 .comment       0x00000000       0x24 ../teste2_butons_bsp/\libhal_bsp.a(alt_load.o)
 .comment       0x00000000       0x24 ../teste2_butons_bsp/\libhal_bsp.a(alt_main.o)
 .comment       0x00000000       0x24 ../teste2_butons_bsp/\libhal_bsp.a(alt_putstr.o)
 .comment       0x00000000       0x24 ../teste2_butons_bsp/\libhal_bsp.a(alt_usleep.o)
 .comment       0x00000000       0x24 ../teste2_butons_bsp/\libhal_bsp.a(alt_write.o)
 .comment       0x00000000       0x24 ../teste2_butons_bsp/\libhal_bsp.a(alt_sys_init.o)
 .comment       0x00000000       0x24 ../teste2_butons_bsp/\libhal_bsp.a(altera_avalon_jtag_uart_write.o)
 .comment       0x00000000       0x24 ../teste2_butons_bsp/\libhal_bsp.a(alt_busy_sleep.o)
 .comment       0x00000000       0x24 ../teste2_butons_bsp/\libhal_bsp.a(alt_dcache_flush_all.o)
 .comment       0x00000000       0x24 ../teste2_butons_bsp/\libhal_bsp.a(alt_errno.o)
 .comment       0x00000000       0x24 ../teste2_butons_bsp/\libhal_bsp.a(alt_icache_flush_all.o)
 .comment       0x00000000       0x24 ../teste2_butons_bsp/\libhal_bsp.a(altera_nios2_qsys_irq.o)

.debug
 *(.debug)

.line
 *(.line)

.debug_srcinfo
 *(.debug_srcinfo)

.debug_sfnames
 *(.debug_sfnames)

.debug_aranges  0x00000000      0x2f8
 *(.debug_aranges)
 .debug_aranges
                0x00000000       0x28 ../teste2_butons_bsp//obj/HAL/src/crt0.o
 .debug_aranges
                0x00000028       0x28 obj/default/hello_world_small.o
 .debug_aranges
                0x00000050       0x20 c:/altera/13.1/nios2eds/bin/gnu/h-i686-mingw32/bin/../lib/gcc/nios2-elf/4.7.3/mno-hw-mul\libgcc.a(lib2-mul.o)
 .debug_aranges
                0x00000070       0x20 c:/altera/13.1/nios2eds/bin/gnu/h-i686-mingw32/bin/../lib/gcc/nios2-elf/4.7.3/../../../../../H-i686-mingw32/nios2-elf/lib/mno-hw-mul\libsmallc.a(lib_a-memcpy.o)
 .debug_aranges
                0x00000090       0x20 c:/altera/13.1/nios2eds/bin/gnu/h-i686-mingw32/bin/../lib/gcc/nios2-elf/4.7.3/../../../../../H-i686-mingw32/nios2-elf/lib/mno-hw-mul\libsmallc.a(lib_a-printf.o)
 .debug_aranges
                0x000000b0       0x20 c:/altera/13.1/nios2eds/bin/gnu/h-i686-mingw32/bin/../lib/gcc/nios2-elf/4.7.3/../../../../../H-i686-mingw32/nios2-elf/lib/mno-hw-mul\libsmallc.a(lib_a-strlen.o)
 .debug_aranges
                0x000000d0       0x20 c:/altera/13.1/nios2eds/bin/gnu/h-i686-mingw32/bin/../lib/gcc/nios2-elf/4.7.3/../../../../../H-i686-mingw32/nios2-elf/lib/mno-hw-mul\libsmallc.a(lib_a-vfprintf.o)
 .debug_aranges
                0x000000f0       0x20 c:/altera/13.1/nios2eds/bin/gnu/h-i686-mingw32/bin/../lib/gcc/nios2-elf/4.7.3/../../../../../H-i686-mingw32/nios2-elf/lib/mno-hw-mul\libsmallc.a(lib_a-fvwrite_small_dev.o)
 .debug_aranges
                0x00000110       0x18 c:/altera/13.1/nios2eds/bin/gnu/h-i686-mingw32/bin/../lib/gcc/nios2-elf/4.7.3/../../../../../H-i686-mingw32/nios2-elf/lib/mno-hw-mul\libsmallc.a(lib_a-impure.o)
 .debug_aranges
                0x00000128       0x20 c:/altera/13.1/nios2eds/bin/gnu/h-i686-mingw32/bin/../lib/gcc/nios2-elf/4.7.3/../../../../../H-i686-mingw32/nios2-elf/lib/mno-hw-mul\libsmallc.a(lib_a-writer.o)
 .debug_aranges
                0x00000148       0x18 c:/altera/13.1/nios2eds/bin/gnu/h-i686-mingw32/bin/../lib/gcc/nios2-elf/4.7.3/../../../../../H-i686-mingw32/nios2-elf/lib/mno-hw-mul\libsmallc.a(lib_a-int_errno.o)
 .debug_aranges
                0x00000160       0x20 c:/altera/13.1/nios2eds/bin/gnu/h-i686-mingw32/bin/../lib/gcc/nios2-elf/4.7.3/mno-hw-mul\libgcc.a(lib2-divmod.o)
 .debug_aranges
                0x00000180       0x20 ../teste2_butons_bsp/\libhal_bsp.a(alt_load.o)
 .debug_aranges
                0x000001a0       0x20 ../teste2_butons_bsp/\libhal_bsp.a(alt_main.o)
 .debug_aranges
                0x000001c0       0x20 ../teste2_butons_bsp/\libhal_bsp.a(alt_putstr.o)
 .debug_aranges
                0x000001e0       0x20 ../teste2_butons_bsp/\libhal_bsp.a(alt_usleep.o)
 .debug_aranges
                0x00000200       0x20 ../teste2_butons_bsp/\libhal_bsp.a(alt_write.o)
 .debug_aranges
                0x00000220       0x20 ../teste2_butons_bsp/\libhal_bsp.a(alt_sys_init.o)
 .debug_aranges
                0x00000240       0x20 ../teste2_butons_bsp/\libhal_bsp.a(altera_avalon_jtag_uart_write.o)
 .debug_aranges
                0x00000260       0x20 ../teste2_butons_bsp/\libhal_bsp.a(alt_busy_sleep.o)
 .debug_aranges
                0x00000280       0x20 ../teste2_butons_bsp/\libhal_bsp.a(alt_dcache_flush_all.o)
 .debug_aranges
                0x000002a0       0x18 ../teste2_butons_bsp/\libhal_bsp.a(alt_errno.o)
 .debug_aranges
                0x000002b8       0x20 ../teste2_butons_bsp/\libhal_bsp.a(alt_icache_flush_all.o)
 .debug_aranges
                0x000002d8       0x20 ../teste2_butons_bsp/\libhal_bsp.a(altera_nios2_qsys_irq.o)

.debug_pubnames
 *(.debug_pubnames)

.debug_info     0x00000000     0x406d
 *(.debug_info .gnu.linkonce.wi.*)
 .debug_info    0x00000000       0x89 ../teste2_butons_bsp//obj/HAL/src/crt0.o
 .debug_info    0x00000089      0x50d obj/default/hello_world_small.o
 .debug_info    0x00000596       0xb8 c:/altera/13.1/nios2eds/bin/gnu/h-i686-mingw32/bin/../lib/gcc/nios2-elf/4.7.3/mno-hw-mul\libgcc.a(lib2-mul.o)
 .debug_info    0x0000064e       0xcd c:/altera/13.1/nios2eds/bin/gnu/h-i686-mingw32/bin/../lib/gcc/nios2-elf/4.7.3/../../../../../H-i686-mingw32/nios2-elf/lib/mno-hw-mul\libsmallc.a(lib_a-memcpy.o)
 .debug_info    0x0000071b      0x765 c:/altera/13.1/nios2eds/bin/gnu/h-i686-mingw32/bin/../lib/gcc/nios2-elf/4.7.3/../../../../../H-i686-mingw32/nios2-elf/lib/mno-hw-mul\libsmallc.a(lib_a-printf.o)
 .debug_info    0x00000e80       0xc6 c:/altera/13.1/nios2eds/bin/gnu/h-i686-mingw32/bin/../lib/gcc/nios2-elf/4.7.3/../../../../../H-i686-mingw32/nios2-elf/lib/mno-hw-mul\libsmallc.a(lib_a-strlen.o)
 .debug_info    0x00000f46      0xc69 c:/altera/13.1/nios2eds/bin/gnu/h-i686-mingw32/bin/../lib/gcc/nios2-elf/4.7.3/../../../../../H-i686-mingw32/nios2-elf/lib/mno-hw-mul\libsmallc.a(lib_a-vfprintf.o)
 .debug_info    0x00001baf      0x6d9 c:/altera/13.1/nios2eds/bin/gnu/h-i686-mingw32/bin/../lib/gcc/nios2-elf/4.7.3/../../../../../H-i686-mingw32/nios2-elf/lib/mno-hw-mul\libsmallc.a(lib_a-fvwrite_small_dev.o)
 .debug_info    0x00002288      0x631 c:/altera/13.1/nios2eds/bin/gnu/h-i686-mingw32/bin/../lib/gcc/nios2-elf/4.7.3/../../../../../H-i686-mingw32/nios2-elf/lib/mno-hw-mul\libsmallc.a(lib_a-impure.o)
 .debug_info    0x000028b9      0x6cb c:/altera/13.1/nios2eds/bin/gnu/h-i686-mingw32/bin/../lib/gcc/nios2-elf/4.7.3/../../../../../H-i686-mingw32/nios2-elf/lib/mno-hw-mul\libsmallc.a(lib_a-writer.o)
 .debug_info    0x00002f84       0x84 c:/altera/13.1/nios2eds/bin/gnu/h-i686-mingw32/bin/../lib/gcc/nios2-elf/4.7.3/../../../../../H-i686-mingw32/nios2-elf/lib/mno-hw-mul\libsmallc.a(lib_a-int_errno.o)
 .debug_info    0x00003008      0x289 c:/altera/13.1/nios2eds/bin/gnu/h-i686-mingw32/bin/../lib/gcc/nios2-elf/4.7.3/mno-hw-mul\libgcc.a(lib2-divmod.o)
 .debug_info    0x00003291      0x1b5 ../teste2_butons_bsp/\libhal_bsp.a(alt_load.o)
 .debug_info    0x00003446      0x194 ../teste2_butons_bsp/\libhal_bsp.a(alt_main.o)
 .debug_info    0x000035da      0x171 ../teste2_butons_bsp/\libhal_bsp.a(alt_putstr.o)
 .debug_info    0x0000374b       0xd7 ../teste2_butons_bsp/\libhal_bsp.a(alt_usleep.o)
 .debug_info    0x00003822      0x1f2 ../teste2_butons_bsp/\libhal_bsp.a(alt_write.o)
 .debug_info    0x00003a14      0x193 ../teste2_butons_bsp/\libhal_bsp.a(alt_sys_init.o)
 .debug_info    0x00003ba7      0x1a0 ../teste2_butons_bsp/\libhal_bsp.a(altera_avalon_jtag_uart_write.o)
 .debug_info    0x00003d47       0xd6 ../teste2_butons_bsp/\libhal_bsp.a(alt_busy_sleep.o)
 .debug_info    0x00003e1d       0x8f ../teste2_butons_bsp/\libhal_bsp.a(alt_dcache_flush_all.o)
 .debug_info    0x00003eac       0xa3 ../teste2_butons_bsp/\libhal_bsp.a(alt_errno.o)
 .debug_info    0x00003f4f       0x8f ../teste2_butons_bsp/\libhal_bsp.a(alt_icache_flush_all.o)
 .debug_info    0x00003fde       0x8f ../teste2_butons_bsp/\libhal_bsp.a(altera_nios2_qsys_irq.o)

.debug_abbrev   0x00000000     0x160e
 *(.debug_abbrev)
 .debug_abbrev  0x00000000       0x12 ../teste2_butons_bsp//obj/HAL/src/crt0.o
 .debug_abbrev  0x00000012      0x1d2 obj/default/hello_world_small.o
 .debug_abbrev  0x000001e4       0x6f c:/altera/13.1/nios2eds/bin/gnu/h-i686-mingw32/bin/../lib/gcc/nios2-elf/4.7.3/mno-hw-mul\libgcc.a(lib2-mul.o)
 .debug_abbrev  0x00000253       0x95 c:/altera/13.1/nios2eds/bin/gnu/h-i686-mingw32/bin/../lib/gcc/nios2-elf/4.7.3/../../../../../H-i686-mingw32/nios2-elf/lib/mno-hw-mul\libsmallc.a(lib_a-memcpy.o)
 .debug_abbrev  0x000002e8      0x1e2 c:/altera/13.1/nios2eds/bin/gnu/h-i686-mingw32/bin/../lib/gcc/nios2-elf/4.7.3/../../../../../H-i686-mingw32/nios2-elf/lib/mno-hw-mul\libsmallc.a(lib_a-printf.o)
 .debug_abbrev  0x000004ca       0x7f c:/altera/13.1/nios2eds/bin/gnu/h-i686-mingw32/bin/../lib/gcc/nios2-elf/4.7.3/../../../../../H-i686-mingw32/nios2-elf/lib/mno-hw-mul\libsmallc.a(lib_a-strlen.o)
 .debug_abbrev  0x00000549      0x2db c:/altera/13.1/nios2eds/bin/gnu/h-i686-mingw32/bin/../lib/gcc/nios2-elf/4.7.3/../../../../../H-i686-mingw32/nios2-elf/lib/mno-hw-mul\libsmallc.a(lib_a-vfprintf.o)
 .debug_abbrev  0x00000824      0x1a8 c:/altera/13.1/nios2eds/bin/gnu/h-i686-mingw32/bin/../lib/gcc/nios2-elf/4.7.3/../../../../../H-i686-mingw32/nios2-elf/lib/mno-hw-mul\libsmallc.a(lib_a-fvwrite_small_dev.o)
 .debug_abbrev  0x000009cc      0x13b c:/altera/13.1/nios2eds/bin/gnu/h-i686-mingw32/bin/../lib/gcc/nios2-elf/4.7.3/../../../../../H-i686-mingw32/nios2-elf/lib/mno-hw-mul\libsmallc.a(lib_a-impure.o)
 .debug_abbrev  0x00000b07      0x199 c:/altera/13.1/nios2eds/bin/gnu/h-i686-mingw32/bin/../lib/gcc/nios2-elf/4.7.3/../../../../../H-i686-mingw32/nios2-elf/lib/mno-hw-mul\libsmallc.a(lib_a-writer.o)
 .debug_abbrev  0x00000ca0       0x37 c:/altera/13.1/nios2eds/bin/gnu/h-i686-mingw32/bin/../lib/gcc/nios2-elf/4.7.3/../../../../../H-i686-mingw32/nios2-elf/lib/mno-hw-mul\libsmallc.a(lib_a-int_errno.o)
 .debug_abbrev  0x00000cd7      0x112 c:/altera/13.1/nios2eds/bin/gnu/h-i686-mingw32/bin/../lib/gcc/nios2-elf/4.7.3/mno-hw-mul\libgcc.a(lib2-divmod.o)
 .debug_abbrev  0x00000de9       0xd6 ../teste2_butons_bsp/\libhal_bsp.a(alt_load.o)
 .debug_abbrev  0x00000ebf      0x120 ../teste2_butons_bsp/\libhal_bsp.a(alt_main.o)
 .debug_abbrev  0x00000fdf       0xe2 ../teste2_butons_bsp/\libhal_bsp.a(alt_putstr.o)
 .debug_abbrev  0x000010c1       0x96 ../teste2_butons_bsp/\libhal_bsp.a(alt_usleep.o)
 .debug_abbrev  0x00001157      0x130 ../teste2_butons_bsp/\libhal_bsp.a(alt_write.o)
 .debug_abbrev  0x00001287      0x105 ../teste2_butons_bsp/\libhal_bsp.a(alt_sys_init.o)
 .debug_abbrev  0x0000138c       0xd5 ../teste2_butons_bsp/\libhal_bsp.a(altera_avalon_jtag_uart_write.o)
 .debug_abbrev  0x00001461       0x8d ../teste2_butons_bsp/\libhal_bsp.a(alt_busy_sleep.o)
 .debug_abbrev  0x000014ee       0x42 ../teste2_butons_bsp/\libhal_bsp.a(alt_dcache_flush_all.o)
 .debug_abbrev  0x00001530       0x5a ../teste2_butons_bsp/\libhal_bsp.a(alt_errno.o)
 .debug_abbrev  0x0000158a       0x42 ../teste2_butons_bsp/\libhal_bsp.a(alt_icache_flush_all.o)
 .debug_abbrev  0x000015cc       0x42 ../teste2_butons_bsp/\libhal_bsp.a(altera_nios2_qsys_irq.o)

.debug_line     0x00000000     0x1ba4
 *(.debug_line)
 .debug_line    0x00000000       0x66 ../teste2_butons_bsp//obj/HAL/src/crt0.o
 .debug_line    0x00000066      0x260 obj/default/hello_world_small.o
 .debug_line    0x000002c6       0x80 c:/altera/13.1/nios2eds/bin/gnu/h-i686-mingw32/bin/../lib/gcc/nios2-elf/4.7.3/mno-hw-mul\libgcc.a(lib2-mul.o)
 .debug_line    0x00000346      0x100 c:/altera/13.1/nios2eds/bin/gnu/h-i686-mingw32/bin/../lib/gcc/nios2-elf/4.7.3/../../../../../H-i686-mingw32/nios2-elf/lib/mno-hw-mul\libsmallc.a(lib_a-memcpy.o)
 .debug_line    0x00000446      0x219 c:/altera/13.1/nios2eds/bin/gnu/h-i686-mingw32/bin/../lib/gcc/nios2-elf/4.7.3/../../../../../H-i686-mingw32/nios2-elf/lib/mno-hw-mul\libsmallc.a(lib_a-printf.o)
 .debug_line    0x0000065f      0x174 c:/altera/13.1/nios2eds/bin/gnu/h-i686-mingw32/bin/../lib/gcc/nios2-elf/4.7.3/../../../../../H-i686-mingw32/nios2-elf/lib/mno-hw-mul\libsmallc.a(lib_a-strlen.o)
 .debug_line    0x000007d3      0x40e c:/altera/13.1/nios2eds/bin/gnu/h-i686-mingw32/bin/../lib/gcc/nios2-elf/4.7.3/../../../../../H-i686-mingw32/nios2-elf/lib/mno-hw-mul\libsmallc.a(lib_a-vfprintf.o)
 .debug_line    0x00000be1      0x225 c:/altera/13.1/nios2eds/bin/gnu/h-i686-mingw32/bin/../lib/gcc/nios2-elf/4.7.3/../../../../../H-i686-mingw32/nios2-elf/lib/mno-hw-mul\libsmallc.a(lib_a-fvwrite_small_dev.o)
 .debug_line    0x00000e06      0x16c c:/altera/13.1/nios2eds/bin/gnu/h-i686-mingw32/bin/../lib/gcc/nios2-elf/4.7.3/../../../../../H-i686-mingw32/nios2-elf/lib/mno-hw-mul\libsmallc.a(lib_a-impure.o)
 .debug_line    0x00000f72      0x20c c:/altera/13.1/nios2eds/bin/gnu/h-i686-mingw32/bin/../lib/gcc/nios2-elf/4.7.3/../../../../../H-i686-mingw32/nios2-elf/lib/mno-hw-mul\libsmallc.a(lib_a-writer.o)
 .debug_line    0x0000117e       0x60 c:/altera/13.1/nios2eds/bin/gnu/h-i686-mingw32/bin/../lib/gcc/nios2-elf/4.7.3/../../../../../H-i686-mingw32/nios2-elf/lib/mno-hw-mul\libsmallc.a(lib_a-int_errno.o)
 .debug_line    0x000011de       0xd6 c:/altera/13.1/nios2eds/bin/gnu/h-i686-mingw32/bin/../lib/gcc/nios2-elf/4.7.3/mno-hw-mul\libgcc.a(lib2-divmod.o)
 .debug_line    0x000012b4       0xd6 ../teste2_butons_bsp/\libhal_bsp.a(alt_load.o)
 .debug_line    0x0000138a       0xbd ../teste2_butons_bsp/\libhal_bsp.a(alt_main.o)
 .debug_line    0x00001447      0x123 ../teste2_butons_bsp/\libhal_bsp.a(alt_putstr.o)
 .debug_line    0x0000156a       0xf0 ../teste2_butons_bsp/\libhal_bsp.a(alt_usleep.o)
 .debug_line    0x0000165a      0x17a ../teste2_butons_bsp/\libhal_bsp.a(alt_write.o)
 .debug_line    0x000017d4      0x101 ../teste2_butons_bsp/\libhal_bsp.a(alt_sys_init.o)
 .debug_line    0x000018d5       0xf5 ../teste2_butons_bsp/\libhal_bsp.a(altera_avalon_jtag_uart_write.o)
 .debug_line    0x000019ca       0x9d ../teste2_butons_bsp/\libhal_bsp.a(alt_busy_sleep.o)
 .debug_line    0x00001a67       0x4e ../teste2_butons_bsp/\libhal_bsp.a(alt_dcache_flush_all.o)
 .debug_line    0x00001ab5       0x51 ../teste2_butons_bsp/\libhal_bsp.a(alt_errno.o)
 .debug_line    0x00001b06       0x4e ../teste2_butons_bsp/\libhal_bsp.a(alt_icache_flush_all.o)
 .debug_line    0x00001b54       0x50 ../teste2_butons_bsp/\libhal_bsp.a(altera_nios2_qsys_irq.o)

.debug_frame    0x00000000      0x3e0
 *(.debug_frame)
 .debug_frame   0x00000000       0x88 obj/default/hello_world_small.o
 .debug_frame   0x00000088       0x20 c:/altera/13.1/nios2eds/bin/gnu/h-i686-mingw32/bin/../lib/gcc/nios2-elf/4.7.3/mno-hw-mul\libgcc.a(lib2-mul.o)
 .debug_frame   0x000000a8       0x20 c:/altera/13.1/nios2eds/bin/gnu/h-i686-mingw32/bin/../lib/gcc/nios2-elf/4.7.3/../../../../../H-i686-mingw32/nios2-elf/lib/mno-hw-mul\libsmallc.a(lib_a-memcpy.o)
 .debug_frame   0x000000c8       0x40 c:/altera/13.1/nios2eds/bin/gnu/h-i686-mingw32/bin/../lib/gcc/nios2-elf/4.7.3/../../../../../H-i686-mingw32/nios2-elf/lib/mno-hw-mul\libsmallc.a(lib_a-printf.o)
 .debug_frame   0x00000108       0x20 c:/altera/13.1/nios2eds/bin/gnu/h-i686-mingw32/bin/../lib/gcc/nios2-elf/4.7.3/../../../../../H-i686-mingw32/nios2-elf/lib/mno-hw-mul\libsmallc.a(lib_a-strlen.o)
 .debug_frame   0x00000128       0x4c c:/altera/13.1/nios2eds/bin/gnu/h-i686-mingw32/bin/../lib/gcc/nios2-elf/4.7.3/../../../../../H-i686-mingw32/nios2-elf/lib/mno-hw-mul\libsmallc.a(lib_a-vfprintf.o)
 .debug_frame   0x00000174       0x30 c:/altera/13.1/nios2eds/bin/gnu/h-i686-mingw32/bin/../lib/gcc/nios2-elf/4.7.3/../../../../../H-i686-mingw32/nios2-elf/lib/mno-hw-mul\libsmallc.a(lib_a-fvwrite_small_dev.o)
 .debug_frame   0x000001a4       0x2c c:/altera/13.1/nios2eds/bin/gnu/h-i686-mingw32/bin/../lib/gcc/nios2-elf/4.7.3/../../../../../H-i686-mingw32/nios2-elf/lib/mno-hw-mul\libsmallc.a(lib_a-writer.o)
 .debug_frame   0x000001d0       0x70 c:/altera/13.1/nios2eds/bin/gnu/h-i686-mingw32/bin/../lib/gcc/nios2-elf/4.7.3/mno-hw-mul\libgcc.a(lib2-divmod.o)
 .debug_frame   0x00000240       0x28 ../teste2_butons_bsp/\libhal_bsp.a(alt_load.o)
 .debug_frame   0x00000268       0x28 ../teste2_butons_bsp/\libhal_bsp.a(alt_main.o)
 .debug_frame   0x00000290       0x28 ../teste2_butons_bsp/\libhal_bsp.a(alt_putstr.o)
 .debug_frame   0x000002b8       0x20 ../teste2_butons_bsp/\libhal_bsp.a(alt_usleep.o)
 .debug_frame   0x000002d8       0x28 ../teste2_butons_bsp/\libhal_bsp.a(alt_write.o)
 .debug_frame   0x00000300       0x38 ../teste2_butons_bsp/\libhal_bsp.a(alt_sys_init.o)
 .debug_frame   0x00000338       0x20 ../teste2_butons_bsp/\libhal_bsp.a(altera_avalon_jtag_uart_write.o)
 .debug_frame   0x00000358       0x28 ../teste2_butons_bsp/\libhal_bsp.a(alt_busy_sleep.o)
 .debug_frame   0x00000380       0x20 ../teste2_butons_bsp/\libhal_bsp.a(alt_dcache_flush_all.o)
 .debug_frame   0x000003a0       0x20 ../teste2_butons_bsp/\libhal_bsp.a(alt_icache_flush_all.o)
 .debug_frame   0x000003c0       0x20 ../teste2_butons_bsp/\libhal_bsp.a(altera_nios2_qsys_irq.o)

.debug_str      0x00000000      0xf48
 *(.debug_str)
 .debug_str     0x00000000      0x161 obj/default/hello_world_small.o
                                0x1a6 (size before relaxing)
 .debug_str     0x00000161       0xd3 c:/altera/13.1/nios2eds/bin/gnu/h-i686-mingw32/bin/../lib/gcc/nios2-elf/4.7.3/mno-hw-mul\libgcc.a(lib2-mul.o)
                                0x12a (size before relaxing)
 .debug_str     0x00000234       0xf2 c:/altera/13.1/nios2eds/bin/gnu/h-i686-mingw32/bin/../lib/gcc/nios2-elf/4.7.3/../../../../../H-i686-mingw32/nios2-elf/lib/mno-hw-mul\libsmallc.a(lib_a-memcpy.o)
                                0x11e (size before relaxing)
 .debug_str     0x00000326      0x3dc c:/altera/13.1/nios2eds/bin/gnu/h-i686-mingw32/bin/../lib/gcc/nios2-elf/4.7.3/../../../../../H-i686-mingw32/nios2-elf/lib/mno-hw-mul\libsmallc.a(lib_a-printf.o)
                                0x4b4 (size before relaxing)
 .debug_str     0x00000702       0x3e c:/altera/13.1/nios2eds/bin/gnu/h-i686-mingw32/bin/../lib/gcc/nios2-elf/4.7.3/../../../../../H-i686-mingw32/nios2-elf/lib/mno-hw-mul\libsmallc.a(lib_a-strlen.o)
                                0x190 (size before relaxing)
 .debug_str     0x00000740      0x196 c:/altera/13.1/nios2eds/bin/gnu/h-i686-mingw32/bin/../lib/gcc/nios2-elf/4.7.3/../../../../../H-i686-mingw32/nios2-elf/lib/mno-hw-mul\libsmallc.a(lib_a-vfprintf.o)
                                0x634 (size before relaxing)
 .debug_str     0x000008d6       0x82 c:/altera/13.1/nios2eds/bin/gnu/h-i686-mingw32/bin/../lib/gcc/nios2-elf/4.7.3/../../../../../H-i686-mingw32/nios2-elf/lib/mno-hw-mul\libsmallc.a(lib_a-fvwrite_small_dev.o)
                                0x48f (size before relaxing)
 .debug_str     0x00000958       0xfb c:/altera/13.1/nios2eds/bin/gnu/h-i686-mingw32/bin/../lib/gcc/nios2-elf/4.7.3/../../../../../H-i686-mingw32/nios2-elf/lib/mno-hw-mul\libsmallc.a(lib_a-impure.o)
                                0x469 (size before relaxing)
 .debug_str     0x00000a53       0x3d c:/altera/13.1/nios2eds/bin/gnu/h-i686-mingw32/bin/../lib/gcc/nios2-elf/4.7.3/../../../../../H-i686-mingw32/nios2-elf/lib/mno-hw-mul\libsmallc.a(lib_a-writer.o)
                                0x463 (size before relaxing)
 .debug_str     0x00000a90       0x40 c:/altera/13.1/nios2eds/bin/gnu/h-i686-mingw32/bin/../lib/gcc/nios2-elf/4.7.3/../../../../../H-i686-mingw32/nios2-elf/lib/mno-hw-mul\libsmallc.a(lib_a-int_errno.o)
                                0x183 (size before relaxing)
 .debug_str     0x00000ad0       0x7f c:/altera/13.1/nios2eds/bin/gnu/h-i686-mingw32/bin/../lib/gcc/nios2-elf/4.7.3/mno-hw-mul\libgcc.a(lib2-divmod.o)
                                0x169 (size before relaxing)
 .debug_str     0x00000b4f      0x170 ../teste2_butons_bsp/\libhal_bsp.a(alt_load.o)
                                0x20e (size before relaxing)
 .debug_str     0x00000cbf       0x8a ../teste2_butons_bsp/\libhal_bsp.a(alt_main.o)
                                0x187 (size before relaxing)
 .debug_str     0x00000d49       0x58 ../teste2_butons_bsp/\libhal_bsp.a(alt_putstr.o)
                                0x164 (size before relaxing)
 .debug_str     0x00000da1       0x24 ../teste2_butons_bsp/\libhal_bsp.a(alt_usleep.o)
                                0x129 (size before relaxing)
 .debug_str     0x00000dc5       0x2c ../teste2_butons_bsp/\libhal_bsp.a(alt_write.o)
                                0x1ab (size before relaxing)
 .debug_str     0x00000df1       0x86 ../teste2_butons_bsp/\libhal_bsp.a(alt_sys_init.o)
                                0x1f1 (size before relaxing)
 .debug_str     0x00000e77       0x2c ../teste2_butons_bsp/\libhal_bsp.a(altera_avalon_jtag_uart_write.o)
                                0x1e7 (size before relaxing)
 .debug_str     0x00000ea3       0x33 ../teste2_butons_bsp/\libhal_bsp.a(alt_busy_sleep.o)
                                0x13d (size before relaxing)
 .debug_str     0x00000ed6       0x1f ../teste2_butons_bsp/\libhal_bsp.a(alt_dcache_flush_all.o)
                                0x127 (size before relaxing)
 .debug_str     0x00000ef5       0x14 ../teste2_butons_bsp/\libhal_bsp.a(alt_errno.o)
                                0x117 (size before relaxing)
 .debug_str     0x00000f09       0x1f ../teste2_butons_bsp/\libhal_bsp.a(alt_icache_flush_all.o)
                                0x127 (size before relaxing)
 .debug_str     0x00000f28       0x20 ../teste2_butons_bsp/\libhal_bsp.a(altera_nios2_qsys_irq.o)
                                0x12e (size before relaxing)

.debug_loc      0x00000000     0x196b
 *(.debug_loc)
 .debug_loc     0x00000000      0x14c obj/default/hello_world_small.o
 .debug_loc     0x0000014c       0x93 c:/altera/13.1/nios2eds/bin/gnu/h-i686-mingw32/bin/../lib/gcc/nios2-elf/4.7.3/mno-hw-mul\libgcc.a(lib2-mul.o)
 .debug_loc     0x000001df       0xee c:/altera/13.1/nios2eds/bin/gnu/h-i686-mingw32/bin/../lib/gcc/nios2-elf/4.7.3/../../../../../H-i686-mingw32/nios2-elf/lib/mno-hw-mul\libsmallc.a(lib_a-memcpy.o)
 .debug_loc     0x000002cd      0x125 c:/altera/13.1/nios2eds/bin/gnu/h-i686-mingw32/bin/../lib/gcc/nios2-elf/4.7.3/../../../../../H-i686-mingw32/nios2-elf/lib/mno-hw-mul\libsmallc.a(lib_a-printf.o)
 .debug_loc     0x000003f2       0x29 c:/altera/13.1/nios2eds/bin/gnu/h-i686-mingw32/bin/../lib/gcc/nios2-elf/4.7.3/../../../../../H-i686-mingw32/nios2-elf/lib/mno-hw-mul\libsmallc.a(lib_a-strlen.o)
 .debug_loc     0x0000041b      0xc9d c:/altera/13.1/nios2eds/bin/gnu/h-i686-mingw32/bin/../lib/gcc/nios2-elf/4.7.3/../../../../../H-i686-mingw32/nios2-elf/lib/mno-hw-mul\libsmallc.a(lib_a-vfprintf.o)
 .debug_loc     0x000010b8      0x19e c:/altera/13.1/nios2eds/bin/gnu/h-i686-mingw32/bin/../lib/gcc/nios2-elf/4.7.3/../../../../../H-i686-mingw32/nios2-elf/lib/mno-hw-mul\libsmallc.a(lib_a-fvwrite_small_dev.o)
 .debug_loc     0x00001256       0xde c:/altera/13.1/nios2eds/bin/gnu/h-i686-mingw32/bin/../lib/gcc/nios2-elf/4.7.3/../../../../../H-i686-mingw32/nios2-elf/lib/mno-hw-mul\libsmallc.a(lib_a-writer.o)
 .debug_loc     0x00001334      0x338 c:/altera/13.1/nios2eds/bin/gnu/h-i686-mingw32/bin/../lib/gcc/nios2-elf/4.7.3/mno-hw-mul\libgcc.a(lib2-divmod.o)
 .debug_loc     0x0000166c       0x20 ../teste2_butons_bsp/\libhal_bsp.a(alt_load.o)
 .debug_loc     0x0000168c       0x20 ../teste2_butons_bsp/\libhal_bsp.a(alt_main.o)
 .debug_loc     0x000016ac       0x57 ../teste2_butons_bsp/\libhal_bsp.a(alt_putstr.o)
 .debug_loc     0x00001703       0x21 ../teste2_butons_bsp/\libhal_bsp.a(alt_usleep.o)
 .debug_loc     0x00001724      0x119 ../teste2_butons_bsp/\libhal_bsp.a(alt_write.o)
 .debug_loc     0x0000183d       0x41 ../teste2_butons_bsp/\libhal_bsp.a(alt_sys_init.o)
 .debug_loc     0x0000187e       0x7e ../teste2_butons_bsp/\libhal_bsp.a(altera_avalon_jtag_uart_write.o)
 .debug_loc     0x000018fc       0x6f ../teste2_butons_bsp/\libhal_bsp.a(alt_busy_sleep.o)

.debug_macinfo
 *(.debug_macinfo)

.debug_weaknames
 *(.debug_weaknames)

.debug_funcnames
 *(.debug_funcnames)

.debug_typenames
 *(.debug_typenames)

.debug_varnames
 *(.debug_varnames)

.debug_alt_sim_info
                0x00000000       0x40
 *(.debug_alt_sim_info)
 .debug_alt_sim_info
                0x00000000       0x10 ../teste2_butons_bsp//obj/HAL/src/crt0.o
 .debug_alt_sim_info
                0x00000010       0x30 ../teste2_butons_bsp/\libhal_bsp.a(alt_busy_sleep.o)
                0x0000c000                __alt_data_end = 0xc000
                0x0000c000                PROVIDE (__alt_stack_pointer, __alt_data_end)
                0x00009318                PROVIDE (__alt_stack_limit, __alt_stack_base)
                0x00009318                PROVIDE (__alt_heap_start, end)
                0x0000c000                PROVIDE (__alt_heap_limit, 0xc000)
OUTPUT(teste2_butons.elf elf32-littlenios2)

.debug_ranges   0x00000000      0x220
 .debug_ranges  0x00000000       0x20 ../teste2_butons_bsp//obj/HAL/src/crt0.o
 .debug_ranges  0x00000020       0x18 obj/default/hello_world_small.o
 .debug_ranges  0x00000038      0x188 c:/altera/13.1/nios2eds/bin/gnu/h-i686-mingw32/bin/../lib/gcc/nios2-elf/4.7.3/../../../../../H-i686-mingw32/nios2-elf/lib/mno-hw-mul\libsmallc.a(lib_a-vfprintf.o)
 .debug_ranges  0x000001c0       0x18 c:/altera/13.1/nios2eds/bin/gnu/h-i686-mingw32/bin/../lib/gcc/nios2-elf/4.7.3/../../../../../H-i686-mingw32/nios2-elf/lib/mno-hw-mul\libsmallc.a(lib_a-fvwrite_small_dev.o)
 .debug_ranges  0x000001d8       0x48 ../teste2_butons_bsp/\libhal_bsp.a(alt_load.o)
