Archive member included because of file (symbol)

../cled_bsp/\libhal_bsp.a(alt_load.o)
                              ../cled_bsp//obj/HAL/src/crt0.o (alt_load)
../cled_bsp/\libhal_bsp.a(alt_main.o)
                              ../cled_bsp//obj/HAL/src/crt0.o (alt_main)
../cled_bsp/\libhal_bsp.a(alt_putstr.o)
                              obj/default/hello_world_small.o (alt_putstr)
../cled_bsp/\libhal_bsp.a(alt_sys_init.o)
                              ../cled_bsp/\libhal_bsp.a(alt_main.o) (alt_irq_init)
../cled_bsp/\libhal_bsp.a(altera_avalon_jtag_uart_write.o)
                              ../cled_bsp/\libhal_bsp.a(alt_putstr.o) (altera_avalon_jtag_uart_write)
../cled_bsp/\libhal_bsp.a(alt_dcache_flush_all.o)
                              ../cled_bsp/\libhal_bsp.a(alt_load.o) (alt_dcache_flush_all)
../cled_bsp/\libhal_bsp.a(alt_icache_flush_all.o)
                              ../cled_bsp/\libhal_bsp.a(alt_load.o) (alt_icache_flush_all)
../cled_bsp/\libhal_bsp.a(altera_nios2_qsys_irq.o)
                              ../cled_bsp/\libhal_bsp.a(alt_sys_init.o) (altera_nios2_qsys_irq_init)
c:/altera/13.1/nios2eds/bin/gnu/h-i686-mingw32/bin/../lib/gcc/nios2-elf/4.7.3/../../../../../H-i686-mingw32/nios2-elf/lib/mno-hw-mul\libsmallc.a(lib_a-strlen.o)
                              ../cled_bsp/\libhal_bsp.a(alt_putstr.o) (strlen)

Memory Configuration

Name             Origin             Length             Attributes
reset            0x00008000         0x00000020
memory           0x00008020         0x00005368
*default*        0x00000000         0xffffffff

Linker script and memory map

LOAD ../cled_bsp//obj/HAL/src/crt0.o
LOAD obj/default/hello_world_small.o
LOAD c:/altera/13.1/nios2eds/bin/gnu/h-i686-mingw32/bin/../lib/gcc/nios2-elf/4.7.3/../../../../../H-i686-mingw32/nios2-elf/lib/mno-hw-mul\libstdc++.a
LOAD c:/altera/13.1/nios2eds/bin/gnu/h-i686-mingw32/bin/../lib/gcc/nios2-elf/4.7.3/../../../../../H-i686-mingw32/nios2-elf/lib/mno-hw-mul\libm.a
LOAD c:/altera/13.1/nios2eds/bin/gnu/h-i686-mingw32/bin/../lib/gcc/nios2-elf/4.7.3/mno-hw-mul\libgcc.a
START GROUP
LOAD c:/altera/13.1/nios2eds/bin/gnu/h-i686-mingw32/bin/../lib/gcc/nios2-elf/4.7.3/../../../../../H-i686-mingw32/nios2-elf/lib/mno-hw-mul\libsmallc.a
LOAD c:/altera/13.1/nios2eds/bin/gnu/h-i686-mingw32/bin/../lib/gcc/nios2-elf/4.7.3/mno-hw-mul\libgcc.a
LOAD ../cled_bsp/\libhal_bsp.a
END GROUP
LOAD c:/altera/13.1/nios2eds/bin/gnu/h-i686-mingw32/bin/../lib/gcc/nios2-elf/4.7.3/mno-hw-mul\libgcc.a
                0x00008000                __alt_mem_memory = 0x8000

.entry          0x00008000       0x20
 *(.entry)
 .entry         0x00008000       0x20 ../cled_bsp//obj/HAL/src/crt0.o
                0x00008000                __reset
                0x0000800c                _exit

.exceptions     0x00008020        0x0
                0x00008020                PROVIDE (__ram_exceptions_start, ABSOLUTE (.))
                0x00008020                . = ALIGN (0x20)
 *(.irq)
 *(.exceptions.entry.label)
 *(.exceptions.entry.user)
 *(.exceptions.entry.ecc_fatal)
 *(.exceptions.entry)
 *(.exceptions.irqtest.user)
 *(.exceptions.irqtest)
 *(.exceptions.irqhandler.user)
 *(.exceptions.irqhandler)
 *(.exceptions.irqreturn.user)
 *(.exceptions.irqreturn)
 *(.exceptions.notirq.label)
 *(.exceptions.notirq.user)
 *(.exceptions.notirq)
 *(.exceptions.soft.user)
 *(.exceptions.soft)
 *(.exceptions.unknown.user)
 *(.exceptions.unknown)
 *(.exceptions.exit.label)
 *(.exceptions.exit.user)
 *(.exceptions.exit)
 *(.exceptions)
                0x00008020                PROVIDE (__ram_exceptions_end, ABSOLUTE (.))
                0x00008020                PROVIDE (__flash_exceptions_start, LOADADDR (.exceptions))

.text           0x00008020      0x294
                0x00008020                PROVIDE (stext, ABSOLUTE (.))
 *(.interp)
 *(.hash)
 *(.dynsym)
 *(.dynstr)
 *(.gnu.version)
 *(.gnu.version_d)
 *(.gnu.version_r)
 *(.rel.init)
 *(.rela.init)
 *(.rel.text .rel.text.* .rel.gnu.linkonce.t.*)
 *(.rela.text .rela.text.* .rela.gnu.linkonce.t.*)
 *(.rel.fini)
 *(.rela.fini)
 *(.rel.rodata .rel.rodata.* .rel.gnu.linkonce.r.*)
 *(.rela.rodata .rela.rodata.* .rela.gnu.linkonce.r.*)
 *(.rel.data .rel.data.* .rel.gnu.linkonce.d.*)
 *(.rela.data .rela.data.* .rela.gnu.linkonce.d.*)
 *(.rel.tdata .rel.tdata.* .rel.gnu.linkonce.td.*)
 *(.rela.tdata .rela.tdata.* .rela.gnu.linkonce.td.*)
 *(.rel.tbss .rel.tbss.* .rel.gnu.linkonce.tb.*)
 *(.rela.tbss .rela.tbss.* .rela.gnu.linkonce.tb.*)
 *(.rel.ctors)
 *(.rela.ctors)
 *(.rel.dtors)
 *(.rela.dtors)
 *(.rel.got)
 *(.rela.got)
 *(.rel.sdata .rel.sdata.* .rel.gnu.linkonce.s.*)
 *(.rela.sdata .rela.sdata.* .rela.gnu.linkonce.s.*)
 *(.rel.sbss .rel.sbss.* .rel.gnu.linkonce.sb.*)
 *(.rela.sbss .rela.sbss.* .rela.gnu.linkonce.sb.*)
 *(.rel.sdata2 .rel.sdata2.* .rel.gnu.linkonce.s2.*)
 *(.rela.sdata2 .rela.sdata2.* .rela.gnu.linkonce.s2.*)
 *(.rel.sbss2 .rel.sbss2.* .rel.gnu.linkonce.sb2.*)
 *(.rela.sbss2 .rela.sbss2.* .rela.gnu.linkonce.sb2.*)
 *(.rel.bss .rel.bss.* .rel.gnu.linkonce.b.*)
 *(.rela.bss .rela.bss.* .rela.gnu.linkonce.b.*)
 *(.rel.plt)
 *(.rela.plt)
 *(.rel.dyn)
 *(.init)
 *(.plt)
 *(.text .stub .text.* .gnu.linkonce.t.*)
 .text          0x00008020       0x3c ../cled_bsp//obj/HAL/src/crt0.o
                0x00008020                _start
 .text          0x0000805c        0x0 obj/default/hello_world_small.o
 .text.startup  0x0000805c       0x60 obj/default/hello_world_small.o
                0x0000805c                main
 .text          0x000080bc      0x104 ../cled_bsp/\libhal_bsp.a(alt_load.o)
                0x000080bc                alt_load
 .text          0x000081c0       0x2c ../cled_bsp/\libhal_bsp.a(alt_main.o)
                0x000081c0                alt_main
 .text          0x000081ec       0x38 ../cled_bsp/\libhal_bsp.a(alt_putstr.o)
                0x000081ec                alt_putstr
 .text          0x00008224       0x24 ../cled_bsp/\libhal_bsp.a(alt_sys_init.o)
                0x00008224                alt_irq_init
                0x00008244                alt_sys_init
 .text          0x00008248       0x34 ../cled_bsp/\libhal_bsp.a(altera_avalon_jtag_uart_write.o)
                0x00008248                altera_avalon_jtag_uart_write
 .text          0x0000827c        0x4 ../cled_bsp/\libhal_bsp.a(alt_dcache_flush_all.o)
                0x0000827c                alt_dcache_flush_all
 .text          0x00008280        0x4 ../cled_bsp/\libhal_bsp.a(alt_icache_flush_all.o)
                0x00008280                alt_icache_flush_all
 .text          0x00008284        0x8 ../cled_bsp/\libhal_bsp.a(altera_nios2_qsys_irq.o)
                0x00008284                altera_nios2_qsys_irq_init
 .text          0x0000828c       0x28 c:/altera/13.1/nios2eds/bin/gnu/h-i686-mingw32/bin/../lib/gcc/nios2-elf/4.7.3/../../../../../H-i686-mingw32/nios2-elf/lib/mno-hw-mul\libsmallc.a(lib_a-strlen.o)
                0x0000828c                strlen
 *(.gnu.warning.*)
 *(.fini)
                0x000082b4                PROVIDE (__etext, ABSOLUTE (.))
                0x000082b4                PROVIDE (_etext, ABSOLUTE (.))
                0x000082b4                PROVIDE (etext, ABSOLUTE (.))
 *(.eh_frame_hdr)
                0x000082b4                . = ALIGN (0x4)
                0x000082b4                PROVIDE (__preinit_array_start, ABSOLUTE (.))
 *(.preinit_array)
                0x000082b4                PROVIDE (__preinit_array_end, ABSOLUTE (.))
                0x000082b4                PROVIDE (__init_array_start, ABSOLUTE (.))
 *(.init_array)
                0x000082b4                PROVIDE (__init_array_end, ABSOLUTE (.))
                0x000082b4                PROVIDE (__fini_array_start, ABSOLUTE (.))
 *(.fini_array)
                0x000082b4                PROVIDE (__fini_array_end, ABSOLUTE (.))
 *(.eh_frame)
 *(.gcc_except_table .gcc_except_table.*)
 *(.dynamic)
                0x000082b4                PROVIDE (__CTOR_LIST__, ABSOLUTE (.))
 *(.ctors)
 *(SORT(.ctors.*))
                0x000082b4                PROVIDE (__CTOR_END__, ABSOLUTE (.))
                0x000082b4                PROVIDE (__DTOR_LIST__, ABSOLUTE (.))
 *(.dtors)
 *(SORT(.dtors.*))
                0x000082b4                PROVIDE (__DTOR_END__, ABSOLUTE (.))
 *(.jcr)
                0x000082b4                . = ALIGN (0x4)

.rodata         0x000082b4       0x18
                0x000082b4                PROVIDE (__ram_rodata_start, ABSOLUTE (.))
                0x000082b4                . = ALIGN (0x4)
 *(.rodata .rodata.* .gnu.linkonce.r.*)
 .rodata.str1.4
                0x000082b4       0x18 obj/default/hello_world_small.o
 *(.rodata1)
                0x000082cc                . = ALIGN (0x4)
                0x000082cc                PROVIDE (__ram_rodata_end, ABSOLUTE (.))
                0x000082b4                PROVIDE (__flash_rodata_start, LOADADDR (.rodata))

.rwdata         0x000082cc        0x4 load address 0x000082d0
                0x000082cc                PROVIDE (__ram_rwdata_start, ABSOLUTE (.))
                0x000082cc                . = ALIGN (0x4)
 *(.got.plt)
 *(.got)
 *(.data1)
 *(.data .data.* .gnu.linkonce.d.*)
 .data          0x000082cc        0x0 ../cled_bsp//obj/HAL/src/crt0.o
 .data          0x000082cc        0x0 obj/default/hello_world_small.o
 .data          0x000082cc        0x0 ../cled_bsp/\libhal_bsp.a(alt_load.o)
 .data          0x000082cc        0x0 ../cled_bsp/\libhal_bsp.a(alt_main.o)
 .data          0x000082cc        0x0 ../cled_bsp/\libhal_bsp.a(alt_putstr.o)
 .data          0x000082cc        0x0 ../cled_bsp/\libhal_bsp.a(alt_sys_init.o)
 .data          0x000082cc        0x0 ../cled_bsp/\libhal_bsp.a(altera_avalon_jtag_uart_write.o)
 .data          0x000082cc        0x0 ../cled_bsp/\libhal_bsp.a(alt_dcache_flush_all.o)
 .data          0x000082cc        0x0 ../cled_bsp/\libhal_bsp.a(alt_icache_flush_all.o)
 .data          0x000082cc        0x0 ../cled_bsp/\libhal_bsp.a(altera_nios2_qsys_irq.o)
 .data          0x000082cc        0x0 c:/altera/13.1/nios2eds/bin/gnu/h-i686-mingw32/bin/../lib/gcc/nios2-elf/4.7.3/../../../../../H-i686-mingw32/nios2-elf/lib/mno-hw-mul\libsmallc.a(lib_a-strlen.o)
                0x000102cc                _gp = ABSOLUTE ((. + 0x8000))
                0x000102cc                PROVIDE (gp, _gp)
 *(.rwdata .rwdata.*)
 *(.sdata .sdata.* .gnu.linkonce.s.*)
 .sdata         0x000082cc        0x4 ../cled_bsp/\libhal_bsp.a(alt_sys_init.o)
                0x000082cc                Jtag
 *(.sdata2 .sdata2.* .gnu.linkonce.s2.*)
                0x000082d0                . = ALIGN (0x4)
                0x000082d0                _edata = ABSOLUTE (.)
                0x000082d0                PROVIDE (edata, ABSOLUTE (.))
                0x000082d0                PROVIDE (__ram_rwdata_end, ABSOLUTE (.))
                0x000082d0                PROVIDE (__flash_rwdata_start, LOADADDR (.rwdata))

.bss            0x000082d4        0xc
                0x000082d4                __bss_start = ABSOLUTE (.)
                0x000082d4                PROVIDE (__sbss_start, ABSOLUTE (.))
                0x000082d4                PROVIDE (___sbss_start, ABSOLUTE (.))
 *(.dynsbss)
 *(.sbss .sbss.* .gnu.linkonce.sb.*)
 .sbss          0x000082d4        0xc ../cled_bsp/\libhal_bsp.a(alt_main.o)
                0x000082d4                alt_envp
                0x000082d8                alt_argv
                0x000082dc                alt_argc
 *(.sbss2 .sbss2.* .gnu.linkonce.sb2.*)
 *(.scommon)
                0x000082e0                PROVIDE (__sbss_end, ABSOLUTE (.))
                0x000082e0                PROVIDE (___sbss_end, ABSOLUTE (.))
 *(.dynbss)
 *(.bss .bss.* .gnu.linkonce.b.*)
 .bss           0x000082e0        0x0 ../cled_bsp//obj/HAL/src/crt0.o
 .bss           0x000082e0        0x0 obj/default/hello_world_small.o
 .bss           0x000082e0        0x0 ../cled_bsp/\libhal_bsp.a(alt_load.o)
 .bss           0x000082e0        0x0 ../cled_bsp/\libhal_bsp.a(alt_main.o)
 .bss           0x000082e0        0x0 ../cled_bsp/\libhal_bsp.a(alt_putstr.o)
 .bss           0x000082e0        0x0 ../cled_bsp/\libhal_bsp.a(alt_sys_init.o)
 .bss           0x000082e0        0x0 ../cled_bsp/\libhal_bsp.a(altera_avalon_jtag_uart_write.o)
 .bss           0x000082e0        0x0 ../cled_bsp/\libhal_bsp.a(alt_dcache_flush_all.o)
 .bss           0x000082e0        0x0 ../cled_bsp/\libhal_bsp.a(alt_icache_flush_all.o)
 .bss           0x000082e0        0x0 ../cled_bsp/\libhal_bsp.a(altera_nios2_qsys_irq.o)
 .bss           0x000082e0        0x0 c:/altera/13.1/nios2eds/bin/gnu/h-i686-mingw32/bin/../lib/gcc/nios2-elf/4.7.3/../../../../../H-i686-mingw32/nios2-elf/lib/mno-hw-mul\libsmallc.a(lib_a-strlen.o)
 *(COMMON)
                0x000082e0                . = ALIGN (0x4)
                0x000082e0                __bss_end = ABSOLUTE (.)

.memory         0x000082e0        0x0
                0x000082e0                PROVIDE (_alt_partition_memory_start, ABSOLUTE (.))
 *(.memory .memory. memory.*)
                0x000082e0                . = ALIGN (0x4)
                0x000082e0                PROVIDE (_alt_partition_memory_end, ABSOLUTE (.))
                0x000082e0                _end = ABSOLUTE (.)
                0x000082e0                end = ABSOLUTE (.)
                0x000082e0                __alt_stack_base = ABSOLUTE (.)
                0x000082e0                PROVIDE (_alt_partition_memory_load_addr, LOADADDR (.memory))

.stab
 *(.stab)

.stabstr
 *(.stabstr)

.stab.excl
 *(.stab.excl)

.stab.exclstr
 *(.stab.exclstr)

.stab.index
 *(.stab.index)

.stab.indexstr
 *(.stab.indexstr)

.comment        0x00000000       0x23
 *(.comment)
 .comment       0x00000000       0x23 obj/default/hello_world_small.o
                                 0x24 (size before relaxing)
 .comment       0x00000000       0x24 ../cled_bsp/\libhal_bsp.a(alt_load.o)
 .comment       0x00000000       0x24 ../cled_bsp/\libhal_bsp.a(alt_main.o)
 .comment       0x00000000       0x24 ../cled_bsp/\libhal_bsp.a(alt_putstr.o)
 .comment       0x00000000       0x24 ../cled_bsp/\libhal_bsp.a(alt_sys_init.o)
 .comment       0x00000000       0x24 ../cled_bsp/\libhal_bsp.a(altera_avalon_jtag_uart_write.o)
 .comment       0x00000000       0x24 ../cled_bsp/\libhal_bsp.a(alt_dcache_flush_all.o)
 .comment       0x00000000       0x24 ../cled_bsp/\libhal_bsp.a(alt_icache_flush_all.o)
 .comment       0x00000000       0x24 ../cled_bsp/\libhal_bsp.a(altera_nios2_qsys_irq.o)
 .comment       0x00000000       0x24 c:/altera/13.1/nios2eds/bin/gnu/h-i686-mingw32/bin/../lib/gcc/nios2-elf/4.7.3/../../../../../H-i686-mingw32/nios2-elf/lib/mno-hw-mul\libsmallc.a(lib_a-strlen.o)

.debug
 *(.debug)

.line
 *(.line)

.debug_srcinfo
 *(.debug_srcinfo)

.debug_sfnames
 *(.debug_sfnames)

.debug_aranges  0x00000000      0x168
 *(.debug_aranges)
 .debug_aranges
                0x00000000       0x28 ../cled_bsp//obj/HAL/src/crt0.o
 .debug_aranges
                0x00000028       0x20 obj/default/hello_world_small.o
 .debug_aranges
                0x00000048       0x20 ../cled_bsp/\libhal_bsp.a(alt_load.o)
 .debug_aranges
                0x00000068       0x20 ../cled_bsp/\libhal_bsp.a(alt_main.o)
 .debug_aranges
                0x00000088       0x20 ../cled_bsp/\libhal_bsp.a(alt_putstr.o)
 .debug_aranges
                0x000000a8       0x20 ../cled_bsp/\libhal_bsp.a(alt_sys_init.o)
 .debug_aranges
                0x000000c8       0x20 ../cled_bsp/\libhal_bsp.a(altera_avalon_jtag_uart_write.o)
 .debug_aranges
                0x000000e8       0x20 ../cled_bsp/\libhal_bsp.a(alt_dcache_flush_all.o)
 .debug_aranges
                0x00000108       0x20 ../cled_bsp/\libhal_bsp.a(alt_icache_flush_all.o)
 .debug_aranges
                0x00000128       0x20 ../cled_bsp/\libhal_bsp.a(altera_nios2_qsys_irq.o)
 .debug_aranges
                0x00000148       0x20 c:/altera/13.1/nios2eds/bin/gnu/h-i686-mingw32/bin/../lib/gcc/nios2-elf/4.7.3/../../../../../H-i686-mingw32/nios2-elf/lib/mno-hw-mul\libsmallc.a(lib_a-strlen.o)

.debug_pubnames
 *(.debug_pubnames)

.debug_info     0x00000000      0xbfc
 *(.debug_info .gnu.linkonce.wi.*)
 .debug_info    0x00000000       0x80 ../cled_bsp//obj/HAL/src/crt0.o
 .debug_info    0x00000080      0x11c obj/default/hello_world_small.o
 .debug_info    0x0000019c      0x1b5 ../cled_bsp/\libhal_bsp.a(alt_load.o)
 .debug_info    0x00000351      0x194 ../cled_bsp/\libhal_bsp.a(alt_main.o)
 .debug_info    0x000004e5      0x171 ../cled_bsp/\libhal_bsp.a(alt_putstr.o)
 .debug_info    0x00000656      0x193 ../cled_bsp/\libhal_bsp.a(alt_sys_init.o)
 .debug_info    0x000007e9      0x1a0 ../cled_bsp/\libhal_bsp.a(altera_avalon_jtag_uart_write.o)
 .debug_info    0x00000989       0x8f ../cled_bsp/\libhal_bsp.a(alt_dcache_flush_all.o)
 .debug_info    0x00000a18       0x8f ../cled_bsp/\libhal_bsp.a(alt_icache_flush_all.o)
 .debug_info    0x00000aa7       0x8f ../cled_bsp/\libhal_bsp.a(altera_nios2_qsys_irq.o)
 .debug_info    0x00000b36       0xc6 c:/altera/13.1/nios2eds/bin/gnu/h-i686-mingw32/bin/../lib/gcc/nios2-elf/4.7.3/../../../../../H-i686-mingw32/nios2-elf/lib/mno-hw-mul\libsmallc.a(lib_a-strlen.o)

.debug_abbrev   0x00000000      0x6d5
 *(.debug_abbrev)
 .debug_abbrev  0x00000000       0x12 ../cled_bsp//obj/HAL/src/crt0.o
 .debug_abbrev  0x00000012       0xcc obj/default/hello_world_small.o
 .debug_abbrev  0x000000de       0xd6 ../cled_bsp/\libhal_bsp.a(alt_load.o)
 .debug_abbrev  0x000001b4      0x120 ../cled_bsp/\libhal_bsp.a(alt_main.o)
 .debug_abbrev  0x000002d4       0xe2 ../cled_bsp/\libhal_bsp.a(alt_putstr.o)
 .debug_abbrev  0x000003b6      0x105 ../cled_bsp/\libhal_bsp.a(alt_sys_init.o)
 .debug_abbrev  0x000004bb       0xd5 ../cled_bsp/\libhal_bsp.a(altera_avalon_jtag_uart_write.o)
 .debug_abbrev  0x00000590       0x42 ../cled_bsp/\libhal_bsp.a(alt_dcache_flush_all.o)
 .debug_abbrev  0x000005d2       0x42 ../cled_bsp/\libhal_bsp.a(alt_icache_flush_all.o)
 .debug_abbrev  0x00000614       0x42 ../cled_bsp/\libhal_bsp.a(altera_nios2_qsys_irq.o)
 .debug_abbrev  0x00000656       0x7f c:/altera/13.1/nios2eds/bin/gnu/h-i686-mingw32/bin/../lib/gcc/nios2-elf/4.7.3/../../../../../H-i686-mingw32/nios2-elf/lib/mno-hw-mul\libsmallc.a(lib_a-strlen.o)

.debug_line     0x00000000      0x827
 *(.debug_line)
 .debug_line    0x00000000       0x66 ../cled_bsp//obj/HAL/src/crt0.o
 .debug_line    0x00000066       0xb5 obj/default/hello_world_small.o
 .debug_line    0x0000011b       0xd6 ../cled_bsp/\libhal_bsp.a(alt_load.o)
 .debug_line    0x000001f1       0xbd ../cled_bsp/\libhal_bsp.a(alt_main.o)
 .debug_line    0x000002ae      0x123 ../cled_bsp/\libhal_bsp.a(alt_putstr.o)
 .debug_line    0x000003d1      0x101 ../cled_bsp/\libhal_bsp.a(alt_sys_init.o)
 .debug_line    0x000004d2       0xf5 ../cled_bsp/\libhal_bsp.a(altera_avalon_jtag_uart_write.o)
 .debug_line    0x000005c7       0x4e ../cled_bsp/\libhal_bsp.a(alt_dcache_flush_all.o)
 .debug_line    0x00000615       0x4e ../cled_bsp/\libhal_bsp.a(alt_icache_flush_all.o)
 .debug_line    0x00000663       0x50 ../cled_bsp/\libhal_bsp.a(altera_nios2_qsys_irq.o)
 .debug_line    0x000006b3      0x174 c:/altera/13.1/nios2eds/bin/gnu/h-i686-mingw32/bin/../lib/gcc/nios2-elf/4.7.3/../../../../../H-i686-mingw32/nios2-elf/lib/mno-hw-mul\libsmallc.a(lib_a-strlen.o)

.debug_frame    0x00000000      0x180
 *(.debug_frame)
 .debug_frame   0x00000000       0x30 obj/default/hello_world_small.o
 .debug_frame   0x00000030       0x28 ../cled_bsp/\libhal_bsp.a(alt_load.o)
 .debug_frame   0x00000058       0x28 ../cled_bsp/\libhal_bsp.a(alt_main.o)
 .debug_frame   0x00000080       0x28 ../cled_bsp/\libhal_bsp.a(alt_putstr.o)
 .debug_frame   0x000000a8       0x38 ../cled_bsp/\libhal_bsp.a(alt_sys_init.o)
 .debug_frame   0x000000e0       0x20 ../cled_bsp/\libhal_bsp.a(altera_avalon_jtag_uart_write.o)
 .debug_frame   0x00000100       0x20 ../cled_bsp/\libhal_bsp.a(alt_dcache_flush_all.o)
 .debug_frame   0x00000120       0x20 ../cled_bsp/\libhal_bsp.a(alt_icache_flush_all.o)
 .debug_frame   0x00000140       0x20 ../cled_bsp/\libhal_bsp.a(altera_nios2_qsys_irq.o)
 .debug_frame   0x00000160       0x20 c:/altera/13.1/nios2eds/bin/gnu/h-i686-mingw32/bin/../lib/gcc/nios2-elf/4.7.3/../../../../../H-i686-mingw32/nios2-elf/lib/mno-hw-mul\libsmallc.a(lib_a-strlen.o)

.debug_str      0x00000000      0x53e
 *(.debug_str)
 .debug_str     0x00000000       0xdf obj/default/hello_world_small.o
                                0x11d (size before relaxing)
 .debug_str     0x000000df      0x170 ../cled_bsp/\libhal_bsp.a(alt_load.o)
                                0x205 (size before relaxing)
 .debug_str     0x0000024f       0x8f ../cled_bsp/\libhal_bsp.a(alt_main.o)
                                0x17e (size before relaxing)
 .debug_str     0x000002de       0x66 ../cled_bsp/\libhal_bsp.a(alt_putstr.o)
                                0x15b (size before relaxing)
 .debug_str     0x00000344       0x86 ../cled_bsp/\libhal_bsp.a(alt_sys_init.o)
                                0x1e8 (size before relaxing)
 .debug_str     0x000003ca       0x38 ../cled_bsp/\libhal_bsp.a(altera_avalon_jtag_uart_write.o)
                                0x1de (size before relaxing)
 .debug_str     0x00000402       0x1f ../cled_bsp/\libhal_bsp.a(alt_dcache_flush_all.o)
                                0x11e (size before relaxing)
 .debug_str     0x00000421       0x1f ../cled_bsp/\libhal_bsp.a(alt_icache_flush_all.o)
                                0x11e (size before relaxing)
 .debug_str     0x00000440       0x20 ../cled_bsp/\libhal_bsp.a(altera_nios2_qsys_irq.o)
                                0x125 (size before relaxing)
 .debug_str     0x00000460       0xde c:/altera/13.1/nios2eds/bin/gnu/h-i686-mingw32/bin/../lib/gcc/nios2-elf/4.7.3/../../../../../H-i686-mingw32/nios2-elf/lib/mno-hw-mul\libsmallc.a(lib_a-strlen.o)
                                0x190 (size before relaxing)

.debug_loc      0x00000000      0x1b2
 *(.debug_loc)
 .debug_loc     0x00000000       0x33 obj/default/hello_world_small.o
 .debug_loc     0x00000033       0x20 ../cled_bsp/\libhal_bsp.a(alt_load.o)
 .debug_loc     0x00000053       0x20 ../cled_bsp/\libhal_bsp.a(alt_main.o)
 .debug_loc     0x00000073       0x57 ../cled_bsp/\libhal_bsp.a(alt_putstr.o)
 .debug_loc     0x000000ca       0x41 ../cled_bsp/\libhal_bsp.a(alt_sys_init.o)
 .debug_loc     0x0000010b       0x7e ../cled_bsp/\libhal_bsp.a(altera_avalon_jtag_uart_write.o)
 .debug_loc     0x00000189       0x29 c:/altera/13.1/nios2eds/bin/gnu/h-i686-mingw32/bin/../lib/gcc/nios2-elf/4.7.3/../../../../../H-i686-mingw32/nios2-elf/lib/mno-hw-mul\libsmallc.a(lib_a-strlen.o)

.debug_macinfo
 *(.debug_macinfo)

.debug_weaknames
 *(.debug_weaknames)

.debug_funcnames
 *(.debug_funcnames)

.debug_typenames
 *(.debug_typenames)

.debug_varnames
 *(.debug_varnames)

.debug_alt_sim_info
                0x00000000       0x10
 *(.debug_alt_sim_info)
 .debug_alt_sim_info
                0x00000000       0x10 ../cled_bsp//obj/HAL/src/crt0.o
                0x0000d388                __alt_data_end = 0xd388
                0x0000d388                PROVIDE (__alt_stack_pointer, __alt_data_end)
                0x000082e0                PROVIDE (__alt_stack_limit, __alt_stack_base)
                0x000082e0                PROVIDE (__alt_heap_start, end)
                0x0000d388                PROVIDE (__alt_heap_limit, 0xd388)
OUTPUT(cled.elf elf32-littlenios2)

.debug_ranges   0x00000000       0x78
 .debug_ranges  0x00000000       0x20 ../cled_bsp//obj/HAL/src/crt0.o
 .debug_ranges  0x00000020       0x10 obj/default/hello_world_small.o
 .debug_ranges  0x00000030       0x48 ../cled_bsp/\libhal_bsp.a(alt_load.o)
